Adela
Adelina
Adina
Adriana
Afrodita
Agneta
Alexandra
Alina
Alisia
Amalia
Amelia
Ana
Ana-Maria
Anamaria
Anca
Ancuța
Anda
Andra
Andrada
Andreea
Aneta
Angela
Anina
Anisa
Anișoara
Antonia
Arina
Aura
Aurelia
Aurica
Aurora
Bianca
Camelia
Carina
Carla
Carmen
Catinca
Catița
Cătălina
Clara
Claudia
Codrina
Codruța
Constanța
Corina
Cornelia
Cosmina
Crina
Crista
Cristiana
Cristina
Daciana
Daliana
Dalina
Dana
Daniela
Daria
Dariana
Dănuța
Delia
Denisa
Diana
Dochia
Doina
Dora
Dorina
Dumitra
Dumitrița
Ecaterina
Elena
Eleonora
Elisabeta
Eliza
Elvira
Emanuela
Emilia
Eugenia
Eva
Felicia
Firoanda
Flavia
Flora
Florentina
Florica
Florina
Gabriela
Geanina
Georgeta
Georgiana
Geta
Gina
Hortensia
Ileana
Ilinca
Inesa
Ioana
Ionela
Irina
Isabela
Iulia
Iuliana
Izabela
Larisa
Laura
Lavinia
Lenuța
Leontina
Letiția
Liana
Lidia
Ligia
Liliana
Lisa
Livia
Loredana
Lorena
Luana
Lucia
Luciana
Lucreția
Luiza
Luminița
Magda
Magdalena
Maia
Manuela
Mara
Marcela
Margareta
Maria
Mariana
Maricica
Marieta
Marilena
Marina
Marinela
Marioara
Marișca
Marta
Mădălina
Mălina
Mărioara
Măriuca
Melania
Melisa
Mihaela
Milena
Mioara
Mirabela
Mirela
Miruna
Monica
Morica
Nadia
Nadina
Narcisa
Natalia
Nătălița
Nichita
Nicoleta
Niculina
Nina
Oana
Octavia
Olga
Olguța
Olimpia
Olivia
Otilia
Oxana
Ozana
Patricia
Paula
Persida
Petra
Petronela
Petruța
Rafaela
Raluca
Ramona
Rebeca
Renata
Roberta
Rodica
Romanița
Romina
Roxana
Rozalia
Rozica
Ruxandra
Sabina
Samica
Sanda
Sandra
Saveta
Silvia
Simona
Sînziana
Sofia
Sonia
Sorina
Stela
Steliana
Ștefana
Ștefania
Tamara
Tanța
Tatiana
Teodora
Teofana
Valentina
Valeria
Valerica
Veronica
Victoria
Viorica
Viviana
Voichița
Zamfira
Zeina
Zoia