A'
Aah
Abaty
Aber
Aberconwy
Aberdaron
Abertawe
Abhach
Abhainn
Abú
Achadh
Adain
Aibdéire
Áidin
Ail
Aileach
Ailech
Ailgéire
Ailigh
Ailt
Aintíoch
Áir
Àir
Airchartdan
Aird
Àird
Airer
Airgíalla
Àirigh
Aisdeod
Alacant
Alasca
Alastair
Alba
Albain
Albanigh
Alt
Am
Amstardam
Amwythig
an
An
Anainn
Anatóil
Andóra
Angaíle
Antigua
Antuairp
Aonach
Aonghas
Aontas
Aontroim
Aontroma
Aqmola
Arainn
Ard
Árd
Ardach
Ardachadh
Ardchattan
Ardeaglais
Argas
Argoed
Ármhach
Arnkell-lág
Arúba
Asturies
Atacama
Áth
Átha
Athall
Avascarr
Ayrfir
Bá
Bagdad
Bágh
Báideanach
Baile
Bàile
Bairéin
Bakı
Banbh
Bancác
Barten
Batin
Béal
Bealach
Bealadair
Béalgrád
Beangál
Bearaig
Bearroc
Bebbanborg
Beg
Beinin
Béiriút
Beirlín
Beirmiúda
Beirn
Béising
Beitheal
Bhanbh
Bhiorra
Bhreatain
Bhulgáir
Bigear
Bilbo
Biohár
Biwmares
Bjarmaland
Blàr
Boirneo
Bordghal
Borgkloster
Borgundarhólmi
Bòrnais
Bornhøved
Bostún
Bosvena
Botheltun
Brághad
Brandehuse
Breatain
Bréifne
Bretlintun
Brìghdechuala
Briostó
Briotáine
Brúiné
Brycheiniog
Brynaich
Búcairist
Buchan
Búdaipeist
Buellt
Búille
Buircíne
Bun
Cabúl
Caer
Caergaint
Caersallog
Caersws
Cair
Cairéile
Caireo
Caiseal
Caisleán
Cala
Calanais
Calasraid
Calcúta
Callainn
Camarún
Camros
Caol
Caolas
Caolbati
Carn
Carolina
Carraig
Cartúm
Cas
Casllwchwr
Casnewydd
Castell
Cataibh
Catar
Cathair
Cawdor
Ceall
Cealsaidh
Ceanada
Ceanannas
Ceann
Ceanndubh
Cearan
Ceatharlach
Ceint
Cèith
Cell
Celle
Cenn
Ceredigion
Chavan
Cheeill
Chiarraí
Chill
Chiosmuil
Chloch
Chonnacht
Chorsaic
Ciannachta
Ciarraighe
Cill
Cille
Cillecnoc
Cillefhinn
Cill-Modhint
Cinn
Ciocláidéis
Cionn
Cireabaití
Císineá
Cív
Clach
Clachan
Clann
Clochar
Clogh
Cloich
Cluain
Cluainidh
Cnobha
Cnoghbha
Cóbanhávan
Coilcís
Coill
Coille
Coineagan
Coinneamhionad
Colbhasa
Comar
Comhairle
Con
Conacraí
Connachta
Cora
Coraind
Corcaigh
Corfú
Corn
Cósta
Craoibh
Crèadhbati
Críoch
Críocha
Criochdún
Crois
Cromadh
Cromba
Crombati
Cruachan
Cruithn
Cuáit
Cuan
Cúba
Cùbar
Cugais
Cuil
Cúil
Cúirt
Cumbraland
Cúnga
Cymru
Cyndeyrn
Dacár
Dail
Daimhinis
Daire
Dakota
Dál
Dam
Damba
Damhliag
Danmörk
Dárasalám
Darú
Deadard
Deasmhumhain
Deheubarth
Deifr
Deilfe
Deilí
Deilt
Deisceart
Delbhna
Dhóideacanacha
Dhubhairt
Din
Dinbych
Dinefwr
Dintagel
Diobúití
Diùranais
Djúrabý
Dobunnia
Doire
Doirrey
Donceaster
Dórnach
Droichead
Droim
Druígleann
Druim
Druimm
Dubhàth
Dubhlind
Duibhlinn
Dúlais
Dún
Dùn
Dunholm
Dunoting
Dunrobin
Dyfed
Eabhrac
Eacuadór
Eaglais
Eamhain
Eanach
Earra-Ghàidheal
Earrann
Eas
Ebrauc
Ecclesgreig
Eilean
Eileoisis
Eilginn
Éire
Eireaván
Eiréil
Éiru
Eiscreach
Enaigh
Eochaill
Ergyng
Ermland
Etáil
Faisean
Farrais
Fathain
Fearna
Feigh
Féinics
Fháclainne
Fhear
Fhilipíneacha
Fhorraidh
Fiadh
Fidhnacha
Fìobha
Fiodh
Fionnach
Fionnghlas
Fir
Firceall
Flóndras
Flórans
Fochaird
Formósa
Fothair
Fothar
Frémainn
Fuþþernessa
Fynwy
Fyvie
Gabhrán
Gaerfyrddin
Gaerlleon
Gaernarfon
Gaibheach
Galinden
Gall
Gallaibh
Gall-Ghàidhealaibh
Galliu
Galloglagh
Gallóglaigh
Gána
Gar
Garraí
Gartán
Geàrrloch
Gent
Ghearmáin
Ghellinges
Ghréig
Giobráltar
Glaschú
Glastenning
Gleann
Glinsce
Glyndyfrdwy
Gobharaidh
Goillspidh
Gòr
Gránard
Grantabrycge
Grianán
Guaire
Guine-Bissau
Gwynedd
Háítí
Halyfax
Hanáí
Haváí
Heabrón
Heilsincí
Heirseagaivéin
Herterpol
Hondúras
Hong
Honolúlú
Hrodna
Hwitebi
Hwlffordd
Iacárta
Iamáice
Iardheisceart
Iarmhumhain
Iarthar
Iarthuaisceart
Iarúsailéim
Iáva
Ìle
Imchuach
Imleach
Impireacht
Inbhear
Inbhir
Inhrypum
Inis
Innis
Innse
Innys
Inse
Iocht
Iorua
Iostanbúl
Irbhinn
Ireachó
Iubharcille
Iúr
Jerwia
Kemper
La
Labhdar
Labradar
Lag
Laighin
Laigin
Laithlinn
Lannaled
Lannfothir
Lannraig
Lannraigh
Laomainn
Lárach
Lása
Latharan
Latharna
Leamhnachd
Learpholl
Leithghlinn
Leitir
Lennox
Leòdhas
Leum
Lheeahtrim
Lhongphort
Lhoo
Liatroim
Liatroma
Lichtinstéin
Lincylene
Lindon
Linn
Linnebaile
Líoma
Lion
Lios
Liospóin
Lìte
Liúibleána
Liùrabhaig
Llanafan
Llanddewi
Llandrindod
Llangollen
Llanismel
Lloegyr
Llwydlo
Loch
Locháir
Lodainn
Loidis
Loígis
Lombaird
Londain
Lostwydhyel
Lothra
Lováin
Lú
Luachar
Luacharas
Lucsamburg
Lúghbhaidh
Luimneach
Luimnigh
Lundúnir
Lunnainn
Machaire
Maenmar
Magh
Maghal
Mahilioŭ
Maidéara
Maidrid
Maigh
Maighean
Mailí
Mainile
Mainistir
Mairí
Mallarca
Málta
Manachainn
Manchain
Mantova
Maol
Maracó
Maratón
Margam
Meice
Meicsiceo
Méileas
Meimfís
Mhaigh
Mhaildíve
Mhannin
Mharmara
Mhí
Mhoireibh
Mhuirthead
Micéanae
Mide
Midhe
Miléatas
Mionarca
Mionsc
Míora
Mirabel
Mogaidisiú
Móinteach
Mølln
Monacó
Montainéagró
Montsarat
Mòrthlach
Moscó
Móta
Muile
Muineachán
Muir
Muireb
Mumhain
Mungairit
Mùnis
Na
Nadrauen
Naomh
Nás
Nazarat
Néimé
Neipeal
Nerin
Nicearagua
Ninivé
Norðhymbraland
Norðurríki
Nortumbarlann
Nua-Deilí
Nua-Eabhrac
Nua-Gheirsí
Nua-Mheicsiceo
Nur-Sultan
Nyr
Obar
Oileáin
Oileán
Oilimpeas
Oilimpia
Oireadh
Oirmhumhain
Oirthear
Óman
Ósaca
Osló
Osraí
Osraige
Osraighe
Ostainn
Oxnaford
Pallteskja
Pampaí
Papar
Paragua
Páras
Peairt
Pedn
Peighinn
Peilipinéiseach
Penfro
Pengwern
Penryth
Píodmant
Píoraid
Piréas
Piréiní
Poblacht
Podgairítse
Pogesanien
Pomesanien
Pons
Port
Pórtó
Powys
Prág
Pristine
Puglia
Purt
Raineach
Ráith
Raithean
Rangún
Rath
Ráth
Réicivíc
Reilig
Réine
Rhedged
Rhegin
Rhuddlan
Rhumsaa
Rhwng
Rhydychen
Ridirí
Ríge
Rìghdùn
Rinn
Ríocht
Roazhon
Rocal
Ródas
Rois
Ros
Rosbroch
Rosien
Rostorrmel
Ruanda
Saghadal
Ságrab
Sahára
Sairéavó
Samas
Samó
San
Saorstát
Sárbrúch
Sasana
Saváí
Saxain
Scirburna
Scóipé
Seanchair
Seanleithghlinn
Séiséil
Sgairinis
Sgitheanach
Shalcraig
Shealtainn
Sheireapúin
Shidni
Shliggagh
Sid-Druim
Singeapór
Síonáí
Sioracús
Siorrachd
Skiannach
Slébh
Sléibhte
Sliccigh
Sligeach
Smaleskja
Snotingaham
Socatra
Sóifia
Srath
Sròimnis
Sruighle
Sruighlea
Sruthair
Stáit
Stanehyve
Steórnabhagh
Steòrnabhagh
Stócólm
Strath
Styria
Suais
Súl
Suranam
Súrsdalar
Suthriganaweorc
Taigh
Taihítí
Taillinn
Tàirneanachceann
Talamh
Tamhlacht
Teabhtha
Teamhair
Teampall
Teamplóirí
Téara
Tearmann
Teasaloinicé
Thír
Threave
Tìbhiotgleann
Tigguo
Tigh
Timbeactú
Tiobraid
Tiorána
Tioróil
Tíotán
Tír
Tobága
Tobar
Tóga
Tóir
Torontó
Trá
Traigh
Travemønde
Trebedr
Trefaldwyn
Trefynwy
Triduana
Trionta
Tripilí
Tróndairnis
Truru
Truso
tSín
Tuadhmhumhain
Tuaim
Tuaisceart
Tuamhain
Tuathanaseaglais
Tuathcuing
Túinis
Túiringe
Tulaigh
Turnberry
Tyddewi
Uachdar
Uaimh
Uí
Uíbh
Uibhist
Ùige
Uisge
Uisneach
Uisnech
Ulaid
Ulaidh
Ulánbátar
Uragua
Urumhain
Vaileinse
Vaileite
València
Vannin
Vársá
Vatacáine
Vilnias
Vín
Víobórg
Vítneam
Volta
Wrecsam
Xerona
Yn
Ynys
Yr
Ystrad
Zambia
