
+40 (720) 052 590
+40 (720) 065 889
+40 (720) 138 884
+40 (720) 174 217
+40 (720) 314 575
+40 (720) 382 422
+40 (720) 533 895
+40 (720) 600 047
+40 (720) 600 121
+40 (720) 673 484
+40 (720) 696 180
+40 (720) 696 402
+40 (720) 696 800
+40 (720) 959 053
+40 (721) 244 442
+40 (721) 299 045
+40 (721) 589 361
+40 (721) 833 608
+40 (721) 940 555
+40 (722) 194 731
+40 (722) 226 730
+40 (722) 242 712
+40 (722) 274 334
+40 (722) 365 386
+40 (722) 406 540
+40 (722) 512 530
+40 (722) 513 068
+40 (722) 556 611
+40 (722) 617 485
+40 (722) 680 394
+40 (722) 699 733
+40 (722) 713 110
+40 (722) 800 483
+40 (723) 103 331
+40 (723) 115 975
+40 (723) 182 284
+40 (723) 211 821
+40 (723) 248 032
+40 (723) 251 242
+40 (723) 362 596
+40 (723) 439 101
+40 (723) 552 233
+40 (723) 568 537
+40 (723) 630 254
+40 (723) 689 654
+40 (723) 765 930
+40 (723) 837 733
+40 (723) 875 468
+40 (723) 920 131
+40 (723) 938 175
+40 (724) 016 096
+40 (724) 054 577
+40 (724) 075 075
+40 (724) 086 573
+40 (724) 253 586
+40 (724) 267 685
+40 (724) 298 124
+40 (724) 345 540
+40 (724) 351 373
+40 (724) 525 333
+40 (724) 807 528
+40 (725) 014 014
+40 (725) 540 853
+40 (725) 800 121
+40 (726) 026 026
+40 (726) 166 294
+40 (726) 215 202
+40 (726) 249 493
+40 (726) 350 320
+40 (726) 395 374
+40 (726) 482 000
+40 (726) 505 540
+40 (726) 511 956
+40 (726) 674 822
+40 (726) 686 285
+40 (726) 759 321
+40 (726) 768 751
+40 (726) 897 393
+40 (727) 398 945
+40 (727) 876 373
+40 (727) 883 897
+40 (728) 010 602
+40 (728) 085 110
+40 (728) 086 430
+40 (728) 180 971
+40 (728) 208 682
+40 (728) 213 643
+40 (728) 274 853
+40 (728) 320 204
+40 (728) 836 555
+40 (728) 883 691
+40 (728) 993 933
+40 (729) 397 826
+40 (729) 723 027
+40 (729) 885 000
+40 (729) 891 987
+40 (730) 158 224
+40 (730) 554 690
+40 (730) 650 803
+40 (730) 707 727
+40 (730) 909 611
+40 (731) 003 266
+40 (731) 022 816
+40 (731) 041 175
+40 (731) 077 327
+40 (731) 144 965
+40 (731) 194 933
+40 (731) 212 286
+40 (731) 281 291
+40 (731) 296 009
+40 (731) 340 207
+40 (731) 358 360
+40 (731) 770 077
+40 (731) 814 253
+40 (731) 843 726
+40 (731) 844 688
+40 (732) 003 054
+40 (732) 046 211
+40 (732) 751 635
+40 (732) 757 316
+40 (732) 770 077
+40 (732) 891 199
+40 (733) 183 042
+40 (733) 414 300
+40 (733) 444 124
+40 (733) 633 333
+40 (733) 880 830
+40 (733) 948 246
+40 (734) 296 333
+40 (734) 335 104
+40 (734) 433 383
+40 (734) 896 089
+40 (734) 896 249
+40 (734) 897 151
+40 (735) 325 805
+40 (735) 610 939
+40 (735) 688 319
+40 (736) 611 999
+40 (736) 664 427
+40 (736) 688 704
+40 (736) 953 575
+40 (737) 729 792
+40 (737) 741 624
+40 (737) 741 695
+40 (737) 765 900
+40 (737) 900 002
+40 (738) 328 521
+40 (738) 661 332
+40 (738) 671 104
+40 (738) 762 209
+40 (738) 958 117
+40 (739) 666 566
+40 (739) 666 567
+40 (739) 857 724
+40 (739) 864 647
+40 (739) 864 655
+40 (740) 022 858
+40 (740) 032 790
+40 (740) 074 756
+40 (740) 077 101
+40 (740) 077 438
+40 (740) 093 022
+40 (740) 099 080
+40 (740) 156 463
+40 (740) 169 233
+40 (740) 260 130
+40 (740) 309 496
+40 (740) 349 249
+40 (740) 451 361
+40 (740) 499 253
+40 (740) 558 062
+40 (740) 568 349
+40 (740) 570 138
+40 (740) 661 680
+40 (740) 711 200
+40 (740) 840 561
+40 (740) 854 664
+40 (740) 910 688
+40 (740) 964 692
+40 (740) 981 839
+40 (741) 042 559
+40 (741) 053 142
+40 (741) 093 569
+40 (741) 108 827
+40 (741) 111 102
+40 (741) 133 650
+40 (741) 217 322
+40 (741) 316 164
+40 (741) 328 666
+40 (741) 463 529
+40 (741) 625 211
+40 (741) 756 858
+40 (741) 777 007
+40 (741) 960 841
+40 (742) 001 276
+40 (742) 055 550
+40 (742) 060 250
+40 (742) 071 533
+40 (742) 144 245
+40 (742) 144 442
+40 (742) 154 343
+40 (742) 198 080
+40 (742) 291 080
+40 (742) 307 432
+40 (742) 386 882
+40 (742) 516 210
+40 (742) 687 796
+40 (742) 765 879
+40 (742) 778 999
+40 (742) 888 270
+40 (742) 890 000
+40 (742) 934 138
+40 (742) 988 940
+40 (742) 994 488
+40 (743) 004 572
+40 (743) 028 908
+40 (743) 104 903
+40 (743) 116 115
+40 (743) 178 512
+40 (743) 227 893
+40 (743) 282 537
+40 (743) 311 998
+40 (743) 342 432
+40 (743) 348 298
+40 (743) 456 326
+40 (743) 547 683
+40 (743) 806 591
+40 (743) 860 115
+40 (743) 920 635
+40 (744) 190 443
+40 (744) 198 046
+40 (744) 247 243
+40 (744) 304 884
+40 (744) 363 727
+40 (744) 453 270
+40 (744) 528 826
+40 (744) 556 200
+40 (744) 559 796
+40 (744) 562 780
+40 (744) 565 303
+40 (744) 576 447
+40 (744) 577 877
+40 (744) 578 578
+40 (744) 584 585
+40 (744) 600 434
+40 (744) 613 013
+40 (744) 633 535
+40 (744) 649 069
+40 (744) 657 541
+40 (744) 664 141
+40 (744) 673 300
+40 (744) 702 740
+40 (744) 708 530
+40 (744) 773 443
+40 (744) 776 777
+40 (744) 787 125
+40 (744) 795 896
+40 (744) 877 154
+40 (744) 892 891
+40 (745) 011 546
+40 (745) 012 076
+40 (745) 068 501
+40 (745) 085 773
+40 (745) 113 458
+40 (745) 124 064
+40 (745) 134 009
+40 (745) 166 012
+40 (745) 188 324
+40 (745) 227 667
+40 (745) 228 274
+40 (745) 255 364
+40 (745) 298 208
+40 (745) 317 274
+40 (745) 319 465
+40 (745) 322 275
+40 (745) 326 555
+40 (745) 351 488
+40 (745) 401 947
+40 (745) 420 243
+40 (745) 438 360
+40 (745) 487 232
+40 (745) 501 436
+40 (745) 570 020
+40 (745) 581 247
+40 (745) 602 037
+40 (745) 621 881
+40 (745) 638 871
+40 (745) 639 724
+40 (745) 665 289
+40 (745) 773 457
+40 (745) 802 352
+40 (745) 816 377
+40 (745) 864 572
+40 (745) 885 332
+40 (745) 936 348
+40 (746) 045 635
+40 (746) 089 696
+40 (746) 183 442
+40 (746) 188 324
+40 (746) 427 241
+40 (746) 429 981
+40 (746) 648 542
+40 (746) 888 465
+40 (746) 967 332
+40 (747) 047 195
+40 (747) 188 963
+40 (747) 207 806
+40 (747) 367 215
+40 (747) 962 913
+40 (748) 015 904
+40 (748) 085 933
+40 (748) 116 115
+40 (748) 116 500
+40 (748) 224 232
+40 (748) 254 326
+40 (748) 326 940
+40 (748) 499 934
+40 (748) 511 817
+40 (748) 512 689
+40 (748) 591 427
+40 (748) 662 112
+40 (748) 663 843
+40 (748) 692 088
+40 (748) 771 316
+40 (748) 811 989
+40 (749) 114 665
+40 (749) 122 688
+40 (749) 200 298
+40 (749) 269 040
+40 (749) 479 230
+40 (749) 562 028
+40 (749) 879 335
+40 (749) 957 086
+40 (750) 432 238
+40 (750) 493 104
+40 (750) 748 624
+40 (751) 042 578
+40 (751) 099 714
+40 (751) 230 980
+40 (751) 241 548
+40 (751) 289 299
+40 (751) 294 796
+40 (751) 305 756
+40 (751) 379 979
+40 (751) 503 401
+40 (751) 526 192
+40 (751) 843 726
+40 (751) 888 555
+40 (752) 012 012
+40 (752) 014 014
+40 (752) 242 524
+40 (752) 334 433
+40 (752) 438 295
+40 (752) 456 447
+40 (752) 697 606
+40 (752) 700 731
+40 (752) 837 557
+40 (752) 837 826
+40 (752) 910 843
+40 (752) 926 159
+40 (753) 015 352
+40 (753) 065 837
+40 (753) 095 112
+40 (753) 104 040
+40 (753) 133 749
+40 (753) 164 955
+40 (753) 312 020
+40 (753) 385 516
+40 (753) 560 560
+40 (753) 655 228
+40 (754) 033 907
+40 (754) 215 215
+40 (754) 368 474
+40 (754) 382 422
+40 (754) 481 086
+40 (754) 831 013
+40 (754) 940 311
+40 (754) 966 888
+40 (755) 013 212
+40 (755) 042 460
+40 (755) 043 410
+40 (755) 055 155
+40 (755) 055 999
+40 (755) 065 511
+40 (755) 204 050
+40 (755) 249 066
+40 (755) 249 161
+40 (755) 323 845
+40 (755) 462 825
+40 (755) 588 222
+40 (755) 779 464
+40 (756) 052 052
+40 (756) 075 577
+40 (756) 083 630
+40 (756) 102 727
+40 (756) 230 765
+40 (756) 333 249
+40 (756) 481 433
+40 (756) 586 750
+40 (756) 844 825
+40 (756) 854 188
+40 (757) 048 625
+40 (757) 221 505
+40 (757) 271 570
+40 (757) 293 052
+40 (757) 395 290
+40 (757) 678 686
+40 (757) 999 759
+40 (758) 031 031
+40 (758) 033 033
+40 (758) 082 144
+40 (758) 181 744
+40 (758) 285 858
+40 (758) 358 544
+40 (758) 463 326
+40 (758) 617 419
+40 (758) 788 502
+40 (758) 992 992
+40 (759) 022 942
+40 (759) 320 692
+40 (759) 321 660
+40 (759) 539 466
+40 (759) 574 643
+40 (760) 394 108
+40 (760) 444 013
+40 (761) 346 946
+40 (762) 286 338
+40 (762) 462 895
+40 (762) 614 816
+40 (762) 642 046
+40 (762) 696 021
+40 (763) 546 561
+40 (763) 615 823
+40 (764) 059 968
+40 (764) 403 760
+40 (765) 143 732
+40 (765) 187 500
+40 (765) 448 198
+40 (766) 598 888
+40 (767) 110 022
+40 (767) 895 895
+40 (769) 045 899
+40 (769) 253 333
+40 (769) 354 761
+40 (770) 050 010
+40 (770) 059 770
+40 (770) 136 745
+40 (770) 247 177
+40 (770) 407 071
+40 (770) 456 987
+40 (770) 624 957
+40 (770) 627 890
+40 (770) 711 687
+40 (770) 780 000
+40 (770) 781 826
+40 (770) 808 808
+40 (770) 885 588
+40 (770) 886 193
+40 (770) 896 896
+40 (770) 969 528
+40 (771) 031 757
+40 (771) 220 463
+40 (771) 313 015
+40 (771) 437 214
+40 (771) 649 158
+40 (771) 671 329
+40 (771) 698 907
+40 (772) 072 417
+40 (772) 118 961
+40 (772) 133 586
+40 (772) 159 753
+40 (772) 215 392
+40 (772) 242 424
+40 (772) 243 061
+40 (772) 826 887
+40 (773) 755 007
+40 (774) 011 967
+40 (774) 485 414
+40 (774) 528 845
+40 (774) 601 601
+40 (774) 612 815
+40 (774) 935 844
+40 (775) 110 065
+40 (775) 112 233
+40 (775) 181 387
+40 (775) 223 071
+40 (775) 277 892
+40 (775) 854 675
+40 (775) 868 371
+40 (775) 882 365
+40 (779) 236 435
+40 (785) 473 278
+40 (785) 900 922
+40 (786) 380 077
+40 (786) 505 100
+40 (786) 725 000
+40 (786) 726 132
+40 (787) 396 275
+40 (788) 201 020
+40 (790) 113 948
+40 (790) 206 564
+40 (790) 383 696
+40 (790) 431 832
+40 (790) 432 844
+40 (790) 744 847
+40 (790) 919 443
+40 (792) 149 814
+40 (793) 286 493
+40 (796) 988 862
+40 (799) 073 073
+40 (799) 299 612
+40 (799) 666 555
+40 (799) 877 175
+40 (799) 924 502