Abadía
Abido
Abidos
Abisinia
Abiyán
Abjasia
Abruzos
Abuya
Acapulco
Acarnas
Acaya
Acra
Acrefias
Acrotiri
Acrotoos
Adelaida
Adén
Adigueya
Adís Abeba
Adramitio
Aeropuerto de Great Falls
Afar
Afganistán
África
África Central
África Ecuatorial
África Española
África Occidental
África Occidental Francesa
Agadé
Agén
Ager
Agmat
Ágreda
Aguascalientes
Aguilar de Campóo
Aguilar de la Beira
Ainos
Aínsa
Airarat
Ajaltsije
Ajichatra
Ajtuba
Ajtúbinsk
Ak Koyunlu
Akmólinsk
Alagón
al-Almuñécar
Alarcón
Alátyr
Álava
Alayor
Alba
Albacete
Alba de Tormes
Albarracín
Albayácer
Alberique
Albox
Albuquerque
Alburquerque
Alcalá
Alcalá de Guadaíra
Alcalá de Henares
Alcalá del Júcar
Alcalá de los Gazules
Alcañiz
Alcántara
Alcaraz
Alcaudete
Alcázar del Sal
Alcázar de San Juan
Alcazarquivir
Alcazobas
Alcobaza
Alcocer
Alcotén
Alcoy
Alcúdia
Aledo
Alejandreta
Alejandría
Alejandría de Tróade
Alejandría Escate
Alemania
Alemania Occidental
Alemania Oriental
Alenzón
Alepo
Alfa Centauri
Alfambra
Algarve
Alguer
Alhucemas
Aliaga
Alicante
Alicia
Aljaraque
Alma Ata
Almatý
Almazán
Almendralejo
Almería
Almissa
Almodóvar
Almodóvar del Campo
Almonaster la Real
Alost
Alpes
Alpes Bávaros
Alpes Marítimos
Alpuente
Al Raqa
Alsacia
Alta Austria
Alta Bahía de San Francisco
Alta Borgoña
Alta Bosnia
Alta Franconia
Alta Slesia
Altenburgo
Alto Adigio
Alto Ampurdán
Alto Aragón
Alto Canadá
Alto Egipto
Alto Perú
Altos del Golán
Alto Volta
Amán
Amapala
Amara
Amazonas
Amberes
América
América Central
América del Sur
Ámfisa
Amiclas
Amniso
Amposta
Ampurdán
Ampurias
Ámsterdam
Anactorio
Anatolia Oriental
Anazarba
Ancara
Andalucía
Andiján
Andorra
Andorra la Vieja
Andría
Ándros
Anfípolis
Angloesfera
Anguila
Angulema
Anjou
Antandro
Antártida
Antedón
Antene
Antigua y Barbuda
Antioquia
Antioquía
Antioquía del Orontes
Antofagasta
Anzoátegui
Apachería
Appenzell Rodas Exteriores
Appenzell Rodas Interiores
Apulia y Calabria
Aquilea
Aquisgrán
Aquitania
Arabia Saudita
Arabiso
Aracosia
Aragón
Aranda de Duero
Arbanon
Arbe
Arbinjan
Arcade
Archipiélago de las Lucayas
Archipiélago del Norte
Arcila
Arcos de Valdevez
Ardebil
Área 51
Área de la Bahía de San Francisco
Areópago
Arequipa
Argel
Argelia
Argolide
Argos de Acaya
Argovia
Arjánguelsk
Arjona
Arjyz
Arlés
Armagedón
Armañaco
Armenia
Armenia Occidental
Armórica
Arnedo
Arrás
Arrecife Swallow
Arrigorriaga
Artemisio
Artémivsk
Artsaj
Arzamás-16
Asante
Ascalón
Asclepeion
Asdod
Ashmiany
Asia
Asia Central
Ásine
Asiria
Asís
Asiut
Asjabad
Aso
Asociación de Egoístas
Aspendo
Ástaco
Astaná
Astipalea
Astorga
Astracán
Astudillo
Asturias
Asturias de Oviedo
Asturias de Santillana
Asuán
Asuán Occidentale
Asunción
Atacama
Atamania
Atarneo
Atenas
Ática
Atienza
Atirau
Atlacomulco de Fabela
Atlántida
Atlas Sahariano
Atolón Bikini
Atolón Johnston
Atolón Palmyra
Atribis
Audagost
Augsburgo
Ausetania
Australia Central
Australia Meridional
Australia Occidental
Austria
Austría-Hungría
Auvernia
Auvernia-Ródano-Alpes
Avila
Avilés
Aviñón
Ayala
Aydin
Ayllón
Ayudazo
Azerbaiyán
Azerbaiyán Occidental
Aznalcázar
Aznalcóllar
Azores
Babilonia
Bactriana
Bagdad
Bahamas
Baharia
Bahía de Apalache
Bahía de Avacha
Bahía de Bengala
Bahía de Cochinos
Bahía de Corea
Bahía de Galveston
Bahía de Galway
Bahía de Guantánamo
Bahía de Heligoland
Bahía de Hudson
Bahía de Kino
Bahía de los Glaciares
Bahía de Manila
Bahía de Mobile
Bahía de San Francisco
Bahía de Sebastopol
Bahía de Suruga
Bahía de Tampa
Bahía de Ungava
Bahía Georgiana
Bahía Groswater
Bahía James
Baja Austria
Baja Bahía de San Francisco
Baja California Sur
Baja Franconia
Baja Navarra
Bajchisarái
Bajmut
Bajo Ampurdán
Bajo Canadá
Bajo de Masinloc
Bajo Egipto
Bajtegán
Bakú
Balaguer
Balajná
Baleares
Baljash
Bamiyán
Bampuro
Banco Dogger
Bancos Externos
Bandas Negras
Bangladés
Banjul
Bañolas
Baquba
Barán
Baránavichi
Barbastro
Barcelona
Barcelóna
Baréin
Bárgasa
Bargilia
Barnaúl
Barquisimeto
Barrancabermeja
Base Naval de la Bahía de Guantánamo
Bashkortostán
Basilea
Basilea-Campiña
Basilea-Ciudad
Basora
Bastetania
Bastoña
Batáisk
Batalla
Batrún
Baviera
Bayona
Bearne
Bechuanalandia
Beerseba
Behera
Béjar
Bektashi
Belchite
Belebéi
Belén
Bélgica
Belgrado
Belice
Bell-lloch
Belmopán
Belogorsk
Beluchistán
Benabarre
Benalmádena
Benarés
Benasque
Benavente
Bengala
Bengala Occidental
Bengala Oriental
Bengasi
Benín
Beocia
Berdiansk
Berdichev
Beregovo
Berga
Bérgamo
Berlanga
Berlín
Berlín Este
Berlín Oeste
Berna
Bernicia
Besanzón
Besarabia
Bexhill
Bhubaneshwar
Bhuj
Bielorrusia
Bienna
Biescas
Bigorra
Biriusa
Birmania
Biryand
Bitburgo
Bitinia
Bizancio
Bizerta
Blagovéshchensk
Blankenburgo
Bocas del Ródano
Bodaibó
Bofutatsuana
Bogotá
Bohemia Meridional
Bolduque
Bolívar
Bolivia
Bóljov
Bolojovo
Boloña de Mar
Bolonia
Bonilla
Borau
Borgoña
Borisov
Borja
Borjas Blancas
Borovichí
Bósforo
Bosnia y Herzegovina
Bosque del Spree
Botiea
Botsuana
Bougtoub
Braganza
Brandeburgo
Brasil
Braslaw
Brátslav
Brema
Bresanona
Breslavia
Bretaña
Brianzón
Brihuega
Bríndisi
Brisgovia
Brístol
Briviesca
Bronchales
Brujas
Brunéi
Brunico
Brunswick-Luneburgo
Bruselas
Bucarest
Búchach
Bucovina
Buenos Aires
Buenpuerto
Búfalo
Bugía
Bugulmá
Buitrago
Bujará
Bujtarma
Bulgaria del Volga
Burdeos
Burgos
Buriatia
Burriana
Bután
Butrinto
Buyumbura
Caballeros del Sol
Cabanillas del Campo
Cabazón
Cabo Cañaveral
Cabo Cod
Cabo Coral
Cabo de Buena Esperanza
Cabo Malin
Cabo San Lucas
Cacabelos
Cáceres
Cachemira
Cadena Walvis
Cádiz
Cagayán
Cáhuil
Cairuán
Cajamarca
Calaceite
Calamocha
Calanda
Calatayud
Calatrava
Calcedón
Calcídica
Calcuta
Calestra
Calidón
Califato Chii
Califato Masmudi
Califato Suni
Calisto
Calleacia
Calmuquia
Camarina
Camboya
Camerún
Camiguín
Canaán
Canadá
Canal de Jamaica
Canal de Kiel
Canal de la Mancha
Canal del Beagle
Canal de Mozambique
Canal de Nicaragua
Canal de Panamá
Canal de San Jorge
Canal de Santa Bárbara
Canal de Santa Lucía
Canal de Suez
Canarias
Cancún
Canete de las Torres
Canfranc
Cangas del Narcea
Cangas de Onís
Cañón de Mármol
Cantañede
Cantillana
Cantón
Caonia
Capadocia
Caracas
Caracene
Caravaca
Caravaca de la Cruz
Carbajosa de la Sagrada
Carballido
Carbón
Carcasona
Cardona
Cardonal de Panilonco
Carelia
Carelios
Carintia
Caristo
Carolina del Norte
Carolina del Sur
Carpasia
Carpatia
Carpetania
Carrizozo
Carsoli
Cartagena
Cartago
Cártama
Cártel de Sinaloa
Casas de Reina
Cascadas Shoshone
Cascante
Casopa
Caspe
Cassubia
Castalla
Castanea
Castañeda
Castellciutat
Castellón
Castellón de la Plana
Castilla
Castilla–La Mancha
Castilla y León
Castillnueve del Papa
Castillo Blanco
Castillo de Aire
Castillo de Dublín
Castillo de Kalmar
Castillo Mejor
Castillo Rodrigo
Castrillo Matajudíos
Castrillo Mota de Judíos
Castrillo Motajudíos
Castrojeriz
Castro Marín
Castro-Urdiales
Castro Ventosa
Cataluña
Cataluña Nueva
Catar
Cataratas del Iguazú
Cataratas del Niágara
Cataratas Havasu
Catarmán
Cáucaso
Cayo Hueso
Cazembe
Cazorla
Cefalonia
Cefalú
Celenas
Celorico de la Beira
Centro Espacial Johnson
Cerdaña
Cerdeña
Cerdeña-Piamonte
Cervelló
Cetiña
Ceuta
Cevenas
Chachapoyas
Chaco
Chaco Austral
Chaco Boreal
Chaco Central
Chahar del Sur
Champaña
Charente Marítimo
Chechenia
Chelmno
Chequia
Cherburgo
Cherburgo-Octeville
Cheremjovo
Cherepovéts
Cherkisia
Chernóbil
Cherso
Chetumal
Chiapas
Chichén Itzá
Chihuahua
Chile
China del Este
China del Norte
Chinchilla de Monte-Aragón
Chipre
Chipre del Norte
Chisináu
Chitá
Chúdovo
Chula Vista
Chupanidia
Chuquisaca
Chuvasia
Cícico
Cícladas
Cieza
Cifanta
Cilene
Cima
Cinto
Cipsela
Circesio
Cirene
Cirréstica
Cisleitania
Citera
Citnos
Ciudad Atlántica
Ciudad de Belice
Ciudad de Benín
Ciudad de Guatemala
Ciudad de Kuwait
Ciudad del Cabo
Ciudad de Luxemburgo
Ciudad del Vaticano
Ciudad de México
Ciudad de Nueva York
Ciudad de Oklahoma
Ciudad de Panamá
Ciudad de Surigao
Ciudadela
Ciudadela de Amán
Ciudadela de Damasco
Ciudades Gemelas
Ciudad Eva Perón
Ciudad Ho Chi Minh
Ciudad Jefferson
Ciudad Juárez
Ciudad Rodrigo
Ciudad Trujillo
Cléveris
Clítor
Cnido
Cnosos
Coahuila
Coatzacoalcos
Coblenza
Coburgo
Coímbra
Coira
Colegio de Pontífices
Colimá
Colliure
Colombia
Colón
Colonia
Colonia del Cabo
Colonia Tovar
Columbia Británica
Comagene
Comana Pontica
Comanchería
Comares
Cominges
Comodoro Rivadavia
Comoras
Compaña Blanca
Compañía Aragonesa
Compañía de la Bahía de Hudson
Compañía Navarra
Compañía Sueca de África
Comuna de París
Conakri
Concilio de Calcedonia
Concilio de Tres Fuegos
Condeja
Confederación Alemana del Norte
Confederación Antillana
Confederación Caledonia
Confederación Germánica
Confederación Wabanaki
Constantina
Constantinopla
Constanza
Consuegra
Copenhague
Copiapó
Corasmia
Córcega
Córcega y Cerdeña
Cordillera de Timán
Córdoba
Córdoba la Vieja
Corduena
Corea
Corea del Norte
Corea del Sur
Corfú
Coria
Coricos
Corinto
Cornualles
Coronea
Corriente del Brasil
Corriente del Golfo
Cortegana
Costa Black
Costa Brava
Costa de Berbería
Costa del Oro
Costa de los Mosquitos
Costa del Sol
Costa de Marfil
Costas de Armor
Costas del Norte
Costromá
Cotillas
Coto Mixto
Cotonú
Courtrai
Covaleda
Covasna
Covillán
Crac de los Caballeros
Cracovia
Cranios
Cranón
Creta
Crimea
Cristopla
Croacia
Crotona
Cruesa
Ctesifonte
Cuart de Poblet
Cuatro Esquinas
Cuba
Cuellar
Cuenca
Cuenca Argentina
Cuenca de Angola
Cuenca del Chad
Cuenca del Congo
Cuenca del Pacífico
Cuenca del Tarim
Cuenca de Qaidam
Cuerno de África
Cundinamarca
Cúneo
Curazao
Curlandia
Curzola
Dabo
Daguestán
Dajla
Dakota del Norte
Dakota del Sur
Dalmacia
Damasco
Damieta
Damot
Danubio
Darieo
Darjan
Daroca
Dasaretia
Delfinado
Delfos
Delta del Níger
Delta del Nilo
Delta del Orinoco
Delta del Río Perla
Demetríade
Dénia
Depalpur
Desierto
Desierto Árabe
Desierto de Lut
Desierto de Mojave
Desierto Inhabitable
Desierto Líbico
Desierto Pintado
Desierto Sirio
Deza
Didimótico
Diedorf
Diego Suárez
Dilinga
Dinamarca
Dinastía Timúrida
Distrito de Columbia
Divisoria Continental
Dnipró
Dodecaneso
Dombás
Donetsk
Dórida
Dorsal Mesoatlántica
Dos Puentes
Dos Sicilias
Drente
Dresde
Drogóbich
Duala
Dubái
Dublín
Dubrovytsia
Ducado Unido del Báltico
Dueñas
Duisburgo
Dujovshina
Dulce
Dunkerque
Durango
Dusambé
Dzhankói
Ecalia
Écija
Ecuador
Edesa
Édessa
Edimburgo
Éfeso
Egeo
Egio
Egipto
Egipto Medio
Ejea de los Caballeros
Ejército Libre Sirio
Ejmiatsín
Ekaterimburgo
Elatea
El Bierzo
El Cairo
El Casar
El Cebrero
Elche
Eldorado
El Havre
Élide
El Ilkanato
Elimia
Ellenburgo
El Paso
El Paso del Norte
El Pireo
El Puerto de Santa María
El Salvador
Elsinor
El Valle
Elvas
Emilia-Romaña
Emiratos Árabes Unidos
Emmerich am Rhein
Encina
Enciñoso
Encusa
Enguels
Enoanda
Ensenada de Melpómene
Entenza
Entre Ríos
Eólida
Eordia
Epiro
Ereso
Ereván
Érfurt
Erill la Vall
Eritras
Ermúpoli
Errachidía
Esauira
Escalona
Escandinavia
Escania
Escepsis
Esciros
Escitia
Escocia
Escolas Palatinas
Escondido
Escotusa
Escudo Canadiense
Esima
Eslavonia
Eslovaquia
Eslovenia
Esmalcalda
Esmirna
Esna
Espacio Schengen
España
Esparta
Espartolo
Espinosa
Espira
Estación Marambio
Estado Libre del Congo
Estado Libre de Orange
Estado Libre Irlandés
Estado Mahdista
Estados Confederados de América
Estados de la Tregua
Estados Pontificios
Estados Unidos
Estados Unidos de África
Estados Unidos de África Latina
Estados Unidos de América
Estados Unidos de Centroamérica
Estambul
Estepa de Baraba
Estepa Euroasiática
Estepa Kazaja
Estepa Póntica
Estinfalo
Estiria
Estocolmo
Estrasburgo
Estrecho de Bering
Estrecho de Bonifacio
Estrecho de Dinamarca
Estrecho de Gibraltar
Estrecho de Hudson
Estrecho de Karimata
Estrecho del Príncipe de Gales
Estrecho de Magallanes
Estrecho de Puget
Estrecho de Tsugaru
Estrigonia
Estrómboli
Eteocreta
Etiopía
Etolia
Eubea
Éufrates
Europa
Europa Central
Europa Occidental
Europa Oriental
Évora
Famagusta
Fanar
Fánote
Faro
Farsalo
Fasélide
Fayún
Fedayín
Federación de las Indias Occidentales
Felanich
Fénice
Fenicia
Fénix
Fenolleda
Ferganá
Ferrara
Ferrerías
Fezán
Figueras
Figuerón de los Vinos
Filadelfia
Filipinas
Filipos
Finisterre
Finlandia
Fionia
Fiordo de Oslo
Fiordos Occidentales
Flandes
Flesinga
Fliunte
Florencia
Florida Occidental
Florida Oriental
Focea
Fócida
Folégandros
Formosa
Fort Yukón
Francfort
Fráncfort del Óder
Francia
Francia de Vichy
Franco Condado
Franconia
Franconia Media
Franja de Aouzou
Franja de Caprivi
Franja de Gaza
Friburgo
Frigia
Frisia
Frisia Oriental
Frisinga
Friul
Friul-Venecia Julia
Ftiótide
Fuensalida
Fuentesaúco
Fuerte Caroline
Futa Yallon
Fuvammulah
Gabes
Gadamés
Galacia
Galcaio
Gales
Gales del Norte
Gales del Sur
Galia
Galia Lugdunense
Galia Narbonense
Galicia
Galilea
Galípoli
Galitzia
Galitzia y Lodomeria
Gante
Gasánidia
Gascuña
Gátchina
Gavrílov-Yam
General Plutarco Elías Calles
Génova
Gerasa
Ghats Orientales
Ghulam
Gibraleón
Gijón
Gilán
Gilgit-Baltistán
Ginebra
Girona
Gitión
Glázov
Glogovia
Glubókaye
Golestán
Golfo de Adén
Golfo de Alaska
Golfo de Biafra
Golfo de California
Golfo de Carpentaria
Golfo de Corinto
Golfo de Finlandia
Golfo de la Coronación
Golfo de la Gonâve
Golfo del Obi
Golfo de México
Golfo de Riga
Golfo de San Lorenzo
Golfo de Tomini
Golfo de Valencia
Golfo de Vizcaya
Golfo Pérsico
Golfo Termaico
Gomorra
Goradnia
Gorcum
Gordio
Gorgán
Gotemburgo
Gotinga
Goveya
Granada
Gran Alemania
Granátula de Calatrava
Gran Austin
Gran Bahía Australiana
Gran Banco de Terranova
Gran Barrera de Coral
Gran Bretaña
Gran Canaria
Gran Cañón
Gran Cartuja
Gran Cáucaso
Gran Chicago
Gran Colombia
Gran Cuenca
Grande Prado
Grandes Antillas
Gran Desierto de Victoria
Grandes Lagos
Grandes Lagos de Iowa
Grandes Montañas Humeantes
Grándola
Gran Ducado de Finlandia
Grañena
Gran Horda
Gran Lago Salado
Gran llanura Húngara
Gran Mánchester
Gran Mongolia
Gran Polonia
Gran Serbia
Gran Sudbury
Gran Ústiug
Gran Vlaquia
Gran Zimbabue
Graus
Gravelinas
Grecia
Grecia Central
Gredos
Greutungia
Griqualandia Occidental
Groenlandia
Groninga
Grozni
Guadalajara
Guadalcanal
Guadalest
Guadamur
Guadiato
Guadix
Guamúchil
Guanajuato
Guantánamo
Guardia
Guardia Escocesa
Guardia Suiza
Guardia Varega
Guareña
Guatemala
Guayana Francesa
Güeldres
Guerrero
Guijuelo
Guinea-Bisáu
Guinea Ecuatorial
Guinea Portuguesa
Guipúzcoa
Guisa
Guiumri
Guiza
Gulating
Guñelve
Gurrea de Gállego
Guyarat
Hadramaut
Haida Gwaii
Haití
Haliarto
Hamadán
Hamburgo
Hanói
Hanóver
Harrán
Hebrón
Hefestias
Heftalita
Hélade
Henao
Heraclea
Heraclea del Latmos
Heraclea de Traquinia
Heraclea Lincestis
Heraclea Minoa
Heraclea Póntica
Heraclea Síntica
Heraclión
Herāt
Hermandad Aria
Hermandad del Santo Sepulcro
Hermanos de las vituallas
Hermanos del Bosque
Hermanos del Sagrado Corazón
Hermanos Livonios de la Espada
Herrera del Cézar
Hervás
Hieto
Híjar
Hipata
Hirtacina
Hisias
Histiótide
Hita
Hiyaz
Hlújiv
Holanda
Honduras Británica
Horda Azul
Horda Blanca
Horda de Oro
Hornachos
Hostalrich
Huesca
Huéscar
Hungría
Hungría Septentrional
Ibadán
Ibiza
Ibiza y Mallorca
Idaña
Ierápetra
Iglesia Apostolica
Igualada
Ilercavonia
Iliria
Illescas
Ille y Vilaine
Imamah
Imanato del Cáucaso
Imericia
Imperio Angevino
Imperio Aqueménida
Imperio Azteca
Imperio Bizantino
Imperio del Mar del Norte
Imperio Elamita
Imperio Huno
Imperio Latino
Imperio Mogol
Imperio Mongol
Imperio Otomano
Imperio Romano
Imperio Ruso
Imperio Seléucida
Imperio Selyúcida
Inca
India del Norte
India Francesa
Indianápolis
Indias Occidentales
Indias Orientales
Inglaterra
Inglaterra y Gales
Iniesta
Inmortales
Ioánina
Irán
Irlanda
Irlanda del Norte
Irlanda del Sur
Irún
Iruña de Oca
Isfahán
Isín
Isla Aquidneck
Isla Attu
Isla Bouvet
Isla de Baffin
Isla de Francia
Isla de la Gonâve
Isla del Cabo Bretón
Isla del Faraón
Isla del Roble
Isla de Navidad
Isla de Pascua
Isla de Vancouver
Isla Ellis
Isla Fraser
Isla Kodiak
Isla Marcus
Islandia
Isla Norfolk
Isla Norte
Isla Sable
Isla San Pedro
Islas Australes
Islas Baleares
Islas Caimán
Islas Carolinas
Islas Copeland
Islas de la Reina Carlota
Islas del Canal
Islas del Egeo
Islas del Mar
Islas de San Pablo
Islas de Sotavento
Islas Feroe
Islas Frisias Occidentales
Islas Galápagos
Islas Georgias del Sur y Sandwich del Sur
Islas Gilbert
Isla Shahi
Islas Hébridas Interiores
Islas Jónicas
Islas Kerguelen
Islas Malvinas
Islas Marianas
Islas Marquesas
Islas Marshall
Isla Socorro
Islas Pitcairn
Islas Revillagigedo
Islas Ryukyu
Islas Salomón
Islas Turcas y Caicos
Isla Sufre
Isla Sur
Islas Vírgenes
Islas Vírgenes Británicas
Islas Vírgenes de los Estados Unidos
Islas Vírgenes Españolas
Isla Vozrozhdeniya
Iso
Isquia
Istajr
Istmo de Carelia
Italia
Italia Anonaria
Italia Septentrional
Italia Suburbicaria
Ivángorod
Ivánovo
Izmaíl
Jabárovsk
Jaca
Jachmaz
Jacksonville
Jaén
Jafa
Jáibar
Jakasia
Jalisco
Jamar-Dabán
Jammu y Cachemira
Jan Yunís
Japón
Jaraíz de la Vera
Járkov
Jartum
Jaskovo
Jastinápura
Játiva
Java Central
Java Occidental
Java Oriental
Javaquecia
Jazaria
Jemez Pueblo
Jeréz
Jerez de la Frontera
Jerez de los Caballeros
Jericó
Jersón
Jerusalén
Jerusalén Este
Jerusalén Oeste
Jesi
Jima
Jimai
Jimena de la Frontera
Jiva
Johannesburgo
Jolm
Jolmogory
Jólof
Jonia
Jopior
Jorasán
Jordania
Jorramabad
Jorramchar
Jortytsia
Jotán
Jubalandia
Jujuy
Juliaipole
Júpiter
Juribga
Just
Jutlandia
Jutlandia Central
Juyand
Juzestán
Kabadougu
Kabardia-Balkaria
Kabarismo
Kalávrita
Kaliningrado
Kanato Aarlud
Karagandá
Karaismo
Karakalpakistán
Karakol
Karakórum
Kara Koyunlu
Karassubazar
Kárgopol
Kárpatos
Kasgar
Katmandú
Kazajistán
Kedar
Kémerovo
Kenia
Kermán
Khandiga
Kírensk
Kirguistán
Kírishi
Kírov
Kirsánov
Kiustendil
Kobriny
Kolomýia
Komotiní
Koporie
Kordofán
Kordofán del Oeste
Kordofán del Sur
Kostanái
Közép-Magyarország
Kozlov
Krasni Limán
Krasnokokshaysk
Krasnovodsk
Kremliov
Krivói Rog
Kulikoró
Kumertáu
Kurdistán
Kurgán
Kutur-Ogly
Kyzyl-Su
La Adrada
La Bisbal
La Bisbal del Ampurdán
Labort
Labytnangui
La Canea
La Ceiba
Lacio
La Coruña
Lago
Lago Bebeide
Lago Buir
Lago de Constanza
Lagodeji
Lago del Cráter
Lago de los Bosques
Lago Fitri
Lago Hurón
Lago Lemán
Lago Manicouagan
Lago Minto
Lago Nasser
Lago Ness
Lago Nipigon
Lago Nipissing
Lago Poopó
Lago Qinghai
Lagos
Lago Simcoe
Lago Titicaca
Lago Vostok
Lago Wollaston
La Guardia
Laguarres
Laguna del Vístula
Laguna de Szczecin
Laguna de Tache
La Habana
La Haya
Lahej
Lahishyn
La Horda Negra
La Libertad
La Meca
Lámpsaco
Lanzarote
Laodicea
Laodicea Combusta
Laón
La Pampa
La Paz
La Plata
Laponia
La Puebla de Montalbán
Lara
Laredo
Lárisa
Larisa Cremaste
Lárnaca
Las Bellostas
Las Guayanas
Las Palmas de Gran Canaria
Las Pedroñeras
Las Vegas
Lausana
La Valeta
Lavinio
Lebea
Lébedos
Lebrija
Leire
Leiría
Lemosín
Leninabad
León
León de Los Aldama
Leontópolis
Leópolis
Lépiel
Lérida
Lerins
Letgalia
Letonia
Léucade
Levedia
Lezuza
Líbano
Liberia
Libia
Licando
Licia
Licosura
Licto
Lidia
Liébana
Lieja
Liga de Corinto
Liga Hanseática
Liga Helénica
Liga Lombarda
Lilongüe
Lima
Limán
Limburgo
Limia
Limira
Limnea
Lincestis
Línea Maginot
Lípetsk
Lirneso
Lisboa
Lisimaquia
Litoral Este
Lituania
Liubim
Liubliana
Liúboml
Livonia
Llanura de Cumberland
Llanura de Kanto
Llanura del Río Snake
Lleyn
Llivia
Lócrida
Locros
Lodz
Logóisk
Logroño
Loira
Lolandia
Lolé
Lombardía
Londres
Lorena
Lorestán
Loriñán
Lorri
Los Álamos
Los Ángeles
Los Grisones
Los Santos
Loukomorié
Lovaina
Lovózero
Loxa
Luarca
Luca
Lucerna
Lugansk
Lugo
Lugo de Llanera
Luisiana
Luna
Luneburgo
Lusacia
Lusiñano
Lusitania
Luxemburgo
Lwiw
Maajir
Macao
Macarsca
Macasar
Macedonia Central
Macedonia del Norte
Macedonia Occidental
Macedonia Oriental
Machu Picchu
Madain
Mádito
Madrid
Maestrazgo
Magacela
Magallanes
Magdalena
Magdeburgo
Magnesia del Meandro
Maguilov
Maguindánao
Maguncia
Mahón
Majachkalá
Majnovia
Malabarismo
Malabo
Málaga
Malasia
Malasia Británica
Malaui
Maldivas
Malea
Malí
Malinas
Mallorca
Managua
Manapia Austral
Manbiŷ
Mancha
Mánchester
Manchuria Exterior
Mancicerta
Mango de Alaska
Mango de Florida
Mango de Idaho
Mango de Oklahoma
Mango de Texas
Maniqueísmo
Manizales
Mansilla de las Mulas
Mantegas
Mantinea
Mánturovo
Manzanares
Mar Adriático
Maranges
Mar Arábigo
Maratón
Mar Balear
Mar Báltico
Marbella
Mar Blanco
Marburgo
Mar Cantábrico
Marcas
Mar Caspio
Mar Céltico
Marcianópolis
Mar de Aral
Mar de Beaufort
Mar de Bellingshausen
Mar de Cerdeña
Mar de Galilea
Mar de Halmahera
Mar de Irlanda
Mar de Java
Mar de Liguria
Mar del Japón
Mar del Norte
Mar del Plata
Mar de Ross
Mar de Sámar
Mar de Tracia
Mar de Wandel
Mar de Weddell
Mar Egeo
Mariandinia
Mar Ibérico
Mari-El
Marina Genovesa
Marina Veneciana
Mar Jónico
Mar Levantino
Mármara
Mar Muerto
Mar Negro
Maronea
Marraquech
Mar Rojo
Marruecos
Marsella
Marte
Martinica
Mar Tirreno
Mascate
Mauricio
Mauritania Tingitana
Mayorga
Mazandarán
Mazón
Meandro
Mecklemburgo
Mecklemburgo-Strelitz
Medellín
Médenine
Medinaceli
Medina del Campo
Medina de Pomar
Mediodía-Pirineos
Mediterráneo
Megalòpolis
Mégara
Melide
Melita
Melitópol
Menfis
Menorca
Mequínez
Merano
Mercadal
Mercurio
Mérida
Mersenburgo
Mértola
Mesene
Mesenia
Meseta Antártica
Meseta de Cumberland
Meseta de las Mascareñas
Meseta de Loes
Meseta Suiza
Mesia
Mesina
Mesoamérica
Mesopotamia
Metaponto
Metimna
Metone
Metrópolis
México
Micenas
Míchigan
Míchigan Superior
Michúrinsk
Miconos
Midelburgo
Midlands del Este
Midlands del Oeste
Midnapore
Migdonia
Mikashévichy
Mikoláiv
Míkulov
Milán
Milasa
Mileto
Miletúpolis
Milo
Mineápolis
Mingrelia
Minorca
Mira
Miranda
Miranda de Ebro
Miranda del Cuervo
Miranda del Duero
Miriando
Mirina
Mirlea
mirmidones
Mírsino
Misia
Misiones
Misisipi
Misurata
Misuri
Mitilene
Moca
Mocimboa da Praia
Moda
Módena
Módica
Mogadiscio
Mogaduero
Moimenta de la Beira
Mojave
Moldavia
Molosia
Mónaco
Monasterio
Monasterio de la Transfiguración de Dios
Monasterio de la Trinidad de Gleden
Monasterio de Mileševa
Monasterio de San Moisés el Abisinio
Moncada
Mondoñedo
Monferrato
Monforte
Monforte de Lemos
Mongolia Interior
Monsó
Montaña
Montañas Hengduan
Montañas Mugodzhar
Montañas Rocosas
Montañas Sinjar
Montánchez
Monteblanco
Monte Faro
Montemor
Montemor el Nuevo
Montepensero
Monterrey
Monterroso
Montesa
Montes Atlas
Montes Pónticos
Montevideo
Montsegur
Monzón
Mora
Mora de Rubielos
Morán
Mordovia
Morella
Moscú
Mosela
Mosinópolis
Mota del Cuervo
Mozhaisk
Mtsjeta
Munébrega
Múnich
Municipio de Conoy
Municipio de Hickory
Murcia
Murgantia
Múrmansk
Múrom
Murviedro
Nación Cheroqui
Naciones Unidas
Naipyidó
Nájera
Najicheván
Nankín
Nápoles
Naraván
Nasáu
Naumburgo
Naupacto
Nauplia
Navalmoral de la Mata
Navarra
Nayarit
Nazaret
Nechd
Nectiberia
Néguev
Nemea
Neptuno
Neuquén
Nével
Nicaragua
Nicea
Nieves
Níger
Nilo
Nilo Azul
Nimega
Nimes
Nínive
Niu York
Niza
Nizaríes
Nombre de Dios
Noreña
Normandía
Noroeste de Inglaterra
Norte Canadiense
Norte de Inglaterra
Norte-Paso de Calais
Noruega
Nóvgorod
Nóvhorod-Síverski
Novhorodske
Novoslobódskaya
Novozíbkov
Nueva África
Nueva Caledonia
Nueva Delhi
Nueva Escocia
Nueva España
Nueva Francia
Nueva Gales del Sur
Nueva Granada
Nueva Guinea
Nueva Guinea Alemana
Nueva Inglaterra
Nueva Jersey
Nueva Orleans
Nueva Providencia
Nueva Ross
Nueva York
Nueva Zelanda
Nuevo Brunswick
Nuevocastillo
Nuevo Castillo
Nuevo Hampshire
Nuevo Laredo
Nuevo México
Nuevo Nogaisk
Nuhasse
Numancia
Núremberg
Nursultán
Oaxaca
Óblast Autónomo Hebreo
Ocaña
Oceanía
Océano
Océano Ártico
Océano Atlántico
Océano Índico
Océano Pacífico
Ocrida
Odesa
Odomantia
Oldemburgo
Oleksandrivka
Oleros
Olimpia
Olimpo
Olinto
Olovo
Omán
Omdurmán
Oñate
Ondangua
Opolie
Oporto
Opunte
Orán
Orcadas
Orcómeno
Orden del Temple
Orden de San Antonio
Orden de San Juan de Jerusalén
Orden de Santiago
Orden Livona
Orden Teutónica
Oregón
Oréjovo-Zúyevo
Oremburgo
Orén
Orense
Oréstide
Orgañá
Oriájovo
Orico
Orihuela
Orinoquía
Oriol
Orleans
Oromía
Ortegal
Osipenko
Osma
Osroena
Ostende
Ostrobotnia
Oudemburgo
Ourique
Oviedo
Oxinio
Oya
Ozurgueti
Padua
Paflagonia
Pafos
Países Bajos
Países del Loira
País Sículo
País Vasco
Pakistán
Pakistán Oriental
Palaos
Palatinado
Paláuig
Palencia
Palene
Palermo
Palestina
Pallars
Pallars Jussá
Pallars Sobirá
Palma
Pampas
Pamplona
Panamá
Panfilia
Pangasinán
Paniahue
Panonia
Panópolis
Pantano de Cibuco
Pantelaria
Papado Bizantino
Papado Converso
Papado de Aviñón
Papado Ostrogodo
Papúa Nueva Guinea
Paramaribo
Paraná
Parinacota
París
Parnaso
Parque Nacional Banff
Partia
Pasarón
Pásay
Paso de Bolán
Paso de San Gotardo
Paso Sur
Pastunistán
Patacamaya
Patagonia
Patan
Patriarcado Copto
Patriarcado Ecuménico
Patriarcado Ecumenico Iconoclasta
Patriarcado Oriental
Paulistania
Pavía
Pechenegos
Pedneliso
Pedrogón Grande
Pekín
Pela
Pelasgiótide
Pelene
Peloponeso
Peñacoba
Peñaranda
Peñela
Península Antártica
Península de Chukchi
Península de Kola
Península del Sinaí
Península de Oshima
Península de Ribachi
Península de Sadamisaki
Península de Shandong
Península de Taimyr
Península de Virginia
Península de Yucatán
Península Olímpica
Península Superior
Peñíscola
Pensilvania
Peonia
Pequeña Polonia
Pereira
Perelada
Pereyaslavl-Riazanski
Perinto
Perpiñán
Perrebia
Perú
Perú-Bolivia
Pésaro
Petchory
Petropávlovsk-Kamchatski
Piamonte
Picardía
Pico de Bugarach
Pidna
Pietermaritzburgo
Pikaliovo
Piñel
Pinerolo
Pionyang
Piratas
Pirineos
Pistiro
Pition
Pitópolis
Plasencia
Platea
Playa Blanca
Playa del Carmen
Playa de Omaha
Plutón
Podandos
Podlaquia
Podolia
Podporozhie
Polania
Polatsk
Polesia
Polígiros
Polinesia
Polirrenia
Polonia
Polo Norte
Polo Sur
Pomerania
Pomerania Central
Pomerania Occidental
Pomerelia
Pompeya
Pompeyópolis
Ponferrada
Pontevedra
Ponto
Pórjov
Port Angeles
Portillo
Pórtland
Porusea
Posnania
Potonchán
Pozo Cañada
Prades
Praga
Praso
Pravia
Presa de Asuán
Presa de Boulder
Presa de Oahe
Presa Hoover
Presidente Hayes
Preslav
Pretoria
Priego
Proenza la Nueva
Provadia
Provenza
Prusia
Przhievalsk
Pucallpa
Puebla
Puebla de Varcín
Pueblo de Isleta
Pueblo de Picurís
Pueblo de Taos
Pueblo de Zía
Puente de Limia
Puerta de Hu Lao
Puerto Ayacucho
Puerto Baquerizo Moreno
Puerto de Los Ángeles
Puerto de Muelas
Puerto de Nuestra Señora de los Ángeles
Puerto de San Francisco
Puerto Edén
Puerto El Carmen de Putumayo
Puerto Escondido
Puerto Francisco de Orellana
Puerto Lockroy
Puerto México
Puerto Peñasco
Puerto Princesa
Puerto Príncipe
Puerto Rico
Puerto Saíd
Puigcerdá
Pula
Punta Arenas
Punta Colonet
Puntlandia
Punyab
Púshkar
Putivl
Putumayo
Pytálovo
Qattara
Qazvín
Quermanzón
Queronea
Quersoneso
Quetzaltenango
Quindío
Quintanar del Rey
Quintana Roo
Quíos
Quiretias
Rabinismo
Rajastán
Raj Británico
Rajiv
Ramala
Ramnunte
Rangún
Raroña
Ratisbona
Ratzeburgo
Rauco
Rávena
Recia
Recia Curiense
Regencia de Argel
Región de Tigray
Reikiavik
Reino del Bósforo
Reino Unido
Renania
Renania-Palatinado
Reni
República Árabe Saharaui Democrática
República Centroafricana
República de Altái
República de la Concha
República Dominicana
República Popular de China
República Popular de Mongolia
República Romana
República Social Italiana
Requena
Resovia
Rétino
Retortillo
Reunión
Riad
Riano
Riazán
Ribadeo
Ribagorza
Ribatejo
Rímini
Rin
Río
Río Assiniboine
Río Back
Río Bighorn
Río Bravo
Río Cimarrón
Río Coatzacoalcos
Río Columbia
Río de Janeiro
Río Fly
Río Gila
Río Grande
Río Grande del Norte
Río Grande del Sur
Río Kemi
Río Litani
Río Misuri
Río Murray
Río Neosho
Río Pit
Río Ruso
Río San Lorenzo
Río Saskatchewan
Río Snake
Río Yaqui
Roa
Roca de Cashel
Roca del Diamante
Ródano
Rodas
Rodesia
Rodesia del Sur
Ródope
Roma
Romaña
Roncesvalles
Ronda
Rondonia
Roquetas de Mar
Rosas
Rosellón
Rostov del Don
Rotemburgo del Fulda
Róterdam
Rtíshchevo
Ruan
Ruanda
Rueda de Jalón
Rumania
Rumelia Oriental
Rusia
Rutenia Roja
Rutenia Subcarpática
Rýbinsk
Sabana de Bogotá
Sabinia
Saboya
Sácer​​​
Sacramenia
Sacramento
Sacro Imperio Romano
Sagunto
Sáhara Argelino
Sáhara Occidental
Saigón
Saipán
Sajalín
Sajonia
Sajonia-Anhalt
Sajonia-Coburgo-Gotha
Sajonia-Meiningen
Sajonia-Weimar
Saksin
Salamanca
Salamíe
Salamina
Saldaña
Salejard
Salónica
Salta
Salvatierra
Salvatierra de Magos
Salzburgo
Sámar
Samarcanda
Sámar del Norte
Samaritanismo
Sámar Oriental
Samnio
Samotracia
Samtsje
San Africo
San Andrés
San Antolín
San Antonio
San Asaph
San Bartolomé Zoogocho
San Benedicto
San Benito
San Candido
San Claudio
San Cristóbal y Nieves
San Diego
San Egreve
San Emerano
San Esteban
San Fernando
San Francisco
San Galo
San Geronimo
Sangmelima
San Hilario
San Ignacio
San Jacinto
San Jorge
San José del Valle
San José Hiato
San Juan
San Leonardo
San Leonardo de Yagüe
Sanlúcar de Barrameda
San Luis
San Luis Obispo
San Maclovio
San Marcos Tuxtla
San Martín
San Martín de Oscos
San Martín de Trevejo
San Mateo
San Mauricio
San Miguel
San Moisés el Abisinio
San Nicolás
San Nicolás de los Arroyos
San Olaf
San Pablo
San Pablo de León
San Pedro Amuzgos
San Pedro de Roda
San Pedro el Alto
San Pedro Pescador
San Pedro Sula
San Pedro y Miquelón
San Petersburgo
San Rouque
San Sebastián
Santa Águeda
Santa Ana Pueblo
Santa Bárbara
Santa Brígida
Santa Catarina
Santa Cruz
Santa Cruz de Campezo
Santa Elena
Santa Eulalia de Oscos
Santa Fe
Santa Isabel
Santa Lucía
Santa María del Naranjo
Santa Mónica
Santander
Santarém
Santa Sede
Santaver
Santiago
Santiago de Cacem
Santiago del Estero
Santiago de los Caballeros
Santiagom
Santillana
Santiponce
Santo Domingo
Santo Domingo de la Calzada
Santoña
Santo Tomé
San Trudberto
San Vicente y las Granadinas
San Victorián
San Vito
São Luís
São Luís do Paraitinga
Sarátov
Sardes
Sardinia del Norte
Sardinia del Sur
Sariñena
Sarmatia
Sarov
Sarre
Sarrebruck
Sarreburgo
Sarvandikar
Satagidia
Saturno
Saurastra
Schauenburgo
Schwarzburgo
Sebasteia
Sebastián López
Sebennitos
Sefrú
Segóbriga
Segorbe
Segovia
Seguezha
Seispila
Selandia
Selandia Austral
Selandia Occidental
Selandia Oriental
Selimbria
Selonia
Selva de Bohemia
Selva Negra
Semnán
Señores de los Cielos
Seo de Urgel
Sepúlveda
Serbia Austral
Serbia Central
Sermile
Sérpujov
Sésamo
Sesto
Sétimo
Seúl
Seutópolis
Sevastopolo
Sevilla
Shahrizor
Shanghái
Shauía
Shchuchyn
Shénkursk
Shirvan
Shogunato Tokugawa
Sicilia
Siderocastro
Sídney
Sierra de la Plata
Sierra Leona
Siete Tribus Eslavas
Sigmaringa
Signagi
Signo
Silandro
Silla Unificada
Silves
Simancas
Sinaí
Sinaí del Norte
Sinaí del Sur
Sinaloa
Singapur
Sinope
Sinyar
Sion
Siracusa
Siria
Sirio
Sirmia
Sirmio
Siros
Sistán
Skopie
Sobrarbe
Sociedad de la Arena Amarilla
Sociedad de las Naciones
Socorro
Sodoma
Sofene
Sofía
Sol
Soleura
Soligálich
Solsona
Somalia Francesa
Somalia Italiana
Somalilandia
Somalilandia Británica
Somoza
Sonora
Sonoyta
Sonsoral
Soria
Sper
Stalin
Stalingrado
Stálino
Stáritsa
Suabia
Subcarpacia
Subcontinente Indio
Sucre
Sudáfrica
Sudán
Sudán del Sur
Sudbury
Sudoeste de Inglaterra
Suecia
Suiza
Sujumi
Sumeria
Sur de California
Surinam
Súzdal
Sychovka
Tabaristán
Tabasco
Tadjoura
Tafalla
Tafilalet
Tagant
Tahití
Taifalia
Taik
Taimiria
Taipéi
Taiwán
Taklamakán
Talavera
Tamaulipas
Tanganica
Tánger
Tannu Tuvá
Tanújidas
Tapón del Darién
Tarancón
Tarapacá
Tarascón
Tarento
Tarifa
Tarragona
Tarso
Tartaria
Tartaristán
Tartéside
Tarudant
Tashkurgán
Taskent
Tasos
Tayikistán
Tebas
Tebas de Ftiótide
Tecklemburgo
Teherán
Telmiso
Tembulandia
Temiscira
Temno
Ténedos
Tenerife
Tenos
Téramo
Termeso
Terradillos
Terranova
Territorio Británico del Océano Índico
Territorio de la Capital Australiana
Territorio del Norte
Territorio del Océano Índico
Territorio Imperial de Alsacia y Lorena
Territorio Indio
Territorios del Noroeste
Teruel
Tesalia
Tespias
Tesprótida
Tetuán
Teutrania
Thiruvannamalai
Tiaret
Tiatira
Tiberíades
Tíbet
Tieo
Tierra
Tierra Amarilla
Tierra de Enderby
Tierra del Fuego
Tierra de O'Higgins
Tierra de Rupert
Tierra de San Martín
Tierra Indígena Alto Rio Negro
Tierras Altas de Escocia
Tierras Altas de Guayana
Tiflis
Tihama
Tijuana
Tijvin
Tilburgo
Timbu
Timeriovo
Timisoara
Timor Occidental
Timuridas
Tiro
Tirol
Tirupur
Titán
Titulcia
Tiumén
Tívoli
Tlacoachistlahuaca
Tlaxiaco
Tlemecén
Tmutarakáñ
Tocantins
Togolandia Occidental
Tokio
Toledo
Tolón
Toluca
Tombuctú
Tomelloso
Tong'ren
Tonquín
Tóricos
Toro
Torone
Torópets
Torre de David
Torre de Moncuervo
Torrente
Torres Nuevas
Torres Viejas
Torroella de Montgrí
Tortineo
Tortosa
Tortuga
Toscana
Toscana y Umbría
Tovjon
Tracesia
Tracia
Tracia Oriental
Trancoso
Transdanubia
Transilvania
Transjordania
Transjurania
Traquinia
Trastámara
Trebisonda
Trece Colonias
Trecén
Treinta y Tres
Trento
Tres Ligas
Tréveris
Treviño
Triacastela
Triángulo de Hala'ib
Triángulo de Ilemi
Triángulo de Kionga
Triángulo Dorado
Triángulo Polinésico
Triavna
Tríkala
Trincheras
Trinidad y Tobago
Triparadiso
Trípoli
Tróade
Trujillo
Tsarevokokshaysk
Tsaritsin
Tselinogrado
Tsjinvali
Tubajón
Tubinga
Tucumán
Tudmur
Túnez
Tunguska Occidental
Tunguska Oriental
Turdetania
Turena
Turia
Turín
Turingia
Turkmenbashi
Turkmenistán
Turquestán
Turquía
Tuxtla Gutiérrez
Tyne y Wear
Uadane
Uagadugú
Uarzazat
Ubierna
Ubijia
Ucayali
Uchda
Uclés
Ucrania
Ucrania Central
Udmurtia
Ufá
Uiguria
Ujtá
Ulán Bator
Uliánovsk
Ullestret
Úlster
Umbría
Uncastillo
Unión Africana
Unión Europea
Unión Soviética
Upsala
Uqeiribat
Urano
Uranópolis
Urgel
Urla
Ústiug
Ustiurt
Ústiuzhna
Ust-Zeisk
Utiel
Utrillas
Uvalde
Uzbekistán
Úzhgorod
Vado de las Vacas
Valaquia
Valdái
Valdeiglesias
Valdeón
Valdepeñas
Valencia
Valencia de Alcántara
Valencia de Campos
Valés
Valladolid
Valle de Aosta
Valle de Indo
Valle de la Muerte
Valle del Po
Valle del Torne
Valle de Neander
Valle de Río Grande
Vallespir
Valona
Valozin
Valparaíso
Valparaíso de Arriba
Valverde del Fresno
Varadino
Varmia y Masuria
Varsovia
Vasiugán
Vasto Desierto
Vaticano
Vélizh
Venecia
Véneto
Venezuela
Venta Silurum
Veracruz
Verdún
Véria
Verni
Versalles
Veruela
Vestrobotnia
Vestrogotia
Veyes
Viana del Alentejo
Viana del Castillo
Viazma
Víborg
Víchegda
Viena
Vientián
Vieques
Vietnam del Norte
Vietnam del Sur
Vilafranca
Vilcabamba
Villablino
Villacarlos
Villa del Espíritu Santo
Villafáfila
Villafranca del Bierzo
Villafranca de Xira
Villagarcía de Arosa
Villa Holguín
Villalba
Villalba de los Barros
Villalpando
Villanueva de Gaya
Villanueva de la Fuente
Villanueva de la Jara
Villanueva de Oscos
Villa Real
Villarejo de Salvanés
Villarrobledo
Villaviciosa
Villavieja
Villefranche sobre Saona
Vilna
Vimaranes
Vinaroz
Vínnytsia
Virginia
Virginia Occidental
Visegrado
Vítebsk
Vivero
Vladímir
Vodena
Voivodina
Volga
Volgogrado
Volinia
Vóljov
Volodímir
Volodímir-Volinski
Vólogda
Vorónezh
Voroshilovgrado
Vyshni Volochok
Wallmapu
Waziristán
Waziristán del Norte
Westfalia
Westsilvania
Wurzburgo
Xalisco
Yabal Shammar
Yacigia
Yakarta
Yamena
Yarabulus
Yaundé
Yeda
Yedisán
Yelimané
Yelnia
Yeniseisk
Yorkshire del Oeste
Yorkshire del Sur
Yorubalanda
Yoshkar-Olá
Yuba
Yucatán
Yuste
Yúzivka
Zacatecas
Zante
Zanyán
Zanzíbar
Zaporozhia
Zaravecchia
Zauiya
Zelanda
Zichia
Zimbabue
Zona de Alienación de Chernóbil
Zona de Fractura Mendocino
Zona del Canal de Panamá
Zulia
Zululandia
Zungaria
Zuni Pueblo
Zúrich
Zurvanismo
