Abadía
Abido
Abidos
Abisinia
Abiyán
Abjasia
Abruzos
Abuya
Acapulco
Acarnas
Acaya
Acra
Acrefias
Acrotiri
Acrotoos
Adelaida
Adén
Adigueya
Adís
Adramitio
Aeropuerto
Afar
Afganistán
África
Agadé
Agén
Ager
Agmat
Ágreda
Aguascalientes
Aguilar
Ainos
Aínsa
Airarat
Ajaltsije
Ajichatra
Ajtuba
Ajtúbinsk
Ak
Akmólinsk
Al
Alagón
al-Almuñécar
Alarcón
Alátyr
Álava
Alayor
Alba
Albacete
Albarracín
Albayácer
Alberique
Albox
Albuquerque
Alburquerque
Alcalá
Alcañiz
Alcántara
Alcaraz
Alcaudete
Alcázar
Alcazarquivir
Alcazobas
Alcobaza
Alcocer
Alcotén
Alcoy
Alcúdia
Aledo
Alejandreta
Alejandría
Alemania
Alenzón
Alepo
Alfa
Alfambra
Algarve
Alguer
Alhucemas
Aliaga
Alicante
Alicia
Aljaraque
Alma
Almatý
Almazán
Almendralejo
Almería
Almissa
Almodóvar
Almonaster
Alost
Alpes
Alpuente
Alsacia
Alta
Altenburgo
Alto
Altos
Amán
Amapala
Amara
Amazonas
Amberes
América
Ámfisa
Amiclas
Amniso
Amposta
Ampurdán
Ampurias
Ámsterdam
Anactorio
Anatolia
Anazarba
Ancara
Andalucía
Andiján
Andorra
Andría
Ándros
Anfípolis
Angloesfera
Anguila
Angulema
Anjou
Antandro
Antártida
Antedón
Antene
Antigua
Antioquia
Antioquía
Antofagasta
Anzoátegui
Apachería
Appenzell
Apulia
Aquilea
Aquisgrán
Aquitania
Arabia
Arabiso
Aracosia
Aragón
Aranda
Arbanon
Arbe
Arbinjan
Arcade
Archipiélago
Arcila
Arcos
Ardebil
Área
Areópago
Arequipa
Argel
Argelia
Argolide
Argos
Argovia
Arjánguelsk
Arjona
Arjyz
Arlés
Armagedón
Armañaco
Armenia
Armórica
Arnedo
Arrás
Arrecife
Arrigorriaga
Artemisio
Artémivsk
Artsaj
Arzamás-16
Asante
Ascalón
Asclepeion
Asdod
Ashmiany
Asia
Ásine
Asiria
Asís
Asiut
Asjabad
Aso
Asociación
Aspendo
Ástaco
Astaná
Astipalea
Astorga
Astracán
Astudillo
Asturias
Asuán
Asunción
Atacama
Atamania
Atarneo
Atenas
Ática
Atienza
Atirau
Atlacomulco
Atlántida
Atlas
Atolón
Atribis
Audagost
Augsburgo
Ausetania
Australia
Austria
Austría-Hungría
Auvernia
Auvernia-Ródano-Alpes
Avila
Avilés
Aviñón
Ayala
Aydin
Ayllón
Ayudazo
Azerbaiyán
Aznalcázar
Aznalcóllar
Azores
Babilonia
Bactriana
Bagdad
Bahamas
Baharia
Bahía
Baja
Bajchisarái
Bajmut
Bajo
Bajtegán
Bakú
Balaguer
Balajná
Baleares
Baljash
Bamiyán
Bampuro
Banco
Bancos
Bandas
Bangladés
Banjul
Bañolas
Baquba
Barán
Baránavichi
Barbastro
Barcelona
Barcelóna
Baréin
Bárgasa
Bargilia
Barnaúl
Barquisimeto
Barrancabermeja
Base
Bashkortostán
Basilea
Basilea-Campiña
Basilea-Ciudad
Basora
Bastetania
Bastoña
Batáisk
Batalla
Batrún
Baviera
Bayona
Bearne
Bechuanalandia
Beerseba
Behera
Béjar
Bektashi
Belchite
Belebéi
Belén
Bélgica
Belgrado
Belice
Bell-lloch
Belmopán
Belogorsk
Beluchistán
Benabarre
Benalmádena
Benarés
Benasque
Benavente
Bengala
Bengasi
Benín
Beocia
Berdiansk
Berdichev
Beregovo
Berga
Bérgamo
Berlanga
Berlín
Berna
Bernicia
Besanzón
Besarabia
Bexhill
Bhubaneshwar
Bhuj
Bielorrusia
Bienna
Biescas
Bigorra
Biriusa
Birmania
Biryand
Bitburgo
Bitinia
Bizancio
Bizerta
Blagovéshchensk
Blankenburgo
Bocas
Bodaibó
Bofutatsuana
Bogotá
Bohemia
Bolduque
Bolívar
Bolivia
Bóljov
Bolojovo
Boloña
Bolonia
Bonilla
Borau
Borgoña
Borisov
Borja
Borjas
Borovichí
Bósforo
Bosnia
Bosque
Botiea
Botsuana
Bougtoub
Braganza
Brandeburgo
Brasil
Braslaw
Brátslav
Brema
Bresanona
Breslavia
Bretaña
Brianzón
Brihuega
Bríndisi
Brisgovia
Brístol
Briviesca
Bronchales
Brujas
Brunéi
Brunico
Brunswick-Luneburgo
Bruselas
Bucarest
Búchach
Bucovina
Buenos
Buenpuerto
Búfalo
Bugía
Bugulmá
Buitrago
Bujará
Bujtarma
Bulgaria
Burdeos
Burgos
Buriatia
Burriana
Bután
Butrinto
Buyumbura
Caballeros
Cabanillas
Cabazón
Cabo
Cacabelos
Cáceres
Cachemira
Cadena
Cádiz
Cagayán
Cáhuil
Cairuán
Cajamarca
Calaceite
Calamocha
Calanda
Calatayud
Calatrava
Calcedón
Calcídica
Calcuta
Calestra
Calidón
Califato
Calisto
Calleacia
Calmuquia
Camarina
Camboya
Camerún
Camiguín
Canaán
Canadá
Canal
Canarias
Cancún
Canete
Canfranc
Cangas
Cañón
Cantañede
Cantillana
Cantón
Caonia
Capadocia
Caracas
Caracene
Caravaca
Carbajosa
Carballido
Carbón
Carcasona
Cardona
Cardonal
Carelia
Carelios
Carintia
Caristo
Carolina
Carpasia
Carpatia
Carpetania
Carrizozo
Carsoli
Cartagena
Cartago
Cártama
Cártel
Casas
Cascadas
Cascante
Casopa
Caspe
Cassubia
Castalla
Castanea
Castañeda
Castellciutat
Castellón
Castilla
Castilla–La
Castillnueve
Castillo
Castrillo
Castro
Castrojeriz
Castro-Urdiales
Cataluña
Catar
Cataratas
Catarmán
Cáucaso
Cayo
Cazembe
Cazorla
Cefalonia
Cefalú
Celenas
Celorico
Centro
Cerdaña
Cerdeña
Cerdeña-Piamonte
Cervelló
Cetiña
Ceuta
Cevenas
Chachapoyas
Chaco
Chahar
Champaña
Charente
Chechenia
Chelmno
Chequia
Cherburgo
Cherburgo-Octeville
Cheremjovo
Cherepovéts
Cherkisia
Chernóbil
Cherso
Chetumal
Chiapas
Chichén
Chihuahua
Chile
China
Chinchilla
Chipre
Chisináu
Chitá
Chúdovo
Chula
Chupanidia
Chuquisaca
Chuvasia
Cícico
Cícladas
Cieza
Cifanta
Cilene
Cima
Cinto
Cipsela
Circesio
Cirene
Cirréstica
Cisleitania
Citera
Citnos
Ciudad
Ciudadela
Ciudades
Cléveris
Clítor
Cnido
Cnosos
Coahuila
Coatzacoalcos
Coblenza
Coburgo
Coímbra
Coira
Colegio
Colimá
Colliure
Colombia
Colón
Colonia
Columbia
Comagene
Comana
Comanchería
Comares
Cominges
Comodoro
Comoras
Compaña
Compañía
Comuna
Conakri
Concilio
Condeja
Confederación
Constantina
Constantinopla
Constanza
Consuegra
Copenhague
Copiapó
Corasmia
Córcega
Cordillera
Córdoba
Corduena
Corea
Corfú
Coria
Coricos
Corinto
Cornualles
Coronea
Corriente
Cortegana
Costa
Costas
Costromá
Cotillas
Coto
Cotonú
Courtrai
Covaleda
Covasna
Covillán
Crac
Cracovia
Cranios
Cranón
Creta
Crimea
Cristopla
Croacia
Crotona
Cruesa
Ctesifonte
Cuart
Cuatro
Cuba
Cuellar
Cuenca
Cuerno
Cundinamarca
Cúneo
Curazao
Curlandia
Curzola
Dabo
Daguestán
Dajla
Dakota
Dalmacia
Damasco
Damieta
Damot
Danubio
Darieo
Darjan
Daroca
Dasaretia
Delfinado
Delfos
Delta
Demetríade
Dénia
Depalpur
Desierto
Deza
Didimótico
Diedorf
Diego
Dilinga
Dinamarca
Dinastía
Distrito
Divisoria
Dnipró
Dodecaneso
Dombás
Donetsk
Dórida
Dorsal
Dos
Drente
Dresde
Drogóbich
Duala
Dubái
Dublín
Dubrovytsia
Ducado
Dueñas
Duisburgo
Dujovshina
Dulce
Dunkerque
Durango
Dusambé
Dzhankói
Ecalia
Écija
Ecuador
Edesa
Édessa
Edimburgo
Éfeso
Egeo
Egio
Egipto
Ejea
Ejército
Ejmiatsín
Ekaterimburgo
El
Elatea
Elche
Eldorado
Élide
Elimia
Ellenburgo
Elsinor
Elvas
Emilia-Romaña
Emiratos
Emmerich
Encina
Enciñoso
Encusa
Enguels
Enoanda
Ensenada
Entenza
Entre
Eólida
Eordia
Epiro
Ereso
Ereván
Érfurt
Erill
Eritras
Ermúpoli
Errachidía
Esauira
Escalona
Escandinavia
Escania
Escepsis
Esciros
Escitia
Escocia
Escolas
Escondido
Escotusa
Escudo
Esima
Eslavonia
Eslovaquia
Eslovenia
Esmalcalda
Esmirna
Esna
Espacio
España
Esparta
Espartolo
Espinosa
Espira
Estación
Estado
Estados
Estambul
Estepa
Estinfalo
Estiria
Estocolmo
Estrasburgo
Estrecho
Estrigonia
Estrómboli
Eteocreta
Etiopía
Etolia
Eubea
Éufrates
Europa
Évora
Famagusta
Fanar
Fánote
Faro
Farsalo
Fasélide
Fayún
Fedayín
Federación
Felanich
Fénice
Fenicia
Fénix
Fenolleda
Ferganá
Ferrara
Ferrerías
Fezán
Figueras
Figuerón
Filadelfia
Filipinas
Filipos
Finisterre
Finlandia
Fionia
Fiordo
Fiordos
Flandes
Flesinga
Fliunte
Florencia
Florida
Focea
Fócida
Folégandros
Formosa
Fort
Francfort
Fráncfort
Francia
Franco
Franconia
Franja
Friburgo
Frigia
Frisia
Frisinga
Friul
Friul-Venecia
Ftiótide
Fuensalida
Fuentesaúco
Fuerte
Futa
Fuvammulah
Gabes
Gadamés
Galacia
Galcaio
Gales
Galia
Galicia
Galilea
Galípoli
Galitzia
Gante
Gasánidia
Gascuña
Gátchina
Gavrílov-Yam
General
Génova
Gerasa
Ghats
Ghulam
Gibraleón
Gijón
Gilán
Gilgit-Baltistán
Ginebra
Girona
Gitión
Glázov
Glogovia
Glubókaye
Golestán
Golfo
Gomorra
Goradnia
Gorcum
Gordio
Gorgán
Gotemburgo
Gotinga
Goveya
Gran
Granada
Granátula
Grande
Grandes
Grándola
Grañena
Graus
Gravelinas
Grecia
Gredos
Greutungia
Griqualandia
Groenlandia
Groninga
Grozni
Guadalajara
Guadalcanal
Guadalest
Guadamur
Guadiato
Guadix
Guamúchil
Guanajuato
Guantánamo
Guardia
Guareña
Guatemala
Guayana
Güeldres
Guerrero
Guijuelo
Guinea
Guinea-Bisáu
Guipúzcoa
Guisa
Guiumri
Guiza
Gulating
Guñelve
Gurrea
Guyarat
Hadramaut
Haida
Haití
Haliarto
Hamadán
Hamburgo
Hanói
Hanóver
Harrán
Hebrón
Hefestias
Heftalita
Hélade
Henao
Heraclea
Heraclión
Herāt
Hermandad
Hermanos
Herrera
Hervás
Hieto
Híjar
Hipata
Hirtacina
Hisias
Histiótide
Hita
Hiyaz
Hlújiv
Holanda
Honduras
Horda
Hornachos
Hostalrich
Huesca
Huéscar
Hungría
Ibadán
Ibiza
Idaña
Ierápetra
Iglesia
Igualada
Ilercavonia
Iliria
Ille
Illescas
Imamah
Imanato
Imericia
Imperio
Inca
India
Indianápolis
Indias
Inglaterra
Iniesta
Inmortales
Ioánina
Irán
Irlanda
Irún
Iruña
Isfahán
Isín
Isla
Islandia
Islas
Iso
Isquia
Istajr
Istmo
Italia
Ivángorod
Ivánovo
Izmaíl
Jabárovsk
Jaca
Jachmaz
Jacksonville
Jaén
Jafa
Jáibar
Jakasia
Jalisco
Jamar-Dabán
Jammu
Jan
Japón
Jaraíz
Járkov
Jartum
Jaskovo
Jastinápura
Játiva
Java
Javaquecia
Jazaria
Jemez
Jerez
Jeréz
Jericó
Jersón
Jerusalén
Jesi
Jima
Jimai
Jimena
Jiva
Johannesburgo
Jolm
Jolmogory
Jólof
Jonia
Jopior
Jorasán
Jordania
Jorramabad
Jorramchar
Jortytsia
Jotán
Jubalandia
Jujuy
Juliaipole
Júpiter
Juribga
Just
Jutlandia
Juyand
Juzestán
Kabadougu
Kabardia-Balkaria
Kabarismo
Kalávrita
Kaliningrado
Kanato
Kara
Karagandá
Karaismo
Karakalpakistán
Karakol
Karakórum
Karassubazar
Kárgopol
Kárpatos
Kasgar
Katmandú
Kazajistán
Kedar
Kémerovo
Kenia
Kermán
Khandiga
Kírensk
Kirguistán
Kírishi
Kírov
Kirsánov
Kiustendil
Kobriny
Kolomýia
Komotiní
Koporie
Kordofán
Kostanái
Közép-Magyarország
Kozlov
Krasni
Krasnokokshaysk
Krasnovodsk
Kremliov
Krivói
Kulikoró
Kumertáu
Kurdistán
Kurgán
Kutur-Ogly
Kyzyl-Su
La
Labort
Labytnangui
Lacio
Lago
Lagodeji
Lagos
Laguarres
Laguna
Lahej
Lahishyn
Lámpsaco
Lanzarote
Laodicea
Laón
Laponia
Lara
Laredo
Larisa
Lárisa
Lárnaca
Las
Lausana
Lavinio
Lebea
Lébedos
Lebrija
Leire
Leiría
Lemosín
Leninabad
León
Leontópolis
Leópolis
Lépiel
Lérida
Lerins
Letgalia
Letonia
Léucade
Levedia
Lezuza
Líbano
Liberia
Libia
Licando
Licia
Licosura
Licto
Lidia
Liébana
Lieja
Liga
Lilongüe
Lima
Limán
Limburgo
Limia
Limira
Limnea
Lincestis
Línea
Lípetsk
Lirneso
Lisboa
Lisimaquia
Litoral
Lituania
Liubim
Liubliana
Liúboml
Livonia
Llanura
Lleyn
Llivia
Lócrida
Locros
Lodz
Logóisk
Logroño
Loira
Lolandia
Lolé
Lombardía
Londres
Lorena
Lorestán
Loriñán
Lorri
Los
Loukomorié
Lovaina
Lovózero
Loxa
Luarca
Luca
Lucerna
Lugansk
Lugo
Luisiana
Luna
Luneburgo
Lusacia
Lusiñano
Lusitania
Luxemburgo
Lwiw
Maajir
Macao
Macarsca
Macasar
Macedonia
Machu
Madain
Mádito
Madrid
Maestrazgo
Magacela
Magallanes
Magdalena
Magdeburgo
Magnesia
Maguilov
Maguindánao
Maguncia
Mahón
Majachkalá
Majnovia
Malabarismo
Malabo
Málaga
Malasia
Malaui
Maldivas
Malea
Malí
Malinas
Mallorca
Managua
Manapia
Manbiŷ
Mancha
Mánchester
Manchuria
Mancicerta
Mango
Maniqueísmo
Manizales
Mansilla
Mantegas
Mantinea
Mánturovo
Manzanares
Mar
Maranges
Maratón
Marbella
Marburgo
Marcas
Marcianópolis
Mariandinia
Mari-El
Marina
Mármara
Maronea
Marraquech
Marruecos
Marsella
Marte
Martinica
Mascate
Mauricio
Mauritania
Mayorga
Mazandarán
Mazón
Meandro
Mecklemburgo
Mecklemburgo-Strelitz
Medellín
Médenine
Medina
Medinaceli
Mediodía-Pirineos
Mediterráneo
Megalòpolis
Mégara
Melide
Melita
Melitópol
Menfis
Menorca
Mequínez
Merano
Mercadal
Mercurio
Mérida
Mersenburgo
Mértola
Mesene
Mesenia
Meseta
Mesia
Mesina
Mesoamérica
Mesopotamia
Metaponto
Metimna
Metone
Metrópolis
México
Micenas
Míchigan
Michúrinsk
Miconos
Midelburgo
Midlands
Midnapore
Migdonia
Mikashévichy
Mikoláiv
Míkulov
Milán
Milasa
Mileto
Miletúpolis
Milo
Mineápolis
Mingrelia
Minorca
Mira
Miranda
Miriando
Mirina
Mirlea
mirmidones
Mírsino
Misia
Misiones
Misisipi
Misurata
Misuri
Mitilene
Moca
Mocimboa
Moda
Módena
Módica
Mogadiscio
Mogaduero
Moimenta
Mojave
Moldavia
Molosia
Mónaco
Monasterio
Moncada
Mondoñedo
Monferrato
Monforte
Mongolia
Monsó
Montaña
Montañas
Montánchez
Monte
Monteblanco
Montemor
Montepensero
Monterrey
Monterroso
Montes
Montesa
Montevideo
Montsegur
Monzón
Mora
Morán
Mordovia
Morella
Moscú
Mosela
Mosinópolis
Mota
Mozhaisk
Mtsjeta
Munébrega
Múnich
Municipio
Murcia
Murgantia
Múrmansk
Múrom
Murviedro
Nación
Naciones
Naipyidó
Nájera
Najicheván
Nankín
Nápoles
Naraván
Nasáu
Naumburgo
Naupacto
Nauplia
Navalmoral
Navarra
Nayarit
Nazaret
Nechd
Nectiberia
Néguev
Nemea
Neptuno
Neuquén
Nével
Nicaragua
Nicea
Nieves
Níger
Nilo
Nimega
Nimes
Nínive
Niu
Niza
Nizaríes
Nombre
Noreña
Normandía
Noroeste
Norte
Norte-Paso
Noruega
Nóvgorod
Nóvhorod-Síverski
Novhorodske
Novoslobódskaya
Novozíbkov
Nueva
Nuevo
Nuevocastillo
Nuhasse
Numancia
Núremberg
Nursultán
Oaxaca
Óblast
Ocaña
Oceanía
Océano
Ocrida
Odesa
Odomantia
Oldemburgo
Oleksandrivka
Oleros
Olimpia
Olimpo
Olinto
Olovo
Omán
Omdurmán
Oñate
Ondangua
Opolie
Oporto
Opunte
Orán
Orcadas
Orcómeno
Orden
Oregón
Oréjovo-Zúyevo
Oremburgo
Orén
Orense
Oréstide
Orgañá
Oriájovo
Orico
Orihuela
Orinoquía
Oriol
Orleans
Oromía
Ortegal
Osipenko
Osma
Osroena
Ostende
Ostrobotnia
Oudemburgo
Ourique
Oviedo
Oxinio
Oya
Ozurgueti
Padua
Paflagonia
Pafos
País
Países
Pakistán
Palaos
Palatinado
Paláuig
Palencia
Palene
Palermo
Palestina
Pallars
Palma
Pampas
Pamplona
Panamá
Panfilia
Pangasinán
Paniahue
Panonia
Panópolis
Pantano
Pantelaria
Papado
Papúa
Paramaribo
Paraná
Parinacota
París
Parnaso
Parque
Partia
Pasarón
Pásay
Paso
Pastunistán
Patacamaya
Patagonia
Patan
Patriarcado
Paulistania
Pavía
Pechenegos
Pedneliso
Pedrogón
Pekín
Pela
Pelasgiótide
Pelene
Peloponeso
Peñacoba
Peñaranda
Peñela
Península
Peñíscola
Pensilvania
Peonia
Pequeña
Pereira
Perelada
Pereyaslavl-Riazanski
Perinto
Perpiñán
Perrebia
Perú
Perú-Bolivia
Pésaro
Petchory
Petropávlovsk-Kamchatski
Piamonte
Picardía
Pico
Pidna
Pietermaritzburgo
Pikaliovo
Piñel
Pinerolo
Pionyang
Piratas
Pirineos
Pistiro
Pition
Pitópolis
Plasencia
Platea
Playa
Plutón
Podandos
Podlaquia
Podolia
Podporozhie
Polania
Polatsk
Polesia
Polígiros
Polinesia
Polirrenia
Polo
Polonia
Pomerania
Pomerelia
Pompeya
Pompeyópolis
Ponferrada
Pontevedra
Ponto
Pórjov
Port
Portillo
Pórtland
Porusea
Posnania
Potonchán
Pozo
Prades
Praga
Praso
Pravia
Presa
Presidente
Preslav
Pretoria
Priego
Proenza
Provadia
Provenza
Prusia
Przhievalsk
Pucallpa
Puebla
Pueblo
Puente
Puerta
Puerto
Puigcerdá
Pula
Punta
Puntlandia
Punyab
Púshkar
Putivl
Putumayo
Pytálovo
Qattara
Qazvín
Quermanzón
Queronea
Quersoneso
Quetzaltenango
Quindío
Quintana
Quintanar
Quíos
Quiretias
Rabinismo
Raj
Rajastán
Rajiv
Ramala
Ramnunte
Rangún
Raroña
Ratisbona
Ratzeburgo
Rauco
Rávena
Recia
Regencia
Región
Reikiavik
Reino
Renania
Renania-Palatinado
Reni
República
Requena
Resovia
Rétino
Retortillo
Reunión
Riad
Riano
Riazán
Ribadeo
Ribagorza
Ribatejo
Rímini
Rin
Río
Roa
Roca
Ródano
Rodas
Rodesia
Ródope
Roma
Romaña
Roncesvalles
Ronda
Rondonia
Roquetas
Rosas
Rosellón
Rostov
Rotemburgo
Róterdam
Rtíshchevo
Ruan
Ruanda
Rueda
Rumania
Rumelia
Rusia
Rutenia
Rýbinsk
Sabana
Sabinia
Saboya
Sácer​​​
Sacramenia
Sacramento
Sacro
Sagunto
Sáhara
Saigón
Saipán
Sajalín
Sajonia
Sajonia-Anhalt
Sajonia-Coburgo-Gotha
Sajonia-Meiningen
Sajonia-Weimar
Saksin
Salamanca
Salamíe
Salamina
Saldaña
Salejard
Salónica
Salta
Salvatierra
Salzburgo
Sámar
Samarcanda
Samaritanismo
Samnio
Samotracia
Samtsje
San
Sangmelima
Sanlúcar
Santa
Santander
Santarém
Santaver
Santiago
Santiagom
Santillana
Santiponce
Santo
Santoña
São
Sarátov
Sardes
Sardinia
Sariñena
Sarmatia
Sarov
Sarre
Sarrebruck
Sarreburgo
Sarvandikar
Satagidia
Saturno
Saurastra
Schauenburgo
Schwarzburgo
Sebasteia
Sebastián
Sebennitos
Sefrú
Segóbriga
Segorbe
Segovia
Seguezha
Seispila
Selandia
Selimbria
Selonia
Selva
Semnán
Señores
Seo
Sepúlveda
Serbia
Sermile
Sérpujov
Sésamo
Sesto
Sétimo
Seúl
Seutópolis
Sevastopolo
Sevilla
Shahrizor
Shanghái
Shauía
Shchuchyn
Shénkursk
Shirvan
Shogunato
Sicilia
Siderocastro
Sídney
Sierra
Siete
Sigmaringa
Signagi
Signo
Silandro
Silla
Silves
Simancas
Sinaí
Sinaloa
Singapur
Sinope
Sinyar
Sion
Siracusa
Siria
Sirio
Sirmia
Sirmio
Siros
Sistán
Skopie
Sobrarbe
Sociedad
Socorro
Sodoma
Sofene
Sofía
Sol
Soleura
Soligálich
Solsona
Somalia
Somalilandia
Somoza
Sonora
Sonoyta
Sonsoral
Soria
Sper
Stalin
Stalingrado
Stálino
Stáritsa
Suabia
Subcarpacia
Subcontinente
Sucre
Sudáfrica
Sudán
Sudbury
Sudoeste
Suecia
Suiza
Sujumi
Sumeria
Sur
Surinam
Súzdal
Sychovka
Tabaristán
Tabasco
Tadjoura
Tafalla
Tafilalet
Tagant
Tahití
Taifalia
Taik
Taimiria
Taipéi
Taiwán
Taklamakán
Talavera
Tamaulipas
Tanganica
Tánger
Tannu
Tanújidas
Tapón
Tarancón
Tarapacá
Tarascón
Tarento
Tarifa
Tarragona
Tarso
Tartaria
Tartaristán
Tartéside
Tarudant
Tashkurgán
Taskent
Tasos
Tayikistán
Tebas
Tecklemburgo
Teherán
Telmiso
Tembulandia
Temiscira
Temno
Ténedos
Tenerife
Tenos
Téramo
Termeso
Terradillos
Terranova
Territorio
Territorios
Teruel
Tesalia
Tespias
Tesprótida
Tetuán
Teutrania
Thiruvannamalai
Tiaret
Tiatira
Tiberíades
Tíbet
Tieo
Tierra
Tierras
Tiflis
Tihama
Tijuana
Tijvin
Tilburgo
Timbu
Timeriovo
Timisoara
Timor
Timuridas
Tiro
Tirol
Tirupur
Titán
Titulcia
Tiumén
Tívoli
Tlacoachistlahuaca
Tlaxiaco
Tlemecén
Tmutarakáñ
Tocantins
Togolandia
Tokio
Toledo
Tolón
Toluca
Tombuctú
Tomelloso
Tong'ren
Tonquín
Tóricos
Toro
Torone
Torópets
Torre
Torrente
Torres
Torroella
Tortineo
Tortosa
Tortuga
Toscana
Tovjon
Tracesia
Tracia
Trancoso
Transdanubia
Transilvania
Transjordania
Transjurania
Traquinia
Trastámara
Trebisonda
Trece
Trecén
Treinta
Trento
Tres
Tréveris
Treviño
Triacastela
Triángulo
Triavna
Tríkala
Trincheras
Trinidad
Triparadiso
Trípoli
Tróade
Trujillo
Tsarevokokshaysk
Tsaritsin
Tselinogrado
Tsjinvali
Tubajón
Tubinga
Tucumán
Tudmur
Túnez
Tunguska
Turdetania
Turena
Turia
Turín
Turingia
Turkmenbashi
Turkmenistán
Turquestán
Turquía
Tuxtla
Tyne
Uadane
Uagadugú
Uarzazat
Ubierna
Ubijia
Ucayali
Uchda
Uclés
Ucrania
Udmurtia
Ufá
Uiguria
Ujtá
Ulán
Uliánovsk
Ullestret
Úlster
Umbría
Uncastillo
Unión
Upsala
Uqeiribat
Urano
Uranópolis
Urgel
Urla
Ústiug
Ustiurt
Ústiuzhna
Ust-Zeisk
Utiel
Utrillas
Uvalde
Uzbekistán
Úzhgorod
Vado
Valaquia
Valdái
Valdeiglesias
Valdeón
Valdepeñas
Valencia
Valés
Valladolid
Valle
Vallespir
Valona
Valozin
Valparaíso
Valverde
Varadino
Varmia
Varsovia
Vasiugán
Vasto
Vaticano
Vélizh
Venecia
Véneto
Venezuela
Venta
Veracruz
Verdún
Véria
Verni
Versalles
Veruela
Vestrobotnia
Vestrogotia
Veyes
Viana
Viazma
Víborg
Víchegda
Viena
Vientián
Vieques
Vietnam
Vilafranca
Vilcabamba
Villa
Villablino
Villacarlos
Villafáfila
Villafranca
Villagarcía
Villalba
Villalpando
Villanueva
Villarejo
Villarrobledo
Villaviciosa
Villavieja
Villefranche
Vilna
Vimaranes
Vinaroz
Vínnytsia
Virginia
Visegrado
Vítebsk
Vivero
Vladímir
Vodena
Voivodina
Volga
Volgogrado
Volinia
Vóljov
Volodímir
Volodímir-Volinski
Vólogda
Vorónezh
Voroshilovgrado
Vyshni
Wallmapu
Waziristán
Westfalia
Westsilvania
Wurzburgo
Xalisco
Yabal
Yacigia
Yakarta
Yamena
Yarabulus
Yaundé
Yeda
Yedisán
Yelimané
Yelnia
Yeniseisk
Yorkshire
Yorubalanda
Yoshkar-Olá
Yuba
Yucatán
Yuste
Yúzivka
Zacatecas
Zante
Zanyán
Zanzíbar
Zaporozhia
Zaravecchia
Zauiya
Zelanda
Zichia
Zimbabue
Zona
Zulia
Zululandia
Zungaria
Zuni
Zúrich
Zurvanismo
