Aamino
Aamuun
Abshiro
Abyan
Afraxo
Amal
Amburo
Ammaan
Amran
Aniso
Aragsan
Ardo
Arliyo
Arraweello
Ashkiro
Asiili
Askaro
Asli
Astur
Axado
Ayaan
Baahila
Baahilo
Baar
Baarliin
Baaruud
Baciido
Bakaad
Balqisa
Bariido
Barkhado
Barni
Barrey
Barwaaqo
Basra
Basro
Batuulo
Baxsan
Bayddan
Baylaha
Beegsan
Beerlula
Beydaan
Beydan
Beyruud
Biciido
Bilan
Bilkhayr
Billaddaya
Bilqiis
Binti
Bishaaro
Biyood
Bogaad
Boosteeya
Boosteeyo
Bullo
Buney
Butaaca
Butaaco
Buuxa
Buuxo
Caagan
Caaisho
Caaliyah
Caanood
Cabban
Cabdiyo
Cadar
Caddey
Cadey
Cajabo
Calaso
Cambaro
Canab
Canbaro
Carfoon
Caroweelo
Carraabo
Carro
Cartama
Cartamo
Carwo
Casey
Cawilo
Cawo
Cawrala
Cawralo
Caynabo
Ceebla
Ceynabo
Cibaado
Ciido
Ciilla
Ciiltira
Ciribbuuxa
Cosob
Cubtan
Cudbi
Cuddoon
Cudoon
Cugan
Culan
Culimmo
Culimo
Cureeji
Cutiya
Cutiyo
Daado
Daaha
Daawad
Daggan
Dahaabo
Dahabo
Dalaayad
Dalaayo
Dalays
Dallaayad
Dallaayo
Dallays
Damac
Damman
Darmaan
Daruuro
Dawo
Dayaxo
Daynabo
Deeqa
Deeqo
Deggan
Degmo
Dhaayo
Dhalaala
dhalad
Dheeh
Dheeho
Dhiin
Dhiirran
Dhikilo
Dhikilo Dhimbilo
Dhinbilo
Dhoofa
Dhoofo
Dhool
Dhubado
Dhudhi
Dhudi
Dhuuban
Dhuubo
Dhuubo Dhuux
Dhuulo
Dhuux
Dhuuxo
Diiddan
Diimmoon
Diiran
Diraaco
Doonbiro
Duco
Duda
Duddo
Dugsiiya
Dugsoon
Dulman
Duniyo
Faadumo
Faaiso
Fahma
Falis
Falxado
Fanaxley
Farax
Fariido
Farxado
Farxiyo
Faynuus
Feynuus
Fiido
Filad
Filan
Filsan
Foojiga
Foos
Fowsio
Gaadsan
Gaarri
Gaarriyo
Gacal
Gacaliso
Gacalo
Gaceedo
Gadiido
Gallado
Gargaara
Gargaaro
Gaylamo
Geeddiyo
Geelo
Geenyo
Gefla
Geni
Gobaad
Gobey
Gordan
Gu
Guduudo
Guhaado
Guuleedo
Haajiro
Habban
Habboon
Haboon
Habsamaan
Hagarla
Haldhaa
Halgan
Hani
Haweeyo
Haweya
Heego
Hibaaq
Hibo
Hiddo
Hido
Hilaac
Hillaac
Hira
Hodan
Hodman
Hogol
Hoobaan
Hoodo
Hoombarro
Hufan
Huryo
Idil
Idilo
Idman
Ifrax
Iftiin
Iftin
Iido
Iimaan
Ikraan
Ilays
Ilkaag
Ilroon
Ilwaad
Ilwad
Indhadeeq
Indhawroon
Intisaar
Iqlaas
Iqra
Ishaaro
Isir
Ismahaan
Ismoog
Isniino
Istaahil
Istar
Istarliin
Jalaqsan
Jamaad
Jamiila
Jamilah
Jawaahir
Jeegaan
Jimco
Jinnow
Johorad
Johro
Joogdheer
Kaaba
Kaad
Kaadsoon
Kaafiya
Kaafiyo
Kaaha
Kaaho
Kafeeyo
Kaltuun
Karuur
Khaali
Khadiija
Khadiijo
Khadro
Khaladla
Khayrto
Kifaayo
Kiin
Kinsi
Koos
Korraad
Kutubey
Laaca
Ladan
Leexo
Leylo
Libaxo
Libin
Luul
Maandeeq
Maano
Maceey
Macey
Magool
Malabo
Markabo
Marwo
Maryan
Meelaaney
Melaaneey
Miido
Milgo
Miski
Mulaaxo
Mulki
Mullaaxo
Muraayo
Muriyo
Murriyo
Muslimo
Muumino
Muxubo
Naadiyo
Naado
Naciimo
Nadiifo
Nafiso
Nagaad
Nagaado
Nagan
Naqo
Naruuro
Nasteexo
Nawaal
Nimco
Nuuro
Nuurto
Ogaal
Oriyo
Qaafo
Qaayaweyn
Qaladla
Qaladlo
Qalanjo
Qamar
Qani
Qarad
Qoordheer
Qoran
Qorraxo
Quman
Qumman
Raagsan
Raaliyo
Raalliyo
Raaqiyo
Raaxo
Rako
Rakuubo
Raxiimo
Raxmo
Raydhabo
Rihana
Roobo
Roon
Rooxo
Rummaan
Ruqiyo
Ruun
Saado
Saafi
Saaqa
Sabaad
Sabtiyo
Sacdiya
Sacdiyo
Sada
Sagal
Sahwiyo
Salaado
Saluugla
Samawado
Samiira
Samiiro
Sareedo
Sareeya
Sarreeyo
Saruuro
Saxansaxo
Saxarla
Seynab
Seyruuq
Shaadiro
Shacni
Shahmaad
Shamado
Shamis
Shamso
Shankaroon
Shankarroon
Shaqlan
Shariifo
Sheegan
Shifo
Shoobo
Shukri
Shumeey
Shumey
Shuun
Sifaad
Siman
Sindiya
Siraad
Siteey
Sitey
Soohan
Sowda
Subax
Subeedo
Subkan
Sucaad
Sucdi
Suleekho
Sulubo
Sulugla
Sundus
Sureer
Suuban
Suubban
Taajiro
Tagsan
Taliso
Tanaad
Tawllan
Tigaad
Timiro
Tiriig
Tisqaad
Toolmoon
Toosan
Tooxey
Tusmo
Ubax
Ubbolacag
Udgoon
Ugaaso
Ugbaad
Ugbad
Ulasan
Umal
Umulkheyr
Wacan
Wanaag
Wardo
Warfog
Waris
Warl
Warla
Warmoog
Warroon
Warsan
Wiilo
Xaadsan
Xaali
Xabiibo
Xaddiyo
Xadiyo
Xaliimo
Xalwo
Xamaro
Xamdi
Xamso
Xanaan
Xareedo
Xiddo
Xidig
Xiisaan
Xinbilo
Xirsiyo
Xoriyo
Xorriyo
Xukun
Xulbado
Xurmo
Yaasmiin
Yaryaro
Yusur
Yuusa
Zaynab