Aada
Aallotar
Aamu
Aija
Aila
Aili
Aina
Aini
Ainikki
Aino
Aira
Airi
Aleksandra
Aliina
Aliisa
Alina
Alisa
Alli
Alma
Amalia
Amanda
Anelma
Anita
Anitta
Anja
Anna
Anna-Liisa
Anne
Annele
Anneli
Anni
Anniina
Annika
Annikki
Annina
Annukka
Anu
Arja
Armi
Asta
Auli
Aulikki
Aune
Aura
Aurora
Bertta
Eedit
Eelin
Eerika
Eerin
Eeva
Eevi
Eija
Eila
Eine
Eini
Eira
Elena
Eleonoora
Eliina
Eliisa
Eliisabet
Elina
Elisa
Elisabet
Ella
Ellen
Elli
Elma
Elsa
Elsi
Elvi
Elviira
Emilia
Emma
Emmi
Enni
Eriika
Erika
Erin
Erja
Essi
Ester
Esteri
Eveliina
Fanni
Fiona
Hanna
Hanne
Hannele
Heidi
Heini
Heleena
Helena
Heli
Helinä
Heljä
Helka
Hellä
Hellevi
Helli
Hellin
Helmi
Helmiina
Helvi
Hely
Henna
Henriikka
Hertta
Heta
Hilda
Hilja
Hilkka
Hilla
Hille
Hillevi
Hilma
Hilppa
Hulda
Iida
Iina
Iines
Iiris
Ilma
Ilmatar
Ilmi
Ilona
Ilta
Impi
Inari
Inka
Inkeri
Irene
Irina
Irja
Irma
Irmeli
Jaana
Jade
Janika
Janina
Janita
Janna
Jasmiina
Jasmin
Jemina
Jenna
Jenni
Jessika
Johanna
Jonna
Josefiina
Julia
Justiina
Jutta
Juulia
Kaarin
Kaarina
Kaija
Kaino
Kaisa
Kaisu
Kanerva
Karita
Karoliina
Kata
Katariina
Kati
Katja
Katri
Katriina
Kerttu
Kiia
Kiira
Kirsi
Kirsi-Marja
Kirsti
Kreeta
Krista
Kristiina
Kylli
Kyllikki
Lahja
Laila
Laimi
Laina
Laura
Lea
Leea
Leena
Leila
Lemmikki
Lemmitty
Lempi
Liina
Liisa
Liisi
Lilja
Lilli
Linda
Linnea
Lotta
Loviisa
Lumi
Lumikki
Lyydi
Lyydia
Lyyli
Lyyti
Maaret
Maaria
Maarit
Maija
Maiju
Maikki
Maila
Mailis
Maire
Margareeta
Margareetta
Mari
Maria
Marianne
Mariia
Mariitta
Marika
Marita
Maritta
Marja
Marja-Leena
Marja-Liisa
Marja-Terttu
Marjaana
Marjatta
Marjo
Marjukka
Marjut
Marketta
Marleena
Martta
Matilda
Matleena
Meeri
Meri
Merja
Mervi
Mette
Mielikki
Miia
Miina
Mikaela
Mila
Milja
Milka
Milla
Mimmi
Mimosa
Minea
Minja
Minna
Minttu
Mira
Mirja
Mirjam
Mirjami
Mirka
Mirva
Moona
Naemi
Naima
Naimi
Nana
Nea
Neea
Nelli
Netta
Niina
Nina
Noomi
Noora
Oili
Olga
Olivia
Onerva
Oona
Orvokki
Outi
Päivi
Päivikki
Päiviö
Paula
Pauliina
Peppi
Petra
Pihla
Piia
Pilvi
Pinja
Pirita
Piritta
Pirjo
Pirkko
Raakel
Raija
Raila
Raili
Raisa
Raita
Rauha
Rauna
Rauni
Rebekka
Reeta
Reetta
Reija
Riikka
Riina
Riitta
Ritva
Ronja
Roosa
Ruut
Saana
Saara
Säde
Saija
Saila
Saima
Saimi
Saini
Salla
Salli
Salme
Sanelma
Sanna
Sanni
Sara
Sari
Sarita
Satu
Seidi
Seija
Selja
Selma
Senja
Senni
Serafiina
Siiri
Silja
Sini
Sinikka
Sirkka
Sirkku
Sirpa
Sisko
Siviä
Sofia
Sohvi
Soila
Soile
Soili
Soilikki
Sointu
Sonja
Stiina
Suoma
Susanna
Suvi
Sylvi
Sylvia
Taija
Taimi
Taina
Talvikki
Tanja
Tarja
Taru
Tea
Teija
Tekla
Tellervo
Terhi
Terhikki
Terttu
Tiia
Tiina
Tilda
Titta
Toini
Tuija
Tuire
Tuovi
Tuula
Tuuli
Tuulia
Tuulikki
Tytti
Tyyne
Tyyni
Ulla
Unelma
Urpu
Valma
Valpuri
Vanamo
Vappu
Varpu
Veera
Vellamo
Venla
Verna
Vieno
Viivi
Vilhelmiina
Vilja
Viola
Virpi
Virva
Virve
Vuokko
Wilhelmiina