Aalto
Aaltonen
Aho
Ahola
Ahonen
Ahtisaari
Alatalo
Annala
Anttila
Anttonen
Aravirta
Arola
Asikainen
Eerola
Elo
Erkkilä
Eskola
Haapala
Haapalainen
Haavisto
Hakala
Häkämies
Hakkarainen
Häkkinen
Halonen
Hämäläinen
Hänninen
Hannula
Harju
Harjula
Härmälä
Hautala
Heikkilä
Heikkinen
Heino
Heinonen
Heiskanen
Helminen
Hemilä
Hietala
Hiltunen
Hirvonen
Honkala
Honkanen
Huhtala
Huttunen
Hyvärinen
Hyvönen
Ihalainen
Iivonen
Ikonen
Ilves
Immonen
Inha
Isometsä
Isotalo
Jaakkola
Jaakola
Janhunen
Jantunen
Järvelä
Järveläinen
Järvenpää
Järvi
Järvinen
Joensuu
Johansson
Jokela
Jokelainen
Jokinen
Joutsen
Juhola
Junnila
Junttila
Juntunen
Jussila
Juutilainen
Juvonen
Kaila
Kallio
Kanerva
Kangas
Kankkunen
Kapanen
Karhu
Kari
Karjalainen
Kärkkäinen
Karlsson
Karppinen
Karttunen
Karvonen
Kauko
Kauppi
Kauppila
Kauppinen
Kekkonen
Kemppainen
Keskitalo
Ketola
Kettunen
Kimmo
Kinnunen
Kivelä
Kivi
Kivimäki
Kivinen
Klemetti
Knuutila
Koivisto
Koivu
Koivula
Kokko
Kokkonen
Koponen
Korhonen
Korpela
Koskela
Koski
Koskinen
Kotilainen
Kotka
Kuisma
Kujala
Kukkonen
Kulmala
Kumpulainen
Kuoppala
Kuusela
Laakkonen
Laakso
Laaksonen
Lahti
Lahtinen
Laine
Laitinen
Lajunen
Lappalainen
Lappi
Lassila
Latvala
Laukkanen
Laurila
Lehti
Lehtinen
Lehto
Lehtola
Lehtonen
Leino
Leinonen
Leppälä
Leppänen
Leskinen
Liikanen
Lindholm
Lipponen
Litmanen
Luoma
Määttä
Mäenpää
Maijala
Mäkelä
Mäkeläinen
Mäki
Mäkilä
Mäkinen
Mäkitalo
Makkonen
Malinen
Mannerheim
Manninen
Mäntylä
Markkula
Marttila
Marttinen
Mattila
Maunu
Meri
Miettinen
Mikkola
Mikkonen
Moilanen
Mustonen
Myllylä
Nenonen
Nevalainen
Niemelä
Niemi
Nieminen
Niinistö
Nikkilä
Nikula
Niskala
Niskanen
Nurmi
Nurminen
Nykänen
Nyman
Oiva
Oivio
Ojala
Oksanen
Olli
Ollila
Paananen
Paasio
Paavola
Palander
Palo
Partanen
Parviainen
Pekkala
Pekkanen
Pekkarinen
Peltola
Peltonen
Pentti
Penttilä
Penttinen
Perttula
Pesonen
Pietarinen
Pietilä
Pihlaja
Pirhonen
Pitkänen
Pukki
Pulkkinen
Räisänen
Raita
Rajala
Ranta
Rantala
Rantanen
Räsänen
Rautiainen
Rautio
Rehn
Reijonen
Rekola
Repo
Rissanen
Ruotsalainen
Saarela
Saari
Saarinen
Salmela
Salmi
Salminen
Salo
Salonen
Savela
Savolainen
Selänne
Seppälä
Seppänen
Sibelius
Siimes
Sillanpää
Siltala
Simola
Simonen
Soini
Soininen
Somerkoski
Soro
Sundqvist
Suomalainen
Suomi
Suominen
Talo
Tammi
Tamminen
Tapio
Terho
Tikkanen
Timonen
Toivanen
Toivonen
Tuomaala
Tuomainen
Tuomela
Tuominen
Tuomioja
Tuomola
Turunen
Ukkonen
Uljas
Uosukainen
Uotila
Uusitalo
Vainio
Väisänen
Valtonen
Vanhatalo
Varis
Väyrynen
Venäläinen
Vennamo
Vepsäläinen
Vesa
Viinanen
Viitala
Viitanen
Villanen
Virolainen
Virta
Virtanen
Vuorela
Vuorinen
Waris
Wirtanen
Ylitalo
Yrjölä