Aarhusum
Abacanus
Aballava
Aballum
Abanus
Abascia
Abbatia
Abbatis
Abdiacum
Abellinum
Aberaerona
Abercornia
Aberdonensis
Aberdonia
Aberedum
Aberestuitha
Aberguengrogenna
Aberguesena
Aberogura
Abiete
Abila
Abindonia
Aboa
Aboba
Abretana
Abretaum
Abrincatia
Abrittum
Abritus
Abruttus
Abugia
Abulae
Abydus
Acanthus
Acapulcum
Acarnania
Accara
Acci
Accipitres
Acernum
Acerrae
Acervo
Achaea
Acharnae
Acheruntia
Achrida
Acilisene
Acitodunum
Acmonia
Acova
Acraephia
Acraephnium
Acroenus
Acropolis
Acroterium
Acrothoum
Acrumen
Acruvium
Actia
Acumincum
Acumum
Ad
Adada
Adana
Adanus
Adatha
Adelaidis
Adeleningus
Adiabene
Adiacium
Adladios
Adnamantia
Adora
Adraa
Adramytteum
Adramyttium
Adrassus
Adria
Aduatuca
Aecae
Aedava
Aegae
Aegea
Aegeae
Aegeta
Aegilium
Aegina
Aeginium
Aegium
Aegopolis
Aegra
Aegyptus
Aegyssus
Aela
Aelesburia
Aelia
Aelium
Aemethylla
Aemilia
Aeminium
Aemodae
Aemona
Aemonensis
Aenaria
Aenona
Aenus
Aeolia
Aequatoria
Aequum
Aere
Aerensis
Aerwilra
Aesernium
Aesis
Aesticampium
Aethiopia
Aetolia
Aezani
Affligemium
Afgania
Africa
Agatha
Agaunum
Agedincum
Ager
Aggerhusium
Agiasus
Agimontum
Aginensis
Aginnum
Agiria
Agranum
Agrapha
Agria
Agrigentum
Agrinium
Ahesparren
Ahlensis
Aila
Ailus
Ala
Alabanda
Alandia
Alandus
Alasca
Alasia
Alatyria
Alaudanum
Alauna
Alaunicastrum
Alaunicus
Alaunovicus
Alava
Alavana
Alaxium
Alba
Albamarla
Albania
Albanopolis
Albasitum
Albenate
Albensis
Albetum
Albia
Albicastrum
Albiga
Albingaunum
Albintimilium
Albium
Albocastrum
Albomonasterium
Albonna
Albopagus
Albucella
Albucium
Albulae
Alburgum
Albus
Alcantara
Alcantarensis
Alcimoennis
Alcmaria
Aldenardum
Aldenburgensis
Aleiracus
Alemannia
Alenconium
Aleria
Aletea
Alexandri
Alexandria
Alexandropolis
Alfelda
Algacula
Algarium
Algerium
Aliartia
Aliartus
Alicanas
Alienstenium
Alingavia
Alisca
Alisinensium
Alium
Alizia
Allantium
Allenstenium
Allifae
Allingiae
Almata
Almeloia
Almiyssium
Almopia
Alnovia
Alostum
Alpes
Alphonsinae
Alraium
Alsatia
Alta
Altaecumbaeum
Altaha
Altava
Altemburgae
Altenachium
Altenburgum
Altinum
Altum
Altus
Alustum
Alvianum
Amalphia
Amanus
Amasea
Amastris
Amausia
Amazones
Amazonum
Ambiacum
Ambracensis
Ambracia
Ambracus
Ambroniacum
Amedebatum
Ameria
America
Amestelledamme
Amestratus
Amida
Amiliavum
Amisus
Amiternum
Ammaia
Ammon
Ammonem
Ammonium
Amnicampus
Amnis
Amnisus
Amorium
Ampelum
Amphaxitis
Amphilochia
Amphipolis
Amphissa
Amplitium
Amstelodamum
Amuda
Amutria
Amyclae
Amyclium
Amygdalalis
Anabatha
Anabucis
Anacopia
Anactorium
Anagastum
Anagnia
Analeptria
Anapa
Anasartha
Anatha
Anavyssus
Anazarbus
Anbar
Anchialus
Ancona
Ancoraria
Ancus
Ancyra
Ancyronpolis
Andautonia
Andecavensis
Andecavis
Andecavorum
Andegavia
Andeliacum
Andemantunum
Andematunnum
Andenna
Anderba
Anderida
Anderpus
Andersida
Andex
Andovera
Andranum
Andreapolis
Andria
Andrichovia
Androna
Andropolis
Andrus
Andrusa
Anemurium
Anfa
Anfus
Angeliacum
Angelocastrum
Angelopolis
Angelorum
Angermannia
Anglia
Anglonum
Angola
Angolia
Angria
Anguillaria
Angulisamum
Angusia
Anhaltium
Anholtinum
Anicium
Anisia
Anisus
Annecium
Ansa
Ansibarium
Ansuinus
Ansula
Antandria
Antandrus
Anternacum
Anthana
Anthedum
Anthemucium
Antibarium
Anticaria
Antiochia
Antipatrea
Antipatreia
Antipatris
Antiphrae
Antipolis
Antipyrgus
Antiqua
Antiquis
Antium
Antrimensis
Antverpia
Aous
Apamea
Apenproa
Apex
Aphragula
Aphrodisias
Aphroditopolis
Apollonia
Apollonopolis
Apolonia
Apostolum
Apotheke
Appactarium
Appamiae
Apphana
Appoldro
Apremontium
Aprutium
Apsorrus
Apta
Apud
Apulia
Apulum
Aqua
Aquae
Aquama
Aquila
Aquilae
Aquileia
Aquincum
Aquinum
Aquisgranum
Aquitania
Arabia
Arabraces
Arabriga
Aracha
Aradinum
Arae
Aragonia
Arandis
Aras
Arausa
Arausio
Aravia
Aravorum
Arbae
Arbanum
Arbela
Arbigiadum
Arborea
Arca
Arcades
Arcadia
Arcadion
Arcadiopolis
Arcae
Arcansia
Arcensium
Archangelopolis
Archelais-Colonia
Arcidava
Arctopolis
Arcus
Ardachad
Ardara
Ardeiscus
Ardelica
Arderes
Areburgium
Arecipensis
Arelate
Aremorica
Arenetum
Arenosum
Arenta
Areopagus
Areopolis
Arescota
Arethousa
Argamum
Argana
Argaos
Argelia
Argenianus
Argenta
Argentanum
Argentaria
Argentea
Argentomagus
Argentomum
Argentoratum
Argentovaria
Argolis
Argos
Argovia
Arguelum
Argura
Argyrium
Argyrocastrum
Argyropolis
Argyruntum
Arhusium
Aria
Ariana
Ariconium
Arieldela
Arigaeum
Arimathea
Ariminum
Ariniacum
Ariolica
Arkesine
Arkhaiopolis
Armacha
Armagedōn
Armariacum
Armavirum
Armenia
Armeniacum
Armorica
Arnadium
Arnetium
Arnhemium
Arnsburgum
Arnstanacum
Arnus
Arolaunum
Arosia
Arra
Arrabona
Arretium
Arriaca
Arrugium
Arsamassium
Arsamosata
Arsemia
Arsinoe
Arsinoë
Arta
Artace
Artacoana
Artemisium
Arucci
Arunda
Aruntina
Arupinum
Arutela
Arva
Arvernia
Arvoniensis
Arvus
Arx
Arzes
Asa
Asamati
Ascalingium
Ascalon
Ascania
Ascaria
Ascedalium
Aschaffenburgum
Ascianum
Asciburgium
Asclepius
Asculum
Ascumbas
Ascvilare
Asgabat
Asia
Asido
Asidonia
Asir
Asisium
Asloa
Asosa
Aspendus
Aspona
Assaburgum
Assaria
Assassini
Asseculi
Assegonia
Asseminis
Asserculis
Asseria
Assindia
Assumptio
Assus
Assyria
Astacus
Astibus
Astrachanum
Asturiae
Asturica
Astypalaea
Atalanta
Atarneus
Aternum
Ateste
Athenae
Athenria
Athribis
Athum
Atissa
Atlas
Atlona
Atrebates
Atropatene
Attalea
Attar
Attica
Attiniacum
Attuda
Atura
Aucopolis
Audeniaco
Audreni
Aufidena
Augandia
Augila
Augusta
Augustobona
Augustodunum
Augustodurum
Augustomagus
Augustonemetum
Augustoritum
Aulona
Auraiola
Aurana
Auranitis
Auraria
Aurata
Auratum
Aureatum
Aureliacum
Aurelianum
Aurelium
Aurensis
Aurgi
Auriacum
Aurimontium
Ausa
Ausciorum
Ausculum
Ausentum
Ausona
Austinopolis
Austoburgum
Australia
Austria
Ausugum
Autenia
Autesiodorum
Autessiodurum
Autololiensis
Autricum
Auvae
Auximum
Auzia
Avalites
Avaricum
Avaris
Avarua
Avenio
Avennio
Aventicum
Aventinum
Aversae
Avezanum
Aviarium
Aviasca
Avilianum
Avisnae
Avnedonnacum
Avonia
Avrincae
Axiana
Axiopolis
Aydonum
Ayrus
Azania
Azotona
Azotus
Azurus
Babilona
Bableni
Babylon
Babylonia
Bacanarium
Baccasara
Bacema
Bachmutum
Baciacum
Bacovia
Bactra
Bactria
Bactriana
Bacua
Badachsania
Badaiocium
Badecavilla
Badias
Badonis
Baelo
Baeterrae
Baeterrensis
Baetica
Baetula
Bagacum
Bagae
Bagaria
Bagdatum
Bageis
Bagistane
Bagnacaballum
Bagrada
Bahamanae
Baharina
Bahusia
Baias
Baiocae
Baiocassium
Baiona
Bala
Balachna
Balaclava
Balagium
Balagrae
Balanaea
Balatimora
Baldacum
Balearica
Balgentiacum
Ballaum
Balneae
Balnearius
Balneolum
Balneum
Balsa
Baltifordensis
Baltifordia
Baltimora
Bamberga
Bambyce
Banatus
Bancocum
Baneacaballum
Bangertium
Bangladesia
Banialuca
Banisburgus
Bannovallum
Banolium
Bapalma
Baquatia
Barbalissos
Barbalissus
Barbaranum
Barbare
Barbaricum
Barbaropolis
Barbatus
Barbium
Barca
Barcala
Barcino
Bardenuvicum
Bardum
Baretium
Bargasa
Baria
Baris
Barium
Barnastapula
Barnaulia
Barquisimetum
Barra
Barrum
Bartpha
Barulum
Baruthum
Basarabia
Baschkiria
Basienis
Basilia
Bassanum
Bassianae
Bassianus
Bassolacus
Bassora
Bastetania
Basti
Bastida
Bastilicaceam
Bastonacum
Bata
Batavia
Batavinum
Bathys
Batihah
Batnae
Battualia
Bausanium
Bauzanum
Bavaria
Bavingus
Bax
Beatia
Bechey
Beda
Bedburgum
Bedfordia
Bedfordiensis
Beiensis
Beina
Beira
Belena
Belenus
Belfastum
Belfortium
Belgica
Belgium
Belgradum
Beliandrum
Beligio
Beligosta
Belismum
Beliza
Bella
Bellacum
Bellavalles
Bellicadrum
Bellicastrum
Bellicium
Bellinum
Bellomansum
Bellomontium
Bellonia
Bello-Pratellum
Bellovacum
Bellum
Bellunum
Bellus
Belmopanum
Belna
Belogradum
Benabante
Bendosabora
Benearnum
Beneharnum
Beneventum
Benevivere
Bengala
Bengalia
Bengalurus
Beninum
Benthemium
Bentivolium
Berceorium
Berceria
Berecingum
Berenice
Berga
Bergae
Bergame
Bergensis
Bergidum
Bergomum
Bergula
Bergum
Berisiacum
Berkeleia
Berlad
Berna
Bernardinopolis
Bernburgum
Berneria
Bernicia
Beroea
Berolinum
Berytus
Berzovia
Bescanova
Beselatha
Besenzatum
Bessenova
Bethelia
Bethleem
Bethunia
Bethzabde
Bezereos
Bialogroda
Biarmia
Bibianum
Biclara
Bielhemium
Bieschezia
Bigorra
Bihacium
Bihāra
Biharia
Bilbaum
Bilbeis
Bilbilis
Bilbonium
Bilibium
Bilitio
Bilivelda
Binchium
Bingium
Binstum
Bipontium
Biriussa
Birmania
Birminghamia
Birontium
Birtha
Birziminium
Bisanthe
Biscaia
Bismarcopolis
Bistua
Bisuldunum
Bithomia
Bithynia
Bithynium
Bitom
Biturigia
Biturigum
Bizye
Blaesum
Blahonium
Blanca
Blancoberga
Blanconis
Blanda
Blandiana
Blaonium
Blata
Blatobulgium
Blatomago
Blaundus
Blavia
Blekingia
Blesae
Blonium
Bloomingtonia
Bobium
Bobruisca
Bocconis
Bochara
Bociacum
Bocsa
Bodaibo
Bodamina
Boebeis
Bogota
Boguslavia
Bohemia
Bohemica
Bohusia
Boiodurum
Boiohaemum
Bolbitinum
Boleslavia
Bolivia
Bolsoverum
Bolsverda
Boltania
Boltonia
Bombainum
Bona
Bonae
Bondenum
Bonifatium
Bonna
Bononia
Bonus
Borbetomagus
Borchlonium
Borga
Borgoa
Boriana
Boringia
Borisovia
Borneum
Borsodia
Borussia
Borysopolis
Borysthenes
Bosnensis
Bosnia
Bosona
Bosporus
Bostonia
Bostra
Botnia
Botrus
Botsuana
Bottiaea
Bousiris
Boutae
Boves
Bovianum
Boviniacum
Bovinum
Brabantia
Bracara
Braclavia
Braco
Brageriacum
Brahestadium
Branceduni
Brandenburgum
Branecium
Branscum
Brasilia
Braslavia
Bratananium
Bratislavia
Brattica
Bravoniacum
Bravonium
Brazzapolis
Brecizlavia
Breconiensis
Breda
Bredlintona
Bregantia
Brema
Bremensis
Bremesburgus
Bremetennacum
Bremia
Brenodunum
Breonna
Brescoa
Bressicia
Brestia
Brestum
Bretia
Breucus
Breviodurum
Bricantia
Bricciacum
Briegia
Briendacum
Briga
Brigantia
Brigantium
Brigetio
Brigia
Brigicum
Briovera
Brisgovia
Brisiacus
Bristolium
Bristona
Britannia
Britiniacum
Brittoialum
Brittonorium
Brium
Brivas
Brixellum
Brixia
Brixino
Brocavum
Broenisis
Brolum
Brombergum
Bruchalium
Bruciam
Brucla
Brucosalla
Bructeria
Bruga
Brugae
Bruna
Brundisium
Bruneium
Brunonis
Brunoviensis
Brunsvicensis-Luneburgensis
Brunsvicum
Brutina
Bruttium
Bruxellae
Buarfa
Bubastis
Bubastos
Bucaresta
Buccensis
Bucellarium
Bucetum
Buckinghamia
Buckinghamiensis
Bucovina
Buda
Budapestinum
Budatium
Budimlia
Budissa
Budnus
Budua
Bufalum
Buffestra
Bugella
Buhaira
Bulgaria
Bullionium
Bunnavia
Bura
Burbida
Burcas
Burcavia
Burdigala
Burellum
Burenium
Burgi
Burgodonum
Burgundia
Burgus
Buriatia
Burlingtonia
Burnamia
Burrium
Burtona
Burundia
Burvonensis
Burvum
Busca
Butania
Butella
Buthrotum
Buthua
Butulum
Butuntum
Buxetum
Byblus
Bydgostia
Bystricia
Byvera
Byzantium
Cabala
Cabarcus
Cabellio
Cabillonum
Cabliacum
Cabura
Caburia
Cachetia
Cacluma
Cadomum
Cadrella
Cadurcorum
Cadurcum
Caduscia
Caelanum
Caene
Caere
Caesar
Caesaraugusta
Caesarea
Caesares
Caesarina
Caesaris
Caesarobriga
Caesarodunum
Caesaromagus
Caesena
Caesenaticum
Caetinum
Caetobriga
Caianeburgum
Caieta
Cainepolis
Caio
Caiodunum
Cairus
Cala
Calabryta
Calacte
Calagurris
Calama
Calamata
Calamita
Calamotta
Calarasi
Calasium
Calata
Calatafinum
Calatavuturum
Calathusa
Calatia
Calciatae
Calcutta
Cale
Caledonia
Caletum
Calewa
California
Calindoae
Calisia
Calisiensis
Callatis
Callestra
Callicum
Callinicum
Callipolis
Callis
Callium
Callona
Callone
Calmaria
Calmatensis
Calmis
Calmontem
Calmontium
Calmuccia
Calotia
Calpa
Calpe
Caluca
Caluga
Calva
Calviniacum
Calvium
Calvius
Calvus
Calybia
Camachus
Camalet
Camarata
Camarilis
Camarina
Camarota
Camberiacum
Camberra
Cambicae
Cambodunum
Camboricum
Cambosia
Cambria
Camenecium
Camentia
Camera
Cameracesii
Cameracum
Camerinum
Cameritum
Cameronia
Camilliacum
Camina
Camma
Cammona
Camonia
Campania
Campi
Campia
Campifons
Campillia
Campitemplum
Campus
Camtschatca
Camulodunum
Canabea
Canada
Canaria
Candaharia
Candia
Canefrum
Canellae
Canicopolis
Canicopolisensis
Canigonis
Canina
Canopus
Canos
Canovium
Cantabria
Cantabrigia
Cantabrigiensis
Canthianum
Canthulimitem
Cantiliacum
Cantium
Cantonia
Cantonieti
Cantuaria
Canua
Canum
Canusia
Canusium
Caonia
Capannilla
Capannore
Capedunum
Capernaum
Caposvarinum
Cappadocia
Cappenbergensis
Caprae
Caprosia
Caprulae
Capsa
Capua
Caput
Cara
Caracae
Caracotinum
Caraczevium
Caraillatum
Caralis
Caralium
Carambis
Carantonus
Carasura
Carbalea
Carbona
Carbonia
Carbula
Carcaso
Carcasum
Carcuvium
Cardiffa
Cardilio
Carduelinum
Carelia
Carentomus
Carentonium
Carentonus
Cares
Caresene
Cargapolis
Cari
Caria
Cariaca
Caricta
Carinthia
Carissa
Caritaina
Caritatis
Carliolum
Carlopolis
Carlotta
Carmana
Carmania
Carmo
Carnalis
Carnatica
Carnium
Carnuntum
Carnutetia
Carnutum
Carolenum
Caroli
Carolina
Carolopolis
Caroloregium
Carolostadium
Carolsruha
Carpasia
Carpathia
Carpathus
Carpentorate
Carpium
Carraria
Carrea
Carrelinares
Carrhae
Carribuxus
Carsanna
Carsioli
Carsium
Carsolum
Carsonia
Carsulae
Cartago
Cartalinia
Carteia
Cartenna
Cartennae
Carthaginensis
Carthago
Cartima
Cartusia
Carusus
Carystus
Caryttus
Casale
Casalis
Casella
Casinomagus
Caspingium
Caspira
Casplia
Cassandreia
Cassanum
Cassaran
Cassaria
Cassenius
Cassiacus
Cassinum
Cassope
Cassovia
Cassubia
Castalias
Castalum
Castanaea
Castellae
Castellanetum
Castellarum
Castellengum
Castelli
Castellionum
Castellitum
Castellitus
Castellium
Castelluclum
Castellulum
Castellum
Castelnovum
Castillonum
Castiniacum
Castoria
Castra
Castracis
Castrilocus
Castro
Castrodunum
Castrolinum
Castronovum
Castrovicus
Castrum
Castulo
Catabathmus
Catacium
Catalaunia
Catalaunum
Catalonia
Catana
Cataracta
Cataracti
Cataractonium
Catcuiliacum
Catculliacum
Catera
Caterlogum
Catguilia
Cathanesiensis
Catharinoburgum
Catharinodaria
Catharinoslavia
Catina
Catmandum
Cattimelibocus
Catualium
Caucasia
Caucia
Caucoliberi
Cauletum
Caulita
Cauna
Caunus
Caurium
Causennae
Cavanum
Cavea
Cavum
Ceara
Ceba
Cechia
Cechiana
Cedynia
Celaenae
Celegerorum
Celeia
Celetrium
Celiabinsca
Cella
Cellensis
Cellia
Cellis
Cellumabrath
Cemenelum
Cempsibriga
Cenabum
Cenadiensis
Cenadium
Cenauco
Ceneta
Cennacum
Cenomanensis
Cenomannica
Cenomannis
Cenomanum
Centrellam
Centum
Centumcellae
Centuripae
Cepha
Cephallenia
Cephaloedium
Cerasus
Cercinitis
Cerentium
Cerepum
Ceret
Ceretania
Ceretica
Cereticensis
Ceretum
Cerinthus
Cerisiacum
Cernovicium
Cersus
Certaltus
Certissia
Cervaria
Cervene
Cervia
Cestrensis
Cetama
Cetina
Cetium
Cetteringia
Ceuclum
Chachapoias
Chaeronea
Chalandritsa
Chalcedon
Chalcidice
Chalcis
Chaldaea
Chanaān
Characa
Characis
Characmoba
Charcovia
Charistalius
Charmutha
Charpete
Charsianum
Charudesia
Charvis
Chellous
Chelma
Chemnicium
Chercus
Chersonesi
Chersonesus
Chersonium
Chiamsua
Chiapae
Chilia
Chilinova
Chilmoria
Chimacum
Chimaera
Chimmero
Chinevilla
Chiniacum
Chinonium
Chirgisia
Chisinovia
Chius
Chmielnicius
Chonae
Choper
Chorasmia
Chorsa
Chosomachon
Chosomachum
Chozanon
Christiani
Christiania
Christinea
Christopolis
Chrudima
Chrysondion
Chrysopolis
Chullu
Chungkina
Cibinium
Cibyra
Cibyrrhaeot
Cicia
Cicucium
Cidium
Cigi
Cilicia
Ciliomenus
Cillium
Cim
Cimbria
Cimbrorum
Cimmericum
Cineraceum
Cingulum
Cinna
Cintra
Circassia
Circassium
Circeii
Circesium
Circulus
Ciricestria
Cirta
Cis
Cisamus
Cissi
Cissur
Cistercium
Cisterna
Citharizum
Citsavis
Civitas
Civitatula
Civitella
Clagenfurtum
Clamiciacus
Clara
Clarensis
Clarentia
Clarofons
Clarus
Clastidium
Claudiopolis
Claudioseleucia
Clausentum
Clauso
Clausura
Clavarum
Clavenna
Clavis
Clazomenae
Cleidas
Cleitor
Cleonae
Cleuna
Clevelandia
Clevora
Clicciacum
Clisium
Clissonium
Clive
Clivis
Clocotnitum
Clodava
Clodia
Clona
Cloppenburgum
Cluanum
Clunia
Cluniacum
Clupea
Clusa
Clusentinus
Clusium
Clysma
Clytheroe
Cnidus
Cnossus
Coburgum
Cocceianum
Cochemium
Coele
Coelernos
Coenubium
Cohors
Cohortes
Cohortina
Coila
Colancorum
Colandia
Coldredum
Colenda
Coliniacum
Collegium
Collicuthia
Collipo
Collis
Colmaria
Colmogora
Colomea
Colonae
Colonia
Coloratum
Colornium
Colossae
Columbarium
Columberium
Columbia
Columbria
Columbum
Columna
Colunium
Colvansa
Colyma
Comana
Combretovium
Comburnium
Comitanasso
Commeniae
Comotena
Compascuum
Compendium
Compitensis
Complutum
Compolus
Compostella
Compsa
Comptonia
Comum
Concangis
Concordia
Condaeum
Condate
Condatomagus
Condevincum
Condomium
Condopoga
Confluentes
Confluentia
Confoederatio
Confolentis
Conimbriga
Conitsa
Conna
Connacia
Connecticuta
Conovium
Consabura
Consentia
Consilinum
Constantia
Constantina
Constantinopolis
Constantiola
Consuanetae
Contra
Copingi
Coporium
Copparium
Copriunisa
Coptos
Coptus
Cora
Coracesium
Coralla
Corbeia
Corcagia
Corcura
Corcyra
Corda
Corduba
Cordubensis
Corduene
Corduenensis
Coreae
Corela
Corfinium
Coria
Coriallum
Corinium
Corinthia
Corinthus
Coriondia
Coriosopitum
Coriovallum
Cormonum
Cornacum
Cornetum
Cornicata
Corniclanum
Cornovia
Cornovii
Cornovius
Cornubia
Cornum
Cornus
Corobolium
Corocotinum
Corona
Corone
Coronea
Corrigium
Corsica
Corsicae
Corsinianum
Corsunia
Corticata
Cortina
Cortona
Cortoriacum
Corum
Corycus
Cos
Coscini
Coselscum
Cosfeldia
Coslinum
Cosmopolis
Cossatum
Cossyra
Costarica
Costroma
Cotbusium
Cotoniola
Cotyaeum
Cotyura
Covaleta
Covasna
Coventria
Covordia
Cracovia
Crailsheimum
Craiova
Cranii
Cranon
Crapina
Crasna
Crasnodaria
Crasnoiarium
Crassa
Crasus
Cratherium
Cratum
Crebannum
Creciacum
Credilium
Credonem
Cremenecia
Cremifanum
Cremisa
Cremna
Cremnicia
Cremona
Cremsirium
Crepicordium
Crepsa
Creta
Crevacorium
Cridia
Cridus
Crimaea
Crisenaria
Crisium
Crisola
Crispiacum
Croatia
Crocodilopolis
Croia
Crosa
Crossaea
Crosum
Crotona
Croydonia
Cruciculas
Cruciniacum
Cruciniacus
Crumerum
Crumlovia
Crusovus
Crux
Cryptalium
Ctesiphon
Cuala
Cubania
Cuccium
Cuculia
Cucusus
Cuiavia
Cuicul
Cuisiriaco
Cula
Cularo
Culmen
Cululis
Cumaculum
Cumae
Cumania
Cumbria
Cumidava
Cunavia
Cundiaca
Cunecis
Cunetio
Cuneum
Cupersanum
Cupertinum
Cuppae
Curacium
Curdistania
Cures
Curia
Curicta
Curicum
Curlaeum
Curlandia
Curonia
Currales
Curta
Curtis
Cusae
Cusnezia
Custodia
Cusum
Cuticiacum
Cutrum
Cuvaitum
Cyaneae
Cybistra
Cydamus
Cydonia
Cygnea
Cyllene
Cyme
Cynopolis
Cynthus
Cyphanta
Cyprus
Cypsela
Cyrenaica
Cyrene
Cyrenia
Cyretiae
Cyriacopolis
Cyropolis
Cyrrhe
Cyrrhus
Cythera
Cythnos
Cythonium
Cyzicus
Cyzistra
Czanstochova
Czernihovia
Czernobela
Dabana
Dachanum
Dacia
Dacor
Dacota
Daghestania
Dagisburgum
Dagnum
Dalassa
Dalia
Dallasium
Dalmasium
Dalmatia
Damascus
Dambadenia
Dammum
Damnonia
Danaper
Danapris
Danaprispetrovum
Dania
Dannenbergense
Dantiscum
Danubius
Danum
Daorsum
Darantasia
Darcush
Darieium
Darinia
Darioritum
Darmstadium
Darniacum
Darnis
Dascylium
Dasena
Dasmenda
Dassaretia
Datum
Daugensis
Dausara
Davaiacus
Daventria
Dazimum
Deabolis
Deborus
Debrecinum
Deceanglia
Decetia
Decetium
Deir
Delavaria
Delemontem
Delgovicia
Delisboa
Dellium
Delmenhorstium
Delminium
Delphi
Delphini
Delta
Deltuvia
Delus
Demetia
Demitriovia
Denbighia
Denocestria
Denverium
Deppae
Derbentum
Dernisium
Derria
Dertmuta
Dertona
Dertosa
Dertusa
Derventiensis
Derventio
Desertina
Desertum
Desnicum
Dessavia
Dessobriga
Destinicium
Detmolda
Deudanus
Deultum
Deva
Devonia
Dextralis
Diablintum
Diacovium
Diadora
Diampolis
Dianium
Dibon
Dicasmutha
Dictum
Didacopolis
Dieppa
Dierna
Diernensis
Dilinga
Dimmidi
Din
Dinbichum
Dinevurus
Dinia
Dinnanum
Dinogetia
Dioclea
Diocletianopolis
Dionantium
Dionisias
Dioscurias
Diospolis
Diostiensis
Dipo
Diruta
Dissenum
Ditmarcia
Diuguntorum
Dium
Divicontium
Divinium
Divio
Divisae
Divitia
Divodurum
Divona
Dobsinium
Doccum
Docimeum
Docimium
Dodecanesus
Dodona
Dola
Dolia
Doliche
Dolor
Dolum
Domavia
Dombrovica
Domesvicus
Dommus
Domparium
Donawerda
Doneschinga
Dongia
Donnifrontis
Donziacum
Dorcestria
Dordracum
Dorestadum
Dorista
Dorohobusum
Dorus
Dorylaeum
Dovarnena
Draitum
Dreia
Drenthia
Drepanum
Dresda
Drinus
Drivastum
Drobeta
Drobetae
Drocae
Drogeda
Drosia
Drurobrivis
Duacum
Dubicza
Dublinum
Dubris
Dudeleius
Duichinga
Duina
Duisburgum
Dulecum
Dumatha
Dumnonia
Dumnum
Duneburgum
Dunelmum
Dunensis
Dungalia
Dunkeranum
Dunquerca
Dunum
Duos
Durachium
Durangum
Durbanum
Durbetum
Durnomagus
Durnovaria
Durobrivae
Durocassium
Durocobrivae
Durocortorum
Duroliponte
Durostorum
Durotincum
Durovernum
Durovigutum
Dusseldorpium
Dymae
Dyrrachium
Eberstenium
Eblana
Ebora
Eboracum
Ebroicum
Ebrudunum
Ebudae
Ebudes
Eburiacum
Eburo
Eburobritium
Eburobrittium
Eburodunum
Eburum
Ebusia
Ebusus
Ecbatana
Ecclesia
Ecclesiae
Eckesioea
Edel
Edessa
Edimburgum
Edinga
Edmontium
Edmundopolis
Eferdinga
Egelasta
Egelesta
Egerszegium
Eggenburgus
Egidiopolis
Egitanea
Egmontium
Egra
Eistettum
Elalia
Elarona
Elasson
Elatea
Elberfeldia
Elbinga
Elbocoris
Elburgum
Eldana
Eleusina
Eleutherna
Eleutheropolis
Elia
Elimium
Eliocroca
Eliossana
Elis
Elisabethopolis
Ellerina
Ellwanga
Elos
Elsinora
Elusa
Elusd
Elusiatum
Emanensis
Embolus
Embricensis
Emda
Emerita
Emesa
Emiratus
Emona
Emotha
Emporiae
Emporitanum
Emporium
Enchalum
Enchusia
Encopia
Endhovia
Engolisma
Ennarea
Enscheda
Eocratea
Eordaea
Eordea
Eovesum
Eowia
Ephesus
Ephthalitae
Epidamnus
Epidaurum
Epidaurus
Epidion
Epiphania
Epirus
Episcopensis
Eporedia
Eppianum
Epternacus
Epuries
Equestris
Equilium
Equitum
Erbax
Eresus
Eretria
Erfordia
Ergadia
Ericius
Erilachus
Erivanum
Erix
Erythrae
Erythraea
Erzia
Escevegia
Esco
Esculetum
Esia
Eslinga
Esonia
Espo
Essecium
Essexia
Etal
Ethona
Etone
Etropolis
Etruria
Euboea
Eucarpia
Eudaemon
Eulus
Eumenaea
Euphantra
Euphranta
Euphratensis
Euphrates
Euracini
Europa
Europus
Eusebia
Everestius
Exarchatus
Excisum
Exclusa
Exolidunum
Exonia
Externa
Faberus
Fabrateria
Fabricum
Faedum
Faesulae
Fago
Falciniacum
Falcobergum
Falconis
Falcopia
Falensis
Falesia
Fallaba
Falstria
Fama
Fanum
Faustinopolis
Faventia
Fectio
Felua
Fenitii
Ferentillum
Ferraria
Ferrarius
Ferratis
Ferus
Festulae
Fezza
Ficarii
Ficina
Ficocle
Fidentia
Figiacum
Figlinae
Filicaria
Filiceriae
Filisteus
Fimbria
Finis
Finnia
Finstinga
Fionia
Firma
Firmum
Fiscannum
Flandria
Flanona
Flavia
Flaviobriga
Flaviopolis
Flavium
Flavobriga
Flenium
Flessinga
Flexia
Flocci
Floreffia
Florentia
Florentiola
Floriacum
Florianopolis
Florianum
Florinae
Florinum
Flumen
Fodinae
Foenalicius
Fogaras
Fold
Fons
Fontanellatum
Fontanetum
Fontenetum
Fontes
Forbacum
Forcolae
Forignanus
Formosa
Formosiensis
Fornacis
Forsatta
Fortalexia
Fortunacum
Fortunia
Forum
Fosdenovum
Fovea
Fracta
Franca
Francamontium
Francia
Francillo
Franciscopolis
Franconia
Franconium
Francopanus
Francum
Franechera
Fratres
Frauenburgum
Frauenfelda
Fredericia
Fregellae
Freibergum
Frequentum
Fretum
Friburgum
Fricdislaria
Frigia
Frigus
Frisia
Frisinga
Frontinacum
Frumentarium
Fucaldus
Fucingin
Fucuoca
Fugnae
Fulciniacum
Fulfinium
Fulginium
Fullonica
Fundi
Furconium
Furgisatis
Furnaris
Furnus
Fusciacum
Fuscum
Futhernessa
Gabae
Gabala
Gabalum
Gabrantovicorum
Gabuleum
Gadellus
Gades
Gadiaufala
Gaegnesburgus
Gaetulia
Galanta
Galatia
Galatziensis
Galatzium
Galaxidium
Gales
Galicia
Galicia-Volinia
Galilaea
Galindia
Gallaecia
Gallia
Gallica
Galliciacum
Gallipolis
Gallocastrum
Gallovidia
Gallura
Galtellinum
Galvia
Gamundia
Gana
Gandara
Gandavum
Gandesium
Gangania
Garamaea
Garamantia
Gardinum
Gariannonum
Gariannorum
Garis
Garstina
Garumna
Gastuna
Gatschina
Gattheum
Gaudiacus
Gaudus
Gaulos
Gavarretum
Gaza
Gdinensis
Gdovia
Gedanum
Gedrosia
Geinum
Geldonia
Geldria
Gemblacum
Gemellae
Gemeticum
Geminiacum
Geminianus
Gemunda
Genava
Geneta
Genua
Georgiopolis
Gerapolis
Gerardi
Gerasa
Gercanis
Gergis
Germania
Gerolstanacum
Geronis
Gerulata
Gerunda
Gesodunum
Gesoriacum
Gestricia
Geverae
Ghassanidia
Gholaia
Gibutum
Giemus
Giessa
Gigia
Gigica
Gilesterra
Gilfordia
Gilicha
Gimundum
Gindarus
Ginea
Ginsium
Gippevicum
Girba
Girifarcum
Gisburna
Gisortium
Gitanae
Gitzinum
Givetum
Giza
Glacio
Glamorganensis
Glareatum
Glarona
Glascumae
Glasgovia
Glastonia
Glevensia
Glevensis
Glevum
Glocestriensis
Glogovia
Gluchovia
Gnesna
Gnesniensis
Gobannium
Goderea
Gomorinum
Gonia
Gonnus
Goppinga
Gorazda
Gorciacum
Gordium
Gordoservum
Gordus
Gorgippia
Goricum
Goridis
Gorlicium
Gornacum
Gortynia
Gorzanium
Goslaria
Gothia
Gothoburgum
Gottinga
Goverin
Graccuris
Gracia
Gradisca
Gradum
Graecia
Graecium
Granata
Grancio
Grande
Grandolla
Graneirolis
Granivicus
Grannia
Grannona
Grassa
Gratianopolis
Graudentium
Gravelina
Grebena
Greno
Gresens
Grigoriopolis
Grimberga
Grimesbia
Grimoaldus
Grisonia
Gritsena
Grobinia
Grodna
Groenlandia
Groisca
Grona
Groniensis
Groninga
Grossetum
Grudae
Grueria
Grumentum
Gryphiswaldia
Guadalaxara
Guadistallum
Guama
Guanahuatum
Guardodunum
Guatemala
Guaxaca
Guelpherbytum
Guengampum
Gueretum
Guerrandia
Guetenegum
Guidonis
Guinea
Guisnes
Gularia
Gulielmoburgum
Gulielmopolis
Gulisanum
Gurkfeldum
Gusia
Gustrovium
Gutersloha
Guthisbo
Gynaecopolis
Gypopolis
Gyruum
Gythium
Habsburgus
Hadelensis
Hadrametum
Hadranum
Hadrianopolis
Hadrumetum
Haep
Hafnia
Haganoa
Hagastaldunum
Hagenoa
Hagenova
Hagia
Hagiopolis
Hailprunna
Haitia
Halberstadium
Halicanum
Halicarnassus
Halifacium
Halifaxia
Hallandia
Halledunum
Halmostadium
Halmyris
Haluntium
Halys
Hamaburgensis
Hamalandia
Hamavia
Hamburgum
Hammaria
Hammeum
Hammona
Hannebotum
Hannonia
Hannovera
Hanovra
Hansa
Hanseaticae
Hantonia
Hantoniensis
Hapsalia
Hardervicum
Harecotium
Harevia
Harlechium
Harlemum
Harlepolis
Harlinga
Harmosia
Haronia
Harpasa
Harrisburgum
Hartensteinium
Harvia
Harzefeldensis
Hasbania
Hasseletum
Hassia
Hasta
Hastinga
Hatria
Havaii
Havelberga
Hebron
Hebrus
Hecatompedum
Hecatompylos
Hedemarchia
Heidelberga
Heidiba
Heiles
Heinsilianus
Helenopolis
Helge
Helibacia
Helicranon
Heliopolis
Heliopolitana
Hellespontus
Helmonstadensis
Helsingia
Helsingoburgum
Helvetia
Henna
Henpons
Hepha
Hephaestia
Heraclea
Heracleium
Heracleopolis
Heracleum
Heraea
Herbae
Herbitzhemium
Herbopolis
Herbosa
Herefordia
Herevordia
Herinisauva
Heristalium
Herliacum
Hermonassa
Hermonthis
Hermopolis
Hermupolis
Hernosandia
Hertfordia
Hertfordiensis
Hertzberga
Herulia
Hesdinum
Hesperides
Hestiaea
Hibernia
Hibis
Hibra
Hidiazum
Hienipensis
Hieracium
Hierapolis
Hierasus
Hierasykaminos
Hieropolis
Hildesia
Hildinensis
Hillah
Hippo
Hipponium
Hippus
Hircinus
Hirosima
Hispalensis
Hispalia
Hispalis
Hispania
Histiaeotis
Histonium
Histria
Hitgera
Hocenalium
Hochiminhopolis
Hochstadium
Hoensteinium
Hogia
Hoius
Holdstebroa
Hollandia
Holma
Holmia
Hologostia
Holsatia
Homburgum
Honduria
Hongcongum
Honnefluctus
Honolulum
Honorias
Honthum
Hoornae
Horreum
Horstmaria
Hostilia
Hoviles
Huickeswagium
Humacum
Hung
Hungaria
Hunnopolis
Huntingtonia
Huonis
Hwicciorum
Hybla
Hyderabadum
Hydruntum
Hyettus
Hygres
Hypata
Hypate
Hyperborea
Hypsela
Hypsele
Hyrcania
Hyrtacina
Hysiae
Iacarta
Iacca
Iacobopolis
Iacutia
Iadera
Iaetia
Iaicia
Iala
Ialala
Ialta
Ialysus
Iamaica
Iamna
Iamo
Iamphorina
Iantinum
Iargolium
Iarnacum
Iaroslavia
Iassiorum
Iassium
Iasus
Iathrippa
Iava
Iaxarthia
Iazygia
Iberia
Ibora
Iburinga
Icaria
Iccius
Ichnae
Ichus
Iciodorensium
Iconium
Icosium
Iculisma
Idahum
Idistaviso
Idistavisus
Idunum
Idymus
Iedda
Ieffersonia
Ielecia
Iemenia
Iemtia
Iena
Ienisea
Ierapetra
Iericho
Ierusalem
Iesualdum
Igabrum
Igemanda
Igilgili
Iglavia
Iguvium
Iidava
Ilenburgum
Ilerda
Ilergensis
Iliande
Iliberri
Ilicinosum
Ilipla
Ilium
Illa
Illici
Illinoesia
Illipula
Illyria
Illyricum
Ilva
Imbrus
Imperium
In
Incerum
India
Ingena
Ingoldis
Ingolstadium
Insluae
Insula
Insulae
Insulam
Insulana
Intaranum
Interamna
Interamnia
Interamnium
Intercatia
Intra
Ioannina
Ioannopolis
Iogalia
Ioiosa
Iol
Ionia
Ionis
Ioppe
Iordania
Iosselina
Iouima
Iova
Iovacum
Iovenciacum
Iovia
Ioviliacum
Ioviniacum
Ipera
Iplacea
Iraca
Irania
Ircutia
Ireniacum
Irenopolis
Iria
Isalania
Isaura
Isauria
Isborscum
Isca
Iscina
Iscla
Islandia
Issa
Issatis
Issus
Istadium
Istropolis
Isturgi
Isuria
Isurium
Itabyrium
Italia
Italica
Ithaca
Iuba
Iubaltiana
Iucatania
Iūdaea
Iudea
Iugoslavia
Iulenburgum
Iulia
Iuliacum
Iuliobona
Iuliobriga
Iuliomagus
Iuliomontium
Iuliopolis
Iulium
Iunecopia
Iunellum
Iunvilla
Iuorus
Iupiter
Iuricas
Iustiacum
Iustinianopolis
Iustinopolis
Iutrebocum
Iuvanum
Iuvavum
Iuvenacium
Ivelis
Ivernia
Ivernis
Ivosium
Ixarium
Iyrcopolis
Izum
Jacobia
Japho
Jogentagania
Juburgo
Judea
Julia
Junivladislavia
Jutrebocum
Kamyschin
Kansia
Kansianopolis
Karakalpakia
Katovicum
Kemburgum
Kentukia
Kerkinitis
Kerriensis
Kesmarkium
Khartum
Khartumensis
Kielia
Kildarenia
Kildarensis
Kildaria
Killaloa
Killocia
Kingstonium
Kinsalia
Kiovia
Kircubriensis
Kolla
Kosovia
Kotais
Kungura
Kyotum
La
Labacensis
Labacum
Labellum
Labineca
Labrocinum
Lacaenacum
Lacedaemon
Lacobriga
Laconigrum
Lacoritum
Lactodorum
Lactora
Lacupolis
Lacus
Lagaholmia
Lagenia
Lagentium
Lagisia
Lahorium
Lainum
Laipe
Laira
Lalandia
Lalandia-Falstria
Lambaesis
Lambdia
Lamecum
Lampaulium
Lampsacum
Lampsacus
Lanarkensis
Lancammarcum
Lancastria
Lancastriensis
Lanciacus
Lancianum
Lancyngarius
Landavium
Landavum
Landericianum
Landevenecum
Landinamum
Landisera
Landishuta
Landsbergium
Langades
Langanum
Langobardia
Langonetum
Languortedum
Languscum
Lanion
Lanpeter
Lanrhosia
Lantusca
Lanvaesium
Lanzarotta
Laodicea
Lapitus
Lapponia
Lapurdum
Laranda
Larcuris
Laredum
Larinum
Larissa
Larnaca
Larum
Lassithium
Latium
Lato
Latocastrum
Latona
Latopolis
Latovadum
Laubiensis
Lauda
Laudoinacum
Laudunum
Laufenburgus
Laugaricio
Laumellum
Lauretum
Lauriana
Laurium
Laus
Lausanna
Lavallis
Lavallium
Lavallum
Lavania
Lavatrae
Lavinium
Leatonia
Lebadea
Lebaea
Lebedus
Lebusium
Lechia
Ledegnanum
Lederata
Ledesia
Ledo
Leefdalia
Legionis
Leicestria
Leicestriensis
Leirecum
Leisnicium
Lela
Lelantia
Lemesus
Lemincum
Lemnis
Lemnus
Lemovicensis
Lendia
Lenna
Lens
Lentia
Lenum
Leoburgum
Leodium
Leomontium
Leonicum
Leonitia
Leontini
Leontopolis
Leontos
Leopolis
Leovardia
Lepontina
Lepreum
Leptis
Leri
Letgallia
Letocetum
Letrimensis
Letrimia
Lettigallia
Lettonia
Leuca
Leucarum
Leucas
Leuce
Leucerae
Leucosia
Leufana
Leuphana
Levedia
Levefanum
Leverkusum
Lewesensis
Lexingtonia
Lexovium
Leziniacum
Leziniensis
Libanus
Liberopolis
Libertas
Liburnium
Liburnum
Libya
Licaonia
Lichfildia
Lichtenburgum
Lichtenstenum
Lidoricium
Liera
Lietunsteigis
Ligabitium
Liger
Lignitium
Lignium
Lignum
Lilybaeum
Limburgum
Limen
Limericensis
Limericum
Limesanum
Liminaris
Limnaeum
Limnaia
Limosum
Limpidia
Limusa
Lincolnia
Lincolniensis
Lincopia
Lindanisa
Lindavia
Lindinis
Lindisfarna
Lindum
Lindus
Lingonis
Lingonum
Linguadocia
Lipara
Lipova
Lippia
Lipsia
Liptovium
Lisibosa
Lissus
Lithgaea
Lithopolis
Litomericium
Litora
Littus
Lituania
Litus
Liupina
Liupinensis
Liuthusium
Liva
Liverpolium
Livonia
Livriacum
Lixus
Lobensteinium
Lobetensis
Lobetum
Locarnum
Lochetuna
Locri
Locris
Locus
Lodeacum
Lodomeria
Lodzia
Loffa
Loianum
Lombarium
Lomsa
Londinium
Longagionis
Longaricum
Longaticum
Longofordia
Longosardum
Longovicum
Lonicum
Lonsitia
Lopadium
Lopodunum
Lorachum
Lorium
Lossensis
Lotharingia
Lousanna
Lovadrum
Lovanium
Lovicus
Lovincum
Lovitium
Lubeca
Lubimogradum
Lublinum
Lublovia
Luca
Lucae
Lucania
Luccavia
Lucentum
Luceoria
Luceria
Lucerna
Lucidavilla
Lucidum
Luciferi
Lucilensis
Lucinianum
Lucionum
Lucomoria
Lucretius
Lucronium
Lucus
Lucvordine
Luda
Ludbregis
Ludoviciana
Ludovicopolis
Ludum
Ludunum
Luganum
Lugdunensis
Lugdunum
Lugus
Luguvalium
Luki
Lula
Lulum
Luna
Lunda
Luneburgum
Lunium
Luparia
Lupiae
Lupinacum
Lupinis
Luquido
Lurinum
Lusaca
Lusitania
Luterhaa
Lutetia
Luteva
Luticia
Lutonia
Lutra
Lutudarum
Luvanium
Luviniacus
Luxemburgum
Luxovium
Lycandus
Lychnidus
Lycia
Lycon
Lycopolis
Lycosura
Lyctus
Lygea
Lyme
Lyncestis
Lynicus
Lyrnessus
Lysimachia
Lystra
Maalis
Macaum
Macedonia
Macedonopolis
Macenitiensis
Macensis
Macentus
Machicolium
Maciacum
Maclovium
Macomades
Macoraba
Macras
Macri
Madaurus
Madina
Maeandrus
Maenoba
Magalona
Magarevum
Magdeburgum
Magdunum
Magellanensis
Magia
Magida
Magiovinium
Maglona
Magna
Magnesia
Magni
Magnum
Mago
Magontia
Maharastra
Maigo
Maigonensis
Mainingia
Maionia
Maiorem
Maiorica
Malaca
Malacopea
Malaesia
Malbodium
Malburium
Maldivae
Malecalcium
Maleo
Maletum
Malferna
Malia
Malis
Malleacum
Malliacum
Malmesburia
Malmisa
Malmogia
Maloea
Malpassum
Malum
Mamucium
Manapia
Manazocerta
Manbalot
Mancunium
Manduessedum
Manerbium
Manhata
Manhemium
Maniacum
Manica
Manichaeismus
Maniliacum
Mansfelda
Mansus
Mantinea
Mantinum
Mantua
Manutium
Maracanda
Maragnanum
Maramplus
Marathon
Marburgum
Marca
Marcerum
Marchareia
Marchia
Marcianopolis
Marcilhanicae
Marcis
Marcium
Marcodurum
Marcomannia
Marcum
Marda
Mare
Mareia
Margama
Margdis
Margiana
Margo
Mariandinia
Marida
Maridunensis
Marinianis
Marinum
Marionallus
Maris
Mariupolis
Marmatia
Marmirolum
Marocum
Maronea
Maroneia
Marrochium
Marscianum
Marsinopolis
Marsonia
Marsyas
Martianum
Martinus
Martyr
Martyropolis
Marzascala
Mascate
Mascula
Masis
Masovia
Massa
Massachusetta
Massice
Massilia
Mataxa
Materia
Materiae
Mathis
Matilica
Matilo
Matiscus
Matritum
Matta
Mauleo
Mauretania
Mauritania
Maurocastrum
Maurocellus
Mauronium
Maurorum
Mausilium
Maxima
Maximianopolis
Mazaca
Mazaria
Mechlinensis
Mechlinia
Medaba
Medanta
Medellium
Medelpadia
Medemelacum
Media
Medicata
Medina
Medioburgum
Medioburgus
Mediolanium
Mediolanum
Mediovadus
Mednicum
Medoilanum
Meduana
Medullicus
Medvesegorsia
Megalopolis
Megalopolis-Strelicia
Megapolis
Megara
Melanochiropolis
Melburnia
Meldis
Meldorpium
Meledunum
Melendus
Melenikon
Melgorium
Melila
Melita
Melitene
Melitopolis
Mellaria
Mellicum
Melnica
Melpes
Melpha
Melphicta
Melphis
Melta
Melus
Memela
Memeliensis
Memfis
Memphis
Menapiorum
Mendrici
Menesthei
Menevia
Menina
Meninx
Mentesa
Mentonum
Meppia
Mepsila
Meraniae
Meranum
Mercatum
Mercia
Mercurium
Meridianum
Merionethensis
Merolia
Meronum
Mersovium
Mersuium
Mertikerton
Mesarfelta
Meschistha
Mesciana
Mesembria
Mesopotamia
Mesphe
Messana
Messena
Messenia
Metallum
Metapontum
Metellinum
Meteon
Meteum
Methone
Methymna
Metochium
Metropolis
Mettis
Metulensis
Metullum
Metulum
Meursia
Mexerianum
Mexicum
Michaelia
Michigania
Midaeum
Middelsexia
Midienia
Miletopolis
Miletus
Milicium
Milvauchia
Mimata
Mimatensis
Mimisianum
Minae
Minariacum
Minda
Mindanaum
Mindelhemium
Minerva
Mingasevirum
Minneapolis
Minoa
Minorica
Minorisa
Minscum
Mirabellum
Miracuria
Miranda
Mirandula
Mirapiscae
Mirobriga
Mirum
Misenae
Misilmeris
Misnia
Mississippia
Missuria
Misthia
Mitavia
Mizda
Mocadurius
Mocissus
Modelinga
Modica
Modorinum
Modra
Moesia
Mogadiscium
Mogentiana
Mogontiacum
Moguntiacum
Mohilovia
Moldavia
Molina
Molinae
Molinaria
Molinia
Molisium
Mollesia
Momonia
Mona
Monachopolis
Monacum
Monapia
Monasteriolum
Monasterium
Monbrisonium
Monconturium
Monemuta
Monemutensis
Monemvasia
Monetium
Monoecum
Monopolis
Mons
Monsfortis
Monspessulanus
Montalbani
Montana
Montanerius
Montanianae
Montanus
Monteferetra
Monteolum
Montes
Montgomeriensis
Monticulum
Montio
Montis
Montisjovium
Montricardus
Mora
Moralis
Morauia
Moravia
Morcianum
Mordovia
Morea
Moretona
Morganopolis
Moridunum
Morisena
Morisensis
Moritonium
Morlanum
Morpitium
Mors
Mortem
Mortuum
Morum
Mosaiscum
Moscha
Moscovia
Mosella
Mosomium
Mostarum
Mosynopolis
Mothis
Motta
Motula
Mousaios
Moxoene
Mozambicum
Mscenscum
Muccurum
Mucellius
Mudilianum
Mudrus
Muhlbergum
Mula
Mulhusa
Mulhusia
Mulvenum
Mumbai
Munatium
Munchatium
Munda
Municipium
Muranum
Muratum
Murgantia
Murgis
Murianum
Murittus
Muromia
Muromum
Mursa
Mursella
Murus
Mus
Musciacum
Muscum
Mussiacas
Mussipons
Muthlacum
Mutica
Mutina
Mutuantonis
Mutyce
Muza
Mycenae
Myconos
Mygdonia
Mylae
Myloukome
Myos
Myriandrus
Myrlea
Myrmidones
Myrsinus
Myrtea
Myrtilis
Myrtuntium
Mysia
Mystras
Mytilene
Nabataea
Nabrissa
Nacolea
Nadium
Naeotea
Nagasacium
Nagnatia
Naiaritis
Naiera
Nairobia
Naissus
Namnetum
Namsdalia
Namurcum
Nanchinum
Nancianum
Nancium
Nantovicum
Napoca
Nara
Narbo
Narbonensis
Narenta
Narnia
Narona
Nas
Nasamonia
Nassovia
Natalia
Natiolum
Naulum
Naumburgum
Naupactus
Nauplia
Nautaca
Navarrae
Naviacum
Naxuana
Naxus
Nazara
Nazianzus
Nea
Neamţ
Neapolis
Nebrasca
Nechesia
Nederlandia
Nedinum
Nemausus
Nemea
Nemetacum
Nemetobriga
Nemetodurum
Nemetovicus
Nemosum
Nencengum
Neocaesarea
Neo-Carolina
Neoforum
Neomagus
Neonicolaopolis
Neopatrae
Neosolium
Neostadium
Neovilla
Nepalia
Nepete
Nepte
Nerechta
Neresis
Neretum
Neritum
Nervia
Nerviana
Nesvisium
Netum
Neubiria
Neustadium
Neustria
Neve
Nevelia
Neviodunum
Nicaea
Nicephorium
Nicephorius
Nicius
Nicolaopolis
Nicomedia
Nicopia
Nicopolis
Nicopolis-Acroenus
Nicotera
Nida
Nidrosia
Nidum
Nienburgensis
Nigritania
Nikephorus
Ninive
Nisaburensis
Nisaburum
Nisibis
Nissa
Nitria
Nivaria
Nivata
Nivellae
Nivernum
Nivium
Nobatia
Noega
Norba
Norcopia
Nordendi
Nordhusium
Nordlandia
Nordlinga
Nordovicum
Norenia
Norfolcia
Noricum
Norilium
Norimberga
Norium
Normannia
Northamptonia
Northeimonis
Northumbria
Norvegia
Nostra
Notangia
Nottinghamia
Nottinghamiensis
Nova
Novae
Novaesium
Novalia
Novalias
Novantia
Novarcum
Novaria
Novempopulana
Novicastrum
Novigentum
Novio
Noviodunum
Noviomagus
Novioritum
Novoburgus
Novocastrum
Novogardia
Novoliani
Novopatrae
Novorussium
Novosibirscum
Novum
Novus
Nozerex
Nuceria
Nucetum
Nudalis
Nullis
Numantia
Numidia
Nuquearius
Nursia
Nuvellaria
Nylandia
Nymphaeum
Nyssa
Oaeneum
Oasis
Obila
Obrovatium
Obsequium
Occaraba
Occidentalium
Occilis
Occulum
Oceania
Oceanus
Ocella
Ocellodurum
Ocellum
Ocelum
Ochamentona
Ochotium
Ochtis
Oclahoma
Ocrechium
Ocriculum
Octodurum
Octodurus
Oculubellum
Odenaco
Odessus
Odoiovia
Oea
Oeasso
Oechalia
Oeniadae
Oenipons
Oenoanda
Oepi
Oescus
Offalaiensis
Ogone
Ogyalla
Ohium
Oiasso
Oklahomapolis
Olandia
Olba
Olbia
Olcinium
Oldenburgum
Olena
Oleum
Oliba
Olibensis
Oligitum
Olimpia
Olisipo
Olmetum
Olomucium
Olona
Olonicia
Olooson
Olotis
Oltenia
Olympus
Olynthus
Omaghum
Omium
Onaeum
Onagrinum
Onna
Onnate
Onoba
Onoldum
Ontario
Onuba
Onufis
Opatis
Opitergium
Oppavia
Oppelia
Oppenheimium
Oppidum
Optimates
Opus
Orbitellum
Orcades
Orchomenus
Orcistus
Orda
Ordo
Ordovicia
Orebrogia
Orecelis
Oregonia
Orela
Orestis
Oretum
Oreus
Orgatium
Oria
Oricum
Oristanum
Ornacum
Orneta
Orolaunum
Oromieh
Orontaxata
Oropedium
Oropolis
Oropus
Ortesium
Orthospana
Ortona
Oruba
Orvalium
Osca
Oscae
Oscirus
Osilia
Osinium
Osmiana
Osnabruga
Osoma
Ossalia
Ossonoba
Ostalianum
Ostenda
Ostia
Ostilianum
Ostium
Ostroda
Ostrogia
Ostrogothia
Osvecimia
Othana
Othania
Othoca
Othona
Ottava
Ottocium
Ovetum
Ovilava
Oxinia
Oxirinchus
Oxoniensis
Oxonium
Ozaca
Pacensia
Pacensis
Pachoras
Padbergum
Paderbronna
Paderbronnensis
Padusana
Padyandus
Paeninsula
Paeonia
Paestum
Pagensia
Pagi
Pagrae
Pagus
Palaeoarta
Palaeochora
Palaeopolis
Palaestina
Palantia
Palatinatus
Palatiolum
Palatium
Palentia
Palestina
Palestrio
Palethe
Pallantia
Pallene
Palmella
Palmyra
Palum
Palus
Pamphylia
Pancota
Paneas
Panephysis
Pangalia
Pannonia
Pano
Panormus
Panorumus
Panticapaeum
Paphlagonia
Paphus
Papia
Papillionis
Parablacum
Paraetonium
Parahyba
Paralos
Parana
Paraquaria
Parauaea
Parca
Parentium
Paretum
Parisia
Paristrion
Parium
Parma
Parnassus
Paroecopolis
Paroria
Paros
Partes
Parthenius
Parthenopolis
Parthia
Parthiniacum
Partiscum
Paryadres
Passarum
Passus
Patagonia
Patavium
Paterniacum
Paternio
Paternionis
Patigrabana
Patigrabensis
Patrae
Patriarchatus
Patrinius
Patrium
Paua
Paucinicum
Paulliacum
Paulodorum
Pauperes
Pausitanum
Pautalia
Pavitacum
Pax
Paxus
Pečenegi
Pechinum
Pedemontium
Pednelissus
Pegones
Pelagonia
Pelasgiotis
Pelendava
Pella
Peloponnesus
Pelsodis
Peltuinum
Pelusium
Pelusius
Penbrochia
Penek
Penestae
Penlachum
Penna
Pennocrucium
Pennsilvania
Pentapolis
Peparethus
Percote
Pereaslavia
Peregium
Peresopnica
Pergamum
Pericharaxis
Perinthus
Permia
Pernambucia
Pernavia
Perona
Perperakion
Perpericon
Perpinianum
Perrhaebia
Perscora
Persepolis
Persia
Persicoria
Pertensis
Perthia
Perusia
Pescium
Pessinus
Pestinum
Petavonium
Petina
Petra
Petras
Petri
Petricalis
Petrizen
Petroburgum
Petrocoriensis
Petrocorium
Petromaritzburgum
Petropolis
Petuaria
Peturia
Petzuria
Peucus
Phacussae
Phadisana
Phaecia
Phaestus
Phagusa
Phakoussae
Phanagoria
Phanarium
Pharina
Pharsalus
Phaselis
Phasis
Phazemon
Pheronia
Philadelphia
Philippi
Philippinae
Philippopolis
Philitosa
Philomelium
Philotera
Philotes
Phintias
Phlius
Phocis
Phoebiana
Phoenice
Phoenicia
Pholegandrus
Phorca
Phoullai
Phrygia
Phylaca
Physcae
Phystaton
Pialia
Picardia
Picentino
Pictavia
Pictaviensis
Pictavis
Pictavium
Pilias
Pilsna
Pimpolium
Pinarolium
Pindus
Pinhelensis
Piniana
Pinilla
Pinita
Pinna
Pinnata
Pinneburgum
Pinnula
Pinscum
Pinus
Pionia
Piquentum
Piraeus
Pirisapora
Pirminiseusna
Pirum
Pisae
Pisaurum
Piscaria
Piscia
Pisida
Pisinium
Pisinum
Pistoria
Pistorium
Pistrinum
Pistyrus
Pitane
Pithyus
Pitilianum
Pitium
Pitius
Pitovia
Pittsburgum
Pityus
Placanica
Placentia
Placia
Plaga
Planaria
Planitia
Plasentia
Plasentiensis
Plataea
Plavia
Plavum
Plebicagrum
Plebs
Plescovia
Plesseium
Plessetum
Plimmuta
Plobicum
Ploena
Ploiestum
Plomarium
Pluma
Plumbia
Plumbinum
Plumbum
Pochelarna
Podium
Poemanenum
Poetovium
Pogua
Pola
Polania
Polessia
Polexia
Polidorium
Pollentia
Polonda
Polonia
Polotia
Polybotus
Polygyrus
Polyphengum
Polyrrenia
Polystylum
Pomaria
Pomerania
Pomesania
Pomosa
Pompaelo
Pompeii
Pompeiopolis
Pompelo
Poncionum
Pongavia
Ponievecia
Pons
Ponsfractus
Pontes
Pontiniacum
Pontis
Pontisara
Pontivium
Pontivus
Pontoheraclea
Pontus
Popilii
Populonia
Populonium
Populunium
Porcilleae
Porolissum
Portellum
Porticus
Portlandia
Portos
Portuculus
Portugallia
Portum
Portunia
Portus
Posnania
Posonium
Potaissa
Potamopolis
Potentia
Potestampium
Povensa
Poysia
Praemislia
Praeneste
Praenetus
Praesus
Praetonium
Praetoria
Praetorium
Praga
Pratalia
Pratum
Premis
Prerovia
Prestona
Priapus
Priene
Prilapum
Prindea
Priunciae
Privatum
Prividia
Prochyta
Proconnesus
Proilabum
Promontorium
Pronscum
Prophthasia
Propontis
Proprianum
Provat
Providentia
Provincia
Provinciae
Prusa
Prusias
Prusus
Pruvinum
Przevalscum
Psarela
Psillium
Psyllium
Pteria
Pterium
Ptolemais
Pucalpa
Pulcheriopolis
Pulchra
Pulleniacum
Pullopice
Pulpite
Puntlandia
Pupput
Pupurninga
Purrentrum
Pusinius
Puteittum
Puteoli
Puteus
Putina
Putinensis
Putivlum
Puttlina
Pydna
Pyla
Pyrenaeum
Pyrgi
Pyrgos
Pyrgus
Pyrrhanum
Pythium
Pythopolis
Quaccenbrugga
Quadia
Quadriburgium
Quadrigellae
Quadrivium
Qualaneas
Quam
Quansia
Quantunia
Quataria
Quebecum
Quedlinburgum
Quercea
Quernofurtum
Quilone
Quimperlacum
Quimperlium
Quinque
Quintanaris
Quintinum
Quiza
Ra
Raba
Rabatum
Rabon
Raceburgensis
Raceburgum
Radicofanum
Radinga
Radomislia
Radulphi
Raelega
Raetia
Raetinium
Rafina
Ragnita
Ragusa
Ragusia
Rajasthana
Ralfadalis
Rambolitum
Ramesberia
Ramesia
Rametta
Ramia
Rangunum
Rania
Rapallum
Raparia
Raphanea
Raphia
Rarognus
Rascia
Rastedensis
Rastetenum
Ratae
Rataensis
Ratiaria
Ratiboria
Ratisbona
Raumoa
Rauranum
Ravanda
Ravenna
Ravennica
Ravensburgum
Ravenstenium
Reate
Rebellum
Recinetum
Recklinghusium
Redis
Refugium
Regina
Reginca
Reginogradecium
Regio
Regiomontium
Regiopolis
Regisburgium
Regium
Regna
Regnum
Regula
Rehei
Reistete
Relaxus
Remi
Rendsburgum
Reopandunum
Requietum
Res
Resania
Resculum
Resovia
Restitutia
Rethymnum
Reunio
Reutlinga
Revalia
Revanum
Reykiavica
Rha
Rhaedestus
Rhaetia
Rhagae
Rhaitou
Rhamnus
Rhardaea
Rhatanais
Rhaucus
Rhegina
Rhegium
Rhenania
Rhenus
Rhesapha
Rhinocolura
Rhithymna
Rhium
Rhizaeum
Rhoda
Rhodanus
Rhodensis
Rhodia
Rhodope
Rhodopolis
Rhodus
Rhudlana
Riadum
Richmondia
Ricklinga
Ricmondia
Ricomagus
Rietbergum
Rigomagus
Rilscia
Rinaburgum
Rincopia
Ripa
Ripae
Ripateum
Ripensia
Ripum
Risinga
Risinium
Rivi
Rivipullo
Rivulus
Rivus
Rixinga
Robogdia
Robora
Roboretum
Rocafolium
Rocam
Rocca
Roccae
Rocha
Rodanum
Rodenaium
Rodigium
Rodumna
Roesebecia
Roffa
Roiannum
Roma
Romana
Romania
Romanum
Rometicus
Romsdalia
Romula
Roncaliae
Rondonia
Rorchinga
Ros
Rosatum
Rosbacum
Roschildia
Roscianum
Roscium
Roscomum
Roscovia
Rosellum
Rosiema
Roslara
Roslaulia
Rosnavia
Rosnovia
Rossiacum
Rostovia
Rostrenum
Rotanum
Rotenburgum
Roterodamum
Rothonum
Rotomagus
Rotundiscus
Rovnum
Ruanda
Ruber
Rubi
Rubinica
Rudolphopolis
Ruessium
Rugia
Rullianum
Ruma
Rumellenum
Rumiliacum
Runa
Rupella
Rupes
Rupifortium
Rupinum
Ruremonda
Rus
Rusaddir
Ruscino
Ruscisilva
Rusellae
Rusguniae
Rusicade
Ruspina
Russia
Rustica
Rusuccuru
Rutcopia
Rutenia
Rutenicus
Rutenorum
Ruthenia
Ruthina
Rutlandia
Ruzunnes
Sabae
Sabloneta
Sabolium
Sabratha
Sabucalis
Sabulovicum
Sacae
Saccalia
Sacilum
Sacramentum
Sacrum
Sacsium
Saena
Saetabis
Saextanum
Saffenburgum
Saframpolis
Safsofa
Sagalassus
Saganum
Sagaris
Sagii
Saguntum
Saian
Saigon
Saksin
Sala
Salacia
Salamias
Salamis
Salapia
Salbace
Salcah
Saldae
Salduba
Salechardum
Saleia
Salernum
Saletsa
Salictum
Salinae
Salinas
Salinensis
Salines
Salisburgum
Salmantica
Salmo
Salmona
Salmurium
Salmydessus
Salodium
Salona
Salonta
Salopiensis
Saltus
Salutiae
Salva
Salvatoria
Salvatum
Salverna
Samara
Samarobriva
Samnium
Samoa
Samogetia
Samothracia
Sampiniacum
Samus
Sancerrium
Sancta
Sanctensis
Sancti
Sancticum
Sanctogallum
Sanctorum
Sanctus
Sancuts
Sandaraca
Sandomiria
Sangerhusa
Sanghaevum
Sanocum
Santonia
Sapaudia
Saphar
Sapporum
Sar
Sarapanis
Saratovia
Saravia
Saravipons
Sarcapus
Sarceullum
Sardinia
Sardiniae
Sardis
Sarepta
Sargetia
Sarignena
Saris
Sarisberia
Sarisburgum
Sarlatum
Sarmatia
Sarmizegetusa
Sarnia
Sarnum
Sarossiensis
Sarovia
Sarracenum
Sartena
Sassaris
Sasun
Sata
Satagundia
Satenai
Saticula
Satmarinum
Saturnus
Savanna
Savaria
Saveriacum
Savilianum
Savo
Saxa
Saxiacum
Saxones
Saxonia
Saxulum
Saye
Scafusa
Scaga
Scala
Scalabis
Scalabitanus
Scallabis
Scalovia
Scamandrus
Scampis
Scanctus
Scandensis
Scanderburgum
Scandinavia
Scania
Scara
Scarbantia
Scarburgum
Scardona
Scarpona
Scarum
Sceftonia
Scepsis
Scepusium
Sceri
Scetis
Schalholtia
Schauenburgum
Schelsega
Schinuvalium
Schmoun
Schnackenburgum
Schoenburgum
Scholae
Schongium
Scireburna
Sciritis
Scitis
Sclavonia
Scletistata
Sconaugia
Scopelos
Scopinum
Scotia
Scupi
Scurgum
Scutarium
Scylaceum
Scylletium
Scyrus
Scythia
Scythopolis
Seattlum
Sebastea
Sebastopolis
Sebenicum
Sebennytus
Sebes
Seccovia
Sedes
Sedolocum
Sedunum
Sefelda
Sefrum
Segedinum
Segesta
Segia
Segobriga
Segodunum
Segontia
Segontium
Segovia
Segualeriae
Segusiavia
Segusio
Segusium
Segustero
Seisellenses
Sele
Selestadium
Seleucia
Selgovae
Selingostadium
Selinus
Sellium
Selonum
Selymbria
Selymnum
Selymnus
Semendria
Semigallia
Semna
Sena
Senabriga
Senachereimopolis
Senegalia
Senemurium
Senia
Senonagus
Senonica
Senta
Seph
Sepphoris
Septa
Septem
Septemiacum
Septempeda
Septempublica
Septemtiliae
Septentrio
Septimanca
Septimum
Seraium
Serapeum
Serdica
Serepta
Seriphus
Sermylia
Serpens
Serpuchovia
Serravallis
Serrhae
Servesta
Servitium
Sestus
Setae
Setelsona
Setiana
Setidava
Setifis
Seulum
Seussonia
Seutagium
Seuthopolis
Sevaverak
Severa
Severia
Severiacum
Sex
Sexante
Sexi
Sexpilas
Sexpiles
Sextilianum
Siamum
Siasorum
Sicagum
Sicca
Sicia
Sicilia
Sicocus
Sicyon
Siderocastrum
Sideronum
Sidon
Sidrium
Siga
Sigethum
Signia
Silandia
Silandrum
Silandus
Silesia
Silicenis
Siluria
Silva
Silvam
Silvanectum
Silvia
Silviniacus
Silvium
Simbirium
Simeonis
Simigiensis
Simingi
Simius
Sinae
Sinai
Sinaitica
Sinemurum
Singapura
Singara
Singidunum
Sinicum
Sinniacum
Sinope
Sinoria
Sinus
Sipontum
Siprium
Sipusius
Siracum
Sirganum
Sirmio
Sirmium
Sirra
Siscia
Sistova
Sitagri
Sitavia
Sithonia
Sitomagus
Sittace
Skhimar
Slavia
Slegum
Slesvicum
Sleydia
Slituaria
Slovacia
Sluca
Smalcaldia
Smolandia
Smolenscensis
Smolenscum
Smyrna
Sobetha
Societas
Socnia
Sogdiana
Solatumum
Solemniacum
Soletum
Solia
Soliacum
Solicamium
Solis
Sollium
Solna
Solodurum
Soltania
Soluntum
Solva
Somalia
Somalilandia
Somasum
Somersetia
Soncinum
Sontra
Sophene
Sopianae
Sopianum
Sopronium
Sora
Soranum
Sorbia
Sorbus
Sordua
Sorganum
Soricaria
Soricarium
Sorviodunum
Sorviodurum
Sosatium
Sostrate
Soura
Sozopolis
Spalatum
Spaldinga
Sparnacum
Sparnaicum
Spartolus
Specula
Spedia
Spinalium
Spinarum
Spira
Spocanum
Spoletium
Sprottavia
Srilanca
Srinagara
Stabiellum
Stabulacum
Staelechae
Staffordiensis
Stagnum
Stalingradum
Stalinopolis
Stampae
Stanovidis
Stapulae
Stargardia
Starodubum
Starum
Statium
Status
Staufena
Stauropolis
Stavicum
Stehlavilla
Steinvortova
Stella
Stellae
Stenae
Stendalia
Stenfelda
Sterlingum
Sterlitamachia
Stettinum
Stipon
Stira
Stiria
Stirlingum
Stolpe
Stotlo
Stralsunda
Stratfordia
Stratus
Straubinga
Stregnesia
Strigonium
Strigulia
Strobilus
Strongilus
Strongylis
Stubera
Stuberra
Stuccardia
Studenitum
Stulinga
Stupensis
Stutgardia
Suabia
Suainicum
Sualabergum
Suana
Suates
Suberetum
Sublacum
Subterranea
Subtus
Subur
Sucidava
Sudacum
Sudania
Sudercopia
Sudermannia
Sudetia
Sudlegium
Sudovia
Suebia
Suecia
Suepplingaburgum
Suerinensis
Suerinum
Suesia
Suessatium
Suessones
Suevofortum
Sufes
Suffolcia
Suitia
Sulis
Sullecthum
Sullurium
Sumae
Sumere
Sumeria
Sundrium
Sundsvallia
Supra
Suranum
Surgutum
Surinamia
Surregium
Surrentum
Surria
Susa
Susdalia
Susiana
Sussexia
Sutrium
Svernitsa
Svolla
Swete
Sycamine
Sydneium
Syene
Sylva
Symbolum
Symi
Sympheropolis
Symposium
Syracusae
Syradia
Syria
Syrmia
Syrus
Sysola
Syspiritis
Syzranum
Tabala
Tabalati
Tabascum
Tabernae
Tabuinati
Tacapae
Tacape
Tadzikistania
Taenarus
Taexali
Taganrogium
Tagritum
Tahitia
Taifalia
Taifum
Taimiria
Taipeia
Talacharnum
Talantum
Talaura
Talgarta
Taliacotium
Taliata
Tallahassia
Talleburgum
Tallinna
Talmis
Tamaulipae
Tambovia
Tamiathis
Tamisia
Tammerforsia
Tamuda
Tana
Tangermundum
Tanis
Tannis
Tantonia
Taodunum
Taparura
Taphila
Taposiris
Taprobane
Tarancum
Tarasco
Taraunitis
Tarba
Tarbatum
Tarcentum
Tarentum
Targovistae
Tarhuntassa
Tarnis
Tarnobum
Tarnopolis
Tarquini
Tarquinii
Tarraca
Tarracina
Tarraco
Tarraconensis
Tarrae
Tarsatica
Tarsus
Tartaras
Tartaria
Tartessus
Tarusco
Tarvenna
Tarvisium
Tasciaca
Taskentum
Tatarstania
Tatta
Tau
Taulantia
Tauniacum
Taurasia
Taurica
Tauris
Tauromenium
Taurunum
Tavaus
Tavistochia
Teanum
Teate
Teclaeburgum
Tectosagium
Tegea
Tegulata
Teheranum
Teichiussa
Telamon
Telavivum
Telga
Tellus
Telmessus
Telmissus
Telo
Telonnum
Telonum
Temenothyra
Temnus
Templum
Tendara
Tenedus
Teneramonda
Tenerchebraium
Tennesia
Tentira
Tentyris
Tenus
Terebovlia
Tergeste
Terminus
Termissus
Ternitum
Terponus
Terra
Territoria
Territorium
Teruanensis
Teruliensis
Terulium
Tervanna
Terventum
Tessinum
Teudurum
Texandria
Texia
Texlae
Thabraca
Thabudeos
Thaenae
Thailandia
Thamusida
Thannuris
Thapsus
Tharbata
Thasus
Thaumaci
Theangela
Thebae
Thebasa
Theia
Thelepte
Themiscyra
Thenadassa
Thenae
Thennisus
Thenteos
Theoci
Theodissa
Theodorapolis
Theodosia
Theodosiopolis
Theologium
Thera
Thermae
Thermodum
Thermum
Thespiae
Thesprotia
Thessalia
Thessalonica
Thetonium
Theudonevilla
Theudonis
Theustia
Theveste
Thiernum
Thifalia
Thiges
Thilpasarus
Thingolfinga
Thodadum
Tholentinum
Thomocastrum
Thonis-Heracleion
Thononum
Thori
Thoricus
Thornensis
Thorunium
Thospis
Thracesia
Thracia
Thubactis
Thubunae
Thuburbo
Thugga
Thuiscoburgum
Thule
Thusuros
Thusurus
Thyatira
Thyssagatea
Tiberiacum
Tiberias
Tiberiopolis
Tiberium
Tibetum
Tibiscum
Tibiscus
Tibitum
Tibium
Tibur
Tichvina
Ticinum
Tiddis
Tiencinum
Tiense
Tifernum
Tigava
Tigranocerta
Tigris
Tigullia
Tilemarchia
Tilletum
Tillium
Tillliburgis
Tilrhemtus
Tilsa
Timacum
Timisvaria
Timora
Tina
Tinaius
Tingartia
Tingi
Tingis
Tininum
Tinortium
Tintagol
Tipasa
Tiperariensis
Tipersis
Tiphlis
Tipperaria
Tiraspolis
Tirida
Tirolia
Tirris
Tiscar
Tisia
Titamanninga
Titulcia
Titulium
Tium
Tius
Toarcium
Tobolium
Tocantinensis
Togodumnus
Tokium
Tola
Tolentinum
Toletum
Tolis
Tolosa
Tombutum
Tomis
Tomium
Tomodunum
Tongobriga
Tonniacum
Topeca
Torcellum
Torenum
Tornia
Tornodurum
Tornolium
Toro
Torontum
Toronus
Toropetia
Torsocia
Torthyneum
Tosana
Totenais
Tottaburgus
Tournus
Toxandria
Trachina
Trachinum
Tragilus
Tragurium
Traiectum
Tralle
Tralles
Trancosum
Transcarpathia
Transegallium
Transisalania
Transsilvania
Tranum
Trapessacum
Trapezus
Traunicum
Trebocca
Trecae
Trecarum
Trecorium
Trecorum
Tredecim
Trelinum
Trellenburgum
Tremonia
Tres
Treveria
Trevidunum
Triangulum
Tribulium
Tribuni
Tribunia
Tricala
Tricaricum
Tricassium
Tricca
Tricciana
Tricomia
Tridentum
Trimammium
Trimontium
Trinicata
Trinitas
Trinovantia
Trinytheos
Tripetra
Triphilis
Tripoli
Tripolis
Tripolitania
Trissa
Tritium
Trivandrum
Trivicum
Trivilium
Troas
Troca
Troizen
Tropaea
Tropaeum
Truma
Truxillum
Trybactra
Tscheboxari
Tschussowa
Tschuvassia
Tuamum
Tubalia
Tubinga
Tubucci
Tuccitana
Tuci
Tudae
Tuder
Tueria
Tugurtus
Tulifurdum
Tulium
Tullum
Tulmentium
Tulminum
Tulpiacensis
Tumenum
Tumulus
Tunes
Tunesia
Tungusca
Tunnocelum
Turania
Turcia
Turcomannia
Turcundium
Turgalium
Turia
Turiasso
Turicensis
Turicum
Turnacum
Turnholtum
Turobriga
Turones
Turonia
Turonorum
Turovia
Turquia
Turraenna
Turres
Turris
Turrita
Turritum
Turrium
Turrulus
Tursium
Tusa
Tuscia
Tusculum
Tusta
Tutela
Tuticum
Tylis
Tymes
Tymphaea
Tyndaris
Tyrana
Tyras
Tyrnavia
Tyrnaviae
Tyronensis
Tyrus
Tzacum
Uagadugu
Ucaialensis
Ucerus
Ucetia
Ucraina
Udmurtia
Uduina
Ugda
Ugria
Ulanbatoria
Ulcinium
Ulcisia
Ulmeta
Ulmetum
Uloa
Ulpiana
Ulteris
Ultonia
Ultra
Ultraiectum
Ultramare
Ultrasilvania
Ultrera
Ulyssea
Umbriaticum
Unelia
Unica
Unio
Uolseldinga
Uplandia
Upsalia
Uranopolis
Uraquaria
Urba
Urbinum
Urbs
Urcela
Urci
Urga
Urgellum
Uria
Urithlesia
Urium
Urseolum
Urzuleum
Usdia
Ustiuga
Ustjug
Ustusna
Uta
Utena
Utinum
Utricula
Uxacona
Uxama
Uxellcaitus
Uxellodunum
Uzaae
Uzbecia
Vacium
Vaconna
Vadstenium
Vadum
Vadus
Vaga
Vagniacis
Vagonigum
Vagramum
Val
Valachia
Valardone
Valca
Valcellae
Valdemontium
Valdesia
Valdoletum
Valencenae
Valensis
Valentia
Valentiae
Valentiniacum
Valeriacum
Valesia
Vallicolore
Vallis
Vallisoletum
Vallonia
Valpergia
Valve
Vancuverium
Vantania
Vappincum
Varadinum
Varasdinum
Varburgum
Varelensis
Varendorp
Varia
Varinia
Varmia
Varsovia
Varvaria
Varvicum
Vasatica
Vasconia
Vasingtonia
Vasio
Vassa
Vassiugan
Vaticana
Vaurum
Veccinus
Vecta
Vegia
Veii
Velaboria
Velebusdus
Velia
Veliocassinus
Velisia
Velissus
Velitrae
Vellavorum
Vellitrae
Veluniate
Vemmaria
Venafrum
Vendascinus
Venditae
Venedia
Venedotia
Venenum
Venerellus
Veneria
Veneris
Venetae
Venetiae
Venetum
Venicnia
Venlona
Venonae
Venonis
Venta
Ventator
Venusia
Vepsia
Ver
Vera
Veraenei
Verbeia
Verbenicum
Verbia
Verbinum
Verboscum
Vercellae
Vercesopae
Verchrecha
Verdensis
Vergilia
Vergiliopolis
Vergis
Vergium
Vernolium
Verodunum
Verona
Versaliae
Verterae
Verteris
Vertunum
Verucia
Verulamium
Verzulus
Vescera
Vescovatum
Vesontiensis
Vesontio
Vesprimia
Vesta
Vestavicensia
Vestlandia
Vestrogothia
Vesulum
Vesunna
Vetera
Veterosolium
Vetoniania
Vetulonia
Vetulonium
Vetus
Vexfordia
Vexionia
Vezeliacum
Via
Vianda
Viasma
Viatcia
Vibo
Viborgia
Viburgum
Vicaria
Vicentia
Vicetia
Vicia
Viciacum
Vicianus
Vicloa
Vicodunum
Victoria
Victorium
Vicus
Vielun
Vienna
Viennensis
Vierium
Vietnamia
Vigenna
Viglaevanum
Vigoncia
Vigornia
Vigorniensis
Vilazora
Vilkomiria
Villa
Villacum
Villae
Villanova
Villaplini
Villarum
Villingenum
Vilna
Vilvordia
Vimaranes
Vimaranis
Vimaria
Viminacium
Viminatium
Vimutium
Vinarosum
Vinceia
Vincestria
Vindasca
Vindelici
Vindelicia
Vindinum
Vindius
Vindobona
Vindobonae
Vindocinensis
Vindocinum
Vindocladia
Vindomis
Vindonissa
Vindonnus
Vindunum
Vineola
Vingulmorgia
Vinlandia
Vinnicia
Vinniciensis
Vinnipega
Vinovilothia
Vinovium
Vintium
Vippiacum
Virginia
Viria
Virneburgum
Viroconium
Virodunum
Viromandia
Virosidum
Viroviacum
Virsionis
Virtembergia
Virtudum
Visbia
Visconsinia
Visegradum
Visentium
Vismaria
Visoca
Vissaium
Vissegradum
Vistulia
Visurgis
Vita
Vitaliana
Vitebscum
Vitelliacum
Viterbium
Vitopolis
Vitreium
Vitricium
Vitudurum
Vivarensis
Vivaris
Vivarium
Vlacherna
Vladislavia
Vodena
Vodgoriacum
Vodonitia
Voglade
Voiseslavia
Voivodina
Volaterrae
Volga
Volgogradum
Volhinia
Volhinium
Volimes
Volodimiria
Vologda
Voloscum
Volsinii
Volubilis
Voluntia
Voreda
Vorgium
Vorigum
Vormatia
Voronegia
Vorotinia
Vorscla
Vozora
Vratislaburgum
Vratislavia
Vula
Vulatovum
Vulci
Vyomina
Vysznievolocum
Waldenburgum
Walderfinga
Walkenreidensis
Wallachia
Wardenburgum
Waremia
Wassenberga
Wegelia
Werdinensis
Werla
Wermelandia
Werningroda
Wesalia
Westmannia
Westmorlandia
Westringa
Wetzlaria
Weyda
Wiltonia
Wiltoniensis
Wincelcumba
Windesoria
Wintonia
Wipperfurta
Wisingsburgum
Witebia
Witsantum
Wittenburgum
Wolada
Woldemaria
Wulfrunehantona
Wydenbrucca
Wytegra
Xacca
Xaliscum
Xansia
Xantum
Xaritalximis
Xenippa
Ximum
Xois
Xylopolis
Yatvingia
Yaunde
Ysenacum
Zachlumia
Zacrus
Zacynthus
Zaela
Zagoria
Zagorum
Zagrabia
Zaladia
Zaladium
Zalaegerszegium
Zalanta
Zama
Zamintia
Zamm
Zamoscia
Zapaxi
Zaringa
Zaslavia
Zelandia
Zempliniensis
Zemplinium
Zerhun
Zerynthus
Zeugma
Zeylona
Zikideva
Zilil
Zinnensis
Ziriczaea
Ziridava
Zitha
Zitomiria
Zlotovia
Znoyma
Zolnerum
Zolorin
Zorava
Zoropassus
Zubi
Zucchabar
Zuindracum
Zutphania
Zygra
