0xaryan
12ozCode
4rg0n
A248
ace-dent
adarsh-ms
adduc
agoniaprivat
aleb
AlexTMjugador
altruismo
amateursuperuser
AndreaDejanGrande
andrews05
andro404-MTC
anirbandey1
Anomitee
Antti
anuragranj
Aokromes
ap229997
Arcitec
arisinfenix
aristosgi
aromaa
astronautlevel
astronautlevel2
AtiusAmy
au5ton
aviwad
B3DTech
BarbzYHOOL
Batu33TR
beardtree
Betlista
BGirl23
bgulla
Birdman215267
BlockyDeer
Borkkonaut
bowsersenior
brainewell
buddythugginz
Bx16
Carter4242
ChaosJesus
ChaosZero112
chelminski
chennin
ChrisTVH
CirKu17
ClackHack
CoffeeTableEnnui
Coki91
CosminPerRam
cpu2020
crazcalm
creekpld
creiser
CryptoDragonLady
cuplizian
czechuuu
danielharbor
danilopssss
DanteFalzone0
danya02
dariost
DavidDoesCode
davidhcefx
dbkaplun
DecryptingElectrons
demosdemon
DesertPunk
DexterXS
dinhokusanagi
DivineJimmi
divinity76
Doc-4
doniks
DorianMAG
DraqueT
DroWnThePoor
DwayneSelsig
dynobo
earboxer
EarthCitizen
elofu17
elovin
EmidioStani
endr1337
ericmjl
Erroneous1
esler
evanowen
exen904
Exonorid
ezrielSG
F3F5
fabifont
fabiotosi92
Fak3
FakeRayBanz
fawhn
Fedict
fehbari
fffelix-jan
fl1pe
Flameish
flexiondotorg
floomby
forcegk
foxy6520
Francewhoa
FreddyN0va
froobynooby
fszymanski
funkemunky
Gaibhne
Galcian79
gamer191
Gbcha
geel9
ghaith
ghost
gmcclins
god-s-perfect-idiot
gopikrishnanrmg
grandtheftjiujitsu
gtbjj
h0tw1r3
hadess
HankAviator
hawk93
Hax7
hdquemada
herbalizer404
Herrie82
HerrTiSo
hmlendea
hoadlck
htdebeer
HugLifeTiZ
Huluti
hunterwb
ianmartsinkevich
idkhowtodothishalpme
idpwf
ilyearer
ImArkdia
ingria
intel352
invisiblek
Invvk
irazasyed
ivxvm
iwtga
J2TeamNNL
jacob1
jacobleeharris
Jannyboy11
jasiralavi
javalsai
jboero
JCfreak1087
jehendeoff
jesparber
JH3Y50N
jnvb
JoanOrbie
jodizzle
JonathonLuiten
Joo200
jpartain89
jthin-renji
Julian4711
jupblb
JurgenKuyper
kaernyk
kajdo
karlding
kashyap7x
katjaschwarz
Keshuaheli
keteague
kev1njodea
kharoncode
kiwikodes
klatka
klorpa
kollokollo
kornelski
krathalan
kryptonaught
kufii
KyrVorga
L1-0
LameMonster82
LariOesch
lassekongo83
lazyboy0172
Leahcimkrob
LemmaEOF
LemonskyRyan
LifeDreamer24
liquidstate
lissyx
ljacqu
LMescheder
lopho
luislobo
luismayme
lxwulf
m-niemeyer
M109A6
m44soroush
mainattract
MakeNowJust
malwareslayer
Manamama
maritaria
mariuszs
masmc05
mathieujobin
matiprogram
MatthewCox
matthiasclasen
mblaze
mcnesium
meeDamian
melezhik
Melmacker
michaellopez
Miesvanderlippe
mikafouenski
Mikenux
mikeprimm
mikeprimm-mirific
minimusubi
minlexx
miromarszal
mishrashutosh
MisterrrX
mjstahlberg
mobluse
Moranyixiao
mormy
mprimmRFCode
mrvladus
msfjarvis
mxschmitt
navid9675
Ne0N-droid
neenjaw
nereusx
nl6720
nooitaf
nostalgictesla
NRKirby
Offerel
oileurre
okor
OldTownRoadHorse
OleSTEEP
orion715
Oskury
oSoMoN
Paduct
Pantera07
paschalidoud
paul9115
paulinder
pengsongyou
percyqaz
PerfectlyFineCode
perlun
PhilipRoman
piggz
pik
PingNote
piqle
pratik-narain
ProgramminCat
pscosta5
pwithnall
quebexer
rasa
rashil2000
raveenb
RedstoneFuture
ritiek
Roker2
rpj09
rs-pro0
s0u7a
SakulFlee
SamuelEnglard
sdushantha
seavers11
seedneus
Selunie
sennby
SethFalco
sgdc3
shaddygarg
shou692199
shssoichiro
SilviodaSilva1972
simon-donne/
sinaa
Skrupellos
sledgeh
slondr
SNIPERofEG
snydox
solipsist01
SomethingGeneric
SourceDiver42
spacemishka
spectrum705
squalou
squi2rel
StarryCamile
staticfloat
stek29
stevenhoneyman
steveywonderbread91
stiemannkj1
stormboomer
Strahilchu
stranger-danger-zamu
SuperSandro2000
swick
sy-per
tancop
tapir
tdh8316
Teerack
Tenzer
theabbie
TheJoshue
ThePornHelper
thinh-dx03
ThomasGITH
ThomasR
tijme
TJProgrammer
tom-johnsen
tomcharter365
topcaser
tortxof
Trejjam
trgwii
Tsoccerguy3
turian
TUSF
uNCLE699
UniversalSuperBox
vampywiz17
veygax
vladtimug
vpont
vvillee
warjort
Wasby
Weilbyte
xgouchet
XhmikosR
xl-sr
xuchen-ethz
yiyiliao
yochem
YouHaveTrouble
yujiri8
yvan674
yyqwerty
Zeglius
zero77
zhjc2021
ZockiRR
Zoey88girl