adidibao
ady_ro
aladinus
AlexAlexx
Alexanderr1
AlexMilotin
AlexPIT
ALS23
Alyn888
AndyCristescu
AntraxeeToxice
Astoricus
Atlantis
B921
BARichard
Barkeep
befe
belzebut_cruntul
BluePearl
BOGdAn38
BOMB
Buraddo
Bzzz17
carcotas
ChanStat
Cl_Cristian
codrincody
corina007
crismblog
cristi4seby
cristian_toma
danwtf
Darkonyx
darky44
ddoc
Didey
diuras
DJ_KaRR
dmf21
Donarudo
DonDiaz
Doru_Gradinaru
Doxx
Dragos_Burca
dsturzoiu
e-bot
e-Sim
elbandido
elite
emmawitch
eRepublik
Exxe
Fagiani
flo82is
Floryn987
Freyia
Frit01
Ghostuletz
googoodoll
goreH
GuardianAngel
Guest_1343
Haqbard
headster
HerBogdan
hoffa13
hohohobn
HoodLife
iAntonio
IceBot
IceGysmo
infermer
Internets
ionutzd
italianul
jorj87
Kendra
KittehBot
LimitServ
Lucrix
Malefic_Pixel
Mansoor
matrixcornel
MCBadea
mib_boby
MiGHi22
Mity_s
Mixliarder
Morphine^
MrBogdan
Musat
naufragiatu
Nicolae_Crefelean
Nicolas
Nukeru
Oivalf
okty
OrgyOfHate
pista2
PMihai
Publius^BNC
Quotes
Rafy_Angelo
Razvvy
RecruitX
Renat_21
rizeck
Rizon
Rolbap
RomanianAvenger
sandu1123
saru944
Schmidt
SebastianDomsa
sees
shaokann
Silv1u20
Sir-Algaroth
Sisk
Slevin07
Smexy
Sonia1203
SoyMalvinas
SPQN
stefanutz11
StemyGolden
teoteoteo_
The_Djragan
TheRockSays
ThOrNus
TonySimion
tr0ashk88
Trivia
VacaCuCabina
Vulkum
whitelion1973
Xpertiza
xtaSia
Xul0
Zedkar
zerogrozavul
zmeuNY
zZClawZz