_Korova_
135JasonB
1Rayson
333mikkel
Adventurer
AIpheonZ3
Air
Aleksendr
Alle1337King
AndreiMirea
Angelutzulll
as1as5
AsunaSenko
b0gi
BabyBuds
beepbeep
blazurici
Blitzkrieg94
Blooudfjul
BogdanRomanasul
BuildingIdK
butucadrianionut
bvr12345
Calamithy
caracal23
Cata
chaseman098
Codrea22
cody099
Coninstar
coR3q
Csaby
cyucy
danyelzu
danyelzu98
danyzu
David19
Denisse
Doctorasshole
dragomiralex
Dragos
Eatmygouch
EldestJeans1564
ElHori
emil1006
Emilio
Ezreal
Fakey
Feniks
fluffybanana9500
FOOSPRJohnF
frede01
Gazz
GeAsPa
Gerrost
gidspor
hampusw02
Herobrine
hofui
Honeydew
Hori
ibxtoycat
Icarus
Ionut22
iskall85
ivaandrei
Jamison987654321
JMZ
K1773R
Kamikaze
KamiSarma
kimtoby
king22
Lady
LeGeNdS
Legomaster
LikeGods
Lmx
loadme
Maeryun
maggie1999
Maier
maradona
Marko5000
Mary
Matt
mattyishere1
mib_boby
mibu
MinecraftForFree
MoonSoul02
Morkovu
MrNikkiHD
MrNkkiHD
mx650
Nidust
OhMightyGod
Omega2
oOIPHiiLOo
podpoly
PokerFase
qAviis
Qurlles
QwertZ
radumicro
Ramus
Raptr
Rares
Renekton
Rino
RoLunaris
SalC1
san4ez
sapioit_design
SaxtonHale
sebbe_aik
sebikutzu
sharkeyelite123
shepan
Snapy13
Sound453
starwallker24
Stefan12stf
stefanutz11
Struckend
surtea
T3RM1N4TOR
TicTac
Turbo
Tzambalagiu
UnknowN
wattles
WeeD
WeJoke
Werethrope
WezZ
WM28_xD
xisumavoid
xMiL0
Yogling
youseif147
zapejo
zoneplay