_Korova_
135JasonB
1Rayson
333mikkel
58nwhyh
adrian
Adventurer
Africanu
Agamer1_
AIpheonZ3
Air
Aleksendr
alex zombie
Alexx_braila
Alin
Alle1337King
AndreiMirea
Andrey
Angelutzulll
anniesboy
Arttu_Luukkanen
as1as5
AsunaSenko
AsunaSenko3
Aviis
Azorex
Azzuro
b0gi
BabyBuds
beepbeep
Bety
BlaCkMinD_
blazurici
Blitzkrieg94
Bloodlife
Blooudfjul
BodAlex
bogdandoom
BogdanRomanasul
BooM
bubu210
bubu211100
BuildingIdK
bulan8
Bullbunny
BUM
butucadrianionut
bvr12345
bvr123456
Calamithy
CaptainSparklez
caracal23
Cata
chaseman098
christoffer121
Codrea22
cody099
Coke
comang03
Coninstar
coR3q
Csaby
Cucu
cyucy
danyelzu
danyelzu98
danyzu
dark_slasher
David19
dazu_Ty
deadking1
deliric004
Denisse
deydon21
DeZaD1007
DJ_KaRR
DKiller
Doctorasshole
DomnuVev
dR0g
dragomiralex
Dragos
DropDeadCRAIGG
dude5595
DutchoJr
Eatmygouch
Eduardo
EldestJeans1564
EldestJeans1564"
ElHori
emil1006
Emilio
epicdragon69
Ezreal
Fakey
Feniks
Fighter3D
Fire
Firedany
flashmebro
fluffybanana9500
FOOSPRJohnF
frede01
gamemusic
Gazz
GeAsPa
Gerosst
Gerrost
gidspor
GMANIKE
GuessWho
gusterulluca
h5n123
Hackz0r
Halavar105
hampusw02
Herobrine
hofui
Honeydew
Horex67
HorexTheKiller
Hori
Hori873
ibxtoycat
Icarus
ImJustPro
Ionut22
iskall85
Israphel
Italplayer11
ivaandrei
jacksinclair12
Jamison987654321
jarf73
JBB538
jdrzl
Jeanne_D_Arc
JMZ
jonas_2635
K1773R
Kamikaze
KamiSarma
Keeylo
Kennan
kimtoby
king22
Kipy44
Lady
laviimaria
LeGeNdS
legiuneX
Legomaster
LifeIsAGame
LikeGods
Lmx
loadme
Lord_LaMar
lucmichaud100
luluu
Lwnmowersrox
Madara22
Maeryun
maggie1999
Maier
maradona
marceltanase
Marko5000
Mary
Masster3
MasterPhoenix
Matt
mattf20
mattyishere1
maxbugatti
Mechanicu
MeN1njA
Mertory
mib_boby
mibu
Mihai_7
MikuuXD
MinecraftForFree
mircea_2
misterking 22
mocioiu
Mogashimo
MoonSoul02
Morkovu
Mr_Mc_Ownage
MrNikkiHD
MrNkkiHD
mrsammyspecial
mrsune13
mx650
niceguy74
nichiforcristina
Nidust
nnivrim
Notch
ogge0828
OhMightyGod
olsenoliver1234
olty
Omega2
oOIPHiiLOo
oOTaGsTeROo
p1epi3
P1TBULL
Paisley
PcNeww
PcNewww
PlatinumEye
Player
podpoly
PokerFase
polipochet
powers2003
PreviousPants52
purepwnagear
qAviis
qbibixS96
Qurlles
QwertZ
radumicro
Ramus
Raptr
Rares
RaresRapp
RaTeR
redjason123
remus
Renekton
repLay
res0lved
Ridder
Rino
RoLunaris
S3B1
SalC1
san4ez
Sangmun03
sapioit_design
Sarge
Sasha
SaxtonHale
sebastian12007
sebbe_aik
sebikutzu
Seby
Segreto47
Sergiu
SerondM
Shaaark
sharkeyelite123
shepan
shmoopy34
skop
Smiley
Snapy13
SnowmanForLife
SoldjahBoy
Sory666
Sound453
SpawN
starwallker24
steamcat4
Stefan12stf
stefanutz11
Struckend
supanovaz
Surround
surtea
Surv0sa
swaqqbangz
T3RM1N4TOR
Tape
Tedk20
the_v1s1tor
the0de1234
The4pippin
TheGreatJames
ThePengu
TheProphet
TheTerminator
TheWitch
TicTac
TILLU1598
TnTE_bulan8
Turbo
Tzambalagiu
ufozn
UnknowN
Valomas
VasileCiupitu
wattles
WeeD
WeJoke
Werethrope
WezZ
wingold
WM28_xD
WOWDavid1
xDuusK
xisumavoid
xMiL0
xMiLo
XxDevastatorxX
XxSkedzxX
XXthesniperXX
Yaniko
Yogling
youseif147
zapejo
Zaystu
zdog101
zoneplay