10leej
420_Blazeit69
_Online-Eternalz01
Abby526
ac0lyt3
achauv1
AcidMtRavenRock
AkinaYutashii
Aleix0
AlphaKurMum
alsatortenebris
amigovilla2003
AmusingConfusingGuy
Androza23
animelivesmatter
AposPoke
archampion
Ascizonda
AssistBorn4589
atk__91
AtlanticPortal
automatedincome_
Ayala472
BamboozledMyself
bg1987
Bhallu_
Bitter_Ad1138
blissfullharmony
BlueMetaMind
bpoatatoa
BrageFuglseth
brandonkerino
brandyboffin
BubblyMango
Careless-Resident-32
Caron1822
ceratophaga
cesarsf12
chamberlava96024
CharcoalWalls
chrisfrasr
ChuuniSaysHi
colargol38
ComprehensiveYam
d_chec
dedlop
Designer_Ad7408
Diffus58
drbroccoli00
DrPiwi
dswng
dudib3tccc
dugite-code
dumnem
EggAny5696
elinostro
emgi2
Exciting_Frosting592
FearlessDamage1896
Fiddleboi
flamingfungi
fractalfocuser
FrankDuhTank
Game_Maker
gcstr
ginuzzi
GoastRiter
GolbatsEverwhere
GreyXor
han190
Harry7C
HeadEmptii
I_GAVE_MYSELF_GOLD
iAsuna
Im_Blackice
InvestigatorAbject61
itspronouncedx
JonNathe
just_another_person5
Just_Miantenance
Kakamile
Kayshift
kijof
KoreWaMessatsu91
kukisRedditer
LamonGrahm
Lariixd
lcomrade
liari
lilithONE
Loginataka
lrc1710
luxii32
lwisp360
M4d_Ghoul
madhuforcontent
MichauNeedHealing
mirsella
mitul036
Modem_56k
molecula21
Molius42
MostExpensiveThing
musclepunched
NaheemSays
NekkoDroid
NettoHikariDE
Nico81107
nightblackdragon
nira007pwnz
No_Drama4612
Northstar1989
numeralnumber
Ok-Rule-6289
Ok_Significance_7194
Outrageous_Pride_742
OverlordMarkus
papayahog
Particular_Chance769
PatchPixel
PatheticChicken
pianoplayrr
Prif
Proderic
pseudonym-161
Raywuo
realkarthiknair
redhotmullet
reen_hurt
RegularDevelopment52
Remarkable_Hurry_211
RespectfulRaven
roachh2
rohmish
Ryebread095
sadlerm
samisevil777
Serylt
SgtWrongway
Short_Cranberry_837
simion314
smw66466
SomeRandoLameo
SpicysaucedHD
Stetsed
Successful-Apple-670
Sulinia
SuperEscuadron
SurpriseHamburgler
TadpoleExtension1023
tanj_redshirt
Tarlia
Tau8VnmE0Neutrino
teackot
Tecnomancer-002
temisola1
Thecrazymoroccan
TheEntropicMan
TheL117
thorxtu
throwaway-DSMK
ting_bu_dong
Tricky_Couple3361
Tricky_Couple_3361
txmail
tydog98
unausgeschlafen
vicho_5641
Vignesh_22
Village_Responsible
vimsee
water_aspirant
Wiseguy_Montag
wonkotsane42
xPofsx
xXConsolePeasantryXx
yaolin_guai
yeoltiger
YourFlakingFuture
z-c0rp
zachthehax
zarrian
zrooda