2spookypackagepony
abatementinterpreted
abaticho
Abendzeit
abovemundebuffy
absenceignored
accommodatexrock
acilikor
activesspl
activetica
activewiz
adhuor
adigogan
adjanie
admareo
advaler
adwoli
aegonisablackfyre
aenalion
Aenno
aethak
aethariah
aether892
aethrakann
aevarin
affstreak
afomanwan
agedwalt
agent_finalize
agilefay
agogtank72
Agractifi
aiebany
alath291
albaethela
aloeld
Alpharmedia
alstoratheleroyc
altexei
Altiris
alundasanamonr
amendfather
Ametomasu
amionnah
ammunitionrotten
andhammond
angelskat
animetricked
Annexist
antheathonangurrel
aobhan
ardethel
arsenalthere
artisticibis
astablondie
athelman
atismaha2
axngelic
ballcrunchy
BallsOfSteelBaby
batesarrogant
be11eybsnarky
beakerexpansion
benignm
beornrahniel
betsoshabeth
Bewhiteo
bigbee2017
bigdatadata
bigpontiti
bikesglobally
billable19
birdsetron
birminghamp
blazeknave
blestibelzer
blicropi
bocolocous
bodgersnucleus
boostaffe
boylaidge
bpl06916
Brarehar
brickrulazure
brownjasmine
brygebius
buckedunderwent
BugBenCrazii
bumbugfulfilled
buymonarch
bwcue
byssaceous
cacaluba
Cambridgesos
canfermarmathae
castaddoca
catholicsroyale
celebritieslev
chaelbando
chapterci
charium617
chrisjacrow
clavanyrtlescal
cliecent
clockro4ch
cloninace
comedonferth
comfrog21
Commentsom
compileheadchef
conformative
Coninstar
ContentBulletin
correspondingkat
Crispordewp
cyd60985
damonckudzu
dataclownghost
datrotten23
daytifyff
defendedmenthol
delegatorpiano
deliriousweasel
Desigenni
desigenni1991
dilatewer
disgustingprince
dislikeocculation
dnananam
dollsagreed
dorialm42
drerrald
dudetechan
DzHicham
eabiclo
ealbraspe
easyndover
economicsg
edaggylierame
ederrath
elbrusizzy
elginfragment
Elizabeth
employeet
enarnalirsty
Ennuite
enthusiasticvariables
ereatram
erevudd
eshirnore
eudaemony
eupandros
Evinseyfa
ewhufra
ewovane
exawoe792
extensionssodium
fairnolen
FalseGoldfish
Fettuccine
fflincidents
fisto the robo
forkand89
fortinlashabrand
foxugliest
FreeLoverBoi
Fresherna
Freyja
frigotram
Froecan
FrogiemTwink
gameplayhealer
gangsterlifeking
GarnettFor
geif
geornath
gingerbreaddustin
Girennor
glazedtransportation
glazingviz
GloryCover911
glozinggoring
gochiviyo
grimridcenward
GroupBlog
growlingstemson
guessgzip
hackerangelhunter
harkoyle
Heavenerwo
hellyestre
Hikullie
hooliganvennison
hopetresma
hori613
Hori873
hoydenism
Hypno
ianchronicle
Ichnography
idiotsjanis
IffyWeblog
iglem
indrujaks
InstantVeteran
IntelligentOyster
itsjustmyshadow
Jamentel
jeffriesig
Jimmard
jpinard
jrjakerbesom
jugumerne
JungleSardine
Kaayand
Kampfschwein
kaotha
Karmapowered
kawaiiselfie
kedidus
KeepupKai
Kelvinme10c00l
kfutures
kinesgirdle
kinespexy
kinfolkscaup
KinoForbFire
kirgruzoth
krazkuth
kredozges
kynacelyr
laguntuism
larytlan
latticebooted
Leadderbil
Lewa263
librarycurl
lintvivace
lipsunfocused
litmusswallow
lmemmylaneneat
logfear
lookupmotor
luggerstein
lukashcoot
lyswith
madidcraft53
maggonar
mannothan
manuchest
Markusaw
maxo9myriad
McLovin
megalemoncola
mellallebi
Miam des Big Macs
miraurid
moaningsaving51
mod_uploader_mcn
moonbarrel
MoonJamieson
Morakh
mosquitotoes
mottescram
mphreymahaymannalda
muddleddog68
nafredtim
naldapph
neediaat
ngcadjustments
nickvdw
nielmarma
nielsungcomea
Nilserich
Ningauble
ninjadropshotprincess420
nlahapmawn
nohacan
nohaloth
noscopedawg
obamabandit
obnoxiousdetail
obviousstitches
odontograph
oebero912
opaulaur
outragedhorse
palacord
paohar
paranormalspys3lfi3
parcelseptember
pardoric
Peakerexel
pedigreeair
pembrokecraven
phalanxvegetable
phieha
picador_elegy
pilosekingfyp0s
pipinginst
pointstiger
politequail
preferencecartoon
proudweapon
punishmentdirect
putanism
Queyescoat
Radanos
radicalkiwi
rancompti
rashkxem
regulbehoof
Renown
reproductionspooky
respectfulf00tball
riceasp
ricseph
rmolalavirley
rnillercymasash
robbiedonkeybenson
robbieshrekbaiter
rpgmering
rriceytattern
rwildoddereegara
ryeavail
rytolcia
sagrimadel
saijudged
saiyanagen
sarabald
saridorahlau
sassafras
SaviorRobDarth
scheensti
Schoolaria
scooternasal
ScrubLifeTV
scuckiado
sedclear
seltheal
shatterhdcheer
shearmindblowing
sheffieldfig
shetlandlupton
shrankgarboard
shrimpscold
signatureversatile
sihistory
sinisterbakery
slangwhang
soundventricle
sphygmograph
spitefulonions
spoonzip
stayback01
stefrid
stellacharr
stompyd3mon
strergrus
strindro
SummerFroglet
summerparrot
SushyGot
sweatrefining
syk
talenteddimensions
tallytich
TaraJess
Tenallog
thagrannan
TheborgTainted
There Is No Spoon
therinos
theseshire
thwartingswarpet
ticketstidiness
tiffdiva
tillyuses
timriawaldhe
tinedale
tinyshelving
tissuenicoise
triggeredtalexxx
trkobrafizgig
truelove101992
tteph
twistervarve
ucanguleorg
ulilav
umberpoint
unzor325
uptightpush
urinadoor
Vagdrorath
vasili_lefko
vasili_lefko2
Veldmaarschalk
vigexaun
vilinvia
voksib
vuzguzun
w3epingsurgeon
wannatheborg
waverfie
wcontract
wicareb
wicaylath
wiseleofcon
witharliers
wizardagent
womanwired
wsspark
xxbroroguedarkxx
xxxlegend2016
yawsfer200
yboisean
yeeeguy
yserixia
zairgos
zazgund
ZeroRofl
zotoire
zozronech
HappySack
Dragonrubi
Garatgh Deloi
DirishDevil
SVaughan
Chthonic Guardian
Kagari
Static-ghost
Ryika
Unimportant
felmari
Meewec
DYNIA
yuzhonglu
ScreamCon
Geoff
Emperor Palpatine
Big mean bunny
Disciple.
Punished Jeremy
lemurs2
Immortalis
SaD-82
Moa Rider
mk_thot
RubiiX
Elitewrecker PT
