1wwtom
7own878
703kevlar
_lolness_8800
a.f.5490
aaleven4728
AceSpadeThePikachu
adambester3673
adimanole
ahumanzr
Aletho
Alex-cb5g0
alienorcatsim4136
AltFall
alxforbidden
AnalyticMinded
angeldude101
Aprylnators
arcticwolf49
ardidsonriente2223
arip9193
arr4nn_911
asdfghyter
avengersspirit4751
awesomekalin55
azureScapegoat
BaconToPig
basically_boring
Battler624
bayeksenu7099
Beryesa
bill_the_duck
billyrangel5609
blackum
BlueMewGamePlays
BlueNerd
bobbythefisherman
boberteroberte
brandxn_1106
bruler111
busybee_2004
cap6733
captaincreepergr6706
catlover9998
cesarsantos854
chasemason5129
cheesium238
chrideefer
chris_rnj2163
cnrcosmin
Cobra365
CommanderFoxclone1010
confusedbees
cool_6042
corina3052
cosmic_horizon
cosmicusstardust3300
CrazyFunnyCats
CRCinAU
CrustyFox87
CygnusMC
Damariobros
dancingpuffin8936
DarkRevolution
datonedood3791
DaveEtchells
Dead-But_PrettyAU
DearFox
deleted-something
destrictiveraider
dionnah1613
dizimo1188
Dom_Maretti
dookiebutt616
DPadGamer
Dr.Pootis
dreamcat4
DreamingButton
duckyosis
ehtrude
elpollorojo5271
Emeral
etiar31
FatDwalf
fineman1064
floppa9415
Floryn21
FonicsSuck
friendlyfire7861
frostatlantik9949
GaudyMarko
Geedly
GeminiTay
generalghost7572
GhostInTheCogs
gigaherz_
GiornoJovani
goatsplitter
GothicPhantomZero
grzegorzdabrowski7300
gvee1445
HalfEclipsed
HappyDappy
HappyGick
HarrisonBorbarrison
Hazk1ant
henkman00
hlcdriver
hoperose4098
HTWingNut
hyun-shik7327
ibxtoycat
icelandia4
iskall85
itisinickt
ItzJhief
ivecodiny
Jacobus-MJEB
JayzTwoCents
Jelte_Dijkmans
jfolz
JoshDisher
karpabla
KazukoKodo
Kbarrgamer87
kenn743
kevinvu5432
keytrononit3
kilerow123
killerquality1446
kingkamoshida3234
Kiplabe
KiranasOfRizon
Konym
Koranos
Kosmo
kouchka09
KSky17
kudvin3070
lapetusStag
leshiy_nd
limonero8757
Littlefighter1911
logicalfundy
logminusone1272
LuuppiOsu
macyshintaffer8922
Maldroid
mangofan01
Mawerik
maxvilocity
MegaMech
melodysheep
Mempler
MG3887Griff
mirrikybird
Momijie
Mr76Pontiac
MrBebemicmic
MrMezmerized
MrRickyc4
MrSaviorHD
mydogniko
nikoniko6172
nimk
nioxic77
noahg2
NotSenz
notuxnobux
omegaalex18
Ominous_Leaf
ominousodyssey5275
omri9325
OperatorDrewski
ordinarydork2515
papahemmy8587
pfitz4881
phoenixsword2452
PhyzzFizz
PietersonOficjal
pine_aatrox5260
pintub37
pkalman2045
Plant-uu5ok
PlayerEngineer
Populon993
progress
Psykolord1989
pugnace9169
QilleWolf
QuantumMechanicYT
QuietExe
RadKing
randoir1863
randombystander563
reekill_playlists
retroandgaming9134
Reycko
rickdg
Rie
riffraff7942
roberson644
RosieTheBat
RougeTheGato
RownTown
rrruby1377
Rysuko1
sablekitten51
SalC1
Salmence
SemiHypercube
sethd.8381
Seytonic
sgt.zaitsev287
Shadow2480games
shawnz6272
Sikecian
silentwisperer
siriusmart
Skyrionn
slicedlime
snap_oversteer
some_dude1234
sorbatos4602
SpaceWizardus47
stan690
steamclanker5963
sunblood701
SuperSmashDolls
Synonymous
szaszm_
TatharNuar
technofire295
tepig2828
ThatGuyGlen
the80hdgaming
TheCubicplanet
TheDoomer666
TheEngieTF2
TheGuyWhoIsSitting
TheLonelyMoon
thetrickster7944
thewigle1074
thoriume
Throarbin
Tinnydirector
tomdragamer
toshiscool
tsczhaby
ttrev007
twinzzworld9025
tzman1312
username1
uzeustosun
vanix_nss8382
vinny-zeb
vltin.11valentin86
Voltra_
voxelfusion9894
wattles
WiseFish
Wolfie_-qt6mn
wolveswordlupus8774
Xayllernste
xisumavoid
yahccs1
yamiraguero5541
Yomia1488
yourikhan4425
Zera
zokalyx