1wwtom
703kevlar
aaleven4728
ahumanzr
AnalyticMinded
angeldude101
arcticwolf49
BaconToPig
basically_boring
Battler624
Beryesa
bobbythefisherman
brandxn_1106
busybee_2004
captaincreepergr6706
chasemason5129
CommanderFoxclone1010
CrazyFunnyCats
CrustyFox87
DarkRevolution
datonedood3791
deleted-something
Dom_Maretti
dookiebutt616
dreamcat4
Dr.Pootis
duckyosis
FatDwalf
fineman1064
floppa9415
FonicsSuck
GaudyMarko
gigaherz_
GiornoJovani
GothicPhantomZero
grzegorzdabrowski7300
HarrisonBorbarrison
hlcdriver
hoperose4098
jfolz
Kbarrgamer87
Kiplabe
kudvin3070
lapetusStag
logicalfundy
logminusone1272
mangofan01
maxvilocity
Mempler
mirrikybird
Momijie
MrMezmerized
nioxic77
notuxnobux
Ominous_Leaf
PhyzzFizz
PietersonOficjal
pintub37
Populon993
Psykolord1989
pugnace9169
randoir1863
randombystander563
reekill_playlists
retroandgaming9134
riffraff7942
RosieTheBat
RownTown
Rysuko1
SemiHypercube
sethd.8381
snap_oversteer
some_dude1234
sorbatos4602
SpaceWizardus47
SuperSmashDolls
szaszm_
tepig2828
the80hdgaming
TheEngieTF2
TheGuyWhoIsSitting
tomdragamer
toshiscool
tsczhaby
voxelfusion9894
wolveswordlupus8774
yamiraguero5541
