Aba Uianvaru
Abaúj
Abaújvár
Abdéra
Abházia
Abrud
Abrudbánya
Abüdosz
Áden
Adony
Adriai-tenger
Afganisztán
Afrika
Agade
Ágosta
Agrínio
Aharnész
Ahmadábád
Ahtubinszk
Ahváz
Aika
Aitólia
Ajka
Ajodhja
Akarnania
Akhmím
Akkojunlu
Aknasugatag
Aknavásár
Akszubajevo
Alamóc
Alánia
Alaszka
Alatir
Albánia
Albinc
Aleppó
Alföld
Algéria
Algír
Alláhábád
Almati
Alpok
Alsó-Ausztria
Alsó-Egyiptom
Alsó-Fehér
Alsó-Kalifornia
Alsókomána
Alsókubin
Alsó-Szilézia
Alsóverecke
Alusov Kubin
Alvinc
Amádijja
Amára
Amdó
Amerika
Ammán
Ammáni Citadella
Amorgósz
Amphaxitisz
Amphipolisz
Amrávati
Amszterdam
Amurrú
A Nap Lovagjai
Anatólia
Andalúzia
Ándhra Prades
Andijon
Ándrosz
Anglia
Annába
Ansan
Antarktika
Antigua és Barbuda
Apameia
Apatfalva
Apátfalva
Apátiszállás
Apatizallas
Aphrodisziasz
Aquitania
Arab-sivatag
Arab-tenger
Arad
Aragónia
Aralszk–7
Arámabánya
Aran Hurda
Aranusbana
Arany Horda
Aranyos
Aranyosbánya
Ardabíl
Argas
Argasdvarhel
Árgosz
Argyas
Argyasudvarhely
Arhangelszk
Árkádia
Árokszállás
Arokzallas
Arradzsán
Arta
Arunácsal Prades
Árva
Arva Vara
Árvavára
Arzamasz–16
Arzava
Asdód
Askelón
Asszaszin
Asszíria
Asszuán
Astarak
Aszahikava
A Szent Sír Testvérisége
Asziné
Aszjút
Aszpendosz
Asztakosz
Asztana
Asztrahán
Asztúria
Atacama
Athén
Athribisz
Atirau
Atlanti-Óceán
Atlasz
Attika
Ausztrália
Ausztráliai Fővárosi Terület
Ausztria
Ausztria-Magyarország
Avarisz
Avovaru
Azerbajdzsán
Azori-szigetek
Ázsia
Baakúba
Babilon
Babrujszk
Bache
Bács
Bagdad
Baharijja
Bahcsiszeráj
Bahrein
Baia
Baja
Bajandalaj
Bajkonur
Bajmóc
Bajorország
Bakabanýa
Bakabánya
Bako
Bákó
Bakonbel
Bakonybél
Baktria
Balahna
Balasov
Balassa Garamat
Balassagyarmat
Balaton
Balcsik
Baleár-tenger
Bálványos
Balvanýus
Bámiján
Bánffyhunyad
Bánfihunyad
Banglades
Bani Szuvajf
Bani Valíd
Banne
Bannovszkij
Bánság
Barabinszk
Baranavicsi
Barancs
Baranya
Baranyavár
Barasu
Barcarozsnyó
Barcasag
Barcaság
Barcelóna
Bardujef
Bareli
Bargülia
Baris
Bariszav
Barlad
Barlád
Barnstable
Bártfa
Baskelv
Baskíria
Baszkelve
Baszkföld
Baszra
Baszutóföld
Bátorkeszi
Battonya
Baturkezi
Bazarabfeld
Bazarábföld
Bázel
Bece
Becko
Beckó
Bécs
Becse
Becsuánaföld
Bécsújhely
Beér-Seva
Begecs
Beikes
Bejrút
Békés
Békéscsaba
Bektásik
Bela
Béla
Belebej
Belenjnes
Belényes
Belgrád
Belogorszk
Belogradcsik
Bender
Bengália
Bengázi
Bený
Bény
Berdicsiv
Berdyansk
Bereg
Beregszász
Bereg Vara
Beren
Berény
Bergyanszk
Berszászka
Besenýe
Besenyő
Besenyők
Besprem
Besszarábia
Beszterce
Besztercebánya
Betlehem
Bezseck
Bezterce
Bhávnagar
Bhután
Bhuvanesvar
Bídzsápur
Bihács
Bihar
Bihár
Birjusza
Birobidzsan
Birszk
Bissau-Guinea
Bithünia
Blagovescsenszk
Blagusa
Bodajbo
Bodony
Bodrog
Bodzavásár
Bogdána
Boimuc
Boiótia
Boksánbánya
Boksanvaru
Bolívia
Bologoje
Börénvásár
Boriszpil
Börön
Boroszló
Borovicsi
Borsa
Borsod
Borsua
Bors Vara
Borudzserd
Borzavasar
Borzsova
Bosiako
Bosznia
Boszporusz
Botosán
Boznia
Bozsjákó
Brajla
Brassó
Braszlav
Bratszk
Brazília
Bréma
Breszt
Breznóbánya
Brit Columbia
Brit Honduras
Brit Szomáliföld
Brizna
Brjanszk
Brötány
Brüsszel
Büblosz
Bucsacs
Bucsum
Budzsák
Buhara
Bukarest
Bukovina
Bulgar
Bulgária
Burgasz
Burgundia
Burjátföld
Buthróton
Bychor
Byhor
Byztercebanýa
Caba
Caca
Cagáncsulút
Calatrava-Rend
Caricin
Carjovokoksajszk
Cassa
Cegléd
Celinograd
Celldömölk
Centula
Chagataj
Chanad
Chingilous
Chinvali
Chongrad
Chorvat Uruzag
Cibin
Cicsereda
Cigged
Cille
Ciprus
Cirkvenica
Ciszlajtánia
Civilszk
Cobanc
Copurna
Copuvaru
Crasou
Crasouvaru
Cremnychbana
Csaba
Csábahár
Csaca
Csagatáj
Csáktornya
Csákvár
Csanád
Csangcsiakou
Csangcsun
Császló
Csatorna-szigetek
Csebokszári
Csehország
Cseljabinszk
Csengtu
Cseremhovo
Cserepovec
Cserkaszi
Csernobil
Csernyahovszk
Csernyihiv
Csernyvci
Cserven
Cserveny
Cshattíszgarh
Csiaji
Csiajükuan
Csiangszu
Csicsibu
Csíkszereda
Csilin
Csinghaj
Csingtao
Csittagong
Csobánc
Csöbörcsök
Csöcsiang
Csomolungma
Csongrád
Csortkiv
Csúgoku
Csuhloma
Csuhujiv
Csumikan
Csungking
Csurgó
Csuszovaja
Csuvasföld
Cundinamarca
Curgo
Curmend
Czoborszentmihály
Dagesztán
Dajr ez-Zaur
Dák Királyság
Dalandzadgad
Dalmacia
Dalmácia
Damaszkusz
Dammám
Dancka
Dánia
Dardzsiling
Darhan
Dasszarétföld
Dast-e Lut
Debrecen
Debrezun
Dees
Dehradún
Dél-Afrika
Dél-Ausztrália
Dél-Csehország
Dél-Dakota
Delényes
Delgercogt
Delgerhangáj
Dél-Írország
Dél-Karolina
Dél-Korea
Délosz
Déloszi Szövetség
Delphoi
Dél-Szerbia
Dél-Tirol
Dentumoger
Dentü-Mogyer
Deravár
Dés
Deva
Déva
Deven
Dévény
Diakovár
Diakovaru
Didümoteikhó
Dijár Bakr
Diószeg
D’mt
Dnyeszterfehérvár
Dnyipro
Doboka
Dobrics
Dobrin
Dobrudzsa
Dodekanészosz
Dombóvár
Doneck
Dornavátra
Dorohoj
Drezda
Drinápoly
Drohobics
Drombár
Drumcliffe
Dsula
Dsulafehervaru
Dubaj
Dugyinka
Duna
Dunaföldvár
Dunántúl
Dunaszerdahely
Duorhel
Duránc
Durosztol
Dvárka
Dzjarzsinszk
Dzsádói-fennsík
Dzsaiszalmer
Dzsalálábád
Dzsálandhár
Dzsammu
Dzsardzsísz
Dzsavahéti
Dzsenné
Dzseras
Dzsermuk
Dzshánszí
Dzshárkhand
Dzsibuti
Dzsidda
Dzsiroft
Dzsubaföld
Dzsungária
Edessza
Édesza
Edogava
Egedhaluma
Égei
Égei-Szigetek
Égei-Tenger
Egerszeg
Egurzeg
Egyedhalma
Egyenlítői-Guinea
Egyesült Arab Emírségek
Egyiptom
Éjio
Elám
Eldorádó
Elefántcsontpart
Elefszína
Élesd
Elimeia
Élisz
Elő-Pomeránia
Elusd
Elzász
Elzász-Lotaringia
Enyed
Enýed
Eordaia
Eperies
Eperjes
Epheszosz
Epirusz
Erdély
Erdesumulu
Erdeüleü
Ermúpoli
Érsomlyó
Erzsébetváros
Esec
Észak-Dakota
Észak-Erdély
Észak-Írország
Északi-tenger
Északi Terület
Észak-Karolina
Észak-Korea
Észak-Macedónia
Észak-Magyarország
Észak-Norvégia
Északnyugati Területek
Eszék
Esztergom
Észtország
Etel
Etelköz
Etiópia
Eurázsia
Európa
Évia
Fahradzs
Fajjúm
Falkland-Szigetek
Fanoté
Fáraó-sziget
Feher
Fehér
Fehéroroszország
Fehértemplom
Feherurusurusag
Feheru Yghaz
Fehérvár
Fehervaru
Feier
Fejér
Fejéregyház
Fekete Gyergyó
Feketehalom
Fekete Horda
Fekete Hurda
Fekete Korfu
Fekete-tenger
Feketu Georgo
Feketuhalum
Feldvaru
Felső-Ausztria
Felsőbánya
Felső-Egyiptom
Felsőőr
Felsö-Szilézia
Felsovízkoz
Felső-Voltai
Felvelnuk
Feröer
Feyervár
Feyérvár
Filek
Filipápoly
Filippi
Finnország
Firenze
Fiume
Flandria
Fogaras
Fogros
Foksány
Földközi-tenger
Földvár
Folegandrosz
Fölöstöm
Fönícia
Fonold
Fonyód
Francia India
Franciaország
Francia Polinézia
Francia Szomáliföld
Frankföld
Frízföld
Fucsien
Fülek
Fülöpszigetek
Gac
Gács
Gácsország-Volhínia
Gadámesz
Galac
Galambóc
Galanta
Galánta
Galgoc
Galgóc
Galicia
Galícia
Galilea
Gallia
Gálya
Gandhára
Gara
Garamszentbenedek
Garmat
Gasszánidák
Gát
Gatcsina
Gemer
Genf
Genova
Gent
Gepuvasarhel
Gerec
Geréc
Gergo
Geur
Geur Tatos
Ghána
Gibraltár
Gilán
Girált
Gíza
Gjumri
Godzsam
Golesztán
Gomor
Gömör
Gönc
Gongos
Gorgán
Görögország
Goto
Gotó
Grác
Gradijszk
Grajovec
Grana Tatos
Grec
Gréc
Grenada
Grönland
Groznij
Grúzia
Guaduta
Gudzsarát
Gudzsranvála
Guncy
Guta
Gúta
Gválijar
Gyapjúvásárhely
Gyergyószentmiklós
Gyöngyös
Gyöngyöspata
Győr
Gyõrszentmárton
Gyozeg
Gyula
Gyulafehérvár
Gyula Fehérvár
Gyula Feyervár
Gyurgyevó
Habarovszk
Hadramaut
Hága
Haidarábád
Haithabu
Hajasa
Hajdúszoboszló
Hakaszföld
Halándri
Halas
Halhatatlanok
Halics
Halkidikí
Halle an der Saale
Halmag
Halmaghfalwa
Hamá
Hamadán
Hámi
Hancsung
Handiga
Haniá
Hanti-Manszijszk
Haradzsuku
Hargita
Harlo
Harló
Háromszék
Harrán
Harszoc
Haszkovo
Hátszeg
Havanna
Havasalföld
Havaselv
Havaselve
Hédervár
Hedervaru
Heftaliták
Hejlungcsiang
Hellász
Hérakleia
Hérakleia Lünkésztisz
Hérakleia Pontiké
Hérakleia Trakhisz
Herát
Herkulesfürdő
Herszon
Héthárs
Hethas
Hét Magyar
Hetumoger
Heves
Hidzsáz
Hiiusziget
Híosz
Hirosima
Hmelnickij
Hódmezővásárhely
Hódvásárhely
Hokkaidó
Hollandia
Holmogori
Holos
Homsz
Hongkong
Hont
Hontvár
Hontvaru
Horászán
Horramábád
Horramsahr
Horticja
Horvátország
Hosszúmező
Hotin
Hövszgöl
Hozumeze
Hrodna
Hsziamen
Huajnan
Huangsan
Hunak
Hun Birodalom
Hungnod
Hung Vara
Huniad
Hunyad
Hupej
Huszt
Huszváros
Huzesztán
Huzt
Hvanghe
Hvárezm
Hwnyadwar
Iaica
Iazovara
Iazvasar
Ieney
Ierkivaru
Igló
Iguazú-vízesés
Ikervár
Illíria
Ilonca
Ilosva
Ilyvó
Indaur
Indokína
Indonézia
Iráklio
Irán
Irkutszk
Írország
Ír-tenger
Iscotfeuld
Iszfahán
Íszín
Isztambul
Isztria
Ivakuni
Ivano-Frankivszk
Ize
Izland
Izmajil
Izrael
Izsevszk
Iztergam
Jajca
Jakutföld
Jakutszk
Jalta
Jangcsou
Jarkend
Jaroszlavl
Jászapáti
Jászberény
Jászó
Jászvásár
Jáva
Jekatyerinburg
Jelec
Jemen
Jéna
Jengi-Hiszar
Jenõ
Jenyiszejszk
Jerápetra
Jerevan
Jereván
Jerikó
Jeruzsálem
Joánina
Jongnam
Jón-szigetek
Jón-tenger
Jordánia
Jóreménység Foka
Joskar-Ola
Jugoszlávia
Jülin
Jylland
Kábesz
Kafkasya
Kaheti
Kairó
Kairuán
Kalamáta
Kalaraszi
Kalifornia
Kalindzsár
Kalinkavicsi
Kalinyingrád
Kalmari Vár
Kalmükföld
Kaloca
Kalocsa
Kamarína
Kambodzsa
Kamcsatka
Kamenyeck-Podolszk
Kamerun
Kamisin
Kamjanyec
Kánaán
Kanada
Káncsipuram
Kancsou
Kandahár
Kangnam
Kanisa
Kanizsa
Kanossza
Kanszai
Kantó
Kapilavasztu
Kaposvár
Kaposvaru
Kappadókia
Kapronca
Kapuvár
Karabogaz
Kara-Bogaz-öböl
Karácson
Karácsonkő
Karácsony-sziget
Karacun
Karacunko
Karakalpaksztán
Karako
Karakó
Karakojunlu
Karakol
Karánsebes
Karasár
Karasnavaru
Kardtestvérek Rendje
Karélia
Kária
Karintia
Karjalaiak
Karkemis
Karnátaka
Károly
Károlyváros
Kárpátalja Földrajza
Kárpátaljai
Kárpáthosz
Karpatia
Kárpátia
Karthágó
Kartúm
Karul
Karüsztosz
Kasgar
Kasmír
Kassa
Kasszópé
Kaszala
Kaszentína
Kaszr Harana
Katalónia
Katar
Katerinodar
Kaukázus
Kazaria
Kazárország
Kazvin
Keckement
Kecskemét
Kefaloniá
Kelet-Anatóliai
Kelet-Frízföld
Keleti-Ghatok
Kelet-Trákia
Kelta-tenger
Kemcsug
Kerkuán
Kerlés
Kermán
Kermánsáh
Kesmark
Késmárk
Keszong
Keszthely
Keuee
Keuseg
Keve
Kevevára
Kezdi
Kézdivásárhely
Kezthel
Khadzsuráhó
Khairóneia
Khaónia
Khrüszondüón
Kicsevo
Kijev
Kilikia
Kinyesma
Kipcsak
Királyi
Királyvárad
Kirenszk
Kirgizisztán
Kirileiz
Kis-Havasalföld
Kisieney
Kisjenő
Kis-Lengyelország
Kismarton
Kisnikápoly
Kis-Oláhország
Kis Olah Uruzag
Kisszeben
Kiszuca Uianhel
Kiszucaújhely
Kíthira
Kjúsú
Kjusztendil
Klissza
Klizza
Knidosz
Knósszosz
Knyaginyino
Kojdanav
Kókusz-szigetek
Kolhápur
Kolima
Kolivany
Kolkhisz
Kolomija
Kolonvaru
Kolósszi
Kolosvaru
Kolozsvár
Kolumbia
Komárom
Komarum
Komiati
Komját
Konstanca
Konstantinápoly
Koppenhága
Korfu
Korinthosz
Korjazsma
Körmend
Körmöcbánya
Koroly
Koros
Kőrös
Körösvidék
Korpona
Korzika
Korzika és Szardínia
Kosz
Kőszeg
Koszovó
Kosztanaj
Koszti
Kosztroma
Kotlasz
Kovászna
Közép-Atlanti-Hátság
Közép-Magyarország
Közép-Makedónia
Közép-Szerbia
Közép-Szibéria
Kozsíkóde
Krakkó
Krassó
Krassóvár
Kraszna
Krasznavár
Krasznodar
Krasznojarszk
Krasznokoksajszk
Kremencsuk
Kréta
Krím
Krk
Kromerzsízs
Kruja
Ksztovo
Kuanghszi
Kuangtung
Kuba
Kuban
Kubán
Kucce
Küccse
Kucsó
Kuhbonán
Kujávia
Kujlin
Kükládok
Küküllővár
Kukullovaru
Kumuh
Kunország
Kurdisztán
Küréné
Kurföld
Kusínagar
Kusita
Kuszara
Kutenya
Kuvait
Kuvazna
Küzikosz
Kuznyeck
Kvetta
Kyeu
Kyeu Vara
Kyzdy Wasahel
Ladak
Láhidzsán
Lahojszk
Lahor
Lakonía
Laodikeia Phrügiké
Laosz
Láposbánya
Laposnyatelep
Lappföld
Lapusbana
Lapusbánya
Lapysbanya
Lárisza
Lárnaka
Latin Császárság
Lausitz
Lefkáda
Lemes
Lendzialföld
Lendzielv
Lendzielve
Lengyelország
Leszbosz
Letenye
Lettország
Levedia
Levédia
Leventevár
Lezha
Lhásza
Libanon
Libéria
Líbia
Líbiai-sivatag
Ligur-tenger
Limasszol
Limnosz
Lindosz
Lipce
Lipcse
Lippa
Lippo Ujvaru
Lipto
Liptószentmiklós
Lipto Tatos
Liptó Ujvár
Liptóújvár
Lipva
Lisszabon
Litamérsz
Litvánia
Livónia
Loce
Lõcse
Logyejnoje Pole
Loire Mente
Lokrisz
Lombardia
Lombard Liga
Loresztán
Losonc
Lotaringia
Lubló
Lublov
Lucas
Luchunch
Luck
Lüdia
Lugos
Luhanszk
Lukácsbánya
Lükia
Lünkésztisz
Luxemburg
Luzerne
Maán
Macsó
Macsóság
Macujama
Madagaszkár
Maduráj
Magellán-szoros
Maglocka
Magnyitogorszk
Magyarország
Mahábád
Mahacskala
Mahárástra
Mahiljov
Maiszúr
Majna
Makaó
Makedónia
Makó
Makofalwa
Malacka
Maladzecsna
Malajzia
Maldív
Malmizs
Málta
Manáma
Mandok
Mándok
Mangalia
Manicheizmus
Mantova
Máramaros
Máramarossziget
Márgáo
Marica
Mariföld
Marokkó
Maros
Maroskarna
Marosvásárhely
Marot
Marót
Marrákes
Márvány
Márvány-kanyon
Maszkat
Mauritánia
Maurja
Mázandarán
Mazóvia
Mécovo
Médenine
Medvedvara
Medvevár
Medvezsjegorszk
Megalopolisz
Mégara
Mehádia
Meknesz
Melita
Memphisz
Menzelinszk
Meránia
Messzéné
Meszémbria
Mexikó
Mexikóváros
Mezőkövesd
Mezopotámia
Mianmar
Miásztkó
Mihajlovka
Mikasevicsi
Miklós
Miklósvár
Mikolajiv
Míkonosz
Milánó
Milétosz
Mílosz
Mingrélia
Minszk
Miscouc
Miskolc
Miszráta
Mitilíni
Mjadzel
Modrus
Moger Uruzag
Mohac
Mohács
Moldva
Moldvabánya
Moldvahosszúmező
Molosszország
Monasztir
Monemvaszia
Monferrato
Mongol Birodalom
Mongólia
Montenegró
Monyorókerék
Monýorokerek
Mordvinföld
Morvaország
Morva Uruzag
Moson
Moszkva
Moszul
Mozambik
Mugalzsar
Mükéné
Mülasza
Multán
Munkács
Munkas
Munténia
Müra
Murany
Muraszentmárton
Mürina
Murmanszk
Mürmidónok
Mussun
Nágaföld
Nagaszaki
Nagbana
Nagberezna
Nagbuzurmen
Nagloc
Nágpur
Nagybánya
Nagyberezna
Nagyborzsova
Nagyböszörmény
Nagycsanád
Nagyenyed
Nagyhalmágy
Nagy-Havasalföld
Nagykapos
Nagykároly
Nagylak
Nagy-Lengyelország
Nagy-London
Nagy-Magyarország
Nagymarton
Nagymihály
Nagyrév
Nagyrőce
Nagyszalonta
Nagyszeben
Nagyszőlős
Nagyszombat
Nagyusztyug
Nagyvárad
Naharhid
Nahicseván
Nahred
Nakhon Ratcsaszima
Nakszosz
Nameslean
Námesztó
Nameztov
Namíbia
Nancsang
Nándorfehérvár
Nantung
Nápoly
Návpaktosz
Návplio
Náxosz
Názáret
Nedzsd
Negev
Neisápur
Nemesleány
Németlipcse
Nemetlipsce
Németország
Németújvár
Nemetvasar
Németvásár
Nepál
Neszebar
Nicea
Nigéria
Nikápoly
Nílus-delta
Ninghszia
Ninive
Nizza
Nobadia
Nógrád
Norilszk
Normandia
Norvégia
Nougrad
Novi Banovci
Novonyikolajevszk
Novoszibirszk
Novoszlobodszkaja
Novozibkov
Núbia
Nur-Szultan
Nyárhíd
Nyaszvizs
Nyeftyekamszk
Nyerehta
Nyergedszeg
Nyergesújfalu
Nyir
Nyíregyháza
Nyírtass
Nyitra
Nýitra
Nyizsnyeugyinszk
Nyizsnyij Novgorod
Nyland
Nyugat-Ausztrália
Nyugat-Azerbajdzsán
Nyugat-Bengál
Nyugat-Makedónia
Nyugat-Virginia
Óbars
Obászvár
Óbecse
Óbesenyő
Obrut
Óbuda
Odessza
Odomantország
Odon
Ogyalla
Ohanszk
Ohotszk
Okcitánia
Okics
Okinava
Ökörmező
Ökumenikus Pátriarkátus
Olaszország
Olom
Ólom
Olonyec
Olténia
Olümpia
Olümposz
Olünthosz
Omán
Omdurmán
Omszk
Onyega
Ópusztaszer
Orán
Orava
Oravicabánya
Orbász
Orbászkővár
Orbászvár
Orbaz
Orbazvaru
Oresztisz
Órikosz
Orjahovo
Orjol
Orkhomenosz
Örményország
Ormosd
Orod
Orosháza
Orosz Birodalom
Oroszcsík
Oroszország
Oroszvár
Orsa
Orsova
Örsúr
Őrvidék
Osipenko
Ószaka
Oszipenkó
Oszmán Birodalom
Osztrák
Osztroh
Óvár
Ózagra
Ozali
Ozaly
Ózora
Padánia
Padova
Páfosz
Pagalia
Palesztina
Pampák
Pamphülia
Pancota
Pancsova
Panczal
Pandzsáb
Pandzsakent
Pankota
Pannonhalma
Párdány
Paris
Párizs
Parnasszosz
Párosz
Passzarón
Pasztavi
Pásztó
Patagónia
Patan
Pátra
Pazto
Pec
Pécs
Pecsen
Pecsora
Pécsvárad
Pecvarad
Pelagónia
Peloponnészosz
Pereszláv
Pereszlavl-Zalesszkij
Perga
Perraibia
Pervomajszk
Pesavar
Peshkopia
Pest
Pétervárad
Pétervására
Petrozavodszk
Peturvarod
Peturvasara
Pfalz
Phenjan
Phoiniké
Phókaia
Phrügia
Piemont
Pikárdia
Pilszen
Píndosz
Pinszk
Pireusz
Píza
Plevna
Pliszka
Podolia
Podólia
Podoszinovec
Póla
Polack
Polánország
Polonnaruva
Pomeránia
Pontosz
Pordány
Poroszország
Port Szaíd
Portugália
Posega
Poson
Potony
Pozsega
Pozsony
Praga
Prága
Priéné
Priozerszk
Privige
Privigye
Przsevalszk
Pset
Pszkov
Puchou
Pugacsov
Puglia
Puhó
Puntföld
Puskár
Puszan
Racibórz
Ráckeve
Ráczság
Radistya
Radna
Radóc
Rádzsasztán
Rádzsgír
Ragúza
Raguzai
Rahó
Raic
Rajec
Rajna
Rajna-vidék
Rakka
Ramádi
Rámalláh
Rámesvaram
Rasurusag
Rász el-Haima
Ratka
Ravennai Exarchátus
Recsica
Regun
Rekas
Rékas
Renyi
Resicabánya
Réthimno
Rhamnosz
Ribinszk
Rijád
Rimaszombat
Rjazany
Rjúkjú Szigetek
Rőce
Rodna
Rodope
Rodostó
Rodosz
Róma
Római Birodalom
Románia
Romanov-na-Murmanye
Románvásár
Roszlavl
Rosztov
Roussillon
Rózsahegy
Rozsnyó
Rtyiscsevo
Ruanda
Rumanvasar
Ruzvaru
Rzsev
Saar-vidék
Sabesztar
Sadrinszk
Sagunt
Ságvár
Sahara
Salona
Salvador
Sanhszi
Santiago-rend
Sárbogárd
Sarmisegethuza
Sáros
Sárospatak
Sarus
Sarvas
Sasvár
Sava
Savavaru
Scepus Vara
Sebesvár
Sebnyzbana
Segesvár
Sekulvasarhel
Selic Tatos
Selmecbánya
Sempte
Senkurszk
Sepsiszentgyörgy
Sibir
Sibuja
Sigace
Siklós
Sikoku
Silvasarhel
Simand
Simánd
Simkent
Simlá
Simontornya
Sínai
Sindzsuku
Sirac
Siracusa
Siric
Sita Califátus
Síta Kalifátus
Skandinávia
Skócia
Skót-felföld
Só
Solmus
Somlovaru
Somlyóvár
Somog
Somogvaru
Somogy
Somogyvár
Somorja
Sopron
Sor-i-Szoktha
Sóvár
Sövényháza
Spalató
Spanyolország
Spárta
Sravánabélagóla
Srávasztí
Stájerország
Stomfa
Sucvasar
Suklos
Sumeg
Sümeg
Suprun
Suruppak
Sustar
Svábföld
Svájci-fennsík
Svédország
Svedurusag
Sylna
Szabolcs
Szádrév
Szahara
Szaján
Szajna
Szakmara
Szakolca
Szalamisz
Szalánkemén
Szalárd
Szalehard
Szálem
Szalihorszk
Szaloniki
Szalonta
Szamal
Szamarkand
Szamáva
Szambor
Szamche
Szamoa
Szamobor
Szamogitia
Számosz
Szamothraké
Szandcz
Szandec
Szandomir
Szántó
Szantorini
Szapporo
Szarajevó
Szaratov
Szardeisz
Szardínia
Szargatszkoje
Szarkel
Szarov
Szarvas
Szász-Anhalt
Szászkézd
Szászkõ
Szászország
Szászrégen
Szatili
Szatmár
Szatmárvár
Szaúd-Arábia
Szávaszentdemeter
Szeben
Szebenikó
Szecsuan
Szeged
Szegezsa
Szeghalom
Szék
Székakna
Székelyföld
Székelyhíd
Székelyudvarhely
Székelyvásárhely
Székesfehérvár
Szekszárd
Szelének
Szemikarakorszk
Szemnán
Szendrő
Szenegál
Szent András
Szent Antal
Szent Antal Rendje
Szentbenedek
Szent Brigitta
Szentdemeter
Szent Dénes
Szent Didák
Szent Domonkos
Szent Emmerám
Szenterzsébet
Szentferdinánd
Szentgotthárd
Szentgrót
Szent György
Szentgyörgyvár
Szent István
Szentjakab
Szentlajos
Szentmárton
Szent Mihály
Szentmiklós
Szentpéter
Szentpétervár
Szent Római Birodalom
Szepes
Szepesség
Szepesváralja
Szepsi
Szépvásár
Szer
Szerbia
Szeredőc
Szerém
Szerencs
Széresz
Szeretvásár
Szerpuhov
Szervia
Szerződéses Államok
Szevasztopol
Szfaksz
Szibéria
Szibír
Szicília
Szícsia
Szicsovka
Szidón
Sziéna
Sziget
Szigetvár
Szikkim
Szikszó
Sziktivkar
Szilágy
Szilézia
Szina
Szindh
Szindzsár-hegység
Szingapúr
Szintarev
Sziny
Szíria
Szíriusz
Szírosz
Szír-sivatag
Sziszek
Szisztán
Szizrany
Szjevjerodoneck
Szjunik
Szkírosz
Szkopelosz
Szkopje
Szküthia
Szlavónia
Szliven
Szlovákia
Szlovénia
Szlovjanohirszk
Szmolenszk
Sznyitin
Szoboszló
Szobránc
Szõcsvásár
Szófia
Szokotra
Szolci
Szoligalics
Szolikamszk
Szolnok
Szõlõs
Szolyva
Szomáliföld
Szomolány
Szõny
Szóphéné
Szörény
Szörénytornya
Szortavala
Szöul
Szovjetszk
Szrinagar
Szrírangam
Sztálingrád
Sztara Zagora
Sztarobelszk
Sztepanakert
Sztrumica
Sztryj
Sztyerlitamak
Szucsáva
Szucsou
Szudétavidék
Szuez
Szugyiszlavl
Szuhumi
Szúk Ahrász
Szumátra
Szumi
Szunnita Kalifátus
Szuojarvi
Szurdok
Szurgut
Szurt
Szúsza
Szuzdal
Szvistov
Szvjatohirszk
Szyget
Tabúk
Tádzsikisztán
Tajpej
Tajvan
Takamacu
Takla-Makán
Talinny
Tanger
Tapolcaný
Tapolcsány
Tarhuntasszasz
Tartésszosz
Taskent
Tasnád
Tass
Tata
Tatabánya
Tatárföld
Tatos
Tatros
Tbiliszi
Tebriz
Técső
Tecu
Teherán
Tekucs
Telangána
Telkibánya
Telukibanýa
Temes
Temeskubin
Temesvár
Temesvaru
Templomosok
Temze
Tengerfeheruvaru
Tengerfehérvár
Tergovistýe
Terszat
Terzat
Teuton Lovagrend
Thászosz
Théba
Thébai
Thesszália
Theszprótia
Thywes
Thywys
Tiencsin
Tiháma
Timan Felföld
Timuridák
Tinin
Tínosz
Tiosz
Tipáza
Tirgovics
Tirol
Tirrén-tenger
Tiruccsirápalli
Tiruvanántapuram
Tiszafaiújbánya
Tiszafüred
Titán
Titel
Tobolszk
Tocatins
Tógó
Tőketerebes
Tolna
Tolnavár
Tolnavaru
Tomszk
Toporc
Toporo
Toprich
Topuszka
Törcsvár
Torda
Torjawasara
Torna
Tornya
Törökország
Torona
Toronya
Toropec
Torzsok
Toszkána
Tota
Tövis
Tövisvár
Trakhisz
Trákia
Trák-tenger
Transzoxánia
Trau
Treinchen
Trencsén
Trieszt
Tríkala
Trinidad és Tobago
Trípoli
Troász
Troick
Trsztena
Trullosfehervaru
Tulcsa
Tunézia
Tunisz
Turda
Turdossin
Türingia
Türkmenisztán
Turoc
Turóc
Turzvaru
Tuselv
Tusnad
Tuva
Tuzelve
Tűzföld
Tyemnyikov
Tytul
Tyumeny
Ubonratcsathani
Uddzsaín
Udmurtföld
Udvarhely
Ugria
Uianlak
Uianvaru
Új-Anglia
Újbesenyő
Új-Brunswick
Új-Delhi
Új-Dél-Wales
Új-Fundland
Ujgur Kaganátus
Új-Kaledónia
Újlak
Új-Mexikó
Új-Skócia
Újszandec
Újvár
Újvidék
Új-Zéland
Ukrajna
Ukurmezeu
Ulánbátor
Ulángom
Uljanovszk
Uljásztaj
Ungvár
Unyiverszityet
Uroshaza
Uszrúsana
Uszty-Isim
Usztyug
Usztyuzsna
Uszty-Zejszkij
Vac
Vác
Vadna
Vágbeszterce
Vaisáli
Vajdahunyad
Vajdaság
Vakajama
Valamara
Valdaj
Valencia
Valkóvár
Valkovaru
Vallónia
Valóna
Vancouver-sziget
Várad
Varámin
Váránaszi
Varannó
Varanou
Varasd
Varasdfürdő
Varég Gárda
Várhely
Varmia-Mazúria
Varna
Várna
Varsó
Varsou
Varuhel
Vasvár
Vaszjugan
Vászló
Vat
Vatikán
Váty
Vavkaviszk
Vayda Hunyadi
Vazlu
Velch
Velence
Velesz
Velszk
Venece
Verbász
Vereuce
Verezka
Verhovazsje
Véria
Veroce
Verőce
Verõce
Versec
Veszjegonszk
Veszprém
Vesztfália
Viborg
Vicebszk
Vicsegda
Vidzsajavádá
Vietnám
Vilusza
Vinkovce
Vinnicja
Visegrád
Visnyij Volocsok
Vitális Testvérek
Vityegra
Vízakna
Vjazma
Vlagyimir
Vlagyivosztok
Vodica
Vodicsa
Vodna
Volga
Volgai Bolgárország
Volgai Bulgar Urusag
Volgográd
Volhínia
Volodimir
Volodimir-Volinszkij
Voronyezs
Vorosilovgrád
Vörösoroszország
Vörös-tenger
Vorszkla
Vos
Vosvaru
Votkinszk
Vrána
Vrindávan
Vukovár
Vukovaru
Vuszunok
Vuzsda
Zágráb
Zahsurusag
Zákinthosz
Zakró
Zakulca
Zalaegerszeg
Zalánkemén
Zalanta
Zalatna
Zalavár
Zamto
Zandzsán
Zara
Zára
Zarand
Zaránd
Zarandzs
Zardinia es Corzica
Zava Tatos
Závija
Zazkov
Zceuleus
Zebvasar
Zeek
Zegetvaru
Zeguholmu
Zegzard
Zekulhyd
Zekulhyda
Zekulvasarhel
Zemlen
Zemlyn
Zemlynvaru
Zemplén
Zemplénivár
Zendreu
Zengg
Zenta
Zentgotthard
Zenthdemeter
Zent Maria
Zer
Zerem
Zerench
Zicia
Zicilia
Zilag
Zilah
Ziloc
Zimony
Zirc
Zizek
Zlatouszt
Zoboslou
Zolonkaman
Zolonta
Zólyom
Zombor
Zorentorona
Zotmar
Zoulum
Zríny
Zsámbokrét
Zselicszentjakab
Zsil
Zsilvásárhely
Zsitomir
Zslobin
Zsolna
Zsombolya
Zsuanzsuanok
Zsuppa
Zubcov
Zumbothel
Zunnita Califátus
Zuný
Zurvánizmus
Zyna
Zynna
Zyntarev
