Aalburg
Aalgouw
Aalst
Aanhalt
Aarde
Aarenberg
Aargouw
Aarlen
Aarschot
Aarsteen
Aat
Abazinië
Abberdaan
Abchazië
Abdij van Mortemer
Abingdon
Aboog
Abruzzen
Abydus
Achaltsiche
Acharnés
Achmim
Achterhoek
Achter-Pommeren
Acht Heilige Plaatsen
Achtoeba
Achtoebinsk
Achuz
Adamaua
Adelsberg
Adrianopel
Adriatische Zee
Adsel
Aegium
Aemstelredamme
Aetolië
Afrika
Aglar
Agram
Aheem
Ahsiket
Ahuis
Aken
Akkershuis
Akko
Alanië
Alashia
Albanië
Albertstad
Aleksandrovka
Aleksandrovskaja
Aleksandrovski
Aleksandrovsk-Sachalinski
Aleoetentrog
Alexandrië
Alfburg
Algerije
Alkmaar
Allenstein
Almelo
Alnwijk
Aloesjta
Alpen
Amazone
Ambrolaoeri
Amerika
Amersfoort
Amoer
Amstelland
Amsterdam
Anatolië
Andalusië
Andizan
Angelouw
Angersburg
Anhald
Anjet
Ansketelsvoord
Ansketeltuin
Answoudteer
Antigua en Barbuda
Antiochië
Antiochië aan de Orontes
Antwerpen
Aouzoustrook
Apeldoorn
Appelbet
Apulië
Apulië en Calabrië
Aquitanië
Arabische Woestijn
Arabische Zee
Arcear
Ardebil
Arenhuizen
Argenau
Armenië
Ar-Raqqah
Artesië
Artsach
As
Asbeek
Aschemynne
Ascheppenburg
Asjchabad
Asjkelon
Asjtarak
Ašmiany
Asperen
Asrug
As-Sanamayn
Assassijnen
Assioet
Assond
Assyrien
Astipalaia
Astrachan
Asturië
Asuncion
Athene
Atıraw
Atlantische Oceaan
Atlasgebergte
Atrecht
Attems
Attika
Audoghast
Augsburg
Augusta
Auschwitz
Australië
Avatsjabaai
Avenne
Averbode
Awijk
Azerbeidzjan
Azië
Azoren
Azov
Baag
Baai van Galway
Baai van Manilla
Baai van San Francisco
Baardenouwe
Baardensteen
Baardowijk
Babroejsk
Bachmoet
Bachtsjysaraj
Bactrië
Bad
Baffinbaai
Bagdad
Bahrein
Baikalowo
Bajkonoer
Bakoe
Balasagoen
Balasjov
Balearen
Balearische Zee
Balga
Baltsjik
Banaat
Banesburg
Bapalmen
Baranavitsjy
Bariach
Barnaoel
Barneveld
Basian
Basjkirostan
Baskenland
Bastenaken
Batavia
Batetskiy
Batoemi
Batschkowo
Bayerburg
Bazel
Beaglekanaal
Bebbanburg
Beër Sjeva
Beetsjoeanaland
Beieren
Beiroet
Beiscgouw
Beitsch
Bekesch
Bektasji
België
Belgrado
Bellingshausenzee
Beloetsjistan
Belogradtsjik
Benelux
Bengalen
Bentem
Berdjansk
Berdytsjiv
Berg
Bergen
Bergenhuis
Bergen op Zoom
Bergheem
Bergslagen
Berlijn
Bessarabië
Bethlehem
Betsche
Betun
Beuthen
Beverstad
Beverwijk
Bexhill
Bezjetsk
Bhuj
Bijapur
Bing
Binnen-Hebriden
Birj
Birobidzjan
Birschtannen
Birsen
Bitche
Bithynië
Bitsevski Park
Blagovesjtsjensk
Blagusa
Bloemendal
Bodeham
Boechtarma
Boeda
Boedapest
Boedjak
Boeganda
Boegoelma
Boekarest
Boekovina
Boekstedehijde
Boelgar
Boeotië
Boergas
Boerjatië
Boetsjatsj
Boezemdorp
Bogoetsjar
Bogota
Boguslav
Boheemse Woud
Bohemen
Bokkenheem
Bokvast
Bologoje
Bolstoen
Bonaire
Bonen
Bootstad
Borculo
Borgworm
Borovitsji
Borżawa
Bosnië
Bosnië en Herzegovina
Bosra
Boswijk
Bosyakowyna
Bourgondië
Bovenmeer
Bovingen
Bozen
Brabantgouw
Brandenburg
Brasilia
Brazilië
Braziliëstroom
Brechtsgaden
Breda
Bredevoort
Breslau
Brest
Breukelen
Brieg
Britanija
Brits-Columbia
Britse Oostindische Compagnie
Britse Raj
Brits-Honduras
Brits-Somaliland
Brittannie
Broeders van het Heilig Hart
Broekburg
Bromberg
Bronckhorst
Bronooi
Brug
Brugge
Bruinsberg
Bruinsbeul
Brunswijk
Brunswijk-Lüneburg
Brussel
Buchara
Buiten-Hebriden
Bukavu
Bulgarije
Bullioen
Bulover
Bunzlau
Buren
Burg
Burganase
Burgtuin
Burgundkopeng
Burriana
Bury St. Edmunds
Burzenland
Butrint
Byblos
Byrsgaw
Bytów
Byzantion
Caïro
Calabrië
Calcutta
Caledonische Confederatie
Californië
Cambodja
Canarisches
Cappadocië
Carthago
Castilië
Catalonië
Catanië
Centraal-Macedonië
Centraal-Oekraïne
Centraal-Rusland
Centraal-Servië
Centrall Griekenland
Cevennen
Chakassië
Chalcidice
Chanty-Mansiejsk
Charkov
Chaskovo
Cherson
Chervensky Kastelen
Chili
Chisinau
Chitrakuta
Chmelnytsky
Choedzjand
Choest
Cholmogory
Chopor
Chorasmië
Christmaseiland
Chumar Leb
Chushur
Cilicië
Ciskaukasië
Citadel van Damascus
Coevorden
Corsicaanse Garde
Corsica-Sardinië
Cosel
Costermansstad
Coudenberg
Cranz
Crase
Creuzburg
Cuijk
Cycladen
Dacië
Dagsburg
Dakhiliyah
Dalmatië
Damaskus
Damshung
Damvoorstad
Danswijk
Darabgerd
Dardanellen
Darhan
Dasapura
Daveren
Dedovitsji
De Guyana's
Delfzijl
Demerary
Denemarken
Den Haag
Derawar
Derge
Desch
Deventer
Dewilto
Diedenhoven
Dierebid
Dietechesburg
Diets
Dietvoord
Dinghoogen
Dingwoud
Djadoplateau
Djedda
Djoeba
Dobeschdorf
Dobrauen
Dobrin
Dobritsj
Dobroedzja
Dodekanesos
Doebna
Doechovsjtsjina
Doedinka
Doesburg
Doetinchem
Doggersbank
Dokkum
Donarakker
Dondershaven
Doorelsteen
Doornburg
Doornik
Dorestad
Dorogoboezj
Dorp
Dorpat
Dortmuiden
Dowaai
Dreleburg
Drenthe
Drievels
Dritwijk
Drohobytsj
Dronthem
Drumcliffe
Druscheniken
Dubingam
Dubrovytsia
Duinkerke
Duinwijk
Duisburg
Duister
Duitse Orde
Duitsland
Duringen
Dusseldorp
Duurstede
Dzjankoj
Dzjermoek
Dzjoengarije
Dzogang
Ebsteen
Edessa
Edinburgh
Edingen
Eedsburg
Eeklo
Eendrachtsland
Efeze
Egarosindur
Egeïen
Egeïsche Eilanden
Egeïsche Zee
Egmond aan den Hoef
Egypte
Eikheem
Eikstad
Eiksveld
Eindhoven
Elbeheem
Elbing
Elburg
Elefsina
Elftvoord
Elisabethstad
Elsenfors
Elx
Elzas
Elzas-Lotharingen
Emmerik
Engeland
Engelheem
Engermanland
Enkhuizen
Eolië
Eprsvoord
Equatoriaal-Guinea
Ereboeni
Eritrea
Ermland
Ermland-Mazurië
Ertha
Erzja
Esna
Estakhr
Esthland
Estland
Eteokreten
Ethiopië
Etrurië
Ettelbrugge
Euboea
Euland
Eupen
Exin
Eylau
Ezelings
Faeröer
Falkenberge
Färöer
Femeren
Fenicië
Figueres
Filipijnen
Fivelingo
Flatow
Florentië
Franken
Frankenstadt
Frankfort
Frankrijk
Frans-Somaliland
Frauenburg
Fraustadt
Frederiksteen
Friedland
Friesland
Frolicha
Frygië
Funen
Fuvammulah
Gaardenrijk
Gabardan
Gafers
Gagaoezië
Galatz
Galicië
Galilea
Gallenberg
Gallië
Gatsjina
Gedereiten
Geertruidenberg
Gegaanburg
Geiteshoofd
Geldenaken
Gelderen
Gelderland
Geluksted
Gembloers
Gent
Genua
Georgenburg
Georgië
Gerardsteen
Gerdauen
Gernrode am Harz
Gerona
Gertse Dzong
Ghassaniden
Giezene
Girne
Githion
Gjoemri
Glogau
Gmünd
Gnesen
Gnjozdovo
Godbrandsdal
Goddorp
Godheem
Goes
Gogh
Golf van Carpentaria
Golf van Valencia
Gondesjapoer
Gonsawa
Gooksholm
Gorinchem
Gornau
Gorochovets
Gotenburg
Gotthardpas
Gouden Driehoek
Gouden Horde
Goudenvoord
Goudkust
Graubünden
Graudenz
Grevelingen
Griekenland
Grimbergen
Grjazovets
Groenberg in Silezië
Groenland
Groot-Brittannië
Groot-Londen
Groot-Polen
Groot-Walachije
Grote Victoriawoestijn
Gudaoeta
Guhrau
Guidimakha
Guinee-Bissau
Gularia
Gulating
Gulik
Haarlem
Hadramaut
Haida Gwaii
Haiderabad
Haïti
Halferstad
Halland
Halmstede
Halsberg
Halsingar
Halssteen
Hamaland
Hamelburg
Hamer
Hamerhuis
Hamering
Hamershuis
Hanna
Hanze
Hardenburg
Harderwijk
Harrien
Hasaluth
Haspengouw
Hasselt
Haviksburg
Hawaï
Hazebroek
Hebriden
Heel
Heelbron
Heelsberg
Heemstede
Heerewad
Heering
Heerlen
Heervoord
Heesting
Heidal
Heide
Heidemark
Heidemoera
Heidesond
Heilige Agatha
Heiligenkruis
Heilige Roomse Rijk
Heinrichau
Heist-op-den-Berg
Helmstad
Henegouwen
Hengduangebergte
Hensberg
Hephthalieten
Heraclea
Hertberg
Hertetpoel
Hessen
Het Kanaal
Het Laar
Heusden
Heydekrug
Hidjaz
Hispania Lusitania
Hitland
Hloechiv
Hlucín
Ho Chi Minhstad
Hoei
Hoeljajpole
Hoerzoef
Hofvels
Hogenberg
Hogenburg
Hogesteen
Hohenburg
Hôl-läänt
Holsten
Hondhamer
Hongarije
Hongkong
Hoogberg
Hoogen
Hoogoever
Hoogsteden
Hoogstraten
Hoop
Horne
Horodec
Hout
Houtsteen
Hoyragel
Hrodna
Hullestad
Husewijk
Iberische Zee
Ieper
Ierland
Ierse Zee
Iguaçuwatervallen
Ijfstad
Ijsland
IJsland
IJsselmeer
IJsselstein
Ijsvoord
Ijzerbareland
Ijzerburg
Ijzerstad
Ikaria
Illok
Illyrië
Indische Oceaan
Indonesië
Ingermanland
Ingwoudstad
Innsbrugge
Inowrazlaw
Insterburg
Ionië
Ionische Eilanden
Ionische Zee
Irkoetsk
Irsjava
Israël
Istanboel
Istrië
Italiaans-Somaliland
Italië
Ivakoanymassief
Ivoorkust
Izadkhvast
Izjevsk
Jaaredal
Jaarsond
Jakoetië
Jakoetsk
Jalta
Jamantaoe
Jammu en Kasjmir
Jâpten
Jarablus
Jarmuiden
Jaroslavl
Jauer
Jazygen
Jegensburg
Jegorlik
Jekaterinenburg
Jekaterinodar
Jelets
Jemen
Jenisejsk
Jerash
Jerevan
Jeruzalem
Joegoslavië
Jogjakarta
Johanniterorde in Zweden
Johanstad
Jomsvikingen
Jonischken
Jordanië
Josjkar-Ola
Jula
Juldibaevo
Junigeda
Jutland
Kaap de Goede Hoop
Kaapkolonie
Kaapstad
Kacheti
Kafarnaüm
Kalamáta
Kalemie
Kales
Kalinkavičy
Kalmaar
Kalmukkië
Kaloega
Kamerijk
Kameroen
Kampen
Kamtsjatka
Kamysjin
Kamysjlov
Kanaaleilanden
Kantelberg
Kanto
Karabasj
Karakalpakië
Karakoel
Karakol
Karatsjev
Kardzjali
Karelië
Kareliërs
Karesbroek
Karië
Karinthië
Karkaraly
Karlsbad
Karpato-Roethenië
Kasjoebië
Kasplja
Kassandria
Kassel
Kasteelholm
Kasteel van Kalmar
Kauen
Kaukasus
Kaxgar
Keizerrijk Rusland
Keizerslouter
Keltische Zee
Kempen
Kemtsjoeg
Kerelsrowe
Kerkbou
Kerkebouw
Kerkelijke Staat
Kerkrood
Kerkwaag
Kersch
Kerzjenets
Kessel
Keulen
Khalsi
Khartoem
Kil
Kin
Kinshasa
Kirgizië
Kirieleis
Kirisji
Kirkoek
Kisangani
Kithnos
Kjoestendil
Klagenvoord
Klausenburg
Kleef
Kleine Soenda-eilanden
Klein-Polen
Klein-Walachije
Klidesdal
Klife
Klifvoord
Klooster Mileševa
Kniphuizen
Knotskaar
Koblenz
Kobrin
Koeban
Koejavië
Koemanië
Koemoech
Koengoer
Koerdistan
Koergan
Koerland
Koersk
Koesj
Koetlovitsa
Koeweit
Koeznetsk
Kokelburg
Koksjaga
Kolivan
Kolomija
Koningburg
Koningin Charlotte-eilanden
Koningsbergen
Koningstuin
Koningswijk
Kopbeuren
Kopenhagen
Koperberg
Kopingshuis
Kopmanshaven
Koramsjar
Korenstad
Korfoe
Korinthe
Korjazjma
Koronea
Kosten
Kostjantynivka
Kouding
Kowall
Kraaidenne
Krakau
Kralendijk
Krasnodar
Krasnokoksjajsk
Krasnooefimsk
Kratmel
Krementsjoek
Kremljov
Kreta
Kreutz
Krim
Kroatië
Krossen
Kruschwitz
Kuinre
Kujawien
Kulm
Kungsnäs
Kuningsburg
Kurzel
Kushinagara
Kwackenbrugge
Kwang-Chou-Wang
Kymundsdorf
Kyptsjak
Labiau
Laconië
Lagland
Lagland-Falster
Lagodechi
Landegge
Landeshut
Landstrass
Landzier
Laodicea aan de Lycus
Lapland
Larisa
Laswijk
Latijnse Keizerrijk
Lausitz
Leefdaal
Leerdam
Leeuwarden
Leiden
Lemberg
Leninabad
Leninsk
Lentschitza
Leopoldstad
Lepel
Lerida
Leslau
Letgallen
Letland
Leuven
Lhodrag
Lhundrub
Lhuntse
Libanon
Libië
Libische Woestijn
Libische Zee
Lichtstijg
Liebwart
Liegnitz
Ligurië
Ligurische Zee
Lijdeinde
Lijfeng
Lijfland
Lijflandse Orde
Lijningen
Lijnkoping
Limasol
Limnos
Lindeholmgn
Lip
Lissabon
Litouwen
Löbau
Loehansk
Loetsk
Logholm
Lokris
Lombardije
Lombardische Liga
Lond
Londen
Londerzeel
Loon
Loosteen
Lopen
Lorreinen
Lössplateau
Lostad
Lotharingen
Lötzen
Louter
Lovetsj
Löwenberg
Lowitsch
Lüben
Lubumbashi
Lugosch
Luide
Luik
Lumbsee
Luterburg
Luttehamer
Luttelburg
Luxemburg
Lycië
Lyck
Lydië
Maagdenburg
Maaldorp
Maalhusen
Mabuse
Macedonië
Machatsjkala
Magnesia ad Maeandrum
Mahilioŭ
Makhdoom Rashid
Maklesveld
Maldiven
Maleisië
Malmhoog
Malmizj
Manamah
Manheem
Manicheïsme
Manilla
Mansveld
Mantua
Marianentrog
Marienberg
Mariënburg
Marienwaard
Marioepol
Mark
Markt Kastl
Marokko
Masowien
Masqat
Mater
Mauritanië
Mazovië
Mazurië
Meander
Mechelen
Medemblik
Médenine
Medja
Meeldorp
Meerstrand
Meer van Kournas
Mekelanouw
Mekelburg
Mekka
Melos
Memelburg
Mentz
Meran
Meranien
Meseritz
Mesopotamië
Messenië
Messina
Metaponto
Meurs
Michaylovka
Mid-Atlantische Rug
Middellandse Zee
Middelver
Midden-Jutland
Midgaard
Milaan
Milete
Mingrelië
Mirabel
Miskitokust
Mitrowitz
Moekatsjeve
Moerbeek
Moerbeiland
Moere
Moermansk
Moerom
Moesië
Mojavewoestijn
Moldau
Moldavië
Molossen
Mombassa
Monferrato
Mongolië
Mongoolse Rijk
Monnikdorp
Monsterole
Moordpad
Moosburg
Moravië
Mordovië
Moschau
Moskou
Moskovië
Mosoel
Mosselbaai
Motovun
Mozjaysk
Mtscheta
Mugalzhar
Muiden
Mulhusen
München
Münsterberg
Muntenië
Mykolajiv
Myrmidonen
Mytilini
Naamdwijk
Nachitsjevan
Nachtvarenwijk
Nadjd
Nafpaktos
Nagchu
Nakel
Namakwaland
Namen
Namibië
Nangchen
Napels
Narke
Natouw
Nazareth
Neder-Egypte
Nederland
Nederlandse Waddeneilanden
Neder-Lotharingen
Neder-Oostenrijk
Neerburg
Negenkerken
Neisse
Nenetsië
Nerechta
Neuenstadt an der Schaue
Neurenberg
Neustrië
Nicaea
Nieuwburg
Nieuw-Caledonië
Nieuwenburg
Nieuwendorp
Nieuw-Frankrijk
Nieuwhuizen
Nieuwkoping
Nieuw-Schotland
Nieuwstad
Nieuw York
Nieuw-Zeeland
Nieuw Zuid-Wales
Nijdenburg
Nijldelta
Nijmegen
Nijvel
Nikolai
Nimptsch
Ninive
Nisch
Nisjapoer
Nizjneoedinsk
Nizjni Novgorod
Njasvizj
Njuk
Noordal
Noordberg
Noord-Dakota
Noordelijk Territorium
Noorden
Noordenhem
Noordereiland
Noordgouw
Noordheem
Noordhuisen
Noordhumbraland
Noord-Ierland
Noordkoping
Noord-Korea
Noordlandingvierding
Noord-Macedonië
Noordmark
Noord-Seeland
Noord-Transsylvanië
Noord-Waziristan
Noordwest-Rusland
Noordwest Territoria
Noordwijk
Noordzee
Noorwegen
Nordland
Normandië
Novonikolajevsk
Novorzjev
Novosjareevo
Novoslobodskaja
Nowosibirsk
Nubië
Nyeuberghe
Ochansk
Odenburg
Odoev
Odzrche
Oechta
Oecumenisch Patriarchaat
Oedmoertië
Oeganda
Oeglitsj
Oeigoeren
Oekraïne
Oeljanovsk
Oeniversitet
Oeralgebied
Oestjuzjna
Oest-Katav
Oest-Zejsk
Oezbekistan
Oezjhorod
Olesjky
Öls
Oltenië
Olynthos
Ombeek
Onezjskiy Poloeostrov
Onsterfelijken
Oordenburg
Oorschie
Oost-Anatolië
Oost-Anglië
Oost Darfoer
Oostecht
Oostelijke Sajan
Oostende
Oostenrijk
Oosterburg
Oostersakse
Oostfjorden
Oost Friesland
Oost-Ghats
Oostgotland
Oost-Ijsland
Oost-Jutland
Oost-Londen
Oostrijk
Oost Slowakije
Oost-Thracië
Opakker
Openburg
Openheem
Oppeln
Opper-Beieren
Opper-Egypte
Opperland
Opper-Lotharingen
Opper-Oostenrijk
Opper-Volta
Opzalen
Oranje Vrijstaat
Orde van Calatrava
Orde van de Zwaardbroeders
Orde van Sint-Jacob van het Zwaard
Orechovo-Zoejevo
Orinoquía
Orjachovo
Orjol
Orkaden
Orlau
Orschowa
Ösel
Osenvorden
Osnabrugge
Ossenvoord
Ossipenko
Osterode
Östrich
Otsjakiv
Ottomaanse Rijk
Ottomaanse Turken
Ouddorp
Oudemark
Oudenburg
Ouderkerk
Oudhoven
Oudkerk
Oud Rjazan
Oudsteden
Owamboland
Ozoergeti
Paapenberg
Paaseiland
Padanië
Padua
Paganië
Palestina
Palgon
Palts
Palts Aken
Pampa's
Pamphylië
Pannensteel van Florida
Pannonië
Paphlagonië
Parijs
Pastawy
Patagonië
Patan
Peisern
Peking
Pereslavl-Rjazanski
Pervomajsk
Pesjawar
Peterburg
Peterwardein
Petrikau
Petritsj
Petropavlovsk-Kamtsjatski
Petsjenegen
Petsjenga
Petsjora
Petsjory
Pflaum
Piben
Picardië
Pikaljovo
Piksburg
Pilsen
Pinquent
Piraeus
Pirian
Pisidië
Pitsoenda
Plataeae
Plateau van Lunda
Pleimuiden
Pless
Plotzk
Podlachië
Podolië
Podossinowez
Podporozje
Podujevë
Pogrell
Polanen
Polangen
Polatsk
Polei
Polen
Polesië
Polynesië
Pommerellen
Pommeren
Pompeï
Ponthierstad
Poortland
Porchov
Portenau
Portsmuiden
Posen
Poswol
Praag
Priemen
Priëne
Prisjtina
Provadia
Pruisen
Przjevalsk
Pyreneeën
Qabodiyon
Qasr al-Chair al-Garbi
Qasr al-Chair al-Sharqi
Qostanay
Quweisna
Raafburg
Rachiv
Rädichau
Rading
Radkan
Ragusa
Ramsouw
Rastenburg
Ratibor
Ravenstein
Raygrod
Reebouw
Regensburg
Rehden
Reinoudsburg
Rekasch
Renesse
Rennenkoping
Reppenstad
Republiek Altaj
Rethymnon
Retsjytsa
Reykjavik
Rhodesië
Ridung
Riedfeld
Rij
Rijk der Chazaren
Rijkmond
Rijn
Rijnland
Rijnsburg
Rijnvels
Rijsbergen
Rijsebergin
Rijsel
Rijsouw
Rikhabdeo
Ringstad
Ringstadholm
Risbecha
Rixingen
Rjazan
Rockall
Rodeburg
Rodevels
Rode Zee
Rodopen
Rodos
Roeksburg
Roemenië
Roeselare
Roeseloare
Roesokastro
Rogasen
Rogierskwel
Rome
Romeinse Keizerrijk
Roodenburg
Rood-Roethenië
Roodvoord
Rookhol
Rookol
Rookwijk
Rosenberg
Rosjtsjino
Rößel
Rostov aan de Don
Rotenhof
Rotterdam
Rouran
Rouw
Rozendaal
Rtisjtsjevo
Rudach
Rugeland
Rugen
Ruimsouw
Rum
Rushigen
Rusland
Russenart
Rustdorp
Saarbruggen
Saargouw
Sackele
Sagan
Sajan
Sakkara
Saksekoping
Saksen
Saksen-Anhalt
Saksen-Weimar
Sala
Salechard
Sallaag
Salland
Salzberg
Samarzee
Samland
Samogitië
Samothrake
Samtsche
Sandez
Sandomir
Sanjoo
Sankt Blasien
Sankt Kondbert
Santen
Saoedi-Arabië
Sardijnse Zee
Sardinië
Sardinië en Corsica
Sardinië-Piëmont
Sargassozee
Sargatskoe
Sathmar
Savoye
Sawakin
Scandinavië
Schaaptuin
Schaardeburg
Schabwat
Schachtsburg
Schadeouwe
Schagarren
Schagen
Scharenburg
Schaulen
Scheppen
Scheps
Schere
Schieratz
Schildberg
Schimand
Schindekatberg
Schinen
Schleiden
Schonen
Schoon
Schotland
Schotse Hooglanden
Schotse Laaglanden
Schouwenberg
Schrimm
Schwarzburg
Schweidnitz
Schwerin op Warthe
Scythië
Sebastopol
Sebennytos
Seeland
Selen
Semgallen
Senàrica
Sensburg
Seoel
Serpoechov
Servië
Sessolen
Sestus
Severië
Seychellen
Sezgedin
Shahr-e Gholghola
Shahr-e Sukhteh
Shahrizor
Shchuchyn
’s-Hertogenbosch
Siachengletsjer
Sibennig
Siberië
Sicilië
Silezië
Simcoemeer
Sinaï
Sint Albaan
Sint Anthony
Sint Baafs
Sint-Genildis
Sint-Jans-Molenbeek
Sint Joris
Sint Lorens
Sint Maarten
Sint Niklaas
Sint-Oedenrode
Sint Omaars
Sint-Petersburg
Sint Pieter
Sint Pols
Sint Thomas
Sint Trudpert
Sint-Truiden
Sint-Winoksbergen
Sint Wulmar
Sion
Sisi
Sissek
Sjadrinsk
Sjatili
Sjenkoersk
Sjimkent
Sjoenik
Slavonië
Slechtstad
Sleeswijk
Sleeswijk-Holstein
Sleswijkje
Sloetsk
Slovenië
Slowakije
Sluis
Smalkoude
Smalland
Soechoemi
Soedak
Soedislavl
Soemy
Soeojarvi
Soerabaja
Soergoet
Soezdal
Sohrau
Soldau
Soligalitsj
Solvitsjegodsk
Sonderburg
Sonoita
Sovjetsk
Spaans-Afrika
Spanheim
Spanje
Spengenberg
Spiers
Spitsbergen
Sravanabelagola
Staakburg
Staalegge
Stalingrad
Stange
Stanleystad
Stapel
Starodoeb aan de Kljazma
Staveren
Steden
Steenvoord
Steenwaag
Steenwijk
Steenwijkholm
Stegers
Stein
Steinau
Steòrnabhagh
Stiermarken
Stoelwittenburg
Stoete
Stoetgaarde
Stokholm
Straalsond
Straat Badoeng
Straat Cook
Straat Hudson
Straat Magellaan
Straatsburg
Strandwijk
Strehlitz
Strelno
Strengnase
Stroomgebied van het Eyremeer
Sudböhmen
Sudovië
Sundgouw
Svaliava
Svisjtov
Swenziany
Syrië
Syrische Woestijn
Syrmien
Sytsjovka
Szeklerland
Taairingen
Tadmoer
Tagant
Taif
Tambapanni
Tanger
Tannoe-Ola
Tantuin
Tapiau
Tarente
Targovisjte
Tartarije
Tasjir
Tasjkent
Tasmanië
Tatarije
Taubenberg
Taxkorgan
Teheran
Temes
Tempeliers
Tennis
Ternaasland
Terwaan
Teschen
Texel
Thebe
Theems
Theisshügel
Thera
Thessalië
Thessaloniki
Tholen
Thorenburg
Thoreveda
Thorn
Thracië
Thracische Zee
Thübein
Tichvin
Tiel
Tigranakert
Tijnmuiden
Tiksjeozero
Tilburg
Tilsit
Timboektoe
Timerjovo
Timoeriden
Tintagel
Tipaza
Tirol
Tjatsjiv
Tjoemen
Tmoetarakan
Tobroek
Toela
Toengoeska
Toerkonje
Toeroet
Toledostrook
Tolkemit
Tongeren
Tongerlo
Tonlé Sapmeer
Torenberg
Torzjok
Toscane
Toxandrië
Traken
Transdanubië
Transjuranië
Transkarpatië
Transkaspië
Transkaukasië
Transnistrië
Transoxanië
Transsylvanië
Transvaal
Trau
Traunik
Travemonde
Trebizonde
Trebnitz
Treffen
Tremessen
Trente
Triëst
Tripoli
Tripolis
Tripolitanië
Trivandrum
Trjavna
Troizina
Trouwburg
Tsachoer
Tsaritsyn
Tsarjovokoksjajsk
Tschabe
Tschanad
Tschinvali
Tshochen
Tsjeboksary
Tsjechië
Tsjeljabinsk
Tsjerepovets
Tsjerkasy
Tsjernivtsi
Tsjernobyl
Tsjerven
Tsjoechloma
Tsjoedovo
Tsjoekovo
Tsjoemikan
Tsjoesovaja
Tsjoevasjië
Tsjortkiv
Tubbingen
Tubeke
Tüberg
Tuinberg
Tuinbrug
Tunesië
Turijn
Turkije
Tweebeek
Tweebruggen
Tyrreense Zee
Tyrus
Ubundu
Udscharma
Uggenois
Uliastaj
Unienau
Ust-Ischim
U-Tsang
Vaalmuiden
Valdaj
Valencië
Valencijn
Valkenberg
Valkensteen
Vallabhi
Vancouvereiland
Varangiaanse Garde
Vasjoegan
Vaticaan
Vechten
Vegl
Veldbeek
Velizj
Veluwe
Vemulavada
Venetië
Venlo
Vereenigde Oostindische Compagnie
Verenigde Arabische Emiraten
Verenigde Belgische Staten
Verenigde Nederlanden
Verenigde Staten
Verenigde Staten van Amerika
Verenigd Koninkrijk
Verheredal
Vetloega
Victualiënbroeders
Vielin
Vijfkerken
Vilvoorde
Vindhyachal
Vinnytsja
Vishuisen
Vitegra
Vjazma
Vlaanderen
Vlissingen
Voegen
Volchov
Volkovisk
Volodymyr
Volodymyr-Volynsky
Volzjski
Voor-Pommeren
Voorst
Voronezj
Vorosjilovgrad
Vorstenberg
Vostokmeer
Vredeberg
Vrijburg
Vrijstad
Vrouwenveld
Vsjtsjizj
Vuurland
Vytsjegda
Waalingavoord
Waarberg
Waard
Waasten
Waasvoord
Waddenzee
Waderbron
Wadvoord
Wahlstatt
Walachije
Walkenriet
Wallis
Wallonië
Walvisbaai
Warasdin
Wardein
Waregem
Warmland
Warschau
Watervoord
Waxenstein
Wedemark
Weerheem
Weervoord
Wegzee
Wehlau
Weiden
Weissenburg
Weitsteen
Welun
Wenen
Werelden
Werkswaard
Wervik
Weschke
Wese
West-Armenië
West-Australië
West-Azerbeidzjan
West-Bengalen
Westerland
Westermanland
Westfalen
Westfjorden
Westfriesland
West-Friesland
Westgotland
Westhuis
West-Ijsland
West-Indische Federatie
West-Macedonië
West-Moerland
Westouw
West-Seeland
West Slowakije
Westvaalt
Westwijk
Wetter
Weverloo
Wezel
Wezer
Wicken
Wieburg
Wiek
Wieouw
Wieselburg
Wijk
Wijnendale
Willemstad
Wilna
Wiltwijk
Windhoek
Winkelkom
Wirowititz
Witburg
Witingsooibos
Witkerk
Wit Kerk
Witlijk
Wit-Rusland
Witte Horde
Wittenburg
Witte Zee
Witzand
Woden
Woenwie
Woerddal
Woerden
Wohlau
Wolfenbeul
Wolfsberg
Wolfsdorp
Wolga
Wolga-Bulgarije
Wolgograd
Wollastonmeer
Wonneborn
Wortburg
Worttemberg
Woseil
Woudal
Woudegge
Woudhem
Woudrichem
Würben
Xiva
Yotvingië
Zaluwvoord
Zamtang
Zandbeek
Zandouw
Zandwijds
Zaporizja
Zara
Zechenau
Zegeberg
Zein
Zengg
Zevenburgen
Zhetikara
Zichtuin
Zierikzee
Zilverburg
Zilverburg Sleut
Zinderhoog
Zinnik
Zistad
Zjdrelo
Zjlobin
Zjytomyr
Zlato-oest
Zobten
Zoebtsov
Zon
Zoutburg
Zoutwijk
Zuid-Australië
Zuid-Bohemen
Zuid-Chahar
Zuidelijke Bocht
Zuidereiland
Zuidergouw
Zuidermanland
Zuidersaksen
Zuidervolk
Zuiderzee
Zuidhamtuin
Zuid-Ierland
Zuidkoping
Zuid-Korea
Zuidlandingvierding
Zuid-Sardinië
Zuid-Wales
Zuidwellen
Zuidwest-Afrika
Zulpik
Zurvanisme
Zutphen
Zwaandorp
Zwaben
Zwarteburg
Zwarte Gordel
Zwartenberg
Zwarte Zee
Zweden
Zweedse Afrikacompagnie
Zwijndrecht
Zwijnvoord
Zwits
Zwitserland
Zwitserse Hoogvlakte
