$1H̱ūrīkūm
Abbas
Abbis
Abdegas
Abdera
Abiad
Abidus
Abīdūs
Ābilaẗ
Ābīrnāī
Ablatunus
Ablustain
Abu
Abū
Abwab
Ad
ad-Dāḫilaḧ
ād-Dāmir
ad-Dammāmʼ
ad-Danmārk
ad-Dār
ad-Darbasak
ad-Dawḥaḧ
Ad'loun
Adrār
Aḏrbīǧān
Afġānistan
'Afrabalá
Āfrānš
Āghmāt
Aǧīm
Ahliba
Āīġr
Āīlis
Ain
Aïn
Āīnsīdīln
Āītānāǧār
Ajaksiu
'Ajmān
Ajnūna
Ākād
Akhlát
'Akká
Al
āl-Adrādā
Alaiye
al-Anbār
al-Antaniya
al-Aqwás
al-Arān
al-Arid
al-Arkūn
Al-Asharah
Al-Asyutiya
al-Atarib
al-Awalak
al-Ayyur
al-Azraq
Albā
al-Badandun
al-Baḥarīẗ
al-Bahnasa
al-Baḥr
āl-Baḥr
al-Baḥrayn
al-Baiaq
al-Balah
Al-Bālud
al-Bara
Al-Baramun
al-Baretoun
Al-Barī
al-Barid
al-Basīṭ
al-Bāšqird
al-Baṣraḧ
Al-Batrā
āl-Batrūn
al-Bawlar
Al-Bayda
āl-Bǧnāk
āl-bḥr
āl-Bḥr
āl-Binṭas
al-Biqá'
al-Bīra
āl-Biriān
āl-Brāzīl
Al-Buḥaīrẗ
al-Bull
Al-Bunduqīyya
al-Bunt
Albur
al-Burj
al-Burtuġalyaẗ
āl-Būsfūr
al-Buwy
al-Bwyblā
Alcanatif
Al-Dawla
āl-Dīrsbāẖ
āl-Dūlẗ
Al-Dzayir
Aleaziz
Alen
Alesh
al-Eshtebunna
al-Fanār
al-Farama
al-Faruh
āl-Fāšir
Ālfātīkān
Al-Fayyúm
al-Fedīnā
al-Fīmī
al-Frit
Ālfrs
Al-Fuleh
al-Furāt
al-Gaba
al-Ġāl
al-Ġarb
āl-Ġarbiyyah
al-Ġasāsinẗ
al-Gaydah
al-Ǧazāʼir
āl-Ǧazir
āl-Ǧazirah
al-Ǧazīraẗ
Al-Ghāba
āl-Ǧibāl
al-Ǧīzaḧ
āl-Ǧizāʾir
al-Ǧubayl
al-Guryaba
ĀlǧzāʾIr
āl-Ǧzr
Al-Habash
āl-Hadār
Al-Hadr
āl-Haīāl
Al-Hain
al-Ḫalīl
al-Hāmā
āl-Ḥambrāʾ
al-Hamma
al-Ḫandaq
al-Hanim
al-H̱ānīẗ
al-H̱arǧ
al-Ḫāriǧaḧ
al-Ḫarṭūm
al-Haruniya
al-Ḥasaka
Al-Hāshimīyah
āl-Ḥasīmẗ
āl-Hḍbẗ
āl-Ḥībẗ
āl-Hīfāṭliẗ
al-Ḥiǧāz
Al-Hijarah
al-Hind
al-Hisn
āl-H̱rūb
al-Ḫubar
al-Hurīya
Ālikwādūr
Al-Imārāt
āl-Iskandarīẗ
āl-iskndrīẗ
āl-Īūnān
Aliyya
Al-Jabal
Al-Jabhat
al-Jadida
al-Jalīl
Al-Janūm
Al-Jaroza
Al-Jawf
Al-Jaysh
Al-Jumhūrīyah
al-Jurz
āl-Kāf
āl-Kāmīrūn
al-Kanāʾis/>
Al-Karak
al-Karaz
āl-Kāstrū
al-Kāūdháhq
al-Kíraj
al-Kudia
al-Kúfa
al-Kull
al-Kulzum
al-Lāḏiqīyah
al-Lakza
al-Lán
al-Laqant
Al-Ludd
al-Lustr
Al-Madāʾin
Al-Madin
Al-Madīnah
āl-Mādīẗ
al-Maghrib
al-Magrib
Al-Maida
Al-Manāma
al-Manǧāẗ
Almaniya
al-Mansaf
al-Mansela
al-Mansha
al-Mansūrīya
al-Máribah
al-Mariyaẗ
al-Marqab
al-Massisah
Al-Mawsil
al-Māzīn
āl-Meknāsī
Al-Minā
al-Mudain
āl-Mūdaūfār
al-Muddawwar
al-Munakkab
Al-Munastir
al-Munt
āl-Mušaqar
āl-Naqab
āl-Nāẓūr
Alnnarwij
al-Qaçr
al-Qādisīyah
āl-Qāhirẗ
al-Qal'a
al-Qalamiya
Al-Qal'at
Al-Qalata
al-Qal'atyn
al-Qálluz
Al-Qamuq
al-Qantara
āl-Qantārā
al-Qantarat
al-Qariya
al-Qarqīsīā
al-Qasbah
al-Qashim
Al-Qawqaz
al-Qinārẗ
āl-Qirm
Al-Qīrwān
āl-Qṭāmī
Al-Quds
al-Qulay'a
al-Qumurī
al-Qunayṭira
Al-Qurra
al-Qustantíniyya
āl-Rābāt
āl-Rābṭẗ
āl-Rafanīẗ
Al-Rahbah
al-Rašīd
āl-Rāšīdīẗ
al-Rūhā
al-Sahlaẗ
al-Sajra
āl-Samāūẗ
Al-Sarbiyya
Al-Sarir
al-Sarqiya
al-S’jaima
āl-slfādūr
āl-Šmāl
Ālsnġāl
āl-Šrkẗ
Al-Sumal
āl-Tanūẖyin
Al-Tayibah
āl-Ṭāʾif
Al-Thawrah
al-Tīst
al-Uadhra
āl-'Ūlī
Al-Uqṣur
al-Usha
Al-Ushmúnayn
'Alwa
Al-Wajh
al-Warddiyya
al-Wās
al-Xarat
Al-Yaman
al-Yussána
Al-Zaazu'
āl-Zāwyẗ
al-Zugawa
al-ʼAḥsāʼ
al-ʼAhwazʼ
al-ʼImārāt
al-ʼIskandariyyaḧ
al-ʼIskandarūn
āl-ʾAīāzīǧīs
āl-ʾAlb
Al-ʾAnāḍūl
āl-ʾAnāḍūl
al-ʾAndalus
āl-ʾAqālīm
al-ʾAṭlas
al-ʾUrdunn
al-ʾUšbūnaẗ
al-ʕIrāq
al-ʿAmārah
al-ʿAqaba
al-ʿArabīyah
āl-ʿFārīẗ
Amastratah
Āmbwāz
Ámid
Ammar
Amstardām
Āmstītn
Amūrū
Andīǧān
Andújar
Angiltra
Ānī
an-Nahrawān
an-Namsā
an-Nāṣira
Annidin
an-Nīl
An-Nīssa
Anšān
Antākiyyaḧ
'Antalia
Antartus
Antīūkīā
Anwākšūṭ
Aqabah
Aqitun
Araġūn
Arbal'un
'Arbasius
Arbil
Arbúna
Arǧāū
Arġīs
Arīkībā
Arjiš
Armanak
Arminiya
Arminyáq
Arqa
Arqanin
ar-Rabāṭ
ar-Ramādī
ar-Ramlaḧ
ar-Raqqaḧ
ar-Rataba
ar-Rawandan
Ar-Rayul
ar-Riyāḍ
Ar-Rustāq
Artah
Arusha
Aryanah
Arzan
Āsbīr
Āšmālkāldn
as-Mirqat
Ásqalán
Aṣ-Ṣaḥrā'
as-Salt
as-Samakh
aṣ-Ṣanamayn
aṣ-Ṣawīra
as-Shirush
as-Sūdān
Aš-Šuhadā
as-Suwaydiyah
As-Suways
Astǧūrt
Āštrāūbīnġ
Astudd
Asturiyas
Asturqaẗ
Atākāmā
Ātīl
Atina
Atínsa
Atralisa
at-Tafaiyya
At-Tafilah
at-Tūnis
at-Tūnisīyah
Aūfālī
Aūkāīālī
Aūlīmbūs
Āūmā
Aūrknī
Awīru
Awshúna
‘Aydhab
Ayn
Ayn-Zarba
Ayras
Ayyir
Azaz
Azdisát
Azurara
Az-Zāfarah
az-Zaytuna
Báb
Bābil
Bābūm
Báburt
Badlís
Bādn
Bādrbūrn
Bādūfā
Bafaria
Bāfīā
Bāflāġūnīā
Bāflūdār
Bāfūs
Bāǧaẗ
Baġdād
Bāẖarz
Bahr
Baḥr
Bāhrāītš
Baḥrīyah
Baʻqūbaḧ
Bāīā
Bāīnīr
Baīrwyt
Bājarmī
Bájat
Bajjána
Bākīnġhāmšīr
Bāknġhām
Bākrūfsk
Bākstūn
Bākū
Bālā
Ba'labakk
Balad
Bālāġwār
Bālāẖnā
Bālāklāfā
Bālākūfū
Balanjar
Balansiyaẗ
Balarm
Bālātīnāt
Bālẖāš
Bálish-Málaqa
Bālītwā
Bālmalā
Balmunt
Bālq
Bālstrīnā
Balyarš
Bamfilia
Bāmfīlīā
Bāmīān
Bāmṯānġ
Bāmyih
Banbalūnaḧ
Bānbūrī
Bāndīāǧārā
Banǧakant
Bānġālūr
Banġāzī
Bānġī
Bānīākāfālū
Bānīfīzīs
Bānimūnh
Baniswēf
Bāniyās
Banqnārtī
Bānskā
Bāntšīfū
Banu
Bānū
Bānūnīā
Banyas
Bāqirmī
Bār
Bārāībā
Bārāmārībū
Bārānīā
Bārānkūs
Barazis
Barbaštru
Barbitānīā
Bardsir
Bārflūr
Barġansaẗ
Barghiri
Barghunia
Bārī
Bārīs
Bārīš
Bariz
Barja
Bārkšīr
Barlīn
Bārlītā
Bārmā
Bārnāūl
Barnīfīld
Bārnstībl
Barqah
Barrash
Bārsberġ
Barshána
Barshilu
Baršilūnaẗ
Baršilūnẗ
Bārskwun
Barsuqa
Bartania
Bartaniyyah
Bartannah
Bārtīn
Bārūs
Barzuya
Bāsāū
Bāsīnǧstūk
Basta
Bāstāzā
Bāstīā
Bāṯ
Bātāīsk
Baṭalyūs
Bātān
Bāṯānkūt
Bātarnū
Bātīkālwā
Bātītskyi
Bātnaḧ
Batraliah
Bātrās
Bāūtsn
Bāwys
Bāyi
Bāyin
Baykir
Bayra
Bayrūt
Baysitun
Bayt
Bayyána
Bayyas
Bayyása
Bāzhfālk
Bāzīn
Bazu
Bdnā
Beesan
Beg
Beīẖār
Belansiya
Ben
Benavent
Benġāl
Beni
Benna
Bennaranda
Benzart
Beradesh
Berāfīddā
Berġāmā
Beskārā
Bǧāīẗ
Bhāfā
Bhārātbūr
Bẖāri
Bhīlwārẗ
Bhīrẗ
Bḥr
Bẖtārmā
Bhwy
Bīātrā
Bībīānū
Bībrā
Bidakhshan
Bīdġūštš
Bīǧābūr
Bīǧītsk
Bīhūr
Bīkend
Bikfaīā
Bīkīsksābā
Bīlā
Bīlārūs
Bilbah
Bīlfld
Bīlībī
Bīlīm
Billuq
Bīltšītī
Bīlūnd
Bilushta
Bilyana
Bīmārān
Bīndr
Bindun
Bīnhbrġ
Bīnī
Bīnimūn
Bīnīrūlū
Bīnīskūlā
Bīnšī
Bīnsk
Binyans
Biqqausuna
Biqqu
Bīrāīūs
Bīrāt
Bīrātīn
Bīrbīnīā
Bīrdūšīf
Bīreleddā
Bīrġāmū
Birǧand
Birges
Bīrǧīrāk
Bīrǧū
Bīrẖen
Bīrī
Bīrīhūfī
Birīṭāniyā
Bīrīzān
Bīrlād
Bīrlānġā
Bīrm
Bīrnāmbūkū
Bīrsk
Bīrštūnās
Bīrtīnūrū
Bīrtšsġādn
Bīrūbīǧān
Bīrūǧǧūn
Bīrūǧīā
Birula
Bīšāūr
Bish
Bīsīdīā
Bīskīā
Bīskīrā
Bisqāyaẗ
Bīstrītsā
Bītālūfū
Bītbūrġ
Bītīǧlīānū
Bīṯīnīā
Bītrbrẗ
Bītrūzūfūdsk
Bītsburġ
Bitšīlimū
Bītsū
Bītsūndā
Bītšūrī
Bītūǧ
Bīṭūm
Bitunsa
Bituriyya
Bīūnālbīrǧū
Bīūnġīānġ
Bīūtīā
Bīzanṭẗ
Bīzārū
Bīzyih
Biʼr
Bkbsī
Bktāšīẗ
Blāġāī
Blāīṯ
Blāsīnṯyā
Blātāīā
Blāwyn
Blāyi
Bldīẗ
Blġār
Blġrād
Blīz
Blmūbān
Blūnū
Blūsūfr
Blūẗ
Blzn
Bmbūr
Bnġālūr
Bnǧkūr
Bnġlādīš
Bnmā
Bntīfūlīū
Boħēret
Bozǧh
Brāds
Bradūl
Brafiyā
Brāġ
Brāīfāīskā
Brāīǧū
Brāīn
Brāīzāẖ
Braqara
Brāšūf
Brātslāf
Brātū
Brdīūf
Brībīr
Brībūlyih
Brīġanz
Brīksn
Brīlh
Brīlī
Brīmin
Brīndīzī
Brīšā
Brīst
Brīštīnā
Brīstšlū
Brītīnāū
Brītūfū
Brītūrīā
Briuqa
Brīūzīrsk
Briyānsūn
Brīznīk
Brīzren
Brlhbrġ
Brn
Brnīk
Brnīsīā
Brntslāū
Brnū
Brstl
Brstūn
Brūfīns
Brūfns
Brūksl
Brūlū
Brūnāī
Brūnkhūrst
Brūnsbūtl
Brūsīā
Brūsīdā
Brʾāūfʾāīlr
Bskūf
Bst
Būbānswār
Bubashtru
Būbīū
Būblīnġīn
Bublit
Būbūndītā
Būdāībū
Būdbūrūǧyi
Būdǧū
Būdrūm
Būdūlīā
Būdwyīfū
Būfāǧskā
Būfālū
Būġātšīūf
Būġāz
Būġūlmā
Būǧūmbūrā
Būġūtšār
Buḥayra
Buhimia
Būẖnīẗ
Būhūslāf
Būhūslān
Būkālīmū
Būkīr
Būkrūf
Būl
Buláy
Būlẖūf
Būlīfīā
Būlīġīrūs
Būlsānū
Būlsīnīǧū
Būlūġwyī
Būlūnī
Bulunya
Bulunyas
Bulyah
Bulyakuru
Būmbūrtū
Būnẖā
Buniyya
Būnnibīrā
Būntīfī
Būnzūnī
Būqṭub
Būr
Burba
Būrdīnūnī
Būrdū
Bured
Burǧ
Būrǧ
Būrġhūlm
Burġuš
Būrīānā
Burīānẗ
Būrīk
Būrīn
Burinsa
Būrīntrī
Burj
Būrnhūlm
Būrniyū
Bursa
Būrtālzīr
Būrtīl
Būrtīmāū
Būrtsmūṯ
Burtu
Būrtū
Būrtūrīkū
Būrūfītšī
Būrūndī
Būryā
Būš
Būsān
Būsānǧū
Būšāwy
Bushahr
Būsītū
Būškār
Busṭun
Būswurṯ
Būtfġarād
Būtīfal
Būtilimīt
Butilj
Būtinsā
Būtīnštāīn
Būtīrā
Būtlītz
Būtšātš
Būtsdām
Būtsk
Būtswānā
Būtswulī
Būzāū
Būzīġā
Būznān
Būʿnān
Bwun
Bwyānū
Bwyġṯīrdā
Bwynītsi
Bwyns
Bwytsnbūrġ
Byilā
Byrsu
Byzanth
B'zaah
Dabil
Dābrūfā
Dāġstān
Dāẖāū
Dākūtā
Dālās
Dallas
Dāmfrīs
Dānbā
Dānblīn
Dānġnūn
Dāniyaẗ
Dānnberġ
Daressalaam
Dārfūr
Dārǧlīnġ
Dārẖān
Darkush
Dārlīnġtūn
Dārmštāt
Darnah
Daruliyyah
Darúqa
Dāsil
Dāšūġūz
Daw
Ḍāya
Dayr
Dayru
Dbrtsn
Debārwā
Deir
Deltā
Demīn
Denīzlī
Dǧānkwy
Dġndūrf
Dhrādūn
Dhrwād
Dībrī
Dībūrġ
Dīdūfītšī
Dīfā
Dīfīntr
Dīfūn
Dīǧ
Dihlí
Dīkīrš
Dīlūs
Dimašq
Dīmūtīqẗ
Dīnānt
Dīnġkīn
Dinibouli
Dīnklsbūl
Dīr
Dīrā
Dīrāūr
Dīrdūrf
Dīrī
Dīrẗ
Disina
Dītšīn
Dīūrīġī
Diyār
Dīzā
Dlfī
Dlfzāīl
Dlmnhūrst
Dnbār
Dnbīšīr
Dndī
Dnfīrmlīn
Dnībrū
Dram
Drās
Drīnth
Drū
Drūġūbītš
Drūhīdā
Drūsīā
Drūzhkīfkā
Dtmūld
Dubayy
Dūbīksā
Dūbrītš
Dūfīnī
Dūkūm
Duluk
Dūmāǧlītsh
Dumbārtūn
Dūmīts
Dumyāṭ
Dunaysir
Dūnbās
Dūndālk
Dūnīǧāl
Dūnkāstr
Dunniyya
Dunqulā
Dunustiyya
Dura
Dūrānġū
Dūrdīfātš
Dūrmāġn
Dūrst
Dūrstād
Dūrtmūnd
Dūrūġūbūǧ
Dūsbūrẖ
Dūsldūrf
Dūtīnẖīm
Dyib
Dzayer
Dzhalita
El
El-Jazāyir
Ellerina
Enez
Erawash
Fādstīnẗ
Fādūdārā
Fāfūnīā
Fahraǧ
Fāīlbūrġ
Fāīlh
Fāīmār
Fāīnzberġ
Fāīsnūh
Fajíj
Fāksīū
Fālansīā
Fālbrġā
Fāldāī
Falembān
Fālkīrk
Fālknbrġ
Fālmīrā
Fālšūbinġ
Fámieh
Fān
Fāndins
Fānū
Fārānāsī
Faraskur
Fārbīrġ
Fares
Farfárun
Fārġāšī
Fārmlānd
Fārnā
Fārnīāī
Fārsālā
Fārtbūrġ
Farṯīẗ
Fārū
Fās
Fāsīlkīf
Fāslwy
Fāsnbrġ
Fāstmānlānd
Fatḥ
Fātrā
Fāūkīūmbīrǧūs
Fayyūm
Fedāʾīūn
Ferden
Ferlīkā
Festrīūtlānd
Fīālītškā
Fīālūn
Fīānā
Fīānn
Fībrfūrt
Fīd
Fīdǧīfānū
Fīdīšā
Fīdnzā
Fīfrzhām
Fīǧāīāwādā
Figir
Figyira
Fīkāmb
Fīksīn
Fīlākūfū
Fīlānīš
Fīlānīūfā
Fīlārīẖū
Filasṭīn
Fīldkīršn
Fīlīǧ
Fīlīkyi
Fīlīs
Fīlkī
Fīlnīūs
Fīlstr
Fīlz
Fīmrbī
Fīnāfrū
Fīnītsā
Fīnīūlā
Fīnlū
Fīnstrūm
Fīntertūr
Fīntsū
Fīnūġrādīf
Finulida
Fīnūsā
Fīrākrūz
Fīrārā
Fīrīā
Firiyya
Fīrmū
Firmunt
Firmusiliyya
Fīrnīġīrūdh
Fīrsdāl
Fīrūl
Fīrūz
Fīryi
Fīsbādn
Fīsbī
Fītānīh
Fītīnġen
Fītrī
Fīzlīh
Fīzūl
Flābiīa
Flādīmīr
Flādrīs
Flītrī
Flūrīānūbūlīs
Flurinsa
Fntīmīlīā
Foyštfānġen
Fraġaẗ
Frāīznġ
Frāmlīnġhām
Frānūf
Frānyi
Frāūnfīld
Frǧīnīā
Frīdrīšshāfn
Frīǧūs
Frīmāntl
Frīndāfān
Frīsnū
Frītslār
Frmāndwā
Frnkūnīā
Frsān
Fršāts
Frthāīm
Frūlūfū
Frunshal
Frūntīnhāūzn
Fstfūld
Fūd
Fūdǧā
Fūdmūnt
Fūǧīr
Fūġīrā
Fūkānġ
Fūkšānī
Fukušīmā
Fūlfnbūtl
Fūlġā
Fūlǧskī
Fulḡuḡrād
Fūlīnīū
Fūlštīn
Fūltā
Fūltīrā
Fundynid
Fūnītsā
Fūrdn
Fūrlīmbūbūlī
Fūrms
Fūrst
Fūrtālīzā
Fūrtsbūrġ
Fūsdīnūfū
Fūsūmbrūnā
Fūtā
Fūtkīnsk
Fūtswāfk
Fuwwah
Fuxim
Fūznīsīnsk
Fwyrtīfantūrā
Fyinā
Fyirzū
Ǧabal
Gabla
Ġābūrūn
Ġādhbūš
Ġāfrīlūf-īām
Ǧāġārī
Ġāġāūzīā
Ǧāīsnhāūzn
Ġālāksīdī
Ǧālāndhār
Ġālāts
Ġālībūlī
Ǧaliqyaẗ
Ǧālkʿīū
Gālmuḍug
Ġālntā
Ǧāltlī
Ġālwāī
Ġāndārā
Ġānġān
Ǧānt
Ǧanūb
Ǧarāblus
Ǧarandaẗ
Ġarb
Ḡarb
Ġarnāṭaẗ
Ǧārū
Ġāstālā
Ġāttšīnā
Ǧāūtīnġ
Ǧayyān
Ǧazir
Ġazzah
Ǧbāl
Ġdānsk
Ġdīnīā
Ġdūf
Gebel-Hamed
Ǧeraš
Ghaiyya
Ġhaūdeš
Ghbili
Ghulām
Ǧīānġsū
Ġīāntsī
Ǧibāl
Ġibuškuwaẗ
Ǧībūtī
Ǧīdbūrġ
Ǧiddaḧ
Ġīfhūrn
Ǧīkābbīls
Gili-Zalan
Ġīlnhāūzn
Gīndhūk
Ǧindīras
Ǧīnšānġ
Ġirinẗ
Gīrmūnt
Ġīrsūn
Ǧīrūft
Ǧīrūkāstr
Ġīrūlštāīn
Ǧīslamīr
Ǧīšūf
Ǧītā
Giṭar
Ǧīū
Ġīūmāī
Ġīūmrī
Ġīūnġsānġ
Ǧīūr
Ǧīūtšāī
Giyul
Ǧīzūr
Ġlāskū
Ġldfūrd
Ǧlūbīn
Ġlūstr
Ġlūstršīr
Ǧnīf
Ġnīznū
Ġnt
Ġrābū
Ġrādīskā
Ġrāīfsfālt
Ǧrānātūlā
Graniyyna
Ġrātsānītsā
Ġrāūbūndn
Ǧrǧān
Ǧrǧānīẗ
Ġrīmsbī
Ġrīniyān
Ǧrmūk
Ġrūbīnā
Ġrūdnū
Ġrūǧūnts
Ġrūsītū
Gruyere
Ġrūznī
Ġrzi
Ǧūbālānd
Ǧūbānīūn
Ǧubayl
Gubbiyya
Ġūbīū
Ḡudhub
Ǧūfīnātsū
Ǧūlbārā
Ġūlbīn
Ġulistān
Ġūlmūd
Ǧūlūf
Gumar
Gumik
Gummar
Ǧūnbūr
Ǧūnī
Ġūrāẖbūr
Ġūrāzdh
Ġūrdīūm
Ǧūrǧīā
Gurmas
Ġūrūẖūfīts
Ġūrzūf
Ġūstrū
Ġūtīnġn
Ġūtlānd
Ġūtskū
Ǧuzur
Ġwādālāẖārā
Ġwādālīst
Ġwānāẖwātū
Ġwārīnīā
Ġwylīn
Ǧwynīd
Ǧwynīs
Gyinā
Gyrniqqa
Ǧzīrẗ
Hābānā
H̱ābārūfsk
Ḥabīġanǧ
Hābsbūrġ
Haḍbatu
Ḥadīṯẗ
Hadramawt
Ḥaḍramawt
Hāfānā
Hāǧrstāūn
Hāīlbrūn
Hāīnsbrġ
Hāītī
Ḥalab
Hālānd
H̱ālāndrī
H̱ālāstrā
Hālh
ẖālīskū
H̱ālkīḏīkī
Hālmāǧīū
Hālmstād
Halq
Hālsnġlānd
Hāmālānd
Ḥamāẗ
Hāmbšāīr
Hāmīnlīnā
Ḫamīs
Ḫān
H̱ānīẗ
H̱āntī-Mānsyisk
H̱aqāsīā
Hara'ith
H̱ārā'īth
H̱ārāīz
Haramaz
Hārdrfāīk
H̱arẖā
Hārīsūnbūrġ
Harjaisā
Ḥarrān
Ḥarrẗ
Hārstād
Hārtfūrdšīr
Ḥasan
Hashshashin
Hāskūfū
Hāslt
Haštġard
Ḥaṣwayn
Hāūġsūnd
Hawara
Hawi
Hawran
Ḥayfā
H̱azarstan
Ḥdādẗ
Hdmārk
Hebrdīs
Ḥī
Hīlās
Hīldshāīm
Hīlīsīnkūr
Hīlūnġǧīānġ
Ḥimṣ
Hinṯādā
Hīnū
Hīrbtzhīm
Hīrfās
Hīrfūrd
Hīrīkūrt
Hīrkīh
Hīrlīn
H̱īrsūnīsūs
H̱īrūnīā
Hīrūšīmā
Hīrwyt
Hīsdīn
Hisn
Ḥiṣn
Hīstīnġz
Hītsʾākr
H̱īūs
Hīwān
Hkārī
H̱landdnū
Hlberštāt
Hlsīnġbūrġ
Hlūẖīf
Ḥomṣ
H̱orāsān
Ḥoṣn
Hrandlah
Hrauz
H̱rūnīnġin
Hsn
Hū
H̱ūbī
Hūfālīz
Hūfīnkā
Hūkīsfāġn
Hūknhāīm
Hūlīūl
Hūlstībrū
Hūlūlā
H̱ūmās
Hūnfūs
Hūnġ
Hūnštāīn
Hūrdālān
Hūrnātšūs
Hūrūdnītsīā
Hūrūdūk
ẖūs
Ḥuṣaībẗ
Husaybah
Hūšī
Hwānġhāī
H̱wārzm
Hwunāms
Ḥwwārẗ
H̱wynā
Hwyrsfīrdā
Hyiūmā
ʻAmmān
ʻAmmūn
ʻImwas
Īāfātmāl
Īāītsī
Īālīfārh
Īālūmītā
Īāmāntū
Iamnia
Ianbuu
Īānġtšū
Īānīnā
Iāqqā
Īārūslāfl
Īāūndī
Ibbar
Ibhlībin
Ibhūfn
Ibn
Ībnbūrn
Ibrbāẖ
Ībrīn
Ibrsbrġ
id-Danimark
Īḏiǧ
Iḏīsā
Īfānū-Frānkīfsk
Īfānūfū
Īfīr
Ifranja
Ifrīā
Ifrīqīā
Ifrū
Iǧlīsīās
Iġrsūnd
Īhlāfā
Īhūdīẗ
Iibayrus
Iighdir
Iisawria
Iisirnia
Iiskandinafia
'Ijah
Īkārīā
Īkībāstūz
Ikstr
Ilātīā
il-Baḥr
Ilberfeld
Ilbira
Ilbūrẖ
Ilfsīnā
Īlġāfā
Īlī
Ilīǧā
Īlīrīā
Ilmshūrn
Ilna
Īlšīstr
il-ʕIrāq
Imamat
Imāmīẗ
Imbrāṭūrīẗ
Imbrūs
Imdn
Imīlīā
Īmīrītī
Īmūtskī
Indinsah
Indūnīsīā
Ingiltra
Inġīrīā
Īnǧīsār
Inīskūrṯī
Īnīstā
Injamīnā
Insa
Insbrūk
Iqlíbiya
Iqrīṭiš
Īrābtrā
Īrārāt
Irbid
Irdik
Irdīnġ
Irflabiyya
Irfūrt
Irībūnī
Irīsūs
Irsīnā
Irun'uq
Isakgi
Isbaniyya
Išbīliyaẗ
Īšfāīlr
Ishan
Iskālūnā
Iskīā
Isks
Islīnġn
Isn
Isna
Išq
Issar
Iṣṭaẖr
Istfan
Īstī
Istīrlīnġ
Istrīā
Istūnīā
Itāblis
Italiyya
Itāmb
Itrābīnīs
Itshwyh
Īūdenbūrġ
Īūġūslāfīā
Īūġūslāgīā
Īūldībā
Īūlīš
Īūnġnām
Īūnīẖū
Īūrk
Īūterbūġ
Īūtlānd
Īūtūfātā
Iyyuh
Iznīq
ɪd-Dɪnɪmɑrk
Jabal
Jabalah
Jādhara
Jannába
Jarahisar
Jarbah
Jawkasun
Jbal
Jebel
Jirjant
Jõn
Julfúdh
Jundaysābūr
Jūnū
Jurzán
Kābūšfār
Kabuu
Kafarṭāb
Kafr
Kāġāīān
Kāẖītī
Káhta
Kāhūl
Kāhwyl
Kāīn
Kaisum
KāīʾĀnī
Kalabria
Kālāfāt
Kālāfrītā
Kālāī
Kālāndrītsā
Kālfī
Kalībūlī
Kālīh
Kālīkalā
Kālīkūt
Kālīmbūnǧ
Kalīstū
Kālmār
Kalyary
Kāmāġwy
Kāmārīnā
Kāmbār
Kāmbn
Kāmbrīdǧ
Kāmbrīdǧšīr
Kāmbrīh
Kāmbūbāsū
Kāmbūnǧ
Kāmīšīn
Kāmīšlūf
Kāmšātkā
Kan‘ān
Kāndāfā
Kāndaq
Kānġā
Kānim
Kānīm-Būrnū
Kāntrbīrī
Kāntšībūrām
Kānū
Kānūsā
Karakay
Kārāmāī
Kārbīntrās
Kārdīġān
Kārǧlī
Kārġūbūl
Karẖ
Kārīā
Kāribāṯūs
Kārīstū
Karkar
Karkemīš
Kārlāīl
Kārlsrūh
Karman
Karmānšāh
Kārnātākā
Kārtāmā
Kārtlī
Kārūlāīnā
Kārūnīā
Kāsās
Kāsātū
Kashmír
Kāsīnū
Kāslfūrd
Kāstānnẗ
Kāstrū
Kāstrūfīlārī
Kāṯūrlā
Kāūfbwyrn
Kāūk
Kāūnās
Kawkab
Kayfalunia
Kāzālū
Kāzīrtā
Ketāmẗ
Kfīdlīnbūrġ
Kfīrfūrt
Kháldiya
Khamlikh
Khanāṣir
Kharamabād
Kharibtá
Kharshana
Kīāfārī
Kīārūmūntī
Kībāīrā
Kīdāīnī
Kīǧmārūk
Kīklāds
Kīkskīmīt
Kīkūs
Kilit
Kīlkīnī
Kīlsī
Kīlz
Kīmīārfī
Kīmīrūfū
Kīmīūkī
Kīmnits
Kīndūġū
Kīnġstūn
Kīnšāsā
Kint
Kīnڭsṭūn
Kīrī
Kīrīnsk
Kīrīšī
Kīrkālī
Kīrkhāūl
Kīrkwul
Kīrūf
Kīsāmūs
Kīšīmā
Kīṯīrā
Kīṯnes
Kītšīfū
Kīūdǧā
Kīūnġšī
Kīūstīndīl
Kīūtūn
Kīztīlī
Kīzwātnā
Klāībīdā
Klāīdīzdāl
Klbāīkān
Klīḏrū
Klīr
Klūbnbūrġ
Klūnī
Klūniml
Kmbūdīā
Kndā
Knīāġīnīnū
Knīdūs
Knūsūs
Kordofān
Krābīnā
Krāġwyīfāts
Krāīlshāīm
Krārā
Krāslāfā
Krasnudār
Krī
Krīkfīnīsā
Krīminšūk
Krīmūnā
Krīstīānsūnd
Krkūk
Krnūl
Krškū
Krūmīšrīš
Krūmlūf
Krūšīfāts
Krūsnū
Krūz
Krūznāš
Krwydūn
Krwyh
Kstūfū
Ktsbwyl
Kū
Kūbā
Kūber
Kūbrīfnītsā
Kūbrīn
Kūbrtīnū
Kūbūfār
Kūbūrġ
Kūfālīdā
Kūforden
Kūfrūf
Kūfštāīn
Kūfūlā
Kūhbanān
Kūhīmā
Kūkfl
Kūkīn
Kūldīts
Kūlīkūrū
Kūlīmā
Kūlīnyi
Kūlmbāẖ
Kūlšīstr
Kūlūǧn
Kūlūmbīā
Kūlūmīā
Kūmākīū
Kūmāsī
Kūmbrlānd
Kūmīrsī
Kumkam
Kūmlā
Kūmrtāū
Kūmū
Kūmūh
Kūmūš
Kūnākrī
Kūndūbūġā
Kūnfīrsānū
Kūnġūr
Kūnītīkt
Kūnīū
Kūnūtūb
Kūrāsāū
Kūrfīnīū
Kūrfū
Kūrġān
Kūrhūġū
Kūrīāǧmā
Ḵurībga
Kūrīdǧū
Kurinth
Kūrīnts
Kursika
Kūrskū
Kūrtā
Kūrtī
Kūrtīġānā
Kūrtšī
Kūrtūnā
Kūrūbī
Kūrūnī
Kūš
Kūsī_
Kūšīnǧār
Kūstrūmā
Kūsūfū
Kūtāhīẗ
Kūtbūs
Kūtīās
Kūtīnīūlā
Kūtnā
Kūtūnū
Kuwzansa
Kūzlsk
Kūzntsk
Kwāwylā
Kwubǧk
Kwynzlānd
Kyif
Kyig
Labb
Labda
Lābītnānġī
Lablaẗ
Lābṯūs
Lābūrd
Lādenbūrġ
Ladhiqiyya
Lāfāl
Lāfānīā
Lāfīlū
Lāflš
Lāfrīū
Lāhāy
Lāhīǧān
Lāhtī
Lāhūr
Lāībzīġ
Lāīdn
Lāīznīġ
Lākūnīā
Lālībīlā
Lambsakus
Lamiq
Lānfīs
Lānǧr
Lānġūlīn
Lānġūskū
Lānkāstr
Lantini
Lānzārūt
La'ra
Larat
Lārdẗ
Lārǧntyir
Lāridaẗ
Lārīdū
Lārīnū
Lārīsā
Lārn
Lārnkā
Lasbūs
Lāūn
Lāūṯ
Lāūtrbāẖ
Lawra
Lawsha
Laykawnia
Ldāẖ
Lefqūsīā
Lfīf
Lġnītsā
Lḥǧ
Līāǧ
Līān
Līāūnīnġ
Lībānī
Libar
Libbana
Libnēn
Lībštāt
Lībtūfskī
Lībūrn
Lībūs
Līdūrīkī
Līfārdī
li-Fḥēḥīl
Līfkādā
Līfūrnū
Līẖtnštāīn
Liḥyān
Līlān
Limbrāṭūrīẗ
Līmnūs
Līmrīk
Līmūǧ
Līndsfārn
Līndūs
Līnkon
Līnšūbīnġ
Līnts
Līqīā
Līrdām
Liriyya
Līšfīld
Lishara
Līstāūl
Līštnflz
Līstr
Līstršīr
Lītrīm
Lītūmīrītsh
Līṯūṯā
Līwārdin
Liyūn
Liyygur
Līzīū
li-ʕRāg
Lknāū
Lnkẗ
Lnkūlnšāīr
Lnlī
Lr
Lū
Lubbar
Lūblīn
Lubnān
Lūbūmbāšī
Lūġānū
Lūġātīts
Lūġrūnīū
Lūġūǧ
Lūhānsk
Lūkārnū
Lūkī
Lūkrī
Lūlānd
Lūlūẗ
Lūmīlū
Lūnbūrġ
Lūnī
Lunnah
Luq
Luri
Lurinnah
Luristān
Lúrqa
Lūsākā
Lūšū
Lūtn
Lūtsn
Lūtušrā
Luys
Lwyānū
Lwyfn
Lwys
Lwyts
Lyimus
Lyinz
Mā
Ma'arak
Ma'as
Madalīn
Madína
Madīna
Madīnā
Madínah
Madínat
Madīnat
Maḍīq
Mādūrāī
Maǧdal
Magosha
Maǧrīṭ
Magun
Magus
Māhārāštrā
Mahfara
Mahmed
Māīnīnġn
Māīsn
Māīū
Majaz
Mākāū
Mākhir
Makkah
Maknās
Mākūn
Malāḏkird
Malafi
Mālaqaẗ
Malatiya
Mālbūrk
Malgradd
Malīlīẗ
Mālīzīā
Mālmīǧ
Ma'muriya
Manaqur
Manbiǧ
Māndršāīd
Manf
Mānġālāīā
Mānġwāldī
Manibūr
Manitūbā
Mánkír
Mānkīstāū
Mānsfīld
Mansūrīya
Māntīnīā
Māntīrūfū
Māntūfā
Mānwyẗ
Mānzānārīs
Manzīl
Maqadúniya
Mārāmūrīš
Mārānhāū
Maraqiya
Mar'ash
Mārāṯūnās
Marbil'la
Maressa
Mārī
Mārībūr
Māridaẗ
Máridín
Mārīnā
Mārītsā
Mārkārīā
Mārkī
Marmarẗ
Mārš
Marsā
Mārsān
Māršānū
Mārsāskālā
Mārtulẗ
Māsāšūsīts
Māsātšūsts
Masīnẗ
Māšīrātā
Masqaṭ
Massuq
Māstrīẖt
Mātīrā
Mātšū
Mātsūsākā
Māūdn
Maurúr
Mayúrqa
Mayūrqaẗ
Mayyáfáriqín
Mazar
Māzūfī
Maʿān
Maʿarrat
Mḍīq
Medfīǧīġūrsk
Medfīǧīẗ
Mednīn
Meẖādmẗ
Mendrīs
Merrakec
Mersīā
Meruwah
Mġnīsīā
Mhābād
Mīdīlbād
Mīdīlbūrẖ
Mīdīmblīk
Mīẖāīlūfkā
Miknasa
Mīkūnūs
Milanu
Milas
Mīlātsū
Mīlhāūs
Mīlītūs
Mīlnīk
Mīlū
Mīlūs
Mīmīnǧīn
Mīn
Mīnās
Mīndānāū
Mindeqa
Mīnīābūlīs
Mīnīū
Mīnsk
Minúrqa
Minūrqaẗ
Mīnwā
Miranda
Mīrāndā
Mīrāndūlā
Mīrānū
Mīrīnā
Misha
Mīsīā
Mišiḡān
Mīsīnī
Mīsīnīā
Mīškūlts
Miṣr
Miṣrātah
Mīṯ
Mītābūntū
Mītīlīnī
Mīṯīmnā
Mītīn
Mītsūfū
Mīṯūnī
Mīūnẖ
Mīzūkūfšd
Mldūrf
Mnṭqẗ
Mogawar
Mqdūnīā
Mrkz
Mṣīāf
Mtsẖītā
Mū
Mūbīǧ
Mūdīkā
Mūdīlīānā
Mūdīnā
Mūdūrnū
Mūǧāīsk
Muhgadur
Mūkāǧīfā
Mūknāī
Mūlfetā
Mulinaẗ
Mulínat
Mūlīnz
Mūlīzī
Mumminda
Mummur
Mūmmūr
Munayira
Mund'unn
Mūnfīrātū
Mūnflkūnī
Mūnībrīġā
Mūnkālfū
Mūnlūsūn
Munqadda
Munqurbu
Munral
Mūns
Mūnsīǧūr
Munstir
Mūnstir
Mūnstr
Munsuun
Munt
Mūnt
Mūntālsīnū
Mūntfīdū
Mūntī
Mūntīkīū
Mūntīlīmār
Mūntīmānīū
Mūntīrāy
Muntish
Mūntrītšārd
Mūntrwyl
Mūnūbūlī
Mūnzā
Muqadīshū
Muqurra
Mura
Mūrā
Mūrā'an
Murabit
Murafia
Mūrānū
Mūrǧāntīnā
Mūrīl'lā
Mūrīṭanīẗ
Mūrlī
Murrākuš
Mursiyaẗ
Mūrūm
Mus
Muš
Musallas
Mūsbāẖ
Mūsīnūbūlīs
Mūstār
Muthallath
Mutrayil
Mutta
Muẓafarbūr
Mwyrs
Mynjashyfir
Nabarraẗ
Nābul
Nábulus
Nāfālmūrāl
Nāfbāktūs
Nāfblīū
Nāġāsākī
Nāġbūr
Naẖǧwān
Nāẖiraẗ
Nahr
Nākātsū
Nakhjuan
Nāksūs
Nāmīstūfū
Nāmūr
Nānāū
Nāndīd
Nānsī
Nāntīr
Nāntšānġ
Nāntšūnġ
Nāntūnġ
Nārdū
Narunq
Nasaf
Nāsāū
Našawa
Nasíbín
Nasr
Nátlíq
Nāūšīrā
Naykubulis
Nbrīšẗ
Neftkāmsk
Nġārz
Nġūrū
Nīāmts
Nīdā
Nīfīr
Nīǧnī
Nīǧnīūdīsk
Nīḥā
Nīkārāġwā
Nīm
Nimān
Nīmīā
Nīnawā
Nīnġšīā
Nīqmūdīā
Nirbba
Nīrītfā
Nirun
Nīs
Nīsābūr
Nissa
Nīūbūrt
Nīūǧīrsī
Nīūkāsl
Nīūkwyn
Nīūrī
Nīūstrīā
Nmūr
Nohidrah
Nrẖtā
N'Suh
Nṭnz
Núba
Nūbātīā
Nubbal
Nūfārā
Nufusibirsk
Nūfūzāībkūf
Nūẖāššī
Nūk
Nulish
Nūnāfūt
Nūr
Nūrā
Nūrdhāūzn
Nūrfk
Nūrifūlk
Nūrīlsk
Nūrīnīā
Nūrnbrġ
Nūrṯāmbtūn
Nūrtš
Nūrwytš
Nūtinġhām
Nūtinġhāmšīr
Nūtū
Nwymūnstr
Nwys
Nwyštrīlītz
Nyksar
Pānġālāīā
Piemro
Qabádhaq
Qabraẗ
Qabrira
Qābs
Qāḍī
Qādis
Qaīaṣrīẗ
Qalahurẗ
Qalanna
Qal'at
Qalaven
Qālīūr
Qalmarsa
Qalmīqīā
Qalumard
Qalʿat
Qalʿaẗ
Qamar
Qamarassa
Qambr
Qampusah
Qanātu
Qandahār
Qandiyya
Qanfran
Qannad
Qannaūǧ
Qanṭabriyaẗ
Qāntānīdā
Qanṭīānẗ
Qapsir
Qaqabus
Qarǧiṭaẗ
Qarmān
Qarmūna
Qarnīn
Qarqal
Qarqana
Qarqashúna
Qarqastal
Qars
Qarshid
Qarṭāǧ
Qarṭāǧannẗ
Qarun
Qashb
Qashqant
Qashtalah
Qasr
Qaṣr
Qasryánnih
Qaštālaẗ
Qasṭalūnaẗ
Qaṭānīẗ
Qatansar
Qaṭar
Qawṣirah
Qaydar
Qays
Qazwyn
Qesarya
Qifjāq
Qirman
Qirmansuh
Qiṭāʿ
Qīzīl
Qmārš
Qrat
Qrus
Qtrsana
Qubbilat
Qubrus
Qullar
Qulumriyaẗ
Qundisha
Qunia
Qūnkaẗ
Qunsabira
Ququlla
Qurish
Qūrīẗ
Qurlian
Qurqus
Qurṭubẗ
Qurus
Qūstānāī
Qustanṭīnẗ
Quṣūri
Quyansha
Qwart
Racha
Rādbwyl
Rafaḥ
Rāfīlū
Rāfīnā
Rāǧġīr
Rāǧstān
Rahal
Rahal-afdal
Rāẖīf
Rahmatollah
Rāībānsk
Rāīlsk
Rāīnberġ
Rāīnfld
Rām
Rāmīšūrm
Ramiz
Rāndrs
Ra's
Rāsībūrz
Rātshbūrġ
Rāūmā
Rawāndūz
Raʼs
Rekem
Reqān
Rġūs
Rhāzūnz
Rīāzān
Ribbadabiyya
Ribbaduwa
Ribbagursa
Ribbul
Rībūn
Rīdīnġ
Ridis
Rīdnġ
Rīḡā
Rīġnsbrġ
Rīġnsbūrġ
Rimīnk
Rimīnkū
Rīmīrmūn
Rīnfrū
Rīnk
Rīntln
Rīsbīrġn
Rīšītsā
Rīšmūnd
Rītbrġ
Rīṯīminū
Rīṯl
Rītšmūnd
Rīū
Rīwāh
Rndsbūrġ
Rowān
Rṣēfe
Rtnbūrġ
Rubbil
Rūbīh
Rudda
Rūdīz
Rūdūb
Rūdus
Rūfīġū
Rūfīrītū
Rūġālānd
Rūǧnāfā
Ruhmi
Rūknhāūzn
Rūmā
Rūmān
Rūmītā
Rūmnī
Rundaḧ
Rūndūnīā
Runqibalah
Rūrān
Rūrmūnd
Rūsānū
Rūsās
Rūslārīh
Rūšstr
Rustaq
Rutba
Rūtšstr
Rūzīlū
Rūzndāl
RūʾĀn
Rwāndā
Rwyān
Ryitī
Rʾādūmskū
Sabḫa
Sābīūnītā
Sabtẗ
Sābūrū
Šabūẗ
Šādrīnsk
Šaḏūnẗ
Safad
Safâkıs
Sáfíthá
Sāfūnā
Safurriya
Sahara
Sahgun
Sahyun
Sāīān
Saīazīkūs
Sajr
Sajra
Sajranariyya
Šākā
Sakilatshi
Sākmārā
Saksūnīā
Salam
Šalamanqaẗ
Sālāmīs
Salamīya
Ṣālānd
Sālāsblīs
Sālāzkūnġ
Sālfūrd
Ṣalḫad
Sālẖārd
Saliqia
Salirnu
Šālqār
Šālū
Šālūn
Sālūnīk
Salúqiya
Šalūqẗ
Sālzbūrġ
Sālzbūrī
Šamāl
Samandar
Samarqand
Sāmāsī
Šāmbīrī
Sammūraẗ
Sāmnīūm
Sāmūġītīā
Šāmūrīn
Sāmūs
Sāmūṯrākī
Sāmwā
Sān
Sanat
Sānġmlīmā
Sannishbir
Sanqusa
Šānšī
Sant
Sānt
Sāntā
Šantamariyaẗ
Sāntāndīr
Sant'ianna
Šāntīl
Šantsbarīẗ
Santunna
Sāntūrīnī
Ṣanʿāʾ
Šaqūbīẗ
Sāqurāmīnā
Sa'ra
Saraẖs
Sarai
Sarai-al-Jadid
Sarai-al-Mahrusah
Saraqusṭaẗ
Sārbrūkn
Sardīnīā
Šāriqah
Šarīš
Ṣārkl
Sārlānd
Sarmin
Sārnū
Šarq
Šārtr
Sarug
Šārūl
Sārwyrdn
Ṣāṣah
Sāsārī
Sāskātšwān
Sāsks
Šāṭibẗ
Sātū
Šātū
Šātūdūn
Šātūrū
Sāūṯāmbtūn
Sāūṯwurk
Sayarjan
Sayawas
Saydá
Sayḡūn
Sayidy
Ṣaʿīd
Šbāīr
Sblīt
Šbremberġ
Sbrīnġfīld
Šbstr
Šbūnhʾāīm
Sehrya
Šendī
Šenkūrsk
Sennabrah
Sent-Agayz
Šetlānd
Šfāīnfūrt
Sfībūdzīn
Šfīdt
Sfīnbūrġ
Šfīrīn
Sfīrwyrālsk
Ṣfrū
Sftlūġūrsk
Sġlīd
Shaḥāt
Sẖāẖn
Shahr
Shal
Shālah
Shalúqa
Shant
Shantamariyyat
Shantarín
Šhar
Shawbak
Shehr
Sherīsh
Shetubre
Shiba
Shintara
Shirbā
Shishumriyah
Shishun
Shúf
Sīa
Šīāfīnā
Šīāmn
Šīānġīānġ
Sīārā
Sībālīwynī
Sibrir
Sibuntu
Sīfīrīn
Sīǧd
Sigguntiyya
Sīǧūrbī
Sihlriq
Šīkāḡū
Sīkīlī
Sīkšfhīrfār
Sīktwār
Šīkūkū
Šilb
Sīlīǧrī
Sīlīstāt
Sīlīzīā
Sīlkībūraǧ
Šīmānd
Sīmānqẗ
Šīmknt
Šimšat
Sīmyih
Šīn
Síná'
Sīnāīūkī
Sinār
Sinǧār
Sīnīġālīā
Sīns
Sīnūb
Šīnūn
Sipulbiyyah
Siqilliya
Sīrākīūz
Siraqūsẗ
Sīrbīlīū
Sirbira
Sircasaa
Sīris
Sīrīs
Sīrīt
Širnāq
Sīrtāldū
Širṭāniyaẗ
Sīrūs
Sīsāk
Sishtirniyya
Sisiya
Sistrūn
Sistuh
Sītāġrwy
Šītāġūnġ
Sītšīūfkā
Sīūnīk
Siwah
Šīwāwā
Siyām
Siyasa
Siyātal
Siyya
Šīzr
Sīzrān
Skāǧn
Skāī
Skālītsā
Skārbūrū
Skārīā
Skībsīs
Skīlftīā
Skīrūs
Skīṯīā
Sksārd
Skūbīn
Skūtūsā
Slāīġū
Šlālāt
Slīfn
Slīfūrd
Slīmẗ
Slūbūzīā
Slūfākīā
Smnūd
Smūlīnsk
Snūdūnīā
Ṣnʿw
Srāūq
Ṣrbīā
Srbrnītsā
Srbūẖūf
Srībrnīk
Srīnāġār
Šrq
Šrūbšāīr
Stāfūrdšāīr
Stākūntā
Stānġ
Stārā
Stārūbīlsk
Štāsfūrt
Stīlīānū
Stīnā
Stīnwyk
Stīriyā
Štīrnbrġ
Stīūrdāl
Stnyi
Strānġfūrd
Strāṯklāīd
Štrbtsh
Strlītāmāk
Štšūtšīnsk
Stūbāfā
Stūkhūlm
Súbá
Sūbārtū
Sūbrāntsi
Sūbrārbī
Šūbrīā
Šūbrūn
Sūdānkīlā
Sūdāq
Sūdrmānlānd
Ṣūfīā
Sūftsk
Sūfūlk
Sūġūt
Suhraūrd
Sūẖūmī
Sūkrī
Sūkūdī
Sūl
Sūlfītšġūdsk
Sūlġāltš
Suli
Šūlīh
Sūlītū
Sūlīū
Sūlkāmsk
Sūlnūk
Sūlsūnā
Sulusray
Sūlūtūrn
Šūmādīā
Šūmāfā
Ṣūmālīlānd
Sumaysat
Sūmbūr
Sūmerset
Sūmī
Sūmr
Šūmūd
Sūmūr
Šūnāū
Sūndrīū
Sūndsfāl
Šūnġāū
Sunīnġ
Sūnūrā
Sūqūtā
Sur
Ṣūr
Sūrġūt
Surī
Sūrīntū
Sūriyā
Surt
Šūrūbāk
Suryaẗ
Sūs
Sūsa
Sūsā
Sūtrī
Sūtšāfā
Sūzdāl
Sūzūbūl
Swākin
Swānzī
Swāsūn
Swaz
Swubsk
Swyārfī
Syinā
Tabalbālẗ
Ṭabariyyā
Tābarmīn
Tabarrah
Tabbara
Tabūk
Tābūzīrīs
Tadmur
Tāfīstūk
Tāġānrūġ
Taġāzi
Tāǧīā
Tāǧūrẗ
Tāībīh
Tāīwān
Ṭāīwān
Takārīr
Talabíra
Tālāhāsī
Tālāmūnī
Tālīākūtsū
Talica
Tālīn
Tall
Tāmāūlībās
Tánah
Ṭanǧẗ
Tānġtsī
Tānhāūzen
Ṭarābizūn
Ṭarābulus
Tarantuh
Ṭarasūnẗ
Targinis
Tārǧīst
Ṭarīfẗ
Tārnūf
Tarqasís
Ṭarrakūnaẗ
Ṭarsūs
Tartána
Tārūdānt
Tārunk'ūn
Ṭarwīl
Tašād
Tāskūbrū
Tastar
Ṯāsūs
Tātābānīā
Tatawin
Tāytān
Tāzirbū
Ṭbīrẗ
Tebesẗ
Tekīrdāġ
Teklenbūrġ
Tel-Basheir
Tell
Tenerīfī
Tenġārūnġ
Thaqīf
Thur
Tīānǧīn
Tīānū
Ṯīātīrā
Tībāzaḧ
Tibnine
Ṭībẗ
Ṯīfā
Tiflis
Tīfūlī
Tihāmah
Tīẖfīn
Tikrīt
Tīl
Tīlābīrī
Tīlānġānā
Tīlbūrẖ
Tilimsān
Tīmīs
Tinġīr
Tīnġīr
Tinnīs
Tīntġl
Tīnūs
Tīrātšīnā
Tirġū
Tirnāfā
Tīrnī
Ṯīrūfānānṯābūrām
Tīrūfānmālī
Tīrūl
Tīrūn
Tīrūnlflī
Ṯīrwān
Tirwās
Ṯīsālīā
Ṯīsbīāī
Ṯīsbrūtīā
Tīsel
Tīšīt
Ṯītfūrd
Tītūfū
Tītūlsīā
Tiṭwān
Tokmar
Trānī
Trānqūsū
Trānsnīstrīā
Trāqīā
Tráqiya
Trāūnīk
Trebītš
Trīāfnā
Trībārādīsūs
Trībīnyi
Trībnīh
Trībūlī
Trībzīs
Trīfikū
Trīfīzū
Trīkālā
Trīkārīkū
Trīlībūraǧ
Trīr
Trīzīǧālū
Trntšīn
Trūġīr
Trūẖīlū
Trwyā
Tryistī
Tšāhār
Tsāītz
Tšānġǧi
Tšāslāf
Tšbnhām
Tšekoslovākiyā
Tsfāībrūkn
Tsfīkāū
Tsẖīnfālī
Tšīābās
Tšībrānā
Tšībūksārī
Tsīfīlsk
Tšīfītāfīkīā
Tšīǧīānġ
Tsīẖānūf
Tšīlī
Tšīlmsfūrd
Tšīnġdāū
Tšīnġhāī
Tšīntšīā
Tšīrakāsī
Tsīrbst
Tšīrībūfīts
Tšīrnīāẖūfsk
Tšīrtsī
Tšīšīr
Tšīstrfīld
Tsītāū
Tšīzīnā
Tšīzīnātīkū
Tšlānū
Tslīh
Tšnġtšūnġ
Ṭšqnd
Tšrnāfūdā
Tštrlī
Tšūdūfū
Tšūfāšīā
Tšūẖlūmā
Tšūnār
Tšūnġtšīnġ
Tubbat
Tubit
Tūbīz
Ṭubruq
Tuddi
Tūġūlānd
Tūhūkū
Tūjdayr
Tūkāntīns
Tūkūmān
Tūl
Ṭulayṭulaẗ
Tūlīdū
Tūlīn
Tūlmīn
Tūlntīnū
Tulusha
Tūmīlū
Tummar
Tūnǧīlī
Tūnġīrīn
Tūnġrān
Tūnsbrġ
Tūntūn
Tūreylā
Tūrǧāū
Tūrǧūk
Ṯūrīā
Turint
Tūrīnū
Turjála
Turkiyā
Tūrnāīsīs
Tūrsīlū
Turtuly
Turtúsha
Tūrū
Tūsān
Tūšhāfn
Tuṭīlaẗ
Tūtns
Tuwát
Túzar
Twām
Ūalbẗ
Ubbaḏaḧ
Ubbid
Uftimát
Ugaldiyya
Ūǧdẗ
Uhriq
Ulbbyr
Ūlfis
Ulir
Ulith
Ūlūnġūnġ
Umm
Ūndzr
Unniyya
Ūnšstr
Uqêriba
Uqlīš
Ūrāmīn
Urdisha
Urǧīl
Urila
Urjudhúna
Ūrksām
Ūrkšūb
Urla
Urmiya
Urnisha
Urpisha
Urqilaẗ
Ūrsistir
Urta
Ūrunǧl
Urunna
Urwas
Ushnú
Ushúna
Ūsks
Ūsṭ
Ūterfūrd
Utiq
Utiriyya
Uzayn
Vāltyirā
Van
Wādān
Wadi
Wādī
Wadi-ar-Raml
Wadim
Wāhākā
Wāḩat
Wahrān
Waihind
Wāīmuṯ
Wāīt
Wāīthfn
Wākāīāmā
Waliajigar
Walīlī
Walma
Wāmqubādh
Warashan
Warda
Warzāzāt
Wārzāzāt
Washima
Wašqaẗ
Wāstmūrland
Weltaba
Wudǧ
Wukīnġhām
Wurīk
Wyīūfrānš
Wyk
Wykā
Wyklāū
Wyltšāīr
Wyltūn
Wylz
Wyndhūk
Wyrān
Wyšālī
Wysānt
Wyšġrād
Wytbī
Xurqera
Yābisaẗ
Yāburaẗ
Yāfā
Yazid
Yḥʾ
Yifīā
Yillīqīā
Yinīsīsk
Yiri
Yizī
Ylisqa
Ympuriyyah
'Yrifan
Yrtiyyah
Yubītar
Yursim
Yuškār-ʾUlā
Zādār
Zāǧān
Zāksn
Zālāǧīrsīǧ
Zāmbīā
Zamẖšir
Zāmūštš
Zānġrhāūzn
Zanjibār
Zānṭẗ
Zaradna
Zarand
Zārānd
Zatülcevaz
Zāūlzī
Zāyitšār
Zaytuna
Zfāīndrīẖt
Zfūlh
Zfūln
Zfūrnīk
Zǧīrz
Zġrb
Zīġn
Zīland
Zīlīnūġūrsk
Zinǧibār
Zinis
Zlītūfū
Znǧān
Znwymū
Zrnǧ
Zūbtsūf
Zūlms
Zūmbāṯlī
Zūndūmā
Zūntrā
Zūtfn
Zwutūrīā
ʔĀsya
ʼAlš
ʼArīḥā
ʼArkūš
ʼArnīṭ
ʼAylaḧ
ʼIritriyyā
ʼIskandariyyaḧ
ʼIsrāʼīl
ʼIstiǧǧaḧ
ʼUryūlaḧ
ʾAbakān
ʾAbbīlīsha
ʾAbdīrẗ
ʾAberdīn
ʾAbẖāzīā
ʾAbīdǧān
ʾAbīūkūtā
ʾĀbldūrn
ʾAblīstsīẖ
ʾĀbrīstwyṯ
ʾAbrūtsū
ʾĀbt
ʾAbū
ʾĀburan
ʾAdārnū
ʾAdǧūh
ʾAdrānū
ʾAfālūn
ʾAfāmīā
ʾAfīlīnū
ʾAfīnīūn
ʾAfīrsā
ʾAfītsānū
ʾAǧān
ʾĀġredā
ʾAġrīnīū
ʾAġūrdāt
ʾĀẖāīā
ʾĀẖālkālākī
ʾAẖārnīs
ʾĀẖin
ʾAḥmd
ʾAẖmīm
ʾAẖskat
ʾAẖtūbīnsk
ʾAīālā
ʾAīdsfūl
ʾAīdūnī
ʾĀīfānġūrūd
ʾĀīlenbūrġ
ʾAīlzbrī
ʾĀīslandā
ʾĀīslstāīn
ʾĀīštīt
ʾAīū
ʾAīūls
ʾAkārnānīā
ʾAkǧūǧt
ʾAkīnū
ʾĀkršūs
ʾAkrūtīrī
ʾAksfūrdšīr
ʾAktūbī
ʾAlābāīfsk
ʾAlāfā
ʾAlāġūn
ʾAlāīf
ʾAlāskā
ʾAlātāīr
ʾāl-Āūrdī
ʾAlbānī
ʾAlbīnǧā
ʾĀlbūrġ
ʾAlfīānū
ʾAlfītū
ʾAlġīrū
ʾAlīāstāī
ʾAlīdū
ʾAlīts
ʾAlkmār
ʾAlkūṯīr
ʾAlmātī
ʾAlmīlū
ʾal-Qūbāshā
ʾĀlsfeld
ʾAltmārk
ʾAltūbāsīū
ʾĀltzī
ʾĀlūksnī
ʾAlūnsūn
ʾAlzās
ʾAm
ʾAmālfī
ʾAmar
ʾAmāṣrẗ
ʾAmbīkābūr
ʾAmbrāsīā
ʾAmrāfātī
ʾAmrūhā
ʾAmūrġūs
ʾAnāfīsūs
ʾAnāǧnī
ʾAndlāū
ʾAndrīā
ʾAndrīābūl
ʾAndrūs
ʾAndūrā
ʾAnǧīh
ʾAnġlezī
ʾAnġūlīm
ʾAnġūs
ʾAnkūnā
ʾAnqrẗ
ʾAnsẖdīh
ʾAnsīšīm
ʾAnsnkū
ʾAntaqīrẗ
ʾAntārkitīkā
ʾAntūfāġāstā
ʾAntwyrb
ʾAnūnāī
ʾAnzwātġī
ʾĀq
ʾAqswyīk
ʾArās
ʾArbūrīā
ʾArḍ
ʾArdārā
ʾArdū
ʾArǧīntān
ʾArǧntā
ʾArġūs
ʾĀrġūs
ʾArẖūnā
ʾArīlyih
ʾArītsū
ʾArīṯūsā
ʾArḵanḡilsk
ʾĀrlūn
ʾArmāh
ʾArmīnīā
ʾĀrnštāīn
ʾĀrtmīsīūm
ʾArtsīz
ʾArzāwā
ʾArzinǧān
ʾAšāfnbūrġ
ʾAsbrṭẗ
ʾAšfnšm
ʾĀsīā
ʾAsīnī
ʾAsīzī
ʾAskūlī
ʾĀšrslībn
ʾAšrūsnẗ
ʾAstānā
ʾAstībālīā
ʾAsūnsīūn
ʾĀšūr
ʾĀšūrīā
ʾAsūs
ʾĀsūsā
ʾĀswā
ʾAswān
ʾAtīkā
ʾAṭlānṭis
ʾAṯlūn
ʾAtrī
ʾAtrīb
ʾAtšīrīnzā
ʾAūbāfā
ʾAūbdāl
ʾAūbīān
ʾAūblānd
ʾAūbn
ʾAūbsālā
ʾĀūdāfātr
ʾAūdġst
ʾAūdīrzū
ʾAūdīsā
ʾAūfnhāīm
ʾAūfrn-Rūn-Albi
ʾAūǧhūrūd
ʾAūǧlẗ
ʾĀūġsbūrġ
ʾAūhāīū
ʾAūẖānsk
ʾAūkānīā
ʾAūkmīrǧ
ʾAūksīr
ʾAūksnfūrt
ʾAūlbīā
ʾAūldnbūrġ
ʾAūlīmbīā
ʾAūlīnṯūs
ʾAūlnāī
ʾAūlsīnī
ʾAūlstr
ʾAūltīnīā
ʾAūlūmūts
ʾAūmāh
ʾAūmāl
ʾAūmīš
ʾAūnġīrmānlānd
ʾAūn'īāt
ʾAūnkāstīū
ʾAūntārīū
ʾAūnṭārīū
ʾAūrādiyā
ʾAūrānūbūlīs
ʾAūrbīnū
ʾAūrfyitū
ʾAūrġnīẗ
ʾAūrẖūmīnūs
ʾAūrīāhūfū
ʾAūrīāk
ʾAūrīnbūrġ
ʾAūrīnsī
ʾAūrīūr
ʾAūrlāmūndh
ʾAūršūfā
ʾAūrtūnā
ʾAūš
ʾAūšākān
ʾAūsnābrūk
ʾAūstā
ʾAūstālrītš
ʾAūsterbūrġ
ʾAūst-Kātāf
ʾAūstrġūtlānd
ʾAūstrūh
ʾAūtīnā
ʾAūtrāntū
ʾAūtūn
ʾAūzītsh
ʾAūzūrǧītī
ʾAw
ʾĀwārūʾĀ
ʾAwyāstrīt
ʾAwyġūristan
ʾAwyskār
ʾAzbrūk
ʾIbb
ʾIndiyānā
ʾIsdūd
ʾUẖšūnubaẗ
ʾUrinsyiā
ʾUrubbā
ʾŪslū
ʿArbaystān
ʿĪlām
ʿlālīẗ
ʿUkbarā
پwyrṭūrīkū
