$1H̱ūrīkūm
Abbas
Abbis
Abdegas
Abdera
Abiad al-Qariya
Abiad Jabal
Abidus
Abīdūs
Ābilaẗ
Ābīrnāī
Ablatunus
Ablustain
Abu Tawīr
Abū Ẓabī
Abwab
ad-Dāḫilaḧ
ād-Dāmir
ad-Dammāmʼ
ad-Danmārk
ad-Dār al-Bayḍāʼ
ad-Darbasak
Ad Darjah
ad-Dawḥaḧ
Ad'loun
Adrār
Aḏrbīǧān al-Ġarbīẗ
Afġānistan
'Afrabalá
Āfrānš
Āghmāt
Aǧīm
Ahliba
Āīġr
Āīlis
Ain al-Habis
Aïn Jeloula
Āīnsīdīln
Āītānāǧār
Ajaksiu
'Ajmān
Ajnūna
Ākād
Akhlát
'Akká
Al Abwāb
āl-Adrādā
Alaiye
al-Anbār
al-Antaniya
al-Aqwás
al-Arān
al-Arid
al-Arkūn
Al-Asharah
Al-Asyutiya
al-Atarib
al-Awalak
al-Ayyur
al-Azraq
Albā
al-Badandun
al-Baḥarīẗ
al-Bahnasa
āl-Baḥr al-Līġūrī
al-Baḥr al-ʔAḥmar
al-Baḥr al-ʔAswad
al-Baḥrayn
al-Baḥr Īǧẗ
al-Baiaq
al-Balah
Al-Bālud
al-Bara
Al-Baramun
al-Baretoun
Al-Barī
al-Barid
al-Basīṭ
al-Bāšqird
al-Baṣraḧ
Al-Batrā
āl-Batrūn
al-Bawlar
Al-Bayda
Al Bedendum
āl-Bǧnāk
āl-bḥr Al-kltī
āl-Bḥr Al-ʾAbīḍ Al-mtūsṭ
āl-bḥr Al-ʾAīrlndī
āl-Binṭas
al-Biqá'
al-Bīra
āl-Biriān
āl-Brāzīl
Al-Buḥaīrẗ
al-Bull
Al-Bunduqīyya
al-Bunt
Albur
al-Burj Bidira
al-Burj Nubbā
al-Burtuġalyaẗ
āl-Būsfūr
al-Buwy al-Fīlāī
al-Bwyblā al-Mūntālbān
Alcanatif
Al-Dawla al-Mahdiyah
āl-Dīrsbāẖ
āl-Dūlẗ al-Oṯmānīẗ
Al-Dzayir
Aleaziz
Alen Ker
Alesh al-Abiad
al-Eshtebunna
al-Fanār
al-Farama
al-Faruh
āl-Fāšir
Ālfātīkān
Al-Fayyúm
al-Fedīnā
al-Fīmī
al-Frit
Ālfrs al-H̱āldūn
Al-Fuleh
al-Furāt
al-Gaba
al-Ġāl
al-Ġarb
āl-Ġarbiyyah
al-Ġasāsinẗ
al-Gaydah
al-Ǧazāʼir
āl-Ǧazirah
āl-Ǧazir al-Frīzīẗ al-Ġarbīẗ
al-Ǧazīraẗ al-H̱aḍrâʾ
Al-Ghāba
āl-Ǧibāl
al-Ǧīzaḧ
āl-Ǧizāʾir al-ʿĀṣimẗ
al-Ǧubayl
al-Guryaba
ĀlǧzāʾIr
āl-Ǧzr al-ʾAīūnīẗ
Al-Habash
āl-Hadār
Al-Hadr
āl-Haīāl
Al-Hain
al-Ḫalīl
al-Hāmā al-Arāġūn
āl-Ḥambrāʾ
al-Hamma
al-Ḫandaq
al-Hanim
al-H̱ānīẗ
al-H̱arǧ
al-Ḫāriǧaḧ
al-Ḫarṭūm
al-Haruniya
al-Ḥasaka
Al-Hāshimīyah
āl-Ḥasīmẗ
āl-Hḍbẗ al-Swysrīẗ
āl-Ḥībẗ
āl-Hīfāṭliẗ
al-Ḥiǧāz
Al-Hijarah
al-Hind
al-Hisn
āl-H̱rūb
al-Ḫubar
al-Hurīya
Ālikwādūr
Al-Imārāt al-Mutaṣāliḥa
āl-Iskandarīẗ
āl-iskndrīẗ
āl-Īūnān
Aliyya
Al-Jabal
Al-Jabhat Al-Thawriyat Al-Sudan
al-Jadida
al-Jalīl
Al-Janūm
Al-Jaroza
Al-Jawf
Al-Jaysh as-Sūrī al-Hur
Al-Jumhūrīyah al-'Arabīyah aṣ-Ṣaḥrāwīyah ad-Dīmuqrāṭīyah
al-Jurz
āl-Kāf
āl-Kāmīrūn
al-Kanāʾis
Al-Karak
al-Karaz
āl-Kāstrū
al-Kāūdháhq
al-Kíraj
al-Kudia
al-Kúfa
al-Kull
al-Kulzum
al-Lāḏiqīyah
al-Lakza
al-Lán
al-Laqant
Al-Ludd
al-Lustr
Al-Madāʾin
Al-Madin
Al-Madīnah
āl-Mādīẗ
al-Maghrib
al-Magrib
Al-Maida
Al-Manāma
al-Manǧāẗ
Almaniya
al-Mansaf
al-Mansela
al-Mansha
al-Mansūrīya
al-Máribah
al-Mariyaẗ
al-Marqab
al-Massisah
Al-Mawsil
al-Māzīn
āl-Meknāsī
Al-Minā
al-Mudain
āl-Mūdaūfār
āl-Mūdaūfār āl-Kāmbū
al-Muddawwar
al-Munakkab
Al-Munastir
al-Munt
āl-Mušaqar
āl-Naqab
āl-Nāẓūr
Alnnarwij
al-Qaçr
al-Qādisīyah
āl-Qāhirẗ
al-Qal'a
al-Qalamiya
Al-Qal'at
Al-Qalata
al-Qal'atyn
al-Qálluz
Al-Qamuq
al-Qantara
āl-Qantārā
al-Qantara al-Sil
al-Qantarat al-Līmiyā
al-Qantarat al-Urbyqq
al-Qariya al-Blyn
al-Qariya al-Malik
al-Qariya al-Pund
al-Qariya al Qal'at
al-Qariya as-Sindiyyan
al-Qarqīsīā
al-Qasbah
al-Qashim
Al-Qawqaz
al-Qinārẗ
āl-Qirm
Al-Qīrwān
āl-Qṭāmī
Al-Quds
Al-Quds al-Ġarbiyyah
Al-Quds ash-Sharqiya
al-Qulay'a
al-Qumurī
al-Qunayṭira
Al-Qurra
al-Qustantíniyya
āl-Rābāt
āl-Rābṭẗ al-Lūmbārdīẗ
āl-Rafanīẗ
Al-Rahbah
al-Rašīd
āl-Rāšīdīẗ
al-Rūhā
al-Sahlaẗ
al-Sajra
āl-Samāūẗ
Al-Sarbiyya
Al-Sarir
al-Sarqiya
al-S’jaima
āl-slfādūr
āl-Šmāl al-Qadīm
Ālsnġāl
āl-Šrkẗ al-Qaṭalūnīẗ
Al-Sumal Al-Italiy
āl-Tanūẖyin
Al-Tayibah
āl-Ṭāʾif
Al-Thawrah
al-Tīst al-Būẖ
al-Uadhra
āl-'Ūlī
Al-Uqṣur
al-Usha
Al-Ushmúnayn
'Alwa
Al-Wajh
al-Warddiyya
al-Wās
al-Xarat
Al-Yaman
al-Yussána
Al-Zaazu'
āl-Zāwyẗ
al-Zugawa
al-ʼAḥsāʼ
al-ʼAhwazʼ
al-ʼImārāt al-ʼArabiyyaḧ al-Muttaḥidaḧ
al-ʼIskandariyyaḧ
al-ʼIskandarūn
āl-ʾAīāzīǧīs
āl-ʾAlb al-Baḥrīẗ
āl-ʾAnāḍūl
Al-ʾAnāḍūl Al-Šriqīẗ
al-ʾAndalus
āl-ʾAqālīm al-Šmālīẗ al-Ġrbīẗ
al-ʾAṭlas al-Tlī
al-ʾUrdunn
al-ʾUšbūnaẗ
al-ʕIrāq
al-ʿAmārah
al-ʿAqaba
al-ʿArabīyah
al-ʿArabīyah as-Saʿūdīyah
āl-ʿFārīẗ
Amastratah
Āmbwāz
Ámid
Ammar an-Daa
Amstardām
Āmstītn
Amūrū
Andīǧān
Andújar
Angiltra
Ānī Būlū
an-Nahrawān
an-Namsā
an-Nāṣira
Annidin
an-Nīl
an-Nīl al-ʾAzraq
An-Nīssa
Anšān
Antākiyyaḧ
'Antalia
Antartus
Antīūkīā
Anwākšūṭ
Aqabah
Aqitun
Araġūn al-ʿUlyā
Arbal'un
'Arbasius
Arbil
Arbúna
Arǧāū
Arġīs
Arīkībā
Arjiš
Armanak
Arminiya
Arminyáq
Arqa
Arqanin
ar-Rabāṭ
ar-Ramādī
ar-Ramlaḧ
ar-Raqqaḧ
ar-Rataba
ar-Rawandan
Ar-Rayul
ar-Riyāḍ
Ar-Rustāq
Artah
Arusha
Aryanah
Arzan
Arzan ar-Rúm
Āsbīr
Āšmālkāldn
as-Mirqat
Ásqalán
Aṣ-Ṣaḥrā' al-Gharbiyyah
as-Salt
as-Samakh
aṣ-Ṣanamayn
aṣ-Ṣawīra
as-Shirush
as-Sūdān
Aš-Šuhadā
as-Suwaydiyah
As-Suways
Astǧūrt
Āštrāūbīnġ
Astudd
Asturiyas
Asturqaẗ
Atākāmā
Ātīl
Atina
Atínsa
Atralisa
at-Tafaiyya
At-Tafilah
at-Tūnis
at-Tūnisīyah
Aūfālī
Aūkāīālī
Aūlīmbūs
Āūmā
Aūrknī
Awīru
Awshúna
‘Aydhab
Ayn Tab
Ayn-Zarba
Ayras
Ayyir
Azaz
Azdisát
Azurara
Az-Zāfarah
az-Zaytuna
Báb al-Abwáb
Bābil
Bābūm
Báburt
Badlís
Bādn
Bādrbūrn
Bādūfā
Bafaria
Bāfīā
Bāflāġūnīā
Bāflūdār
Bāfūs
Bāǧaẗ az-Zayt
Baġdād
Bāẖarz
Bāhrāītš
Bahr al-Arab
Baḥrīyah
Baḥr Qazwīn
Baʻqūbaḧ
Bāīā
Bāīā Mārī
Bāīnīr al-Bīǧūr
Baīrwyt
Bājarmī
Bájat al-Qamh
Bajjána
Bākīnġhāmšīr
Bāknġhām
Bākrūfsk
Bākstūn
Bākū
Bālā
Ba'labakk
Balad al-Walīd
Bālāġwār
Bālāẖnā
Bālāklāfā
Bālākūfū
Balanjar
Balansiyaẗ
Balarm
Bālātīnāt
Bālẖāš
Bálish-Málaqa
Bālītwā
Bālmalā
Balmunt
Bālq Asīr
Bālstrīnā
Balyarš
Bamfilia
Bāmfīlīā
Bāmīān
Bāmṯānġ
Bāmyih
Banbalūnaḧ
Bānbūrī
Bāndīāǧārā
Banǧakant
Bānġālūr
Banġāzī
Bānġī
Bānīākāfālū
Bānīfīzīs
Bānimūnh
Baniswēf
Bāniyās
Banqnārtī
Bānskā Bīstrītsā
Bānskā Štīfnītsā
Bāntšīfū
Bānū
Banu Asq
Banu Awar
Bānūnīā
Banyas
Bāqirmī
Bār
Bārāībā
Bār al-Dūk
Bārāmārībū
Bārānīā
Bārānkūs
Barazis
Barbaštru
Barbitānīā
Bardsir
Bārflūr
Barġansaẗ
Barghiri
Barghunia
Bārīs
Bārīš
Bārī Sānt Admūndz
Bariz
Barja
Bārkšīr
Barlīn
Bārlītā
Bārmā
Bārnāūl
Barnīfīld
Bārnstībl
Barqah
Barrash
Bārsberġ
Barshána
Barshilu
Baršilūnaẗ
Baršilūnẗ
Bārskwun
Barsuqa
Bartania
Bartaniyyah
Bartannah
Bārtīn
Bārūs
Barzuya
Bāsāū
Bāsīnǧstūk
Basta
Bāstāzā
Bāstīā
Bāṯ
Bātāīsk
Baṭalyūs
Bātān
Bāṯānkūt
Bātarnū
Bātīkālwā
Bātītskyi
Bātnaḧ
Batraliah
Bātrās
Bāūtsn
Bāwys
Bāyi al-Lwār
Bāyin
Baykir
Bayra
Bayrūt
Baysitun
Bayt Lāhiyyaḧ
Bayt Laḥm
Bayyána
Bayyas
Bayyása
Bāzhfālk
Bāzīn
Bazu
Bdnā
Beesan
Beg Tārek
Beīẖār
Belansiya
Benavent
Benġāl
Beni al-Ārūs
Ben Isa
Benna al-Gar
Bennaranda
Benzart
Beradesh
Berāfīddā
Berġāmā
Beskārā
Bǧāīẗ
Bhāfā Nǧar
Bhārātbūr
Bẖāri
Bhīlwārẗ
Bhīrẗ
Bḥr Sardīnīā
Bẖtārmā
Bhwy
Bīātrā Nīāmts
Bībīānū
Bībrā
Bidakhshan
Bīdġūštš
Bīǧābūr
Bīǧītsk
Bīhūr
Bīkend
Bikfaīā
Bīkīsksābā
Bīlā
Bīlārūs
Bīlā Tsirkfā
Bilbah
Bīlfld
Bīlībī
Bīlīm
Billuq
Bīltšītī
Bīlūnd
Bilushta
Bilyana
Bīmārān
Bīndr
Bindun
Bīnhbrġ
Bīnī
Bīnimūn
Bīnīrūlū
Bīnīskūlā
Bīnšī
Bīnsk
Binyans
Biqqausuna
Biqqu
Bīrāīūs
Bīrāt
Bīrātīn
Bīrbīnīā
Bīrdūšīf
Bīreleddā
Bīrġāmū
Birǧand
Birges
Bīrǧīrāk
Bīrǧū
Bīrẖen aūb Zwum
Bīrī
Bīrīhūfī
Birīṭāniyā
Bīrīzān
Bīrlād
Bīrlānġā
Bīrm
Bīrnāmbūkū
Bīrsk
Bīrštūnās
Bīrtīnūrū
Bīrtšsġādn
Bīrūbīǧān
Bīrūǧǧūn
Bīrūǧīā
Birula
Bīšāūr
Bish al-Udd
Bīsīdīā
Bīskīā
Bīskīrā al-Ġārdā
Bisqāyaẗ
Bīstrītsā
Bītālūfū
Bītbūrġ
Bītīǧlīānū
Bīṯīnīā
Bītrbrẗ
Bītrūzūfūdsk
Bītsburġ
Bitšīlimū
Bītsū
Bītsūndā
Bītšūrī
Bītūǧ
Bīṭūm
Bitunsa
Bituriyya
Bīūnālbīrǧū
Bīūnġīānġ
Bīūtīā
Bīzanṭẗ
Bīzārū
Bīzyih
Biʼr as-Sabʻ
Bkbsī
Bktāšīẗ
Blāġāī
Blāīṯ
Blāsīnṯyā
Blātāīā
Blāwyn
Blāyi
Bldīẗ Būnǧūnī
Blġār
Blġrād
Blīz
Blmūbān
Blūnū
Blūsūfr
Blūẗ
Blzn
Bmbūr
Bnġālūr
Bnǧkūr
Bnġlādīš
Bnmā
Bntīfūlīū
Boħēret Nāṣer
Bozǧh Adha
Brāds
Bradūl
Brafiyā
Brāġ
Brāīfāīskā
Brāīǧū
Brāīn
Brāīzāẖ
Braqara
Brāšūf
Brātslāf
Brātū
Brdīūf
Brībīr
Brībūlyih
Brīġanz
Brīksn
Brīlh
Brīlī
Brīmin
Brīndīzī
Brīšā
Brīst
Brīštīnā
Brīstšlū
Brītīnāū
Brītūfū
Brītūrīā
Briuqa
Brīūzīrsk
Briyānsūn
Brīznīk
Brīzren
Brlhbrġ
Brn
Brnīk
Brnīsīā
Brntslāū
Brnū
Brstl
Brstūn
Brūfīns
Brūfns
Brūksl
Brūlū
Brūnāī
Brūnkhūrst
Brūnsbūtl
Brūsīā
Brūsīdā
Brʾāūfʾāīlr
Bskūf
Bst
Būbānswār
Bubashtru
Būbīū
Būblīnġīn
Bublit
Būbūndītā
Būdāībū
Būdbūrūǧyi
Būdǧū Bīrnī
Būdrūm
Būdūlīā
Būdwyīfū
Būfāǧskā Bīstrītsā
Būfālū
Būġātšīūf
Būġāz Kawy
Būġūlmā
Būǧūmbūrā
Būġūtšār
Buḥayra
Buhimia
Būẖnīẗ
Būhūslāf
Būhūslān
Būkālīmū
Būkīr
Būkrūf
Būl
Buláy
Būlẖūf
Būlīfīā
Būlīġīrūs
Būlsānū
Būlsīnīǧū
Būlūġwyī
Būlūnī al-Mīr
Bulunya
Bulunyas
Bulyah
Bulyakuru
Būmbūrtū
Būnẖā
Buniyya
Būnnibīrā
Būntīfī
Būnzūnī
Būqṭub
Burba
Būrdīnūnī
Būrdū
Bured
Būrǧ
Burǧ al-Daud
Būrġhūlm
Burġuš
Būrīānā
Burīānẗ
Būrīk
Būrīn
Burinsa
Būrīntrī
Burj Safita
Būrnhūlm
Būrniyū
Bursa
Būr Saʻīd
Būrtālzīr
Būrtīl
Būrtīmāū
Būrtsmūṯ
Būrtū
Burtu al-Muz
Būrtū Fīnīrī
Būrtū Nūfū
Būrtū Nūgū
Būrtūrīkū
Būrūfītšī
Būrūndī
Būryā
Būsān
Būsānǧū
Būšāwy
Būš Dū Rūn
Bushahr
Būsītū
Būškār
Busṭun
Būswurṯ
Būtfġarād
Būtīfal
Būtilimīt
Butilj
Būtinsā
Būtīnštāīn
Būtīrā
Būtlītz
Būtšātš
Būtsdām
Būtsk
Būtswānā
Būtswulī
Būzāū
Būzīġā
Būznān
Būʿnān
Bwun
Bwyānū
Bwyġṯīrdā
Bwynītsi
Bwyns
Bwytsnbūrġ
Byilā
Byrsu
Byzanth
B'zaah
Dabil
Dābrūfā Ġūrnīzā
Dāġstān
Dāẖāū
Dākūtā al-Ǧnūbīẗ
Dākūtā Al-šmālīẗ
Dālās
Dallas
Dāmfrīs
Dānbā
Dānblīn
Dānġnūn
Dāniyaẗ
Dānnberġ
Daressalaam
Dārfūr
Dārǧlīnġ
Dārẖān
Darkush
Dārlīnġtūn
Dārmštāt
Darnah
Daruliyyah
Darúqa
Dāsil
Dāšūġūz
Daw
Ḍāya
Dayr Mār Mūsá al-Ḥabashī
Dayru z-Zawr
Dbrtsn
Debārwā
Deir Mar Musa al-Habash
Deltā al-Nīl
Demīn
Denīzlī
Dǧānkwy
Dġndūrf
Dhrādūn
Dhrwād
Dībrī Lībānūs
Dībūrġ
Dīdūfītšī
Dīfā
Dīfīntr
Dīfūn
Dīǧ
Dihlí
Dīkīrš
Dīlūs
Dimašq aš-Šām
Dīmūtīqẗ
Dīnānt
Dīnġkīn
Dinibouli
Dīnklsbūl
Dīrā
Dīrā Ġāzī ẖān
Dīr al-ʾAḥmar
Dīrāūr
Dīrdūrf
Dīrī
Dīr Mīlīsīfā
Dīrẗ Dāwā
Disina
Dītšīn
Dīūrīġī
Diyār Bakr
Diyār Muḍar
Diyār Rabīʿa
Dīzā
Dlfī
Dlfzāīl
Dlmnhūrst
Dnbār
Dnbīšīr
Dndī
Dnfīrmlīn
Dnībrū
Dram Qashtála
Drās
Drīnth
Drū
Drūġūbītš
Drūhīdā
Drūsīā
Drūzhkīfkā
Dtmūld
Dubayy
Dūbīksā
Dūbrītš
Dūfīnī
Dūkūm
Duluk
Dūmāǧlītsh
Dumbārtūn
Dūmīts
Dumyāṭ
Dunaysir
Dūnbās
Dūndālk
Dūnīǧāl
Dūnkāstr
Dunniyya
Dunqulā
Dunustiyya
Dura al-Qari'a
Dūrānġū
Dūrdīfātš
Dūrmāġn
Dūrst
Dūrstād
Dūrtmūnd
Dūrūġūbūǧ
Dūsbūrẖ
Dūsldūrf
Dūtīnẖīm
Dyib
Dzayer
Dzhalita
El-Jazāyir
El Kays
Ellerina
El Qusiya
Enez
Erawash
Fādstīnẗ
Fādūdārā
Fāfūnīā
Fahraǧ
Fāīlbūrġ
Fāīlh
Fāīmār
Fāīnzberġ
Fāīsnūh
Fajíj
Fāksīū
Fālansīā āl-Qantārā
Fālbrġā
Fāldāī
Falembān
Fālkīrk
Fālknbrġ
Fālmīrā
Fālšūbinġ
Fámieh
Fān
Fāndins
Fānū
Fārānāsī
Faraskur
Fārbīrġ
Fares
Farfárun
Fārġāšī
Fārmlānd
Fārnā
Fārnīāī
Fārsālā
Fārtbūrġ
Farṯīẗ
Fārū
Fās
Fāsīlkīf
Fāslwy
Fāsnbrġ
Fāstmānlānd
Fatḥ Abād
Fātrā Dūrnh
Fāūkīūmbīrǧūs
Fayyūm
Fedāʾīūn
Ferden
Ferlīkā
Festrīūtlānd
Fīālītškā
Fīālūn
Fīānā
Fīānn
Fībrfūrt
Fīd
Fīdǧīfānū
Fīdīšā
Fīdnzā
Fīfrzhām
Fīǧāīāwādā
Figir
Figyira
Fīkāmb
Fīksīn
Fīlākūfū
Fīlānīš
Fīlānīūfā al-Fwyntī
Fīlārīẖū al-Sālfānīs
Filasṭīn
Fīldkīršn
Fīlīǧ
Fīlīkyi Bīrīznyi
Fīlīkyi Lūkī
Fīlīs
Fīlkī Kābūšānī
Fīlnīūs
Fīlstr
Fīlz
Fīmrbī
Fīnāfrū
Fīnītsā
Fīnīūlā
Fīnlū
Fīnstrūm
Fīntertūr
Fīntsū al-Ǧūs
Fīnūġrādīf
Finulida
Fīnūsā
Fīrākrūz
Fīrārā
Fīrīā
Firiyya
Fīrmū
Firmunt
Firmusiliyya
Fīrnīġīrūdh
Fīrsdāl
Fīrūl
Fīrūz Kūh
Fīrūz Shābūr
Fīryi
Fīsbādn
Fīsbī
Fītānīh
Fītīnġen
Fītrī
Fīzlīh
Fīzūl
Flābiīa
Flādīmīr
Flādrīs
Flītrī
Flūrīānūbūlīs
Flurinsa
Fntīmīlīā
Foyštfānġen
Fraġaẗ
Frāīznġ
Frāmlīnġhām
Frānūf Nād Tūblwā
Frānyi
Frāūnfīld
Frǧīnīā
Frīdrīšshāfn
Frīǧūs
Frīmāntl
Frīndāfān
Frīsnū
Frītslār
Frmāndwā
Frnkūnīā
Frsān Tīūtūn
Fršāts
Frthāīm Am Māīn
Frūlūfū
Frunshal
Frūntīnhāūzn
Fstfūld
Fūd
Fūdǧā
Fūdmūnt
Fūǧīr
Fūġīrā
Fūkānġ
Fūkšānī
Fukušīmā
Fūlfnbūtl
Fūlġā
Fūlǧskī
Fulḡuḡrād
Fūlīnīū
Fūlštīn
Fūltā al-ʿLīā
Fūltīrā
Fundynid
Fūnītsā
Fūrdn
Fūrlīmbūbūlī
Fūrms
Fūrst
Fūrtālīzā
Fūrtsbūrġ
Fūsdīnūfū
Fūsūmbrūnā
Fūtā Ǧalūn
Fūtkīnsk
Fūtswāfk
Fuwwah
Fuxim
Fūznīsīnsk
Fwyrtīfantūrā
Fyinā
Fyirzū
Ǧabal al-Ġarbī
Ǧabal al-ʿUīūn
Ǧabal Ṭāriq
Gabla
Ġābūrūn
Ġādhbūš
Ġāfrīlūf-īām
Ǧāġārī
Ġāġāūzīā
Ǧāīsnhāūzn
Ġālāksīdī
Ǧālāndhār
Ġālāts
Ġālībūlī
Ǧaliqyaẗ
Ǧālkʿīū
Gālmuḍug
Ġālntā
Ǧāltlī
Ġālwāī
Ġāndārā
Ġānġān
Ǧānt
Ǧanūb Kurdufān
Ǧarāblus
Ǧarandaẗ
Ḡarb Dārfūr
Ġarb Kurdufān
Ġarnāṭaẗ
Ǧārū
Ġāstālā
Ġāttšīnā
Ǧāūtīnġ
Ǧayyān
Ǧazir al-Qanāẗ al-Inǧlīzīẗ
Ġazzah
Ǧbāl Al-ʾAṭls
Ġdānsk
Ġdīnīā
Ġdūf
Gebel-Hamed
Ǧeraš
Ghaiyya
Ġhaūdeš
Ghbili
Ghulām
Ǧīānġsū
Ġīāntsī
Ǧibāl al-ġāt al-Šrqīẗ
Ġibuškuwaẗ
Ǧībūtī
Ǧīdbūrġ
Ǧiddaḧ
Ġīfhūrn
Ǧīkābbīls
Gili-Zalan
Ġīlnhāūzn
Gīndhūk
Ǧindīras
Ǧīnšānġ
Ġirinẗ
Gīrmūnt
Ġīrsūn
Ǧīrūft
Ǧīrūkāstr
Ġīrūlštāīn
Ǧīslamīr
Ǧīšūf
Ǧītā
Giṭar
Ǧīū
Ġīūmāī
Ġīūmrī
Ġīūnġsānġ
Ǧīūr
Ǧīūtšāī
Giyul
Ǧīzūr
Ġlāskū
Ġldfūrd
Ǧlūbīn
Ġlūstr
Ġlūstršīr
Ǧnīf
Ġnīznū
Ġnt
Ġrābū
Ġrādīskā
Ġrāīfsfālt
Ǧrānātūlā al-Qalatrabāḥ
Graniyyna
Ġrātsānītsā
Ġrāūbūndn
Ǧrǧān
Ǧrǧānīẗ
Ġrīmsbī
Ġrīniyān
Ǧrmūk
Ġrūbīnā
Ġrūdnū
Ġrūǧūnts
Ġrūsītū
Gruyere
Ġrūznī
Ġrzi
Ǧūbālānd
Ǧūbānīūn
Ǧubayl
Gubbiyya
Ġūbīū
Ḡudhub
Ǧūfīnātsū
Ǧūlbārā
Ġūlbīn
Ġulistān
Ġūlmūd
Ǧūlūf
Gumar
Gumik
Gummar
Ǧūnbūr
Ǧūnī
Ġūrāẖbūr
Ġūrāzdh
Ġūrdīūm
Ǧūrǧīā
Gurmas
Ġūrūẖūfīts
Ġūrzūf
Ġūstrū
Ġūtīnġn
Ġūtlānd
Ġūtskū
Ǧuzur al-Īǧẗ
Ġwādālāẖārā
Ġwādālīst
Ġwānāẖwātū
Ġwārīnīā
Ġwylīn
Ǧwynīd
Ǧwynīs
Gyinā
Gyrniqqa
Ǧzīrẗ Frʿūn
Hābānā
H̱ābārūfsk
Ḥabīġanǧ
Hābsbūrġ
Haḍbatu l-Jawlān
Ḥadīṯẗ
Hadramawt
Ḥaḍramawt
Hāfānā
Hāǧrstāūn
Hāīlbrūn
Hāīnsbrġ
Hāītī
Ḥalab
Hālānd
H̱ālāndrī
H̱ālāstrā
Hālh
ẖālīskū
H̱ālkīḏīkī
Hālmāǧīū
Hālmstād
Halq al-Záwiya
Hālsnġlānd
Hāmālānd
Ḥamāẗ
Hāmbšāīr
Hāmīnlīnā
Ḫamīs Mušayṭ
H̱ānīẗ al-Qabīlẗ al-Ḏhabīẗ
H̱āntī-Mānsyisk
Ḫān Yūnis
H̱aqāsīā
Hara'ith
H̱ārā'īth
H̱ārāīz al-Fīrā
Haramaz
Hārdrfāīk
H̱arẖā
Hārīsūnbūrġ
Harjaisā
Ḥarrān
Ḥarrẗ Rahāṭ
Hārstād
Hārtfūrdšīr
Ḥasan Abād
Hashshashin
Hāskūfū
Hāslt
Haštġard
Ḥaṣwayn
Hāūġsūnd
Hawara
Hawi
Hawran
Ḥayfā
H̱azarstan
Ḥdādẗ
Hdmārk
Hebrdīs al-Dāẖlīẗ
Hīlās
Hīldshāīm
Hīlīsīnkūr
Hīlūnġǧīānġ
Ḥimṣ
Hinṯādā
Hīnū
Hīrbtzhīm
Hīrfās
Hīrfūrd
Hīrīkūrt
Hīrkīh
Hīrlīn
H̱īrsūnīsūs
H̱īrūnīā
Hīrūšīmā
Hīrwyt
Hīsdīn
Hisn al-Akrád
Ḥiṣn al-Maʻdin
Hisn al-Muklin
Ḥiṣn al-Qaṣraš
Hisn al-Saqaliba
Hisn Anaf
Hisn 'Ašar
Hisn Kamakh
Ḥiṣn Kayfa‘
Hisn Mansur
Hisn Rusus
Hisn Zibatra
Hisn Ziyad
Hīstīnġz
Ḥī Tšūmīkān
Hītsʾākr
H̱īūs
Hīwān
Hkārī
H̱landdnū
Hlberštāt
Hlsīnġbūrġ
Hlūẖīf
Ḥomṣ
H̱orāsān
Ḥoṣn al-Akrād
Hrandlah
Hrauz
H̱rūnīnġin
Hsn
H̱ūbī
Hūfālīz
Hūfīnkā
Hūkīsfāġn
Hūknhāīm
Hūlīūl
Hūlstībrū
Hūlūlā
H̱ūmās
Hūnfūs
Hūnġ Kūnġ
Hūnštāīn
Hūrdālān
Hūrnātšūs
Hūrūdnītsīā
Hūrūdūk
ẖūs
Ḥuṣaībẗ
Husaybah
Hūšī
Hū Tšī Minh
Hwānġhāī
H̱wārzm
Hwunāms
Ḥwwārẗ
H̱wynā
Hwyrsfīrdā
Hyiūmā
ʻAmmān
ʻAmmūn
ʻImwas
Īāfātmāl
Īāītsī
Īālīfārh
Īālūmītā
Īāmāntū
Iamnia
Ianbuu al-Khman
Ianbuu as-Salim
Īānġtšū
Īānīnā
Iāqqā
Īārūslāfl
Īāūndī
Ibbar
Ibhlībin
Ibhūfn
Ibn al-Ma'din
Ībnbūrn
Ibrbāẖ
Ībrīn
Ibrsbrġ
id-Danimark
Īḏiǧ
Iḏīsā
Īfānū-Frānkīfsk
Īfānūfū
Īfīr
Ifranja
Ifrīā
Ifrīqīā
Ifrū
Iǧlīsīās
Iġrsūnd
Īhlāfā
Īhūdīẗ
Iibayrus
Iighdir
Iisawria
Iisirnia
Iiskandinafia
'Ijah
Īkārīā
Īkībāstūz
Ikstr
Ilātīā
il-Baḥr il-ʔAḥmar
il-Baḥr il-ʔAswad
Ilberfeld
Ilbira
Ilbūrẖ
Ilfsīnā
Īlġāfā
Īlī
Ilīǧā
Īlīrīā
Ilmshūrn
Ilna
Īlšīstr
il-ʕIrāq
Imamat Al-Qawqaz
Imāmīẗ
Imbrāṭūrīẗ al-Hūn
Imbrāṭūrīẗ al-Monġūl
Imbrūs
Imdn
Imīlīā
Īmīrītī
Īmūtskī
Indinsah
Indūnīsīā
Ingiltra
Inġīrīā
Īnǧīsār
Inīskūrṯī
Īnīstā
Injamīnā
Insa
Insbrūk
Iqlíbiya
Iqrīṭiš
Īrābtrā
Īrārāt
Irbid
Irdik
Irdīnġ
Irflabiyya
Irfūrt
Irībūnī
Irīsūs
Irsīnā
Irun'uq
Isakgi
Isbaniyya
Išbīliyaẗ
Īšfāīlr
Ishan al-Bahriyat
Iskālūnā
Iskīā
Isks
Islīnġn Am Nīkār
Isn
Isna
Išq Ābād
Issar
Iṣṭaẖr
Istfan
Īstī
Istīrlīnġ
Istrīā
Istūnīā
Itāblis
Italiyya
Itāmb
Itrābīnīs
Itshwyh
Īūdenbūrġ
Īūġūslāfīā
Īūġūslāgīā
Īūldībā
Īūlīš
Īūnġnām
Īūnīẖū
Īūrk
Īūterbūġ
Īūtlānd
Īūtūfātā
Iyyuh
Iznīq
ɪd-Dɪnɪmɑrk
Jabalah
Jabal Al-Qal'a
Jabal al-ʾAbyaḍ
Jabal at-Tur
Jabal Sharish
Jabal Sinjār
Jabal Uwas
Jādhara
Jannába
Jarahisar
Jarbah
Jawkasun
Jbal
Jebel Ahmar
Jirjant
Jõn il-Kwēt
Julfúdh
Jundaysābūr
Jūnū
Jurzán
Kābūšfār
Kabuu
Kafarṭāb
Kafr Nāḥūm
Kāġāīān
Kāẖītī
Káhta
Kāhūl
Kāhwyl
Kāīn
Kaisum
KāīʾĀnī
Kalabria
Kālāfāt
Kālāfrītā
Kālāī
Kālāndrītsā
Kālfī
Kalībūlī
Kālīh
Kālīkalā
Kālīkūt
Kālīmbūnǧ
Kalīstū
Kālmār
Kalyary
Kāmāġwy
Kāmārīnā
Kāmbār
Kāmbn
Kāmbrīdǧ
Kāmbrīdǧšīr
Kāmbrīh
Kāmbūbāsū
Kāmbūnǧ Tšnānġ
Kāmīšīn
Kāmīšlūf
Kāmšātkā
Kan‘ān
Kāndāfā
Kāndaq
Kānġā al-Ūnīs
Kānim
Kānīm-Būrnū
Kāntrbīrī
Kāntšībūrām
Kānū
Kānūsā
Karakay
Kārāmāī
Kārbīntrās
Kārdīġān
Kārǧlī
Kārġūbūl
Karẖ
Kārīā
Kāribāṯūs
Kārīstū
Karkar
Karkemīš
Kārlāīl
Kārlsrūh
Karman
Karmānšāh
Kārnātākā
Kārtāmā
Kārtlī
Kārūlāīnā al-Ǧnūbīẗ
Kārūlāīnā al-Šmālīẗ
Kārūnīā
Kāsās al-Rāīnā
Kāsātū
Kashmír
Kāsīnū
Kāslfūrd
Kāstānnẗ
Kāstrūfīlārī
Kāstrū Mārīm
Kāṯūrlā
Kāūfbwyrn
Kāūk
Kāūnās
Kawkab al-Hawá'
Kayfalunia
Kāzālū
Kāzīrtā
Ketāmẗ
Kfīdlīnbūrġ
Kfīrfūrt
Kháldiya
Khamlikh
Khanāṣir
Kharamabād
Kharibtá
Kharshana
Kīāfārī
Kīārūmūntī
Kībāīrā
Kīdāīnī
Kīǧmārūk
Kīklāds
Kīkskīmīt
Kīkūs
Kilit
Kīlkīnī
Kīlsī
Kīlz
Kīmīārfī
Kīmīrūfū
Kīmīūkī
Kīmnits
Kīndūġū
Kīnġstūn
Kīnšāsā
Kint
Kīnڭsṭūn
Kīrī
Kīrīnsk
Kīrīšī
Kīrkālī
Kīrkhāūl
Kīrkwul
Kīrūf
Kīsāmūs
Kīšīmā
Kīṯīrā
Kīṯnes
Kītšīfū
Kīūdǧā
Kīūnġšī
Kīūstīndīl
Kīūtūn
Kīztīlī
Kīzwātnā
Klāībīdā
Klāīdīzdāl
Klbāīkān
Klīḏrū
Klīr
Klūbnbūrġ
Klūnī
Klūniml
Kmbūdīā
Kndā
Knīāġīnīnū
Knīdūs
Knūsūs
Kordofān
Krābīnā
Krāġwyīfāts
Krāīlshāīm
Krārā
Krāslāfā
Krasnudār
Krī
Krīkfīnīsā
Krīminšūk
Krīmūnā
Krīstīānsūnd
Krkūk
Krnūl
Krškū
Krūmīšrīš
Krūmlūf
Krūšīfāts
Krūsnū
Krūz
Krūznāš
Krwydūn
Krwyh
Kstūfū
Ktsbwyl
Kūbā
Kūber
Kūbrīfnītsā
Kūbrīn
Kūbrtīnū
Kūbūfār
Kūbūrġ
Kūfālīdā
Kūforden
Kūfrūf
Kūfštāīn
Kūfūlā
Kūhbanān
Kūhīmā
Kūkfl
Kūkīn
Kū Kluks Klān
Kūldīts
Kūlīkūrū
Kūlīmā
Kūlīnyi
Kūlmbāẖ
Kūlšīstr
Kūlūǧn
Kūlūmbīā
Kūlūmīā
Kūmākīū
Kūmāsī
Kūmbrlānd
Kūmīrsī
Kumkam
Kūmlā
Kūmrtāū
Kūmū
Kūmūh
Kūmūš H̱ānẗ
Kūnākrī
Kūndūbūġā
Kūnfīrsānū
Kūnġūr
Kūnītīkt
Kūnīū
Kūnūtūb
Kūrāsāū
Kūrfīnīū
Kūrfū
Kūrġān
Kūrhūġū
Kūrīāǧmā
Ḵurībga
Kūrīdǧū
Kurinth
Kūrīnts
Kursika
Kursika wa Sardinia
Kūrskū
Kūrtā al-Arǧīš
Kūrtī
Kūrtīġānā
Kūrtšī
Kūrtūnā
Kūrūbī
Kūrūnī
Kūš
Kūsī_
Kūšīnǧār
Kūstrūmā
Kūsūfū
Kūtāhīẗ
Kūtbūs
Kūtīās
Kūtīnīūlā
Kūtnā Hūrā
Kūtūnū
Kuwzansa
Kūzlsk
Kūzntsk
Kwāwylā
Kwubǧk
Kwynzlānd
Kyif
Kyig
Labb
Labda
Lābītnānġī
Lablaẗ
Lābṯūs
Lābūrd
Lādenbūrġ
Ladhiqiyya
Lāfāl
Lāfānīā
Lāfīlū
Lāflš
Lāfrīū
Lāhāy
Lāhīǧān
Lāhtī
Lāhūr
Lāībzīġ
Lāīdn
Lāīznīġ
Lākūnīā
Lālībīlā
Lambsakus
Lamiq
Lānfīs
Lānǧr
Lānġūlīn
Lānġūskū
Lānkāstr
Lantini
Lānzārūt
La'ra
Larat
Lārdẗ
Lārǧntyir
Lāridaẗ
Lārīdū
Lārīnū
Lārīsā
Lārn
Lārnkā
Lasbūs
Lāūn
Lāūṯ
Lāūtrbāẖ
Lawra
Lawsha
Laykawnia
Ldāẖ
Lefqūsīā
Lfīf
Lġnītsā
Lḥǧ
Līāǧ
Līān
Līāūnīnġ
Lībānī
Libar
Libbana
Libnēn
Lībštāt
Lībtūfskī Hrādūk
Lībūrn
Lībūs
Līdūrīkī
Līfārdī
li-Fḥēḥīl
Līfkādā
Līfūrnū
Līẖtnštāīn
Liḥyān
Līlān
Limbrāṭūrīẗ Lʿtmānīẗ
Līmnūs
Līmrīk
Līmūǧ
Līndsfārn
Līndūs
Līnkon
Līnšūbīnġ
Līnts
Līqīā
Līrdām
Liriyya
Līšfīld
Lishara
Līstāūl
Līštnflz
Līstr
Līstršīr
Lītrīm
Lītūmīrītsh
Līṯūṯā
Līwārdin
Liyūn
Liyygur
Līzīū
li-ʕRāg
Lknāū
Lnkẗ
Lnkūlnšāīr
Lnlī
Lr Nīdrzāksn
Lubbar
Lūblīn
Lubnān
Lūbūmbāšī
Lūġānū
Lūġātīts
Lūġrūnīū
Lūġūǧ
Lūhānsk
Lūkārnū
Lūkī
Lūkrī
Lūlānd
Lūlūẗ
Lū Mān
Lūmīlū
Lūnbūrġ
Lūnī
Lunnah
Luq
Luri
Lurinnah
Luristān
Lúrqa
Lūsākā
Lūšū
Lūtn
Lūtsn
Lūtušrā
Luys
Lwyānū
Lwyfn
Lwys
Lwyts
Lyimus
Lyinz
Ma'arak
Ma'as
Madalīn
Madīnā al-Būmār
Madīna al-Marje
Madína as-Sikka
Madínah
Madína Ludhriq
Madína Minúrqa
Madína Qliment
Madīnat al-Kuwayt
Madínat Sálim
Maḍīq Jabal Ṭāriq
Mādūrāī
Maǧdal Īābā
Magosha
Maǧrīṭ
Magun
Magus
Māhārāštrā
Mahfara
Mahmed
Māīnīnġn
Māīsn
Māīū
Majaz al-Bab
Mākāū
Mākhir
Makkah
Maknās
Mākūn
Malāḏkird
Malafi
Mālaqaẗ
Malatiya
Mālbūrk
Malgradd
Malīlīẗ
Mālīzīā
Mālmīǧ
Ma'muriya
Manaqur
Manbiǧ
Māndršāīd
Manf
Mānġālāīā
Mānġwāldī
Manibūr
Manitūbā
Mánkír
Mānkīstāū
Mānsfīld
Mansūrīya
Māntīnīā
Māntīrūfū
Māntūfā
Mānwyẗ
Mānzānārīs
Manzīl Al-Amīr
Maqadúniya
Mārāmūrīš
Mārānhāū
Maraqiya
Mar'ash
Mārāṯūnās
Marbil'la
Maressa
Mārībūr
Māridaẗ
Máridín
Mārī Il
Mārīnā
Mārītsā
Mārkārīā
Mārkī
Marmarẗ
Marsā Ali
Mārš al-Fāmīn
Mārsān
Māršānū
Mārsāskālā
Mārtulẗ
Māsāšūsīts
Māsātšūsts
Masīnẗ
Māšīrātā
Masqaṭ
Massuq
Māstrīẖt
Mātīrā
Mātšū Bītšū
Mātsūsākā
Māūdn
Mā Ūrāʾ an-Nahr
Maurúr
Mayúrqa
Mayūrqaẗ
Mayyáfáriqín
Mazar
Māzūfī
Maʿān
Maʿarrat an-Nuʿmān
Mḍīq Māǧlān
Medfīǧīġūrsk
Medfīǧīẗ Ġūrẗ
Mednīn
Meẖādmẗ
Mendrīs
Merrakec
Mersīā
Meruwah
Mġnīsīā
Mhābād
Mīdīlbād
Mīdīlbūrẖ
Mīdīmblīk
Mīẖāīlūfkā
Miknasa al-Asnam
Mīkūnūs
Milanu
Milas
Mīlātsū
Mīlhāūs
Mīlītūs
Mīlnīk
Mīlū
Mīlūs
Mīmīnǧīn
Mīn
Mīnās Ǧrāīs
Mīndānāū
Mindeqa
Mīnīābūlīs
Mīnīū
Mīnsk
Minúrqa
Minūrqaẗ
Mīnwā
Miranda al-A'bra
Mīrāndā al-Dūʾiūrū
Miranda al-Ghurab
Mīrāndūlā
Mīrānū
Mīrīnā
Misha
Mīsīā
Mišiḡān
Mīsīnī
Mīsīnīā
Mīškūlts
Miṣr
Miṣr al-Wisṭā
Miṣr as-Suflā
Miṣrātah
Mīṯ
Mītābūntū
Mītīlīnī
Mīṯīmnā
Mītīn
Mītsūfū
Mīṯūnī
Mīūnẖ
Mīzūkūfšd
Mldūrf
Mnṭqẗ Al-ʾAūrāl
Mnṭqẗ Sāfwā
Mogawar
Mqdūnīā Al-ġrbīẗ
Mrkz Al-mǧr
Mṣīāf
Mtsẖītā
Mū
Mūbīǧ
Mūdīkā
Mūdīlīānā
Mūdīnā
Mūdūrnū
Mūǧāīsk
Muhgadur
Mūkāǧīfā
Mūknāī
Mūlfetā
Mulinaẗ
Mulínat as-Sikka
Mūlīnz
Mūlīzī
Mumminda
Mummur
Mūmmūr Januub
Munayira
Mund'unn
Mūnfīrātū
Mūnflkūnī
Mūnībrīġā
Mūnkālfū
Mūnlūsūn
Munqadda
Munqurbu
Munral al-Marje
Mūns
Mūnsīǧūr
Munstir
Mūnstir
Mūnstr
Munsuun
Munt Ajesh
Mūnt al-Mārsān
Mūntālsīnū
Mūntfīdū
Mūntīkīū
Mūntīlīmār
Mūntīmānīū
Mūntīrāy
Mūntī Sānt Anǧlū
Muntish
Mūntrītšārd
Mūntrwyl
Mūnūbūlī
Mūnzā
Muqadīshū
Muqurra
Mura
Mūrā
Mūrā'an
Murabit
Murafia
Mūrānū
Mūrǧāntīnā
Mūrīl'lā
Mūrīṭanīẗ al-Ṭinǧīẗ
Mūrlī
Murrākuš
Mursiyaẗ
Mūrūm
Mus
Muš
Musallas Ḥalāyib
Mūsbāẖ
Mūsīnūbūlīs
Mūstār
Muthallath Ḥalāyib
Mutrayil
Mutta al-Ghurab
Muẓafarbūr
Mwyrs
Mynjashyfir
Nabarraẗ
Nābul
Nábulus
Nāfālmūrāl
Nāfālmūrāl al-Mātā
Nāfbāktūs
Nāfblīū
Nāġāsākī
Nāġbūr
Naẖǧwān
Nāẖiraẗ
Nahr al-Līṭānī
Nākātsū
Nakhjuan
Nāksūs
Nāmīstūfū
Nāmūr
Nānāū
Nāndīd
Nānsī
Nāntīr
Nāntšānġ
Nāntšūnġ
Nāntūnġ
Nārdū
Narunq
Nasaf
Nāsāū
Našawa
Nasíbín
Nasr al-Bira
Nasr al-Qampud
Nátlíq
Nāūšīrā
Naykubulis
Nbrīšẗ
Neftkāmsk
Nġārz
Nġūrū
Nīāmts
Nīdā
Nīfīr
Nīǧnī Nūfġūrūd
Nīǧnīūdīsk
Nīḥā
Nīkārāġwā
Nīm
Nimān
Nīmīā
Nīnawā
Nīnġšīā
Nīqmūdīā
Nirbba
Nīrītfā
Nirun
Nīs
Nīsābūr
Nissa
Nīūbūrt
Nīūǧīrsī
Nīūkāsl
Nīūkwyn
Nīūrī
Nīūstrīā
Nmūr
Nohidrah
Nrẖtā
N'Suh
Nṭnz
Núba
Nūbātīā
Nubbal
Nūfārā
Nufusibirsk
Nūfūzāībkūf
Nūẖāššī
Nūk
Nulish
Nūnāfūt
Nūrā
Nūrdhāūzn
Nūrfk
Nūrifūlk
Nūrīlsk
Nūrīnīā
Nūrnbrġ
Nūr Sulṭān
Nūrṯāmbtūn
Nūrtš
Nūrwytš
Nūtinġhām
Nūtinġhāmšīr
Nūtū
Nwymūnstr
Nwys
Nwyštrīlītz
Nyksar
Pānġālāīā
Piemro
Qabádhaq
Qabraẗ
Qabrira
Qābs
Qāḍī Koy
Qādis
Qaīaṣrīẗ
Qalahurẗ
Qalanna
Qal'at al-Abiad
Qal'at āl-Ajdar
Qal'at al-Ayra
Qal'at al-Bian
Qal'at al-Hawaa
Qal'at al-Hims
Qal'at al-Karak
Qal'at Al-Lán
Qal'at al-Ludhriq
Qal'at al-Madína
Qal'at al-Nisa
Qal'at al-Rum
Qal'at al-Shmami
Qal'at al-Subeiba
Qal'at al-Yábura
Qal'at as-Shuqr
Qal'at as-Sirat
Qal'at Fimi
Qal'at Malur
Qal'at Musa
Qal'at Nakon
Qal'at Namrud
Qal'at Qurein
Qal'at Sanjil
Qal'at Shigrit
Qal'at Ūrdīl
Qalaven
Qālīūr
Qalmarsa
Qalmīqīā
Qalumard
Qalʿat al-Ḥiṣn
Qalʿaẗ al-ʾAbyaḍ
Qalʿat Dimašq
Qalʿaẗ Īḥmūr
Qalʿaẗ Rabāḥ
Qalʿat Zīd
Qalʿaẗ ʾAyyūb
Qamar
Qamarassa
Qambr
Qampusah
Qanātu as-Suways
Qandahār
Qandiyya
Qanfran
Qannad
Qannaūǧ
Qanṭabriyaẗ
Qāntānīdā
Qanṭīānẗ
Qapsir
Qaqabus
Qarǧiṭaẗ
Qarmān
Qarmūna
Qarnīn
Qarqal Bāġstān
Qarqana
Qarqashúna
Qarqastal
Qars
Qarshid
Qarṭāǧ
Qarṭāǧannẗ
Qarun
Qashb
Qashqant
Qashtalah
Qaṣr Abī Dānis
Qasr al-'Atra
Qaṣr al Ḩallābāt
Qaṣr al-Ḥarānẗ
Qasr Baní 'Atiyya
Qaṣr Ibrīm
Qasryánnih
Qaštālaẗ
Qasṭalūnaẗ
Qaṭānīẗ
Qatansar
Qaṭar
Qawṣirah
Qaydar
Qays
Qazwyn
Qesarya
Qifjāq
Qirman
Qirmansuh
Qiṭāʿ Awzū
Qīzīl Irmāk
Qmārš
Qrat
Qrus
Qtrsana
Qubbilat
Qubrus
Qullar
Qulumriyaẗ
Qundisha
Qunia
Qūnkaẗ
Qunsabira
Ququlla
Qurish
Qūrīẗ
Qurlian
Qurqus
Qurṭubẗ
Qurus
Qūstānāī
Qustanṭīnẗ
Quṣūri
Quyansha
Qwart
Racha Rachel
Rādbwyl
Rafaḥ
Rāfīlū
Rāfīnā
Rāǧġīr
Rāǧstān
Rahal-afdal
Rahal Butah
Rahal el-Melum
Rahal Maut
Rāẖīf
Rahmatollah
Rāībānsk
Rāīlsk
Rāīnberġ
Rāīnfld
Rām Aḷḷah
Rāmīšūrm
Ramiz
Rāndrs
Ra's al-Ayn
Rāsībūrz
Rātshbūrġ
Rāūmā
Rawāndūz
Raʼs al-Ḫaymaḧ
Raʼs Tanūraḧ
Rekem
Reqān
Rġūs
Rhāzūnz
Rīāzān
Ribbadabiyya
Ribbaduwa
Ribbagursa
Ribbul
Rībūn
Rīdīnġ
Ridis
Rīdnġ
Rīḡā
Rīġnsbrġ
Rīġnsbūrġ
Rimīnk
Rimīnkū Fīltšā
Rīmīrmūn
Rīnfrū
Rīnk
Rīntln
Rīsbīrġn
Rīšītsā
Rīšmūnd
Rītbrġ
Rīṯīminū
Rīṯl
Rītšmūnd
Rīū
Rīwāh
Rndsbūrġ
Rowān
Rṣēfe
Rtnbūrġ
Rubbil
Rūbīh
Rudda
Rūdīz
Rūdūb
Rūdus
Rūfīġū
Rūfīrītū
Rūġālānd
Rūǧnāfā
Ruhmi
Rūknhāūzn
Rūmā
Rūmān
Rūmān al-Dīzīr
Rūmītā
Rūmnī
Rundaḧ
Rūndūnīā
Runqibalah
Rūrān
Rūrmūnd
Rūsānū
Rūsās
Rūslārīh
Rūšstr
Rustaq
Rutba
Rūtšstr
Rūzīlū
Rūzndāl
RūʾĀn
Rwāndā
Rwyān
Ryitī
Rʾādūmskū
Sabḫa
Sābīūnītā
Sabtẗ
Sābūrū
Šabūẗ
Šādrīnsk
Šaḏūnẗ
Safad
Safâkıs
Sáfíthá
Sāfūnā
Safurriya
Sahara El Beyda
Sahgun
Sahyun
Sāīān
Saīazīkūs
Sajr
Sajra al-Maqqur
Sajranariyya
Šākā
Sakilatshi
Sākmārā
Saksūnīā Anhālt
Salam
Šalamanqaẗ
Sālāmīs
Salamīya
Ṣālānd
Sālāsblīs
Sālāzkūnġ
Sālfūrd
Ṣalḫad
Sālẖārd
Saliqia
Salirnu
Šālqār
Šālū
Šālūn
Sālūnīk
Salúqiya
Šalūqẗ al-Baramma'ida
Sālzbūrġ
Sālzbūrī
Šamāl Ġarb Inǧltrā
Samandar
Samarqand
Sāmāsī
Šāmbīrī
Sammūraẗ
Sāmnīūm
Sāmūġītīā
Šāmūrīn
Sāmūs
Sāmūṯrākī
Sāmwā
Sān Anṭūnīū
Sanat Busa
Sānġmlīmā
Sān Ǧūdān
Sān H̱wān
Sān Kāndīdū
Sān Līūnārdū al-Īāġū
Sannishbir
Sanqusa
Šānšī
Sāntā Kātārīnā
Šantamariyaẗ al-Ġarb
Sāntāndīr
Sānt Asāf
Sant'ianna
Sant'ianna al-Bahr
Šāntīl
Sant Katryn
Sant Marku
Šantsbarīẗ
Santunna
Sāntūrīnī
Ṣanʿāʾ
Šaqūbīẗ
Sāqurāmīnā
Sa'ra
Saraẖs
Sarai
Sarai-al-Jadid
Sarai-al-Mahrusah
Saraqusṭaẗ
Sārbrūkn
Sardīnīā
Šāriqah
Šarīš
Ṣārkl
Sārlānd
Sarmin
Sārnū
Šarq Dārfūr
Šārtr
Sarug
Šārūl
Sārwyrdn
Ṣāṣah
Sāsārī
Sāskātšwān
Sāsks
Šāṭibẗ
Šātūdūn
Sātū Mārī
Šātūrū
Šātū Tyirī
Sāūṯāmbtūn
Sāūṯwurk
Sayarjan
Sayawas
Saydá
Sayḡūn
Sayidy Qassim
Sayidy Sulaymân
Ṣaʿīd Miṣr
Šbāīr
Sblīt
Šbremberġ
Sbrīnġfīld
Šbstr
Šbūnhʾāīm
Sehrya
Šendī
Šenkūrsk
Sennabrah
Sent-Agayz
Šetlānd
Šfāīnfūrt
Sfībūdzīn
Šfīdt
Sfīnbūrġ
Šfīrīn
Sfīrwyrālsk
Ṣfrū
Sftlūġūrsk
Sġlīd
Shaḥāt
Sẖāẖn
Shahr
Shālah
Shal al-Qifǧāq
Shalúqa
Shantamariyyat al-Sharq
Shantarín
Shant Yáqub
Šhar Bābak
Shawbak
Shehr al-Jedid
Sherīsh
Shetubre
Shiba
Shintara
Shirbā
Shishumriyah
Shishun
Shúf
Sīa
Šīāfīnā
Šīāmn
Šīānġīānġ
Sīārā
Sībālīwynī
Sibrir
Sibuntu
Sīfīrīn
Sīǧd
Sigguntiyya
Sīǧūrbī
Sihlriq
Šīkāḡū
Sīkīlī Lānd
Sīkšfhīrfār
Sīktwār
Šīkūkū
Šilb
Sīlīǧrī
Sīlīstāt
Sīlīzīā
Sīlīzīā Al-sfli
Sīlkībūraǧ
Šīmānd
Sīmānqẗ
Šīmknt
Šimšat
Sīmyih
Šīn
Síná'
Sīnāīūkī
Sinār
Sinǧār
Sīnīġālīā
Sīns
Sīnūb
Šīnūn
Sipulbiyyah
Siqilliya
Sīrākīūz
Siraqūsẗ
Sīrbīlīū
Sirbira
Sircasaa
Sīris
Sīrīs
Sīrīt
Širnāq
Sīrtāldū
Širṭāniyaẗ
Sīrūs
Sīsāk
Sishtirniyya
Sisiya
Sistrūn
Sistuh
Sītāġrwy
Šītāġūnġ
Sītšīūfkā
Sīūnīk
Siwah
Šīwāwā
Siyām
Siyasa
Siyātal
Siyya
Šīzr
Sīzrān
Skāǧn
Skāī
Skālītsā
Skārbūrū
Skārbūrū Šūl
Skārīā
Skībsīs
Skīlftīā
Skīrūs
Skīṯīā
Sksārd
Skūbīn
Skūtūsā
Slāīġū
Šlālāt Iǧwāzū
Slīfn
Slīfūrd
Slīmẗ
Slūbūzīā
Slūfākīā
Smnūd
Smūlīnsk
Snūdūnīā
Ṣnʿw
Srāūq
Ṣrbīā Al-ūsṭi
Srbrnītsā
Srbūẖūf
Srībrnīk
Srīnāġār
Šrq al-Norwyǧ
Šrūbšāīr
Stāfūrdšāīr
Stākūntā
Stānġ
Stārā Zāġūrā
Stārūbīlsk
Štāsfūrt
Stīlīānū
Stīnā
Stīnwyk
Stīriyā
Štīrnbrġ
Stīūrdāl
Stnyi
Strānġfūrd
Strāṯklāīd
Štrbtsh
Strlītāmāk
Štšūtšīnsk
Stūbāfā
Stūkhūlm
Súbá
Sūbārtū
Sūbrāntsi
Sūbrārbī
Šūbrīā
Šūbrūn
Sūdānkīlā
Sūdāq
Sūdrmānlānd
Ṣūfīā
Sūftsk
Sūfūlk
Sūġūt
Suhraūrd
Sūẖūmī
Sūkrī
Sūkūdī
Sūl
Sūlfītšġūdsk
Sūlġāltš
Suli
Šūlīh
Sūlītū
Sūlīū
Sūlkāmsk
Sūlnūk
Sūlsūnā
Sulusray
Sūlūtūrn
Šūmādīā
Šūmāfā
Ṣūmālīlānd
Sumaysat
Sūmbūr
Sūmerset
Sūmī
Sūmr
Šūmūd
Sūmūr
Šūnāū
Sūndrīū
Sūndsfāl
Šūnġāū
Sunīnġ
Sūnūrā
Sūqūtā
Sur
Ṣūr
Sūrġūt
Surī
Sūrīntū
Sūriyā
Surt
Šūrūbāk
Suryaẗ
Sūs
Sūsa
Sūsā
Sūtrī
Sūtšāfā
Sūzdāl
Sūzūbūl
Swākin
Swānzī
Swāsūn
Swaz
Swubsk
Swyārfī
Syinā
Tabalbālẗ
Ṭabariyyā
Tābarmīn
Tabarrah
Tabbara
Tabūk
Tābūzīrīs
Tadmur
Tāfīstūk
Tāġānrūġ
Taġāzi
Tāǧīā
Tāǧūrẗ
Tāībīh
Tāīwān
Ṭāīwān
Takārīr
Talabíra
Tālāhāsī
Tālāmūnī
Tālīākūtsū
Talica
Tālīn
Tall aṣ-Ṣāfī
Tall ʾAbīb
Tāmāūlībās
Tánah
Ṭanǧẗ
Tānġtsī
Tānhāūzen
Ṭarābizūn
Ṭarābulus
Tarantuh
Ṭarasūnẗ
Targinis
Tārǧīst
Ṭarīfẗ
Tārnūf
Tarqasís
Ṭarrakūnaẗ
Ṭarsūs
Tartána
Tārūdānt
Tārunk'ūn
Ṭarwīl
Tašād
Tāskūbrū
Tastar
Ṯāsūs
Tātābānīā
Tatawin
Tāytān
Tāzirbū
Ṭbīrẗ
Tebesẗ
Tekīrdāġ
Teklenbūrġ
Tel-Basheir
Tell Abu Seifa
Tell al-Rubah
Tell Bashir
Tell Belim
Tell el-Yahudiyya
Tell Halid
Tell Qamun
Tenerīfī
Tenġārūnġ
Thaqīf
Thur Shilah
Tīānǧīn
Tīānū
Ṯīātīrā
Tībāzaḧ
Tibnine
Ṭībẗ
Ṯīfā
Tiflis
Tīfūlī
Tihāmah
Tīẖfīn
Tikrīt
Tīl
Tīlābīrī
Tīlānġānā
Tīlbūrẖ
Tilimsān
Tīmīs
Tinġīr
Tīnġīr
Tinnīs
Tīntġl
Tīnūs
Tīrātšīnā
Tirġū Frūmūs
Tirnāfā
Tīrnī
Ṯīrūfānānṯābūrām
Tīrūfānmālī
Tīrūl
Tīrūn
Tīrūnlflī
Ṯīrwān
Tirwās
Tirwās al'Iiskandarīẗ
Ṯīsālīā
Ṯīsbīāī
Ṯīsbrūtīā
Tīsel
Tīšīt
Ṯītfūrd
Tītūfū
Tītūlsīā
Tiṭwān
Tokmar
Trānī
Trānqūsū
Trānsnīstrīā
Trāqīā al-Šrqīẗ
Tráqiya
Trāūnīk
Trebītš
Trīāfnā
Trībārādīsūs
Trībīnyi
Trībnīh
Trībūlī
Trībzīs
Trīfikū
Trīfīzū
Trīkālā
Trīkārīkū
Trīlībūraǧ
Trīr
Trīzīǧālū
Trntšīn
Trūġīr
Trūẖīlū
Trwyā
Tryistī
Tšāhār
Tsāītz
Tšānġǧi
Tšāslāf
Tšbnhām
Tšekoslovākiyā
Tsfāībrūkn
Tsfīkāū
Tsẖīnfālī
Tšīābās
Tšībrānā
Tšībūksārī
Tsīfīlsk
Tšīfītāfīkīā
Tšīǧīānġ
Tsīẖānūf
Tšīlī
Tšīlmsfūrd
Tšīnġdāū
Tšīnġhāī
Tšīntšīā al-Mūntī-ʾArāġūn
Tšīrakāsī
Tsīrbst
Tšīrībūfīts
Tšīrnīāẖūfsk
Tšīrtsī
Tšīšīr
Tšīstrfīld
Tsītāū
Tšīzīnā
Tšīzīnātīkū
Tšlānū
Tslīh
Tšnġtšūnġ
Ṭšqnd
Tšrnāfūdā
Tštrlī al-Strīt
Tšūdūfū
Tšūfāšīā
Tšūẖlūmā
Tšūnār
Tšūnġtšīnġ
Tubbat
Tubit
Tūbīz
Ṭubruq
Tuddi
Tūġūlānd al-Ġrabīẗ
Tūhūkū
Tūjdayr
Tūkāntīns
Tūkūmān
Tūl
Ṭulayṭulaẗ
Tūlīdū
Tūlīn
Tūlmīn
Tūlntīnū
Tulusha
Tūmīlū
Tummar
Tūnǧīlī
Tūnġīrīn
Tūnġrān
Tūnsbrġ
Tūntūn
Tūreylā
Tūrǧāū
Tūrǧūk
Ṯūrīā
Turint
Tūrīnū
Turjála
Turkiyā
Tūrnāīsīs
Tūrsīlū
Turtuly
Turtúsha
Tūrū
Tūsān
Tūšhāfn
Tuṭīlaẗ
Tūtns
Tuwát
Túzar
Twām
Ūalbẗ
Ubbaḏaḧ
Ubbid
Uftimát
Ugaldiyya
Ūǧdẗ
Uhriq
Ulbbyr
Ūlfis Beī
Ulir
Ulith
Ūlūnġūnġ
Umm Durmān
Ūndzr
Unniyya
Ūnšstr
Uqêriba
Uqlīš
Ūrāmīn
Urdisha
Urǧīl
Urila
Urjudhúna
Ūrksām
Ūrkšūb
Urla
Urmiya
Urnisha
Urpisha
Urqilaẗ
Ūrsistir
Urta
Ūrunǧl
Urunna
Urwas
Ushnú
Ushúna
Ūsks
Ūsṭ Al-īūnān
Ūterfūrd
Utiq
Utiriyya
Uzayn
Vāltyirā
Van
Wādān
Wadi Abbes
Wādī Ajnūna
Wādī al-Azraq
Wadi al-Dira
Wadi al-Durah
Wadi al-Kanais
Wadi al-Luben
Wadi al-Qurnish
Wadi al-Sbir
Wadi-ar-Raml
Wādī Aš
Wadi El Natrun
Wadim Arum
Wādī Sirḥān
Wāhākā
Wāḩat al-Qārẗ
Wahrān
Waihind
Wāīmuṯ
Wāīt
Wāīthfn
Wākāīāmā
Waliajigar
Walīlī
Walma
Wāmqubādh
Warashan
Warda
Warzāzāt
Wārzāzāt
Washima
Wašqaẗ
Wāstmūrland
Weltaba
Wudǧ
Wukīnġhām
Wurīk
Wyīūfrānš al-Sʾiūn
Wyk
Wykā
Wyklāū
Wyltšāīr
Wyltūn
Wylz
Wyndhūk
Wyrān Šhar
Wyšālī
Wysānt
Wyšġrād
Wytbī
Xurqera
Yābisaẗ
Yāburaẗ
Yāfā
Yazid
Yḥʾ
Yifīā
Yillīqīā
Yinīsīsk
Yiri
Yizī
Ylisqa
Ympuriyyah
'Yrifan
Yrtiyyah
Yubītar
Yursim
Yuškār-ʾUlā
Zādār
Zāǧān
Zāksn
Zālāǧīrsīǧ
Zāmbīā
Zamẖšir
Zāmūštš
Zānġrhāūzn
Zanjibār
Zānṭẗ
Zaradna
Zarand
Zārānd
Zatülcevaz
Zāūlzī
Zāyitšār
Zaytuna
Zfāīndrīẖt
Zfūlh
Zfūln
Zfūrnīk
Zǧīrz
Zġrb
Zīġn
Zīland
Zīlīnūġūrsk
Zinǧibār
Zinis
Zlītūfū
Znǧān
Znwymū
Zrnǧ
Zūbtsūf
Zūlms
Zūmbāṯlī
Zūndūmā
Zūntrā
Zūtfn
Zwutūrīā
ʔĀsya
ʼAlš
ʼArīḥā
ʼArkūš
ʼArnīṭ
ʼAylaḧ
ʼIritriyyā
ʼIskandariyyaḧ
ʼIsrāʼīl
ʼIstiǧǧaḧ
ʼUryūlaḧ
ʾAbakān
ʾAbbīlīsha
ʾAbdīrẗ
ʾAberdīn
ʾAbẖāzīā
ʾAbīdǧān
ʾAbīūkūtā
ʾĀbldūrn
ʾAblīstsīẖ
ʾĀbrīstwyṯ
ʾAbrūtsū
ʾĀbt
ʾAbū Ḥamād
ʾAbū Kamāl
ʾĀburan
ʾAdārnū
ʾAdǧūh
ʾAdrānū
ʾAfālūn
ʾAfāmīā
ʾAfīlīnū
ʾAfīnīūn
ʾAfīrsā
ʾAfītsānū
ʾAǧān
ʾĀġredā
ʾAġrīnīū
ʾAġūrdāt
ʾĀẖāīā
ʾĀẖālkālākī
ʾAẖārnīs
ʾĀẖin
ʾAḥmd Naǧār
ʾAẖmīm
ʾAẖskat
ʾAẖtūbīnsk
ʾAīālā
ʾAīdsfūl
ʾAīdūnī
ʾĀīfānġūrūd
ʾĀīlenbūrġ
ʾAīlzbrī
ʾĀīslandā
ʾĀīslstāīn
ʾĀīštīt
ʾAīū
ʾAīūls
ʾAkārnānīā
ʾAkǧūǧt
ʾAkīnū
ʾĀkršūs
ʾAkrūtīrī
ʾAksfūrdšīr
ʾAktūbī
ʾAlābāīfsk
ʾAlāfā
ʾAlāġūn
ʾAlāīf
ʾAlāskā
ʾAlātāīr
ʾāl-Āūrdī
ʾAlbānī
ʾAlbīnǧā
ʾĀlbūrġ
ʾAlfīānū
ʾAlfītū
ʾAlġīrū
ʾAlīāstāī
ʾAlīdū
ʾAlīts
ʾAlkmār
ʾAlkūṯīr
ʾAlmātī
ʾAlmīlū
ʾal-Qūbāshā
ʾĀlsfeld
ʾAltmārk
ʾAltūbāsīū
ʾĀltzī
ʾĀlūksnī
ʾAlūnsūn
ʾAlzās
ʾAmālfī
ʾAmar
ʾAmāṣrẗ
ʾAmbīkābūr
ʾAmbrāsīā
ʾAm Ġazālẗ
ʾAmrāfātī
ʾAmrūhā
ʾAmūrġūs
ʾAnāfīsūs
ʾAnāǧnī
ʾAndlāū
ʾAndrīā
ʾAndrīābūl
ʾAndrūs
ʾAndūrā
ʾAnǧīh
ʾAnġlezī
ʾAnġūlīm
ʾAnġūs
ʾAnkūnā
ʾAnqrẗ
ʾAnsẖdīh
ʾAnsīšīm
ʾAnsnkū
ʾAntaqīrẗ
ʾAntārkitīkā
ʾAntūfāġāstā
ʾAntwyrb
ʾAnūnāī
ʾAnzwātġī
ʾĀq Sarāī
ʾĀq Šehir
ʾAqswyīk
ʾArās
ʾArbūrīā
ʾArḍ Al-bnṭ
ʾArdārā
ʾArdū
ʾArǧīntān
ʾArǧntā
ʾĀrġūs
ʾArġūs Aūrīstīkū
ʾArẖūnā
ʾArīlyih
ʾArītsū
ʾArīṯūsā
ʾArḵanḡilsk
ʾĀrlūn
ʾArmāh
ʾArmīnīā al-Ġrbīẗ
ʾArmīnīā al-ʿLīā
ʾĀrnštāīn
ʾĀrtmīsīūm
ʾArtsīz
ʾArzāwā
ʾArzinǧān
ʾAšāfnbūrġ
ʾAsbrṭẗ
ʾAšfnšm
ʾĀsīā
ʾAsīnī
ʾAsīzī
ʾAskūlī Bītšīnū
ʾAskūlī Sātrīānū
ʾĀšrslībn
ʾAšrūsnẗ
ʾAstānā
ʾAstībālīā
ʾAsūnsīūn
ʾĀšūr
ʾĀšūrīā
ʾAsūs
ʾĀsūsā
ʾĀswā
ʾAswān
ʾAtīkā
ʾAṭlānṭis
ʾAṯlūn
ʾAtrī
ʾAtrīb
ʾAtšīrīnzā
ʾAūbāfā
ʾAūbdāl
ʾAūbīān
ʾAūblānd
ʾAūbn
ʾAūbsālā
ʾĀūdāfātr
ʾAūdġst
ʾAūdīrzū
ʾAūdīsā
ʾAūfnhāīm
ʾAūfrn-Rūn-Albi
ʾAūǧhūrūd
ʾAūǧlẗ
ʾĀūġsbūrġ
ʾAūhāīū
ʾAūẖānsk
ʾAūkānīā
ʾAūkmīrǧ
ʾAūksīr
ʾAūksnfūrt
ʾAūlbīā
ʾAūldnbūrġ
ʾAūlīmbīā
ʾAūlīnṯūs
ʾAūlnāī
ʾAūlsīnī
ʾAūlstr
ʾAūltīnīā
ʾAūlūmūts
ʾAūmāh
ʾAūmāl
ʾAūmīš
ʾAūnġīrmānlānd
ʾAūn'īāt
ʾAūnkāstīū
ʾAūntārīū
ʾAūnṭārīū
ʾAūrādiyā
ʾAūrānūbūlīs
ʾAūrbīnū
ʾAūrfyitū
ʾAūrġnīẗ
ʾAūrẖūmīnūs
ʾAūrīāhūfū
ʾAūrīāk
ʾAūrīnbūrġ
ʾAūrīnsī
ʾAūrīūr
ʾAūrlāmūndh
ʾAūršūfā
ʾAūrtūnā
ʾAūš
ʾAūšākān
ʾAūsnābrūk
ʾAūstā
ʾAūstālrītš
ʾAūsterbūrġ
ʾAūst-Kātāf
ʾAūstrġūtlānd
ʾAūstrūh
ʾAūtīnā
ʾAūtrāntū
ʾAūtūn
ʾAūzītsh
ʾAūzūrǧītī
ʾAw
ʾĀwārūʾĀ
ʾAwyāstrīt
ʾAwyġūristan
ʾAwyskār
ʾAzbrūk
ʾIbb
ʾIndiyānā
ʾIsdūd
ʾUẖšūnubaẗ
ʾUrinsyiā
ʾUrubbā
ʾŪslū
ʿArbaystān
ʿĪlām
ʿlālīẗ
ʿUkbarā
پwyrṭūrīkū
