Abhazija
Abidos
Abingdon
Ablasta
Abov
Admundska
Adrineja
Adžud
Afganistan
Afrika
Afrodizija
Agrafa
Ahaja
Ahtopol
Ahtubinsk
Ajdab
Ajtos
Akad
Akarnanija
Akvitanija
Al
Alanija
Alapajevsk
Alba
Albanija
Aleksandrija
Alep
Alikante
Aljaska
Aljmaš
Alma
Almati
Almiros
Alpe
Alst
Alušta
Alžir
Amasija
Ambrakija
Amèrika
Amfipolis
Amfisa
Anápa
Anatolija
Anazarb
Andaluzija
Andjelgrad
Andora
Andro
Andrusa
Angȏla
Angvila
Anšan
Antigva
Antiohija
Apameja
Apolonija
Apulija
Arabija
Arabijska
Arad
Arakova
Arapsko
Arđeš
Arg
Arhangelsk
Arilje
Arkadija
Armenija
Ar-Raka
Arsk
Arta
Artemizij
Arva
Ašantska
Asasini
Ašgabat
Asirija
Asizi
Asjut
Aškelon
Aslangrad
Asos
Aspend
Astana
Aštarak
Astipalea
Astrahan
Asturija
Asuan
Asur
Atena
Atika
Atirau
Atlantída
Atlantski
Atlas
Atlon
Augzburg
Australija
Austrija
Azebruk
Azerbajdžan
Azija
Azori
Azov
Babilon
Bač
Backovo
Bagdad
Bahrein
Bajdov
Baje
Bajhlingen
Bakova
Baktrija
Balašađarmat
Balaton
Balearsko
Balgarija
Baludžistan
Balvanjgrad
Bangalor
Bangladeš
Banja
Banska
Baranaviči
Baranja
Barc
Barca
Bardo
Barlad
Barou
Barwice
Basijana
Baskija
Baškirija
Bastulija
Bata
Batanja
Batorove
Batrun
Bavarska
Beč
Bečej
Bečko
Bečuana
Bedžaja
Bedžemder
Begeč
Bejrut
Bektaši
Bela
Belaja
Belaya
Belci
Belgija
Belgrad-Dnestrovski
Beli
Beligrad
Beljak
Belo
Belogradčik
Belorusija
Bengazi
Benin
Beocija
Beograd
Bernicija
Beršeba
Berzaska
Besarabija
Bešenovo
Betlehem
Bezanson
Biala
Biblos
Bihać
Biharija
Bijeli
Bijeljina
Bilir
Biloberežja
Bilovo
Binja
Biograd
Biologard
Birdžand
Bistrica
Bitinija
Bitolj
Bitom
Bizantijum
Bjala
Bjec
Bjehovo
Blagaj
Blagojevgrad
Blatnohrad
Blatnozero
Blatograd
Bludište
Bobovac
Bocvana
Bodonica
Bodro
Bogota
Bohemija
Bohnja
Bojgrad
Bojka
Bojnjice
Boleslavec
Bolğar
Bolivija
Bolvansky
Bordo
Borša
Boršava
Boršograd
Boršov
Borudžerd
Bosanska
Bosfor
Bosilegrad
Bosna
Bosra
Botevgrad
Botošani
Bove
Bože
Bozen
Božićni
Božigrad
Božjakovina
Brajlovo
Braničevo
Branjin
Braslav
Brašov
Bràtislava
Brčko
Brenna
Bretanja
Brežnica
Breznik
Brezno
Bribir
Brijest
Brijud
Brinje
Britanija
Britanska
Britanski
Brjahimov
Brjansk
Brodi
Brodica
Brodno
Brskovo
Brukla
Brunej
Bruselj
Brza
Bucij
Bucu
Bučum
Buda
Buđak
Budějovice
Budgost
Budim
Budimlja
Budimpešta
Budin
Budišin
Budlimlje
Bugarofigon
Bugarska
Buhara
Buinsk
Bukowo
Bukurešt
Bukvanac
Burgundija
Burjatska
Butan
Butrint
Buzaj
Buzet
Buzjaš
Buzov
Bžesko
Cadca
Cahlow
Calandrica
Čanad
Čanadska
Čanakale
Caricin
Carigrad
Casna
Cazma
Cedynia
Cehanov
Čehoslòvāčkā
Čeljabinsk
Celovac
Censtohova
Centralna
Cepina
Cer
Čerepovec
Čerkasi
Cerkniško
Cernigov
Černivci
Černjahovsk
Černobilj
Cersk
Cešin
Češka
České
Cetina
Cezareja
Chelmža
Cherdyn
Chinvali
Chišineu-Kriš
Chistibanka
Chocków
Chojna
Chojnice
Choszczno
Chrobatia
Čile
Cimpa
Cipar
Circezij
Cirena
Cislajtanija
Čita
Cobanc
Colerni
Conavija
Cordoba
Corlu
Cozsterine
Cres
Crikvenica
Crna
Crno
Crnograd
Crven
Crvena
Crveno
Čugoku
Čurgov
Ćustendil
Čuvaška
Czaplinek
Dabie
Dahomej
Dakija
Đakovo
Dalmacija
Damala
Damam
Damask
Danj
Danska
Dašt-e
Debar
Debelo
Debrecin
Dedoviči
Deksaroija
Delaver
Delfi
Delta
Demetrijas
Deta
Đevđelija
Devin
Devol
Dikoye
Dimotika
Dire
Đirokastra
Djampolj
Djenova
Djeva
Djevojčica
Djula
Djur
Dnjepar
Dnjepropetrovsk
Dnjipro
Dobignev
Doboj
Dobran
Dobrič
Dobrin
Dobrudža
Dodekanez
Doksani
Dolni
Domok
Donel'
Donja
Donjeck
Donji
Dorohoj
Dospat
Dovhopillja
Drač
Dragicin
Draginjan
Dragobuž
Drama
Drastar
Drawsko
Dražđane
Drežnik
Drijeva
Drinopolj
Drivast
Drniš
Drogobic
Dropul
Drozdowo
Dubica
Duboka
Dubovac
Dubrava
Dubrovnik
Dudleb
Duklja
Duljebi
Dunajska
Dunav
Dunavgrad
Đurđevac
Đurđu
Duvno
Dvina
Dyetakov
Dymin
Džankoj
Džeraš
Džibuti
Džiroft
Džuba
Džungarija
Edelštejn
Edesa
Edisan
Efes
Egeja
Egejski
Egina
Egipat
Ekstremadura
Ekvador
Ekvatorijalna
Elasona
Elateja
Elazig
Eldena
Elefsina
Elena
Elida
Elzas
Elzas-Lotaringija
Emilija
Engleska
Enkoridž
Enže
Eolida
Epenštajn
Epir
Erdelj
Erd-Šomljo
Eretrija
Erevan
Eritreja
Ermopolis
Esauira
Eštergon
Estonija
Etampes
Etaples
Etiopija
Etolija
Eubeja
Falklandski
Fara
Farsal
Farski
Faselis
Fašer
Fener
Fenikija
Fes
Figeras
Filadelfija
Filipi
Filipini
Filipovolje
Filjakovo
Finska
Firenca
Flandrija
Flijunt
Fojnica
Fokeja
Fokšani
Fonjod
Francuska
Frankonija
Frigija
Frizija
Furlanija
Gabes
Gabrovo
Gacko
Gagauzija
Gajzlingen
Galac
Galaksidijon
Galič
Galicija
Galič-Volin
Galija
Galileja
Galipolje
Gambija
Gana
Gandara
Gansava
Gardikija
Garestin
Gasanidija
Gat
Gatčina
Gavrilov-Jam
Gdanjsk
Gemer
Gent
Georgeni
Geraci
Gerona
Gibe
Gieca
Gijeca
Gition
Gjec
Gjumri
Glajhen
Glamoč
Glarenca
Glavač
Glaž
Glognica
Glogov
Glogovac
Glogovica
Glubcice
Glubočica
Glucin
Gnjevkovo
Gnjezno
Goce
Godžam
Goleta
Golubac
Gora
Goražde
Gorica
Gornja
Gornji
Gostinjin
Gračanica
Gradac
Gradic
Gradicijon
Gradiška
Gradište
Grbalj
Grčka
Greben
Grenada
Grenland
Grobi
Grozni
Grozswina
Grubješov
Gruzija
Grypswold
Guča
Gulami
Gundešapur
Gvineja
Habarovsk
Hadramaut
Hadriani
Hag
Hajbar
Hajderabad
Hakasija
Halikarnas
Halkidiki
Halkis
Halštat
Hanja
Hardek
Hariopolj
Haršovo
Haštgerd
Havana
Hazarija
Hebron
Heksamil
Helada
Helge
Hengistgrad
Henrikov
Herakleja
Hercegovina
Heroneja
Hidžaz
Himara
Hios
Hirlau
Hirošima
Hlemuci
Hlivno
Hljinov
Hmeljnicki
Hoenburg
Holàndija
Holavnik
Hona
Hont
Hopjor
Horamšaher
Horasan
Horezm
Hotča
Hotin
Hrizopolj
Hrudim
Hrvatska
Hum
Humel
Humno
Hunski
Huši
Huzestan
Hvar
Hvosno
Ičinoseki
Iglava
Igumenica
Ikarija
Ilidža
Ilirija
Ilko
Ilok
Imam
Imotski
Indija
Indonezija
Ingrija
Inovlodz
Irska
Irsko
Isakča
Isalmi
Isavrija
Išinomaki
Isjum
Island
Istahr
Istočna
Istočni
Istra
Itaka
Italija
Ivanjica
Iž
Izadhast
Ize
Iževsk
Ižma
Izmajil
Izola
Izrael
Jadransko
Jafa
Jailsamer
Jajce
Jakin
Jakutsk
Jakutska
Jalomica
Jalšakot
Jalšnica
Jalta
Jamajka
Janica
Janjina
Jarocin
Jaromin
Jaromjerž
Jaroslav
Jaroslavlj
Jasava
Jasberenj
Jaši
Jasov
Javor
Jazdov
Jazigija
Jedingrad
Jedrene
Jegar
Jeha
Jekaterinburg
Jekaterinodar
Jelec
Jemela
Jemen
Jemtland
Jendžejov
Jenez
Jenisejsk
Jerapetra
Jerihon
Jeriso
Jeruzalem
Jetropole
Jomsvikinzi
Jonija
Jonski
Jonsko
Jork
Jorkšir
Josipdol
Jugoslavija
Jugozapadna
Jurilovca
Južna
Južni
Južnočeški
Kadanj
Kaffa
Kagošima
Kaigorod
Kairo
Kajlar
Kalabrija
Kalafat
Kalame
Kalampaka
Kalaraš
Kalaus
Kalavrita
Kaliata
Kalifornija
Kalinjingrad
Kalipol
Kalivija
Kaljiš
Kalmikija
Kaloca
Kambodža
Kamčatka
Kamenec
Kamerun
Kamien
Kamnik
Kampanija
Kanada
Kanalska
Kanija
Kanto
Kanzas
Kapadocija
Kapljica
Kapošvar
Kaprijana
Kapua
Karansebeš
Karantanija
Karaševo
Karasubazar
Kareli
Karelija
Karija
Karist
Karitajna
Karkemiš
Karlovac
Karnuntum
Karpatija
Karpatos
Karpno
Kars
Kartaga
Kartlijci
Kartum
Kasandrija
Kašava
Kaseg
Kašina
Kasiopi
Kašmir
Kassogia
Kastamon
Kastilja
Katalonija
Katancaro
Katar
Kavala
Kavarna
Kavkaz
Kavurskoto
Kȁzahstān
Kazan'
Kazhirovo
Kazimjež
Kazvin
Kcinja
Kcyn
Kečkemet
Kefalonija
Keln
Keltsko
Kerasunt
Kerineja
Kermanšah
Kermendin
Keruan
Kežmarok
Khavalisy
Kičevo
Kijev
Kikladi
Kilija
Kilikija
Kina
Kipsela
Kireš
Kirestika
Kirgistan
Kirijelejs
Kiriši
Kirov
Kišinjev
Kisucke
Kitera
Kitnos
Kizik
Kizistrija
Kizlyar
Kjelce
Kjušu
Kladovo
Kladrubi
Kladska
Kladsko
Klardžeti
Klatovi
Klazomena
Klisura
Ključ
Klodava
Kluč
Kluž
Kluž-Napoka
Knezko
Knežko
Knid
Knin
Knjaževac
Knosos
Kokosovi
Kokšaga
Kokšarova
Kokšaysk
Kolbacz
Kolbrzeg
Kolima
Kolmogory
Kolomija
Koloneja
Kolumbija
Komana
Komarac
Komárno
Komjatice
Konica
Konjic
Konjin
Konot
Konstanca
Konstantin
Kopar
Kopenhagen
Koper
Koprivinica
Kopšivnjica
Korča
Korchev
Korčula
Koreja
Korfinij
Korint
Korjažma
Kornojburg
Koroni
Koronija
Korotoyak
Korsun
Koruška
Korzika
Košcjan
Košice
Kosovo
Kosta
Kostanjevica
Kostarika
Kostur
Koszalin
Kotao
Kotor
Kotor-Varoš
Kovale
Kovasna
Kovin
Kozarac
Kozaria
Kozinc
Kozljak
Kozlov
Koznik
Kragujevac
Krajova
Krakov
Kran
Kranj
Krapina
Krasna
Krasnodar
Krasnojarsk
Kratovo
Krdžali
Kremenec
Kremnjica
Kremže
Krf
Kričim
Krim
Krišana
Krit
Križevci
Krk
Krnskigrad
Kromjeržiž
Kruja
Kruna
Krunograd
Krupanj
Krupina
Kruševac
Krušvica
Krzyz
Ksanti
Ktenija
Kúba
Kuban
Kučevo
Kuclat
Kudymkar
Kujavija
Kukes
Kuklograd
Kukshaven
Kumanija
Kunštat
Kurasao
Kuš
Kutina
Kutjevo
Kutlovica
Kuvajt
Labin
Lacha
Lacij
Lagadin
Lagodehi
Lahidž
Lahidžan
Lakedemonija
Lakonija
Lampsak
Land
Landštejn
Langadas
Laodikija
Laponija
Larisa
Latakija
Latgalija
Latinsko
Laurion
Lavov
Lebork
Lebus
Lefkada
Lehonija
Lelov
Lencica
Leon
Lepant
Lepelj
Lepi
Lérida
Lerin
Lestkov
Letonija
Levoca
Ležajče
Lezbos
Libanon
Liberija
Libija
Libijska
Libijsko
Lidija
Lidoriki
Ligurija
Ligursko
Lihtenštajn
Lika
Likand
Likija
Limnos
Linec
Linkestis
Lipa
Lipani
Lipeck
Lipsko
Liptov
Liptovski
Lisabon
Litomerice
Litvanija
Liv
Livadija
Livno
Livonija
Livonska
Livonski
Lizimahija
Lješ
Ljubacev
Ljubava
Ljubavna
Ljubim
Ljubljana
Ljuboml
Ljuleburgas
Ljupina
Ljutica
Loara
Lodin
Lokrida
Lombardija
Lombardski
Lomža
London
Lopšenga
Lopušica
Lorena
Losh
Losice
Loveč
Lovjic
Lovoršev
Lubeka
Lubjec
Lubjin
Lubowla
Lučenjec
Luck
Lugdunumska
Lugnica
Lugoš
Luka
Lukomoria
Lukov
Luksemburg
Luksor
Luni
Lupak
Luristan
Lužica
Luzitanija
mabad
Macumoto
Macusaka
Mačva
Mađarska
Madit
Magellanov
Maglaj
Magnezija
Makao
Makarska
Makedonija
Makurija
Mala
Maladzečna
Malaga
Malatija
Malaya
Maldivi
Maleševo
Malezija
Maligrad
Malogost
Malopoljska
Manastir
Mandok
Mangalija
Manihejstvo
Mantineja
Mantova
Manych
Marakeš
Maramureš
Maraton
Marcalin
Maribor
Marica
Marijanin
Mariupolj
Marke
Maroko
Maronja
Marsa
Massava
Materštof
Mauritanija
Mavruda
Mazovija
Mcheta
Mecovo
Meda
Međa
Médenine
Medina
Medjugrad
Međugorje
Megalovlahija
Meka
Meksiko
Meldi
Melita
Melnik
Memfis
Menzelinsk
Meranije
Mercija
Mesena
Mesenija
Metoni
Mezek
Mezen
Mezija
Mezopotamija
Midija
Mihajlovac
Mihaljovo
Mijanmar
Mijerkureja
Mikena
Mikon
Milet
Miletopolj
Milhajm
Milič
Minhen
Minutaši
Mira
Mirangrad
Mirmidonci
Miškin
Miškovci
Mislibož
Mistra
Misurata
Mitilena
Mitilene
Mitimna
Mizija
Mjedobanja
Mjendzižec
Mjesecno
Mlaki
Mlin
Modra
Modruš
Mogadišu
Mogaun
Mohac
Mokro
Moldavija
Molosija
Monako
Monakov
Monemvasija
Mongolija
Mongolsko
Monošter
Montekapijola
Morača
Morava
Moravska
Mordvinska
Morkvashi
Mosinopolj
Moskva
Mošon
Most
Mostar
Motovun
Mozambik
Mscislav
Mstov
Mŭglen
Mukačevo
Muntenija
Muskat
Myslibórz
Nadin
Nadlak
Nahod
Naks
Namestovo
Napulj
Narbonska
Naupakt
Navijork
Navplij
Nazaret
Nazarje
Nečvem
Nečven
Nedžd
Nemeja
Neopatrija
Nerdlingen
Nerehta
Nerežišca
Nesebar
Neustrija
Nevesinje
Nevrokop
Newcastle
Nica
Nideršenenfeld
Nigerija
Nikaragva
Nikeja
Nikli
Nikolajev
Nikolcice
Nikolov
Nikomedija
Nikopolj
Nikozija
Nikšić
Nikulin
Nin
Ninčićevo
Niniva
Niš
Nisa
Nišapur
Nižnji
Nizozemska
Njala
Njamc
Njasviž
Njemačka
Njitra
Nju
Nojštrelic
Noriljsk
Norland
Normandija
Norveška
Nova
Novi
Novigrad
Novigradic
Novo
Novokolmogory
Nowogard
Nubija
Nur-Sultan
Obala
Obalj
Oblucica
Obrovac
Očakov
Odesa
Odri
Offaly
Oglej
Ognjena
Ohotsk
Ohrid
Okanja
Okič
Okinava
Okladnikova
Oknele
Oksi
Oldřišov
Olešje
Olesno
Olimp
Olimpija
Olint
Oliwa
Olkuš
Olomuc
Oltenija
Omiš
Onega
Onogošt
Opat
Opatov
Orahovica
Oran
Oravica
Orej
Orel
Orgeev
Orhej
Orhomen
Orle
Orljava
Orlova
Ormož
Oromija
Orop
Oršava
Oshel
Osijek
Osmansko
Osno
Osowo
Ostija
Oštrac
Ostrobotnija
Ostrogon
Ostšešov
Osvencin
Ovec
Ovruc
Ozalj
Padova
Paflagonija
Pafos
Paganija
Paganska
Pajonija
Paleo
Paleohora
Palestina
Palmira
Pamfilija
Pančevo
Panevėžis
Pangalija
Panonija
Par
Paradyz
Paragvaj
Pardanj
Parion
Pariz
Parskov
Partija
Pasava
Pastuh
Patagonija
Patra
Patras
Pazin
Pec
Pečenezi
Pečora
Pečori
Pečuh
Pecvar
Peilštajn
Pela
Pelagonija
Peloponez
Pelym
Pera
Perejaslav
Periferija
Perint
Perm
Perm'
Pernek
Pernik
Persijski
Perusipnica
Peruštica
Peškopija
Pešta
Peti
Petric
Petrič
Petrokov
Petrov
Petrovaradin
Pican
Pidna
Pijemont
Pikardija
Pila
Pilcama
Pinesk
Piran
Pirej
Pirineji
Pisidija
Piškopeja
Pitešt
Pizdri
Pjatra
Pjongjang
Plasi
Plateja
Plav
Plešcina
Pleven
Plisko
Ploešt
Plomin
Plonia
Plovdiv
Plzenj
Podgorica
Podlasija
Podolje
Podosinovec
Podrinje
Podujevo
Pogansko
Pogožela
Pojenari
Pokata
Polanov
Pol-e
Polesje
Poligiros
Poljanija
Poljska
Polock
Polovrađi
Pomeranija
Pomoravlje
Pompeji
Pompejopolj
Pont
Ponyzzia
Poprad
Porajnje
Porcija
Poreč
Portoriko
Posert
Postojna
Potamukastel
Potasija
Potšah
Povaška
Povolška
Pozdawilk
Požega
Poznanj
Požun
Prag
Prank
Prekodunavlje
Prerava
Preševo
Preslav
Previdca
Pridnjestrovlje
Prijepolje
Prilep
Priština
Prizren
Prjevidza
Prokuplje
Prosek
Provansa
Prozor
Prusija
Pšedbož
Pšedec
Pšement
Pšemisl
Pset
Ptuj
Puhov
Pula
Pulj
Puntlend
Pyrzyce
Qin
Rab
Ráb
Radgosc
Radžejov
Radžinj
Rafa
Rahiv
Rahovo
Rajac
Rajgrad
Rajna
Rakus
Ramnik
Ramniku
Ras
Raška
Ratibor
Rauna
Rava
Ravno
Razgrad
Rdokup
Red
Reihersberk
Rejkjavik
Rekaš
Rerik
Rešica
Retimno
Reval
Režišce
Ribinsk
Riblje
Ribnica
Ribnjak
Rijad
Rijeka
Rila
Rim
Rimavska
Rimska
Rimsko
Risan
Rjašev
Rjazanj
Robov
Rod
Rodezija
Rodopi
Rodosto
Rogatica
Rogoj
Romanja
Rona
Roslavlj
Rosvar
Rožan
Rozeta
Rožnjava
Rozstoc
Rt
Ruanda
Ruda
Rudnik
Rugard
Rugia
Rujno
Rumunija
Rusija
Rusko
Rusovid
Rutenija
Rybanis
Šabestar
Šabva
Sagunt
Sakara
Sakmar
Saksin
Saksonija
Saksonija-Anhalt
Salamina
Salaž
Sališko
Salmides
Salvador
Samara
Šamberi
Samnijum
Samobor
Šamorin
Samotraka
Šampanja
Samundžijevo
Sanc
Šangaj
Šanlijurfa
Santok
Saporo
Sarahs
Sarajevo
Saratov
Sard
Sardinija
Sarmatija
Saskov
Satagidija
Saudijska
Šaunberk
Saur
Savoja
Sborište
Šcecin
Šcinava
Šcižice
Scorbuze
Sebislavci
Šecehov
Sedmikulsko
Sedmogradska
Sedmokamen
Segedin
Sejšeli
Sekava
Sekljobrv
Seksar
Seleukija
Selge
Selimbrija
Selurinac
Selvesborg
Šemudvar
Senar
Sendre
Senj
Senta
Šentvid
Ser
Seres
Šerpc
Servija
Sest
Seul
Sevasteja
Sevastopolj
Sevents
Severinska
Severna
Severozapadna
Sevilja
Sianów
Šibenik
Sibinj
Sibir
Sicilija
Sidžilmasa
Siget
Signagi
Šikloš
Šikoku
Silivrija
Šimand
Šimeg
Sinaj
Singapur
Šintava
Sira
Sirakuza
Sireta
Sirija
Sirijska
Siroc
Sisak
Siverin
Sivista
Sjanik
Šjauljaj
Sjenica
Sjeničak
Sjeradz
Sjeverna
Sjeverno
Sjeverozapadni
Sjunik
Skadar
Skalovija
Skandinavija
Skanija
Skiros
Skitija
Skoplje
Škotska
Skradin
Skrapar
Skvižina
Slani
Slankamen
Slava
Slaven
Slavenska
Slavonija
Slažialeja
Šleska
Šleza
Šlezvig
Šlezvig-Holštajn
Slivno
Sloboda
Slonjsk
Slovačka
Slovenija
Slupie
Slupsk-Slawno
Smederevo
Smoljan
Smoljenjice
Šoa
Soči
Sofena
Sofija
Sogut
Sohacev
Sokol
Sokolac
Sokotra
Soligrad
Solin
Solun
Somalija
Sombor
Somlo
Šomođ
Sopot
Šopron
Soroka
Sovjetsk
Sozopolj
Španija
Sparta
Špinjarica
Spiš
Spiška
Split
Springfild
Srbija
Srebrenica
Srebrenik
Sredec
Središnja
Središnji
Sredozemno
Srem
Šrem
Sremska
Sremski
Šrenjsk
Staford
Štajerska
Štajr
Stalingrad
Stambol
Stanimaka
Štanjel
Stara
Stargart
Starhemberk
Stari
Starigrad
Staro
Starogród
Stenica
Steničnjak
Šternberk
Sticna
Štip
Stojanovo
Stolni
Ston
Strehaja
Strelca
Strij
Struma
Strumica
Stšelno
Štubenberk
Studenice
Stupava
Štutgart
Sucava
Sudeti
Sudomjež
Sudovci
Suec
Suhumi
Sulejov
Šumadija
Šumgrad
Sumi
Šumla
Šumsk
Surduk
Surinam
Sušice
Šuštar
Sutjesk
Suvar
Suzdalj
Švapska
Svaran
Švedska
Sveta
Sveti
Svetla
Sveto
Svetog
Svibnica
Švicarska
Svinjica
Svištov
Sviyazhsk
Svrljig
Swiecie
Sycewice
Sztrela
Szvuine
Tadžikistan
Taik
Tajvan
Takla
Talin
Tamiš
Tamnokamen
Tanchlim
Tanganjika
Tanger
Tars
Tartešani
Tarudant
Taškent
Tasmanija
Tasos
Tavograd
Teba
Tebessa
Tegeja
Teheran
Telšiai
Temiš
Temišvar
Temryk
Terbovl
Teritorija
Terka
Tesalija
Tešanj
Tespija
Tesprotija
Tetovo
Tetuan
Tetyushskaya
Teutonski
Tiberijada
Tiburgrad
Tigina
Tihama
Tihomel
Tijatira
Tikocin
Timuridska
Tinduf
Tinec
Tingitanska
Tir
Tira
Tirana
Tiraspolj
Tirensko
Tiringija
Tirol
Tirštajn
Tisa
Tismenicja
Titograd
Titov
Tjekov
Tjumenj
Tmutarakan
Tokio
Toksandrija
Tolisa
Tomislavgrad
Topla
Toplica
Toplicani
Topovska
Topusko
Torik
Torun
Torzym
Toskana
Totabanja
Trahin
Trajanopolj
Trajanov
Trakija
Trakijsko
Transilvanija
Transkarpatija
Transoksijana
Travensko
Travna
Travnik
Travunija
Trebinje
Trebnica
Treskavac
Trezena
Trgi
Trgovišće
Trgu
Trident
Trikolj
Tripoli
Tripolica
Trjavna
Trnava
Trnica
Trnin
Trnopolj
Trnov
Trnovgrad
Trnovo
Troada
Trogir
Tršebic
Trst
Trzebiatów
Tržic
Tšemešno
Tuchola
Tukhchin
Tulica
Tulin
Tunis
Tur
Turav
Turčjan
Turjak
Turska
Tutrakan
Tuzla
Tvrdošin
Udbina
Udmurtska
Ugol
Ugrovesk
Ujedinjene
Ujedinjeni
Ujedinjeno
Ujgurija
Ujscie
Ukrajina
Ulcinj
Uljanovsk
Ungeni
Unjejov
Unjicov
Unutarnji
Urla
Urugvaj
Urzhum
Ušce
Usolye-na-Kamskom
Ustilug
Ustra
Ust-Vym
Utyn
Užgorod
Užice
Vac
Vajmar
Vakajama
Valamara
Valensija
Valizija
Valonija
Valovište
Valva
Vancouver
Varadija
Varaždin
Varaždinske
Varminsko-Mazursko
Varšava
Varta
Vartemberk
Vasluj
Vatikan
Vatja
Vavel
Veji
Velbužd
Velegrad
Veles
Veligrad
Vèligrad
Velika
Veliki
Velikomoravska
Velikopoljska
Velja
Veljke
Vels
Venecija
Verden
Verija
Vernij
Versinikija
Veršinino
Vešov
Vesprim
Vestfalija
Vetluga
Vetrenica
Viborg
Vicebsk
Vičegda
Vicina
Videm
Vidikovac
Vijetnam
Vijlak
Vilavce
Vinica
Vinkovci
Vinograd
Virovitica
Višegrad
Višera
Viši
Viškov
Vislica
Višnja
Visoki
Vitanje
Viteški
Vitezovi
Vitlejem
Viza
Vizna
Vjatka
Vjelunj
Vježbna
Vladava
Vladislavec
Vlaherna
Vlaknorov
Vlasenica
Vlaška
Vlora
Voden
Vodičevo
Vodopadi
Vojnic
Vojvodina
Vojvodov
Vojvodovo
Vojvograd
Volbož
Volga
Volgast
Volgograd
Volin
Volinj
Volovo
Volšperk
Vonica
Voronjež
Vorskol
Voščica
Vraca
Vranduk
Vranje
Vranov
Vratargrad
Vratislav
Vrbas
Vrestenica
Vrhbosna
Vrisa
Vroclav
Vršac
Vščiž
Vuka
Vukovar
Vukovisk
Vukovo
Vym
Warzno
Wielen
Wolyn
Yarensk
Yelabuga
Žabljak
Zaborani
Zadar
Zagorje
Zagrab
Zagreb
Žagvija
Zahumlje
Zainsk
Zaječar
Zakintos
Žalec
Zambija
Zandžan
Zante
Zapadna
Zapadni
Zapadnofrizijski
Žari
Žarnov
Zaslav
Žatec
Zatvor
Zavija
Zavolochia
Završje
Zbaraž
Ždjar
Ždralska
Ždrelo
Žegligovo
Zela
Zeland
Zelengora
Železnograd
Želiv
Željezno
Žemajtija
Zembice
Zemlja
Zemljen
Zemun
Ženeva
Žensko
Žerkovo
Zgjež
Žiča
Žice
Zikhija
Zilaj
Žilina
Zindžibar
Ziporeja
Žitava
Žitomir
Zituni
Živograd
Žjun
Zlatibor
Zlatna
Zletovo
Zliwitz
Zlotuv
Žnjin
Žombolj
Zoneberg
Zorešt
Zuarin
Županjac
Zvečan
Zvoljen
Zvonigrad
Zvornik
