Abacı
Abay
Acar
Açık
Adanır
Adem
Adin
Adıvar
Ağa
Ağaoğlu
Ağca
Ağçay
Ahmad
Ak
Akagündüz
Akalın
Akan
Akar
Akarsu
Akbaba
Akbaş
Akbay
Akbulut
Akburç
Akça
Akçam
Akçatepe
Akdağ
Akdarı
Akdemir
Akdeniz
Akgül
Akgün
Akın
Akıncı
Akkaş
Akkaya
Akkoyun
Akman
Akpınar
Aksoy
Aksu
Akşit
Aktaş
Aktuna
Akyıldız
Akyol
Akyürek
Akyüz
Alabora
Aladağ
Albayrak
Aldemir
Ali
Alışık
Alkan
Alpay
Alptekin
Altan
Altın
Altınay
Altıntaş
Altıntop
Altuğ
Altun
Apak
Arat
Arıca
Arıkan
Armağan
Arman
Arslan
Asani
Asena
Aslan
Aşık
Ata
Atakan
Atalar
Atalay
Ataman
Atan
Ataseven
Atay
Ateş
Atlı
Avcı
Avni
Ayda
Aydan
Aydemir
Aydın
Aydınlar
Aydoğan
Aydoğdu
Aygün
Ayhan
Ayik
Aykaç
Aykut
Ayral
Ayrancı
Aytaç
Ayvaz
Baba
Babacan
Babaoğlu
Bağcı
Bahadır
Bakırcı
Bakkal
Bal
Balbay
Balcan
Balcı
Balkan
Bardakçı
Başak
Başar
Başaran
Başer
Baştürk
Batuk
Batur
Bayar
Bayat
Baybaşin
Baydar
Bayındır
Baykara
Bayrak
Bayraktar
Bayram
Bayramoğlu
Behçet
Benli
Bereket
Berk
Berker
Bilge
Bilgi
Bilgili
Bilgin
Bilici
Birdal
Birkan
Birol
Birsen
Bolat
Bölükbaşı
Bora
Boran
Boyacı
Boz
Bozdag
Bozer
Bozgüney
Bozkurt
Boztepe
Bucak
Budak
Buğra
Büker
Bülbül
Buldan
Bulut
Buruk
Büyük
Büyükakçay
Çağatay
Çağlar
Çağlayan
Çağrı
Çakır
Çakmak
Çalık
Çalış
Can
Candan
Candemir
Caner
Çarkçı
Çatlı
Çavdarlı
Cavus
Celal
Çelebi
Çelik
Cengiz
Cerci
Ceren
Çetin
Çetinkaya
Cevahir
Cevdet
Çevik
Ceylan
Çiçek
Çiftçi
Düzgün