Áarntenbourk
Abalón
Abána
Abanos
Abantía
Ábaris Aigýptou
Abaroúon
Abbaitōn
Ábdēra
Abéiro
Abellíno
Abellinon
Aberdín
Abérsa
Abetzáno
Abinión
Abissynía
Ablástha
Aboba
Abónoutíkhos
Abrettēnē
Abritton
Ábydos
Ábydos Aigýptou
Acharnés
Achmentampánt
Achmentnankár
Achrída
Achtoúbinsk
Acumincum
Adada
Ádana
Ádatha
Adelaída
Adiabene
Adora
Adraa
Ádramýttion
Adráno
Adránon
Adrassós
Adria
Adrianoúpoli
Adriatikí Thálassa
Adroúmetos
Adrymeton
Ad Templum
Aedabē
Aegeae
Aeminion
Aenona
Aetos
Afrikí
Agathe
Agathe Tyche
Ágder
Agedinkon
Agglonormandikés Nísoi
Agiankóz
Agía Petrúpoli
Agía Rōmaïkḗ Autokratoría
Agía Severína
Agiation
Agíon Apostólon Ekklisía
Agióntia
Agios
Ágios Andréas
Ágios Geṓrgios
Ágios Marínos
Ágios Nikólaos
Ágknter
Ágrafa
Agraía
Ágrano
Agrigénto
Agrigénton
Agrilion
Agrínio
Agrínion
Agylla
Aiákeio
Aianē
Áichstet
Aidēpsós
Aigaí
Aigaí Kilikías
Aigaíōn
Aigaío Pélagos
Aigaíos Póntos
Aigaíou
Aigaíou Pelágous
Aigeíra
Aigina
Aígina
Aigínion
Aígio
Aigion
Aígion
Aigissos
Aígyptos
Aikai
Aila
Ailá
Áilsberi
Aimilía
Aínea
Ainís
Ainṓ
Aínos
Áintacho
Áioba
Aiolia
Aiolía
Aiolís
Aïrarát
Airi
Aisís
Aïtḗ
Aithalia
Aithikía
Aithiopía
Aïtí
Aitōlía
Aitōlíē
Aizanoi
Aizonai
Ákanthos
Akarnanía
Akarnaníē
Akernon
Akerrai
Akérsous
Akhaía
Akhaía Phthiôtis
Akhaíē
Akhaltsíkh
Akharnaí
Akilisēnḗ
Akki
Akmōnía
Ákoba
Akouai Statiella
Akouileia
Akouinkon
Akoúinon
Akoyitania
Akra Bosonas
Akrágas
Akrai
Akraifía
Akraíphia
Ákra Leukē
Akrēphia
Akrhaíphnio
Akrochoras
Akroinon
Akrokos
Akropolis
Akrōtḗri
Akroterion
Akróthōoi
Akupitiyo
Akyísgrano
Akyísgranon
Akyliia
Álaba
Alabáma
Alábanda
Alakánt
Alalie
Ala Miliaria
Alángia
Alanía
Alansón
Alasgoí
Alasiya
Aláska
Alávanda
Alaverdí
Albania
Albanópolis
Alba Phoukentis
Alba Pompeía
Albiánon
Albingaunon
Albion
Albion Intemelion
Albiton
Albokastron
Álborg
Alboulai
Alchethíras
Alebaía
Alebaíē
Aléktoros
Alexándreia
Alexándreia Arachōsías
Alexándreia Areiois
Alexandreia Eschate
Alexándreia Sogdiane
Alexándreia stē Látmo
Alexándreia Troás
Alexándreia Trōïás
Alexandrétta
Alexandrou Parembole
Algarion
Algería
Aliana
Alíartos
Âlis
Álision
Alkalá
Alkalá de Enáres
Alkántarha
Alkéthar
Álkmaar
Alkoubása
Allántē
Alliphai
Almánta
Almathán
Almáti
Álmelo
Álmeloia
Almōpía
Almpathéte
Alnkéro
Álnouik
Alóntion
Alópē
Alōpekónnēsos
Álōros
Alósti
Aloúksne
Aloústa
Álouston
Alsatía
Álster
Altava
Altha
Altinon
Alvanía
Alviáno
Álvorkon
Alykē
Álys
Alýtous
Alyzeía
Alyzía
Amálphe
Amálphi
Amanos
Amáseia
Amásra
Amástris
Ambérsa
Ambikapoúr
Ambrakía
Ámbrakos
Ambuáz
Amestratos
Amfaxítida
Amfilochía
Amfípoli
Ámida
Amiliavon
Aminiso
Amisós
Amiternon
Ammán
Ammóchōstos
Ammókhṓstos
Ammṓn
Ammonem
Ammonion
Amnissós
Amnisόs
Amorgós
Amorion
Amoútrion
Amphaxítis
Amphilokhía
Amphípolis
Ámphissa
Amprolaoúri
Amproútso
Ampurias
Amraváti
Amrhabáti
Amrócha
Amstelodhámon
Ámsterdam
Ámstetten
Amvérsa
Amviakon
Amvikapoúr
Amvrakía
Amvúrgo
Amýklai
Amýkles
Amyklion
Anabathá
Anagastión
Anágneiai
Anagyroûs
Anaía
Anakopia
Anakouphe
Anaktório
Anaktórion
Anáni
Anáphē
Anasartha
Anatha
Anatoliká Gat
Anatoliká Gkat
Anatolikḗ Anglia
Anatolikḗ Bavaría
Anatolikḗ Cantabria
Anatolikḗ Francia
Anatolikḗ Franconia
Anatolikḗ Galindia
Anatolikḗ Heroulia
Anatolikḗ Islandia
Anatolikḗ Isuria
Anatolikḗ Kantouaria
Anatolikḗ Manapia
Anatolikḗ Norvigía
Anatolikḗ Ousdia
Anatolikḗ Phold
Anatolikḗ Phrisía
Anatolikḗs Anatolías
Anatolikḗ Thrákē
Anatolikí Makedonía
Anatoliki Romylia
Anatolikís Anatolías
Anatolikí Thráki
Anatolíkon
Anávyssos
Anázarbos
Anbár
Anchíalos
Andautonia
Andekavion
Andóra la Vélia
Andórra
Andrabida
Andranon
Ándrapa
Andreapolis
Androna
Andronpolis
Andros
Ándros
Androúsa
Anemoúrion
Anfa
Angeía
Angelókastron
Angkóla
Anglía
Anglonormandikés Nḗsoi
Angriouária
Anikon
Ánion
Ankhíalos
Ankón
Ankóna
Ankos
Ankoulém
Ánkyra
Ankyrôn Pólis
Annesý
Ánnklesi
Annóvero
Áno Aígyptos
Ánō Aígyptos
Áno Armenía
Ánō Armenía
Áno Austría
Ánō Austría
Ánō Bólta
Ánō Bosona
Áno Bourgoundía
Ánō Bourgoundía
Ánō Bretáni
Anokome
Ano Korsike
Áno Nevrokópi
Áno Paliárs
Ánō Paliárs
Anourantapoúra
Áno Vólta
Áno Vosnía
Ánō Vosnía
Áno Vretáni
Ansán
Ansonkó
Ansonkón
Antandría
Ántandros
Antarados
Antarktikí
Antarktikín
Antekéra
Anthadōn
Anthána
Anthēdṓn
Ántheia
Anthemoûs
Anthemousiás
Anthḗnē
Anthíni
Antigóneia
Antigóneia Bithynías
Antigóneia Trōïás
Antígoníos
Antikaria
Antíkyra
Antiócheia
Antiócheia Kolomvías
Antiócheia Persídos
Antiofilas
Antiókheia
Antiókheia Chrysaorikos
Antiókheia hē pròs Sáron
Antiókheia Kolombías
Antiókheia Kommaginis
Antiókheia Kydnos
Antiokheia Margiane
Antiokheia Mygdonias
Antiokheia tes Medias
Antiókheia toû Maiándrou
Antiókheia Trōïás
Antipátreia
Antipatris
Antipolis
Antipyrgos
Ántissa
Antitzán
Antophagásta
Ántra Prantés
Ántsio
Anzé
Aósta
Aouliekól
Aountebáter
Aoyliekól
Apámeia
Apámeia Myrlēon
Apámeia Orontou
Apámeia toû Maiándrou
Apámeia Vithynías
Apamioi
Ápeiros
Ápelntoorn
Aperantía
Aphaistía
Áphidna
Aphragoula
Aphrikḗ
Aphrodisiás
Aphroditopolis
Aphroditóupolis
Apías
Apollinopolis Megas
Apollinopolis Mikra
Apollonia
Apollōnía
Apollōnía Pisidias
Apollōnía Pontikē
Apollōnía Salbákē
Apóllōnos
Apologus
Apotheke
Apoulía kai Kalabría
Apoulía kai Kalavría
Apoulon
Ápphana
Apsínthis
Apsoda
Áptera
Apulia
Aquae
Aquae Urente
Arabía
Arabia Petraea
Arabikḗ Érēmos
Arabikḗ Thálassa
Arabissós
Arabrakes
Arácha
Arachōsíā
Aragonía
Aráphēn
Arás
Arauraka
Arausion
Aravía
Árbanon
Arbela
Árbila
Arboreia
Archa
Archángelsk
Ardara
Ardélika
Arekouípa
A̓reláte
Areochora
Areopolis
Areópolis
Aréthousa
Arétso
Argamon
Argana
Argaous
Argedauon
Argentomon
Argentón hē pros Kresē
Argentór
Argethía
Árgiza
Argolís
Argopolis
Árgos
Árgos Amphilochía
Árgos Amphilokhikón
Árgos Orestikó
Árgos Orestikón
Árgoura
Árgovia
Argyrelata
Argyría
Argyríon
Argyrippa
Argyrókastro
Argyrókastron
Argyropolis
Arianḗ
Arianí
Ariéldela
Arigaion
Arimathea
Ariminon
Aristánis
Ariste
Árka
Arkádes
Arkadía
Arkadion
Arkadioúpolis
Árkanso
Arkhaiopolis
Arkhelais
Árkilos
Arkynía
Arkyroúnton
Arlón
Ármanch
Armaouira
Armaouíra
Armenía
Armeniakon
Arne
Árnisa
Aroua
Árpasa
Arra
Arrabona
Arrétion
Arrhianá
Arriaka
Árrōlos
Arsameia
Arsameía Nymphaíou
Arsamósata
Arsamosaton
Arsinoë
Arsinoe Lykias
Arta
Artákē
Artáki
Artamísion
Artánēs
Artaxata
Ártemis
Artemísion
Artemisíou
Arteskos
Artikhía
Artouá
Ártzes
Artzesion
Artzike
Árvanon
Arzeila
Arzes
Arzignanon
Asamati
Asánti
Asáphenbourk
Ascolon
Asía
Asíē
Asína
Asindón
Asínē
Asíni
Asísion
Asízi
Askalon
Askanía
Asklapieîon
Asklēpíeion
Asklipieío
Áskoli Satriáno
Áskoulon
Askribion
Askýris
Asntónt
Asósa
Asounsión
Aspálathos
Áspendos
Áspona
Aspron Hospition
Assaria
Assegonia
Ásselt
Asseminis
Assereia
Ássos
Assouán
Assoúr
Assyria
Assyría
Asta
Astakós
Astakόs
Astaná
Astarák
Asteles
Astikē
Astoúries
Astourika Augousta
Ástrachan
Astrhachánka
Asturiés
Astypálaia
Atakáma
Atalante
Atalánti
Atarneús
Áternon
Ateste
Athamanía
Athánaion
Athánatoi
Athanêon
Athênai
Athēnai
Athḗnai
Athēnaion
Athḗnē
Áthens
Athína
Athinai Langobardias
Áthlibis
Athyinites
Athýras
Atlantída
Atlantikós Ōkeanós
Atlantís
Átlas
Atra
Átrax
Atrenon
Atropatene
Atropates
Attáleia
Áttea
Attiká
Attikḗ
Attiki
Attoúda
Auenion
Augila
Augousta Ouendelikon
Augousta Praitopia
Augousta Suessionon
Augousta Taurínon
Augóusta Vangiónon
Augoustobona
Augóustodóunon
Augoustomagos
Augoustonemeton
Augoustoriton
Aulōn
Auphidenia
Aurana
Auranitis
Aurikon
Ausa
Ausenton
Austría
Ausugon
Autessiodouron
Autokratoría ton Moggólon
Autokratoría tōn Mongólōn
Autokratoría tōn Timouridṓn
Autokrhatoría tōn Oúnnōn
Automalax
Autrikon
Auxoumon
Auzia
Avalón
Avána
Avarikon
Ávaris Aigúptou
Avaroúa
Ávdira
Averdonía
Avgústa
Avlónas
Avnendounakon
Avráns
Avrotonon
Avstralía
Ávydos
Ávydos Aigýptou
Axianá
Axióupolis
Áxos
Azanía
Azerbaijan
Azóres
Azōros
Azotos
Azouros
Azýsia
Babounígia
Babylṓna
Babylon Aigyptou
Babylṓnia
Bacharígia
Bachmoút
Badias
Baetica
Báfalo
Bagai
Bagaouana
Bagdate
Bagiadolíd
Bágis
Bagistána
Bagradas
Báia Máre
Baias
Baiberdôn
Baigín
Báilbourk
Baïmárē
Baiocassion
Baïróit
Baitarra
Bakagiáma
Bakoú
Bakoúba
Bakóvia
Baktra
Baktria
Baktriane
Bála
Balagrai
Balakláva
Balákobo
Balales
Balanaea
Balanias
Balansaíon
Balikesír
Balkás
Balkentíacon
Bálla
Ballaon
Bálmierha
Báltsik
Bambyke
Bangkalór
Bangkí
Bangklantés
Bankería
Ban'nkók
Bánnou
Bantiagkará
Bantóm
Barai
Baranásion
Baraneia
Barbalissos
Barbaranon
Barbari
Barbarikón
Bardoulos
Baréili
Baretion
Bargasa
Bargylía
Bári
Barion
Bárion
Baris
Báris
Barke
Barkelṓnē
Barkinon
Barnaoúl
Barphlér
Bartín
Barysáou
Basienis
Basileía
Basileia Rhṓmaiṓn
Baskortostán
Basloúi
Bassanon
Bassianai
Basténion
Bastetanía
Bastiá
Bata
Batavinon
Bathys
Batíai
Batihah
Batikanó
Batikanón
Bátna
Batnai
Batnái
Báttyna
Bausánion
Bavaí
Bavakon
Beárn
Bechéira
Bedýndia
Bḗioi
BektasíDerbís
Belebousda
Belempéi
Bélgio
Beligoste
Beligrádi
Belikradon
Belissos
Belíz
Bellégrada
Bellétri
Belloúno
Belmopán
Belphoí
Bémplinnken
Benáske
Benaváre
Béncha
Bénder
Bendosabora
Benearnon
Benebénto
Benetía
Bengálē
Bengázē
Benóza
Bentivólio
Berakroús
Berát
Bérchen tou Som
Berchtesnkánten
Berdak
Berdítsiv
Berenike
Bérga
Bérgē
Bergépolis
Bérgomon
Bergoúle
Bérkamo
Bérksir
Berlánt
Bermónt
Bérnē
Bernikía
Berntiánsk
Beroukia
Berroia
Bérroia
Bērsabôra
Ber Sebá
Bertónon
Bertsélli
Bērytós
Berzerák
Bescanova
Beselatha
Bésprem
Bessarabía
Bésterkétlant
Bestphalía
Bethelia
Bēthleém
Bethzabde
Betzágia
Bexchil
Béxie
Bezansón
Bézer
Bezereos
Bezlaí
Bezoúl
Bharatpoúr
Bichár
Bichór
Bidárva
Biélla
Biéloun
Bierzón
Bikianos
Bilbeis
Bilochírsk
Bilvára
Binarós
Bíner Nóistat
Bínnitsia
Bintgkós
Bintísa
Birstóna
Birtha
Birtzánt
Birtzínia
Birziminion
Bisánthē
Bisention
Bískouph
Bískra
Bisoke
Bisónkrount
Bístritsa
Bitántze
Bithynía
Bithynion
Bítom
Bítoyf
Bitsémpsk
Bitzébanon
Bitzina
Bízbanten
Bizye
Blacherna
Blágaï
Bláig
Blakhía
Blaûndos
Bō
Bóbion
Bóchnia
Boēmía
Bógouslab
Boiaí
Boíbē
Boibēḯs Límnē
Boïnítse
Boiōtía
Boiseslabeia
Bokaír
Bokería
Bolbitinon
Bolibía
Bolimes
Bólnkast
Bolphenvýtel
Boltánia
Boltsáno
Bólvous
Bōn
Bona
Bonevó
Bónitsa
Bonkotá
Bónnē
Bononia
Bonvó
Boòs Koítē
Bordó
Bóreia Anglía
Bóreia Dakóta
Bóreia Dytikḗ Anglía
Bóreia Ioúernia
Bóreia Karolína
Bóreia Thálassa
Bóreio Ontárion
Bórgko Valsoygkána
Borónez
Bórskla
Borysthénēs
Bosangóa
Bosona
Bósporos
Bostṓnē
Bostra
Botrys
Botsouána
Bottiaía
Bouas
Boubastos
Bouchárha
Boúda
Bouénos Áires
Boufavénto
Bouianon
Boukellarion
Bouképhalos
Boukina
Boukovína
Boula
Boulgarophygon
Boúmpanesvar
Boumthánnk
Bouneíma
Bounon Basileikon
Bounós
Bouotsouábek
Bouphabénton
Boura
Boûra
Bourchanpoúr
Bourdigala
Bourgoundía
Bouriána
Bouriatías
Boúsan
Bousiris
Boután
Boutélion
Boútheia
Bouthrōtó
Bouthrōtón
Boutsák
Boútsats
Bouzáou
Boúzof
Bouzonbíl
Boúzoph
Boyroúnti
Boys-nty-Ron
Bōzé
Bragýlai
Braikar Augousta
Bráisnkaou
Bráklavia
Branítzoba
Bratisláva
Bravoniakon
Bravonion
Breberion
Brégents
Brémē
Brémi
Brentésio
Brentésion
Bresanóne
Brésia
Breskoua
Bresouír
Brésthena
Bréston
Bretáni
Bretia
Brhaniébo
Brhazilía
Briansón
Briantikē
Brigantion
Brigántion
Brigetio
Brigié
Brintabán
Brístol
Brixia
Brounéi
Bruxélles
Brynē
Brysis
Bryz
Bukelona
Burbida Magna
Burgenai
Butua
Býblos
Bylázora
Býrtsbourk
Bytountinon
Byzántion
Byzone
Camulodunon
Capsa
Caput Vada
Carachioi
Carcasum
Cariaca
Castellum Tude
Ceba
Cerbatís
Cerepum
Cetium
Chaén
Chaïlmprón
Cháinsberk
Chaïnterampánt
Cháipha
Chairóneia
Cháka
Chakasía
Chalándri
Chalandrítsa
Chalástra
Chalata
Chalépi
Chalísko
Chalkidón
Chalkis
Chalkís
Chálle
Chálmstad
Chálverstadi
Cháma
Champárofsk
Chámpsaïr
Chandax
Chaniá
Chantítha
Chantramaoút
Chaonía
Characmoba
Charaka
Charakis
Charakmoba
Chárat Rachát
Charax
Chárderbeïk
Charmideia
Charsianon
Chartoúm
Cháskobo
Chazária
Chéchinnken
Cheiouén
Chéistinnks
Chellous
Chemenlína
Chéoumno
Chérephornt
Cherkos
Chérnesant
Chérntphornt
Chersónisos Irakleíou
Chersos
Chérsos
Chérstal
Chértphordsir
Chesenátiko
Chetsíni
Chilí
Chímaira
Chinthánta
Chírlen
Chirosíma
Choenbánten
Choenvánten
Chogesbérnta
Chóina
Chonai
Chondra
Chonnk Konnk
Chorasmía
Chosomachon
Cho Tsi Minch
Chótyn
Choúbar
Chounabia
Chous
Choúsabik
Choust
Chozanon
Chróntna
Chrysí Ordí
Chrysondúon
Chrysópoli
Chrysopolis
Chrysóupolis
Chyretiaís
Cinarcha
Cleuna
Coelernos
Colonia Agrippina
Comitanassus
Constantia
Coriallon
Cosa
Cuccium
Cuicul
Curia
Cydamus
Dabana
Dabána
Dabla
Dabó
Dacháou
Dadástana
Dadokome
Dagnon
Dagoutene
Dákchla
Dakía
Dalánda
Dálas
Dálasion
Dalassa
Daldis
Dáldis
Dalmatias
Dâlos
Damám
Damaskós
Damatriás
Dambadenía
Daminón Teîkhos
Danapris
Dánenberk
Danía
Dankestán
Dantí
Daorson
Daousará
Daphnoûs
Darbánt
Darchán
Dardanéllia
Dárdanos
Dar es Salám
Dárgouin
Daríeion
Darioriton
Darkhán
Darkoush
Dárlobo
Darmpchán'nka
Dármstat
Dárnis
Darvánt
Daskyleîon
Dasménda
Dasongoúz
Dassarêtis
Dátsa
Daulía
Dausara
Dazimon
Deabolis
Debeltos
Débon
Deir
Déira
Dekaderon
Délagouer
Delchí
Délkōs
Délmenchorst
Delminion
Delminithós
Délos
Dêlos
Dḗlos
Delphoí
Délta tou Neílou
Délta toû Neílou
Dēmētriáda
Dēmētriás
Démpretsen
Dénber
Denizlí
Derbént
Dérha Gázi Kan
Déri
Déris
Derthon
Dertosa
Derzene
Destinikion
Deva
Dévon
Dhívri
Dhrosiá
Diadora
Diampolis
Dianion
Dibon
Dídyma Teíkhē
Dídymoi
Didymóteicho
Didymóteikhon
Diéppē
Dierna
Digiárbakir
Díkaia
Diktýnnaion
Dimapoúr
Dimmidi
Dinogéteia
Diocletianóupolis
Diokleía
Diokletianóupolis
Diolkides
Dîon
Dionántion
Dionysias
Dionysiópolis
Dionysópolis
Dioskome
Dioskoúrias
Dióspolis
Dióspólis
Diospolis Kato
Diospolis Lykou
Diospolis Mikra
Dípaia
Díre Dáoya
Dítmarkia
Dívra
Dizón
Dnípro
Dnípron
Dnipropetrófsk
Dobroutsá
Dobróva Gournítsa
Dócha
Dōdṓnā
Dōdṓnē
Dodóni
Dokeía
Dokimeion
Dolia Nea
Doliche
Dolíkhē
Doliskana
Dolon
Dolopía
Dolor Secunda
Domabia
Domeros
Domokos
Dómprits
Dónaoubert
Donbás
Dónkaster
Donvás
Dōphiné
Dorís
Dōrís
Dórista
Dorochái
Doron
Doros
Doróstolon
Dórset
Dórtsester
Dorylaion
Dostōneîs
Douarnené
Doúbios
Doúbitsa
Doúisburk
Doumpái
Dounkérkē
Douránko
Doúvitsa
Dráma
Drankinián
Dreinos
Drénthia
Drépanon
Drésdē
Drésdi
Drivasthós
Drochítsin
Drochómpits
Dróente
Drosiá
Dryïnópoli
Dryïnópolis
Dryopída
Dryopís
Duinón
Duos Pontes
Durnovaria
Durokasion
Duvlíno
Dýmē
Dyrráchio
Dyrrákhion
Dýsselntorph
Dytikḗ Armenía
Dytikḗ Norbēgía
Dytikḗs Makedonías
Dytikí Armenía
Dytikís Makedonías
E
Ear
Eblana
Eborakon
Eboura
Ebré
Eburon
Édessa
Édesses
Edimvúrgo
Efraím
Efthalitón
Eïlát
Eirene
Eirenóupolis Moisias
Eiteaía
Ekbatana
Ékkarra
Ekklisía tis Agías Nautilías
Eklésias
Ekouadór
Elaía
Élaios
Elaioûs
Elám
Elassobasilissa
Elassón
Elassóna
Eláteia
Élberpheld
Elea
Eléa
Ēleía
Eleimía
Elēmía
Eleusína
Eleusís
Eleutheraí
Eleútherna
Eleutheróupolis
Éli
Elíkranon
Elímeia
Elinía
Êlis
Ḗlis
El Kharká
Ellás
Élos
Elousa
Elpia
El Salbadór
El Salvadór
Élsinora
Éltse
Elvetía
Elvetikó Oropédio
Ēmathía
Embolos
Emerita
Emerita Augousta
Émesa
Emmaous
Émnten
Emona
Emotha
Empersbálnte
Émpersberk
Émpoli
Emporion
Enchalon
Enderon
Engilstadír
Enmpón
Ennae
Entén
Eordaía
Ḗpeiros
Epernaí
Éphesos
Éphstaïn
Ephthalitṓn
Ephýra
Ephýrē
Epídamnos
Epídauros
Epídauros Illyrikos
Epídauros Limērá
Epipháneia
Episkion
Episkopḗ
Episkopí
Epitálion
Epizephýrioi Lokroí
Eporedia
Eptapeda
Erakla
Ērákleia Lynkēstís
Ērákleia Sintikḗ
Ērákleio
Érana
Erátyra
Érēmos Lout
Eremproú
Eresós
Eresós Lésvou
Erétria
Erfoúrti
Ergastḗria
Eríboia
Erineós
Erkhomenós
Erkhominós
Erkne
Ermióni
Ermoúpoli
Ermoúpolis
Erphoúrdia
Ersos
Erythraí
Erythraí Boiōtías
Erythraí Iōnías
Erythrá Rhouthēnía
Erythrá Routhinía
Erythrá Thálassa
Erythrés
Erythrés Iōnías
Eryx
Erzeroúm
Érzya
Esculeton
Eskontínto
Esōterikés Ebrídes
Éssex
Éssi
Estergétlant
Esthonía
Estipion
Estwedys
Etaireía tēs Nabárras
Etaireía tis Navárras
Etánp
Eteókrēta
Eteókrētē
Eteokríti
Éthicha
Ethnéstai
Etropolis
Eua
Eúa
Euanthía
Eúboia
Eucháita
Eudaimon
Eudaímon Arabía
Euhippe
Euhýdrion
Eúia
Eukarpía
Eumeneia
Euphranta
Euphratensis
Euphrátēs
Euporía
Europos
Eurōpós
Eúros
Eurymenaí
Eurytanía
Eusébeia hē pròs tôi Argaíōi
Éuvoia
Eúxinos Póndos
Evrópi
Évros
Exarchías Rhabennas
Éxeter
Extremadoúra
Faistós
Fanári
Fáno
Fanóti
Fársala
Fekámp
Ferrára
Ferrarios
Ficocle
Fílippoi
Filippúpoli
Firmon
Flándra
Fleioús
Florendía
Florianópoli
Fokís
Folégandros
Folkemón
Fólkerk
Fortaléza
Forum Iulii
Foyerteventoúra
Fozér
Frankfúrti
Frankonía
Freivúrgo
Frésno
Frezús
Fríouli-Ioulianí Venetía
Fulfinium
Fylí
Gabala
Gaboróne
Gaboúleion
Gadeíra
Gadéllos
Gadilón
Gaél
Gaéta
Gaetulia
Gagaouzía
Galatía
Galatsi
Galátsi
Galaxídi
Galaxídion
Galikía
Galikía-Volínía
Galilaía
Galkágio
Galkágion
Gallía
Gallos
Gámbreion
Gandára
Gándara
Gándavon
Gándi
Gangra
Ganzoú
Garamaea
Garamantia
Gardiki
Gardikia
Garēskós
Gárgara
Gásōros
Gassanídia
Gátsina
Gaúlos
Gáuraina
Gavoróne
Gáza
Gê
Gedrosía
Géfyra
Gemellae
Genévi
Geniséisk
Genoaíoi
Genoia
Génoua
Génova
Gentzégiouph
Georgía
Georgióupolis
Gerakion
Gerasa
Gereván
Gerga
Gergis
Gérgis
Gérgitha
Gerkanis
Gérlits
Germanikeia
Gerónthrai
Gerounda
Geroûs
Gerulata
Gérze
Gesoriakon
Géteborg
Gezouáldo
Ghermanía
Ghevgelí
Ghlaskóvi
Gholaia
Ghotíngi
Ghotinka
Ghrigoriúpoli
Gi
Giakoútsk
Giálomitsa
Giaounté
Giaroslábl
Giarótsin
Gibraltár
Gíchlaba
Gichouélo
Giélgkava
Giélnkaba
Giennkisár
Giér
Gíforn
Gikhouélon
Gílntphord
Gimaráes
Gindaros
Gintimánka
Gioumoúschane
Gioumrí
Giouroún
Gíphorn
Girba
Gítana
Gíza
Gkengkán
Gkolénioyf
Gkoutzarát
Gkoyilín
Gkraoympúnten
Glaréntza
Glázob
Glevon
Gloúkovo
Glόster
Gntínia
Goléniouph
Golestán
Gólgoueï
Gólmount
Golpagiénkan
Gómorrha
Gómphoi
Gonia
Gónnoi
Gonthiokástron
Górdion
Gordíoukomē
Gordos
Górdos
Gordoserbon
Gorgippia
Gorídis
Górikon
Górinchem
Gortýn
Gortynía
Gorzoubítai
Gostínin
Gótlant
Gotthograikia
Gouadalakhára
Gouadíx
Gouanachouáto
Gouanakhouáton
Gouantán
Gouéimouth
Gouentsítsa
Gouéstri
Gouilínon
Gouíneth
Gouíntsester
Goúkouph
Gouóbits
Gouonkoúbek
Gouónkouph
Gouórik
Gouórksop
Goúster
Goyéstri
Goyíklooy
Gózo
Grábo
Granáda
Graoumpýnten
Gráous
Gratianóupolis
Gráva
Grēia
Gréno
Grénon
Grevená
Grhabelín
Gritsena
Gróits
Groséto
Groudai
Groumenton
Grygiér
Gústro
Gústrovion
Gynaikokastron
Gynaikopolis
Gypopolis
Gyrtōn
Gýtheio
Gýtheion
Hadria
Hadrianoúpolis
Hagia Kaikilia
Hagia Nympha
Hagía Petroúpolis
Hagía Seberína
Hagios Akakios
Hagios Demetrios
Hagios Donatos
Hágios Hilaríon
Hagios Ioannes
Hagios Iulianos
Hagios Karolos
Hágios Martinos
Hagiós Nikolaos
Hagios Paulos
Hagios Soter
Hagios Stephanos
Halaí
Halia
Haliartía
Halíartos
Halikanon
Halikarnassós
Halísarna
Halkidhikí
Halmyrís
Halmyros
Hálos
Hamuzōn
Haphaistía
Harlepolis
Harmagedōn
Harmózeia
Haroneia
Hárpasa
Haseleton
Hayk
Hébros
Hekateîon
Hekatómpedon
Hekatompylos
Helike
Helíkranon
Helióupolis
Helióupolitana
Helládos
Hellás
Hellēnópolis
Hellēspóntios Phóros
Hellēspontos
Hellomenón
Hepha
Hēphaistía
Heptádelphoi
Hēraía
Hēraion
Hēraîon
Hērákleia
Hērákleia Aiolias
Hērákleia Kybystra
Hērákleia Lynkēstís
Hērákleia Medias
Hērákleia Minṓia
Hērákleia Perinthos
Hērakleia Pontikḗ
Hērákleia pros Latmo
Hērákleia Salbákē
Hērákleia Sintiká
Hērákleia Sintikḗ
Hērákleia Trakhinía
Herakleópolis
Herakleópolis Megas
Herakleóupolis Mikra
Herbipolis
Herbosa
Hérkeia
Hermiōn
Hermiónē
Hermonthis
Hermos
Hermoúpolis Megas
Hermoúpolis Mikra
Hesdinon
Hesidros
Hestiaia
Hestiaiôtis
Hibis
Hierá Gérmē
Hierà Monè tes Hagías Aikaterínes
Hierapolis
Hierápolis
Hierápýtna
Hierasós
Hierichóus
Hierissos
Hierokome
Hierón
Hierosolyma
Hilarioúpolis
Hippon Basilikos
Hippòn Diárrhytos
Hipponion
Holmía
Homólion
Hórma
Hybla Heraia
Hydata Hypsitana
Hydatos Potamoi
Hydissós
Hydroús
Hydrousa
Hýeittos
Hýēttos
Hyllárima
Hýpaipa
Hypata
Hypáta
Hypátē
Hyperōxiana
Hyperōxianḗ
Hýphalos Skárvoron
Hýpios
Hypsele
Hypselis
Hyrgaleōn
Hyria
Hyrie
Hyrkanía
Hyrkanis
Hyrtakína
Hysíai
Hyspirátis
Iaicia
Iaitas
Iamnia
Iamo
Iantinon
Iásio
Iasos
Iathríppa
Iázygia
Ibanó-Phrankíbsk
Iberia
Ibēría
Ibērikḗ Thálassa
Ibntán
Íchnai
Iculisma
Idaîon Ántron
Idomenē
Idriás
Ídyma
Ierá Agiotaphitikḗ Adelphótēta
Ierápetra
Ierichṓ
Ierissos
Iérne
Ierópolis
Iesouáldon
Igabrum
Igilgili
Igoúïon
Igumenítsa
Ikaría
Ikónio
Ikónion
Ikosion
Ikoueion
Ileía
Ilerda
Iliki
Ilion
Ílion
Ilivakía
Illiberis
Illipoula
Illyría
Ímbros
Imeréti
Ímotski
Indía
Indike
Indonēsía
Indonisía
Ingena
Ingría
Inkeron
Ín'nkolstat
Inóbououts
Inobrótsouaph
Inoménes Politéíes
Inoméno Vasíleio
Inovrótsoyaf
Ínsbrouk
Interamna
Interamnion
Intiána
Ioánnina
Iōánnina
Ioannoúpoli
Iōannoúpolis
Iol Caesarea
Ionía
Iōnía
Iōnía Megálē
Iōníapolis
Iōníē
Iōníē Megálē
Iōnikòs Phóros
Iónioi Nâsoi
Iónioi Nēsoi
Iónioi Nísoi
Ionópoli
Iōnópolis
Ioppe
Iōros
Íos
Ioudaía
Ioulia Transdoukta
Ioulióbriga
Iouliomagos
Iououanon
Ioustinianoúpolis
Ioutlándē
Ípeiros
Íppos
Ípsouits
Irákleia
Irákleia Pontikí
Irákleia Trachína
Irákleio
Irenopolis
Irlandhía
Irlandikḗ Thálassa
Irlandikí Thálassa
Isanzṓ
Ísaura Palaiá
Isauría
Isca Augusta
Isca Dumnonioron
Iscina
Isēmerinḗ Aphrikḗ
Ískia
Islandía
Ispalis
Ispanía
Issa
Íssa
Issatís
Issós
Isthmía
Istonion
Ístria
Istrópolis
Istros
Itabyrion
Italía
Italías Annonarías
Itálika
Itanagár
Itanankár
Ítanos
Ithaka
Ítōnos
Iubaltiana
Iulióupolis
Iustinianopolis
Iustinopolis
Iutlándhi
Iutlándhi Megale
Iuvavon
Ivánitsa
Ivería
Iviría
Ívsam
Kabaïgión
Kabiôsa
Kábis
Kabobásso
Kabouloúnnk
Kabras
Kachetía
Kádith
Kadonon
Kaeláno
Kaelánon
Kaén
Kagkagián
Kaiete
Kaine
Kainepolis
Kainípolis
Kaiodóunon
Kaira
Kaïrhaouán
Káiro
Kaisaraugousta
Kaisáreia
Kaisareía Philíppeia
Kaisarobriga
Kaisarodunon
Kaisaromagos
Kaiséna
Kaisenátikon
Kaison
Kaitinon
Kaitobrie
Kakabelos
Kakhetía
Kakloumá
Kalabría
Kalabryta
Kalábryta
Kalagóra
Kalaí
Kalái
Kalaíton
Kalákta
Kalama
Kalamáta
Kálamoi
Kalamota
Kalaphát
Kalarási
Kalatafími
Kalathousa
Kalathoussa
Kalatía
Kalavría
Kalēdonía
Kalekastron
Kalénon
Kalē Peúkē
Kálēs
Kali Akra
Kalíndoia
Kalisía
Kálisia
Kalkoúta
Kallaikia
Kallatís
Kallínikos
Kallion
Kállion
Kallípoli
Kallípolis
Kallipolis Iberias
Kallistó
Kallon
Kallone
Kalloní
Kallyste
Kalmár
Kalmária
Kalmíkia
Kalonoros
Kaloudia
Kalpáki
Kálpē
Kaltatziróne
Kalví
Kalydōn
Kálymnos
Kálynda
Kalyvia
Kalzuan
Kámacha
Kamai
Kamárina
Kamarinon
Kambodunum
Kambógi
Kamerakon
Kameroún
Kámiros
Kamisín
Kamislóv
Kammona
Kamounia
Kámpen
Kampér
Kámperlant
Kámpia
Kamtsátka
Kamvógē
Kanabeia
Kanadás
Kánem-Bórnou
Kánem-Vórnou
Kanikóupolis
Kankagián
Kannai
Káno
Kánōpos
Kános
Kanphránk
Kánsas
Kansoú
Kantachár
Kántanos
Kánterberi
Kantiliakon
Kanýsion
Kaóurion
Kapedounon
Kapha
Kapharnaoúm
Kápoua
Kappadokía
Kaprai
Kápue
Karabás
Karakalpakstán
Karakía
Karakoroúm
Karalis
Karamán
Kárambis
Káransebes
Karasoura
Karbonia
Karchemís
Karchidóna
Kardamýlē
Karditsa
Karélioi
Kares
Karēsēnē
Kárēsos
Karhaméi
Karía
Karinthía
Kárissa
Karkhēdṓn
Karkhemís
Kárlaïl
Karlsroúē
Karmána
Karmania
Karmóna
Kármouthas
Karnális
Karnátaka
Karneiásion
Karnion
Karnos
Karolostadion
Karousos
Karpantrá
Karpasía
Karpasíon
Karpáthia
Kárpathos
Karpessos
Karpuna
Karrára
Karreía Potentía
Kárrhai
Karsanna
Karse
Karsí
Karsídava
Karsion
Karsyole
Kartalineía
Kartennai
Karthagénē
Kártli
Kártzali
Karýneia
Kárystos
Karytaina
Karyttos
Kasachia
Kaskánte
Kásnkar
Kasórla
Kásos
Kasoubía
Kaspía Thálassa
Kassa
Kassándra
Kassándreia
Kassanon
Kassíno
Kassiópē
Kassṓpa
Kassṓpē
Kassópi
Kastalon
Kastamonḗ
Kastelli
Kastelliton
Kastelloi
Kastellon
Kastelsarhazén
Kasthanaía
Kastílis
Kastílli
Kastōlós
Kastoriá
Kastrakis
Kastro Basileios
Kastrobilári
Kastro Davíd
Kástrodunon
Kastrohierax
Kástro Karána
Kastron
Kastron Amida
Kástron Frankoron
Kástron Karána
Kastron Paralion
Kastron pros Ladiou
Katabathmos Megas
Katalaktoi
Katalanikḗ Etaireía
Katalanikí Etaireía
Katalonía
Katánē
Katáni
Katanthéros
Katantzárion
Katapaspanas
Katár
Katarráktes Igkouasoú
Katarráktes Igouasoú
Katera
Kátheres
Káto Aígyptos
Kátō Aígyptos
Kátō Silesía
Kaûdos
Kaukalou Kome
Kaukasía
Kauleton
Kaûnos
Kavála
Káystros
Kazamplán'ka
Kazérta
Kazvín
Kebrēn
Kelainaí
Kelegeroron
Keleía
Keletrón
Kéllai
Kellía
Keltikḗ Thálassa
Keltikí Thálassa
Keltzēnḗ
Kémerobo
Kémigioki
Kémnits
Kenabon
Kendrisia
Kenkhreaí
Kenon
Kentaïniái
Kentáki
Kentoripa
Kentrikḗ Oungaría
Kentrikḗ Serbía
Kentrikí Oungaría
Kentrikí Servía
Kéntsin
Kéōs
Kephallanía
Kephallēnía
Kephallēnías
Kephaloídion
Kephaloniá
Kephaloniás
Kephálos
Kephaloú
Keraía
Kéramos
Kerasoúnta
Kerasoús
Kerinthos
Kērinthos
Kerkaiai
Kerkinitis
Kérkouol
Kérkyra
Kersí
Kersos
Kersoullos
Kertálton
Kerýneia
Kétskemet
Kezmarók
Kézteli
Khági
Khairṓneia
Khakasías
Khalándrion
Khalandrítsa
Khalástra
Khálberstdion
Khaldía
Khaléstrē
Khalkaí
Khalkēdṓn
Khalkidiká
Khalkidikḗ
Khalkís
Khálle
Khálmstadion
Khámpsaïr
Khanaan
Khanià
Khántinkton
Khan Younís
Khaonía
Kharakēnḗ
Khárat Rakhát
Khárax
Khárax Pýrrhou
Kharióupolis
Khárkovo
Khavárophsk
Khazária
Khebrṓn
Kheiouén
Khêlai
Khemenlína
Khēmía
Khemnition
Khenríkouph
Khērōnia
Khersón
Khersóna
Khersónēsos
Khersónēsos Ērakleíou
Khérsos
Khervúrgo
Khetzázē
Khilḗ
Khinonion
Khintháda
Khíos
Khirosíma
Khloúkobía
Khobskól
Kholoua
Khoms
Khonai
Khorasmía
Khórdalant
Khosnos
Khristiáneia
Khristóupolis
Khrysaorís
Khrysḗ Ordḗ
Khrysondýōn
Khrysópolis
Khyretíai
Kibýra
Kibyrraiotón
Kidrama
Kíebon
Kíelo
Kíeltse
Kiérion
Kíeros
Kíevo
Kifas
Kiggulon
Kigoi
Kíkhyros
Kikía
Kikýsion
Kilikia
Kilikía
Kiliomenos
Killion
Kilntéir
Kimmerikon
Kinna
Kínnkston apón Tems
Kinsasá
Kíos
Kiótza
Kioustentíl
Kioúzenk
Kioúzi
Kioytácheia
Kiphas
Kirgizía
Kiríemiour
Kírisi
Kirkḗsion
Kirkísion
Kirkoúk
Kíroph
Kírta
Kisamos
Kisináou
Kíssamos
Kisse
Kisterkion
Kisthēnē
Kitharizon
Kitsabis
Kítsevo
Kizoura
Klaréntza
Klaudiópolis
Klaudioseleukeia
Klaudióupolis
Klazomenaí
Kleimaka
Kleisoúrai
Kleitōr
Kleítor
Kleonaí
Kleōnaí
Klepídava
Kles
Klētōr
Klision
Klosternóiburk
Klousion
Klouz
Klouz-Napóka
Klyní
Klypia
Klysion
Klýsma
Knídos
Kniézebats
Knosós
Knōsós
Koaouíla
Kôbrys
Kochíma
Kóephorden
Koíïla Âlis
Koíïlē Êlis
Koíla Âlis
Koilē Ḗlis
Koílē Wâlis
Kokén
Kókinos
Kolánkōron
Kolchápour
Kolimá
Kolkhís
Kolla
Kólntits
Kolobaísē
Kolóē
Kolombía
Kolomía
Kolomvía
Kolōnaí
Kolóneia
Kolonía
Kólonseï
Kolophon
Koloránto
Kolossai
Kolossaí
Kolóssi
Kóltsester
Kòlymbos
Komána
Kómana
Kómana Pontikḗ
Kómana Pontikí
Kómas
Komersí
Komidava
Kómo
Kómon
Komotēnē
Komotiní
Komplos
Kompolos
Kómprin
Kompse
Konakrí
Kondaía
Kondate
Koniák
Kónitsa
Konkourdia
Konna
Konoso
Konsentia
Konsilinon
Konstantía
Kōnstántia
Konstantina
Kōnstantínē
Kōnstantinoúpolis
Kōnstántza
Konversanon
Kopenkhági
Kóper
Kopríbnitsa
Koprívnitsa
Kopsis
Koptos
Korakḗsion
Koralla
Kordýbē
Kordýbi
Kordyene
Koriéntes
Korikónt
Korinion
Korinthía
Korinthós
Kórinthos
Koriondia
Koriondia Australis
Koriondia Borealis
Koriovalon
Korkyra
Kórkyra
Kòrkyra Melaèn
Korméstai
Kornakon
Korniklanon
Kornouálē
Korogó
Koron
Korṓna
Korṓnē
Koróneia
Korṓneia
Koróni
Korópa
Korópē
Koropí
Korópi
Korōpíon
Korphínion
Korsikḗ
Korsikḗs kai Sardēnías
Korsikí
Korté
Kortona
Kortóna
Kórtys
Kórykos
Kṓrykos
Korytsá
Kōs
Kóssyros
Kostanái
Kósta Ríka
Kosti
Kostromá
Kóstsian
Kotais
Kótbous
Kotonoú
Kotýaion
Kotyora
Koúba
Koúbola
Kouénka
Kouenkámpon
Kougiabía
Kouín Sárlot
Kouínslant
Kouitoún
Koúkesi
Koukkion
Kou Kloux Klan
Koukousos
Koukousós
Koula
Koulikoró
Koullou
Kouloukiá
Kouloulis
Koúlourē
Koúlouri
Koumanía
Koumási
Koúneo
Koungoúr
Kourákion
Kourasáo
Koures
Kourgán
Kourtís
Kous
Koussára
Kousséri
Koutoumoulás
Koútsebo
Koútsevo
Koúva
Koúvola
Kóvourkon
Koyínslant
Kraïóba
Krakovía
Krak ton Ippotón
Kránē
Krannéstai
Krannṓn
Kránnoun
Krasnontár
Kratherion
Kremastá Ekklisía
Kremastē
Kremenékia
Kremenéts
Kremóna
Kremónē
Krḗta
Krētaieîs
Krḗtē
Krētes
Krídos
Krimaía
Krímna
Krisána
Krision
Kríti
Kroai
Kroatía
Króidon
Krokéai
Krokodeilópolis
Krokodilópolis
Krónos
Krósno
Krósnon
Króton
Krótonas
Kroúgia
Krounoi
Kroúpa
Kroúpani
Kroúsevats
Krousis
Kroúsobos
Krousphítsa
Krúsovo
Ktēsiphôn
Ktiménē
Ktisifón
Kudonija
Kupiros
Kúthnos
Kvérphourt
Kyanéai
Kybélē
Kýbistra
Kydōnía
Kýfanta
Kýkkos
Kykládes
Kyllána
Kýllandos
Kyllēnē
Kyllḗnē
Kýmē
Kyme en Italia
Kymi
Kýnaithai
Kynéoi
Kynopolis
Kýnthos
Kyoúklon
Kyparissía
Kýphanta
Kypra
Kýpros
Kypsela
Kyrēnaïkḗ
Kyrḗnē
Kyriakopolis
Kyrikon
Kyríni
Kyroúpolis
Kyrrhe
Kýrrhos
Kyterion
Kýthēra
Kýthira
Kýthnos
Kýzikos
Kyzistra
Labálon
Labéllo
Labéllon
Labineka
Laboúr
Laboúrdon
Lachórē
Láchti
Ladestanos
Lagonḗsi
Lagonísi
Laīnon
Lakedaímōn
Lakedaimónía
Lákhti
Láknaou
Lakonía
Lalibéla
Lalitpoúr
Lambaesis
Lambdia
Lamía
Lâmnos
Lamounia
Lamprantór
Lámpsakos
Lan
Landevenekon
Láneion
Langades
Langouneton
Lánkaster
Lankena
Lannkr
Lantharóte
Lántlou
Lantoúntno
Lantsiáno
Laodíkeia
Laodíkeia Katakekauménē
Laodíkeia Katakekayméni
Laodíkeia Libanou
Laodíkeia Lykou
Laodíkeia Medias
Laodíkeia Páralos
Laodíkeia Phoiníkē
Laodíkeia Pontikē
Laouinion
Láouth
Lápithos
Láppa
Láranda
Larédo
Larédon
Larinon
Lárisa
Lárisa Kremastē
Larissa
Lárnaka
Larzantiér
Lasithion
Latgalía
Latinikí Aftokratoría
Látio
Látion
Latopolis
Latópolis
La Tyk
Laumellon
Laúreion
Lauréton
Laúrio
Laus Insubron
Laus Pompeia
Lavál
Lazike
Lebaíē
Lébanion
Lebedía
Lébedos
Lechienoi
Lederata
Lefkosía
Leíbēthra
Léinten
Leipsía
Leïría
Lelantia
Le Man
Lemesós
Lḗmnos
Lenknítsa
Lentía
Leoníkon
Leontinoi
Leóntion
Leontopolis
Leontópolis
Leontópolis Ēlioupolítikē
Leontópolis Ilioypolítiki
Léouarden
Léovarden
Lepoglaba
Lépreon
Lépsia
Léptis Megále
Lérna
Lésbos
Léstersir
Lētē
Letonía
Leuka
Leukáda
Leukania
Leukaristos
Leukás
Leukaspis
Leukē Aktē
Leukē Kṓmē
Leukorōsía
Leukos
Leukos Eremios
Leukōsía
Leuphána
Leykorosía
Liankoúr
Libería
Libórnon
Liboúrnē
Libýē
Líbyssa
Líchtenstaïn
Lidōríki
Lidōríkion
Liégē
Liégi
Liéida
Ligouría
Ligourianḗ Thálassa
Ligoyrianí Thálassa
Líkhtenstaïn
Lílaia
Lilybaion
Limen Basileuntos
Limen Evangelis
Límeriki
Límerikon
Límnai
Limnaía
Limnaíon
Límnē
Límni
Limounon
Límyra
Líndon
Líndos
Línkoln
Linlithnkóou
Lînos
Lioútitsa
Lipara
Lisavóna
Lísmor
Lissòs
Lithouanía
Lítsphilnt
Livadiá
Lívia
Livonikó Tágma
Livórno
Lixos
Lizié
Lobeton
Lógkatek
Logrónio
Lokárno
Lokrís
Lokroí
Lólain
Lólain-Phélster
Lombardía
Lomvardía
Londhíno
Londinion
Londínion
Londíno
Longarikon
Lonínko
Lónkatek
Lónston
Lóouestopht
Lopádion
Lópodounon
Loráíni
Loréto
Lorí
Lóryma
Los
Lotz
Loublíniets
Loudovikoúpolis
Lougdounikḗ Galatía
Lougdounikí Galatía
Lougdounon
Loúka
Loúkenton
Loukeria
Loukérna
Loúki
Loukotekia
Loulé Bournkás
Loulon
Loúmplin
Louna
Lounkáno
Loupíai
Lousáka
Lousatía
Loúton
Loútsen
Louzinián
Lozáni
Lucus Augusti
Ludbregos
Luguvalion
Lukérni
Lusitania
Luvén
Lychidnos
Lydía
Lyendos
Lykandoú
Lykaônía
Lýkē
Lykía
Lykopolis
Lykósoura
Lyktós
Lynkestís
Lynkēstís
Lýnkos
Lýrnēssos
Lyrnissόs
Lysias
Lysimácheia
Lysimákheia Aitolía
Lysimákheia Khersónesos
Lysitania
Lystra
Lýstra
Máastricht
Machabánt
Macharástra
Macomades
Macomades Seloron
Macri
Madauros
Madéra
Madríti
Mádytos
Magarebon
Magdevúrgo
Magendía
Magída
Magién
Magiórka
Maglen
Magnēsía
Magnēsía hē pros Maiándrou
Magnēsía hē pros Sipýlōi
Magnisía
Magnisía tou Maiándrou
Magnópolis
Magon
Magoustana
Maíandros
Maiboza
Máininnken
Maionía
Máissen
Makaon
Makáon
Makáou
Makedonía
Makedoníē
Makedonóupolis
Makentos
Makharástra
Mákiston
Máko
Makón
Mákon
Makouria
Makra Kome
Makras
Makynéa
Mal
Malaisía
Malakása
Malakása Attikḗs
Malake
Malakopea
Malándra
Malaznkírt
Malbodion
Maleátas
Maleátēs
Málesi
Malís
Malloía
Mâlos
Manbalot
Mánbitz
Mangistáou
Manikhaïsmós
Manipoúr
Manitómpa
Mantinéa
Mantinéē
Mantíneia
Mántoua
Mantourái
Marakánda
Marakés
Marakleia
Maramoúres
Marathón
Marathṓn
Maratuwo
Márburk
Marda
Mareia
Margdis
Margianḗ
Marhaniáo
Mariandynía
Marida
Marí El
Marioúpoli
Marioúpolis
Marka toû Phaménon
Márke
Markianoúpolē
Marmará
Marmárion
Maróko
Maróneia
Marṓneia
Marsaskála
Marsonia
Marsyas
Martellágo
Martianon
Martinos
Martyropolis
Masachouséti
Masakhousétē
Masis
Maskoula Tiberia
Masobía
Massalía
Matéra
Mathoúra
Máthymna
Matískon
Matrópolis
Matseráta
Mátsou Pítsou
Matsousáka
Matsoysáka
Matzierte
Mauritanía Tingitanḗ
Maurókastron
Mavrouda
Mavrovoúnio
Mavrovoúnion
Maximianopolis
Maximianoúpolis
Mázaka
Mazaria
Medaba
Medenín
Medeōn
Media Major
Medína Kánpon
Medína-Sidónia
Mediólanon
Medníkōn
Megála Pólis
Megálē Blakhía
Megale Loúki
Megálē Pólis
Megáli Vlachía
Megáli Vretanía
Megálo Pedío
Megalópolis
Megapoli
Mégara
Mégara Hyblaía
Meghálī Moravía
Méin
Méio
Meízon Londíno
Meízōn Polōnía
Mékestáleia
Mēkiston
Mékka
Meknés
Melantiás
Melendos
Melenikon
Melíboia
Melígia
Mēlís
Melitaía
Melite
Melitē
Melitene
Melítōnos
Melitópoli
Melitóupolis
Mélnika
Mêlos
Melpes
Mélphi
Melphíkta
Melphikte
Melvúrni
Méminnken
Mémphis
Méndē
Méndēs
Méndi
Méndis
Menesthéōs Limḗn
Menídi
Meninx
Mepsila
Meraniae
Meráno
Meránon
Merkía
Meróē
Mersoúion
Mersoúvion
Mertikerton
Mesarfelta
Meschístha
Mesembría
Mesimvría
Meskiana
Mesógeios Thálassa
Mesopotamía
Mesopotamías
Mesoyaías
Mesphe
Messána
Messanía
Messḗnē
Messēnía
Messíni
Méssovon
Metapóntio
Metapóntion
Metaxy Oron
Meteon
Methōna
Methōnē
Methóni
Méthora
Methýlion
Mēthymna
Mḗthymna
Metochion
Metoulon
Metrópoli
Mētrópolis
Métsovo
Mexerianon
Mezana
Midaion
Míelets
Miélnik
Mientzízets
Miérkourea Tsiouk
Míeza
Mikrá Asía
Mikrá Skythia
Mikrḗ Armenía
Mikrí Armenía
Mikrí Bellegrada
Miláno
Milátso
Miletos
Míletos
Mílētos
Milētoúpolis
Milētouteîkhos
Miliniska
Mílitos
Mílos
Minchasevír
Mindanáo
Mindanáon
Mineápolis
Minéo
Minesóta
Míninx
Minóa
Minṓia
Minórka
Míntelbourch
Míntlsex
Mirandóula
Mirobriga
Misikhḗ
Misilmeris
Mísinkan
Misisípi
Mískolts
Misráta
Místheia
Míthymna
Mityleína
Mitylēna
Mizda
Módika
Modra
Mogontiakon
Mohondi
Moisía
Mokadēné
Mokissos
Mokolda
Moldavía
Moleón
Mōleón
Molfétta
Molíze
Molossía
Momonía
Mompheráton
Monachópolis
Mónakho
Monakó
Monastériolon
Monastērion
Monastíri
Monbrizón
Monembasia
Monetion
Monfalkóne
Monì Agíon Apostólon
Monì Glak
Moní Mileševa
Moní Studenica
Monì tìs Agías Marías
Monì tìs Agios Giragos
Monì tìs Agios Gregorios
Monì tìs Agios Samuel
Monì tìs Agios Sergios
Monì tìs Agios Stephános
Monì tìs Agio Stavrós
Monì tìs Apa Ieremias
Monlerý
Monlysón
Mónmat
Monoikos
Monoïkos
Monòpolis
Monphalkóne
Monphór
Montana
Montána
Montargís
Montebidéon
Monteferetra
Montelimár
Móntena
Montevidéo
Móntika
Montiliána
Montréig
Móntsa
Monvrizónion
Móra
Moravías
Mordiaïon
Mordobías
Moréas
Morélia
Morgántion
Morisena
Moritoníon
Morlaí
Mórrylos
Mortaín
Moscha
Móskha
Mossýna
Móstar
Mostēnē
Mosynoúpolis
Motella
Mothis
Mothōna
Mothōnē
Motouka
Moukátsebo
Moulén
Mounténia
Mountonitsa
Mouráno
Mouriánon
Mouróm
Mourómia
Mourómon
Moursa
Mous
Mousáios
Moutine
Mouzafarpoúr
Mouzapharpoúr
Moxos
Moylén
Mozáisk
Mpaïróit
Mpougkouní
Mtschéta
Muccurion
Mukanai
Munkhation
Múnster
Munticulon
Mūríandos
Muza
Mygdonia
Mygdonía
Mykḗne
Mykḗnes
Mykínes
Mýkonos
Mýlasa
Mylasa kai Melanoudion
Myloukome
Myos Hormos
Myoûs
Mýra
Myríandros
Mýrina
Mýrleia
Myrmidónes
Mýrrha
Myrrhinoûs
Mýrsinos
Myrtilis
Myrtoúntion
Mysía
Mystrâs
Mytilēna
Mýtilḗnē
Mytilíni
Náboul
Nadór
Nagasáki
Nagasákion
Nagkalánt
Nagkartsé
Nagkórno-Karampách
Nagkpoúr
Naioteia
Naïrómpi
Naïtes Ippótes
Nakátsou
Nakhitseván
Nakoleia
Nakrason
Námneton
Namoúrkon
Nanáo
nAnáphlystos
Nándi
Nankpoúr
Nansý
Nantsángk
Nantsánnk
Nántsonnk
Naparis
Napóka
Nápoli
Narbon
Narbonesios
Narbōnikḗ Galatía
Naretòn
Narne
Narona
Narvonikí Galatía
Nasos
Nâsos
Nassáou
Nássaou
Nástbent
Natolion
Naulocha
Naúpaktos
Nauplía
Naupliē
Naúplio
Naúplion
Nautáka
Náva
Náxos
Naxouana
Naxouána
Nazarét
Nazarèth
Nazianzos
Nea Bistua
Néa Gē
Neai Patrai
Nea Karchedon
Néā Monḗ
Néa Moní
Neámts
Néa Nótia Oualía
Néa Orleánē
Neápolis
Neápolis Hērákleia
Neápolis Karías
Neápolis Ligurike
Neápolis Pisidias
Neápolis Taurike
Néa Yórki
Nebáda
Nechesia
Nedínon
Néiton
Nekouén
Nemausos
Neméa
Némesis
Nemetakon
Nenkéb
Neobiría
Néo Delchí
Neokaisareia
Neokaisáreia
Neokastra
Neokastron
Neolianoi
Neos Oros
Nepete
Nephioun
Nepte
Néretva
Nēsiōtikòs Phóros
Nēsí tou Pharhaṓ
Nêsos
Netíndava
Netion
Neustría
Neystría
Nígdē
Nígdi
Níkaia
Níkaia Galaton
Nikarágoua
Nikephorion
Nikēphórion
Nikephoros Phokas
Nikiou
Nikomḗdeia
Nikomedia
Nikomédia
Nikopolis
Nikópolis
Nikópolis Akroinon
Nikópolis en Armenia
Nikópolis hē pros Nésson
Nikopsía
Nikoptera
Nim
Nímporgk
Nineuḗ
Nineví
Ningsiá
Ninóē
Nioúport
Nioúri
Niou Tzérseï
Nioy Tzérseï
Nisapoúr
Nisibina
Nísibis
Nissa
Nitria
Nivernon
Nívork
Nobadía
Nobárha
Nobiodounos
Nóbi Sonts
Noiomagos
Noiomagos Lexovion
Noouiodounon
Norion
Nórits
Normandhía
Nórpholk
Northámperlant
Northámpton
Norvigía
Nótia Dakóta
Nótia Karolína
Nótia Oualía
Nóto
Nouaksót
Noukeria
Noúnavoyt
Noursoultán
Novaria
Nóvesion
Novgorodi
Novokastron
Novosimpírsk
Nozán tou Sen
Nozán toû Sen
Ntéra Gkázi Kan
Numidia Cirtensis
Numidia Militiana
Nyrembérgē
Nyremvérgi
Nýsa
Nysos
Nyssa
Oacháka
Oaineon
Oasis Kara
Óasis Megáli
Oasis Mikra
Obená
Ōbérnē-Rhon-Alp
Óbidos
Obila
Oblostos
Obogián
Ocháio
Ochtis
Odemíra
Odérzo
Odēssós
Odissós
Odomántía
Odomantiká
Odomántikē
Odon
Ogouzoi
Ogygia
Oía
Oianthéa
Oichalía
Oichalía Euvoías
Oikhalía
Oikos Loukanos
Oikoumenikón Patriarkhíon
Oikoumenikó Patriarcheío
Oiniádai
Oinóanda
Oinoe
Oinóē
Oískos
Oisýma
Oisýmē
Okeanós
Ōkeanós
Okelon
Okhrída
Okkaraba
Oklachóma
Ólbani
Olbia
Olbía
Ólbia
Óldenbourk
Óldenvourkon
Olene
Olesnítsa
Olioseipon
Olizōn
Olkinion
Ólkous
Ollandhía
Olnaí
Olnoutin
Ólomouts
Olóssōn
Ólous
Olténia
Olympene
Olympía
Olympíē
Ólympos
Ólynthos
Ólyvos
Ómdourman
Ómdourmon
Onaeon
Ondoúra
Onénka
Óngermanlant
Onoba Aistouaria
Onopérnoi
Onouphis Ano
Ontário
Ontárion
Ontoraita
Onuba
Opába
Opátouf
Opátouph
Opáva
Óphali
Opitérgion
Opóeis
Ópole
Opoús
Opoûs
Oppidum Novum
Opsara
Opsikion
Optimàton
Orántea
Orbiéto
Orcas
Orchomenós
Orchomenós Arkadías
Ordēssós
Oreía
Orénse
Oreos
Ōreós
Orestída
Orestís
Orgamè
Ōrigiák
Orikó
Ōrikós
Orinóko
Orinókon
Oriouéla
Oriza
Orkhomenós
Orkhomenós Arkadías
Orkistos
Orleáni
Ormínion
Orolanon
Orontaxáta
Orontes
Ōrōpós
Oropóulis
Oros Basileios
Órrhaon
Órsoba
Ortón
Ortospána
Ortoú
Ortόna
Osbiétsim
Osdára
Osér
Osinion
Oska
Os Kasinos
Oskiros
Óslo
Osrousána
Óssa
Ossonoba
Ostan
Ostándhi
Ósterlant
Ostía
Ōstía
Ostínklia
Otene
Othana
Othoka
Othomanikí Aytokratoría
Otránto
Otroia
Ottába
Ottáva
Ouaga
Ouaïómin'nk
Oualentia
Ouarzazáte
Ouásingkton
Ouásinkton
Ouatlonia
Ouélitrai
Ouenaphron
Ouendelikon
Oueneouénton
Ouenousia
Ouenta
Ouerkéllai
Ouéska
Ouesouna
Ouéssex
Ouéstmorlant
Ouienna
Ouïketía
Ouíklouon
Ouíltsir
Ouindinon
Oúindóbona
Ouíntsor
Ouiron
Ouisontion
Oukagiáli
Oukranía
Oukrouch
Oulankóm
Oulmission
Ouloubilis
Oúltsini
Oungarías
Ouniégiouph
Ounkánta
Ouolatérrai
Oúolountia
Ouolsinion
Ouorgion
Oúplandía
Oúplistsike
Oupsála
Oupsália
Ourália
Ouranopoli
Ouranós
Ouranoúpolis
Ourbenon
Ourbíno
Ourke
Oúrmía
Ourolanion
Ourzouleion
Ousdia Occidentalis
Outéna
Outremér
Outzén
Ouzaai
Oúzchoront
Oúzda
Oúzitse
Ovérni-Ron-Alp
Oxfórdi
Oxínēs
Óxphordsir
Oxýneia
Oxýnion
Oxýrrhynchos
Oxýrrhynchóupolis
Oyélva
Oyíltsir
Pabía
Padyandós
Paeter Aitnaion
Paflagonía
Páfos
Pagaea
Pagaí
Pagania
Pagrai
Pagus
Paiánion
Paionía
Paito
Pakhôras
Pakípsi
Palaioarta
Palaiochora
Palaiokastron
Palaipolis
Palaistinē
Palánnka
Palatinés Scholés
Palatiolon
Palation
Paleîs
Palérmo
Palestrína
Paliárs
Pallána
Pallḗnē
Pallíni
Palmýra
Palox
Pamfylía
Pamié
Pámphylos
Panaias
Pánakton
Panamás
Panasion
Panephysis
Panevézis
Panglicara
Pannonía
Panópolis
Pánormos
Pantikapaion
Pantikápaion
Paoukinínkon
Paoulodoron
Paphlagonía
Páphos
Papourios
Parabola
Paraitonion
Paraḯva
Paralos
Parálos
Paramarímpo
Paramarívon
Parampiágo
Parastrymōnía
Parauaía
Paraΐmpa
Parembolē
Párenthos
Parhaviágo
Parion
Párion
Parísi
Paristrion
Párma
Parnassos
Parnassós
Paroikópolis
Parṓreia
Paroría
Páros
Parthénion
Parthénios
Parthía
Partiszkon
Pássaoy
Passarṓn
Pastábi
Pastása
Pastávi
Pátaouion
Patávio
Paterniakon
Paternó
Páthissos
Patigrabána
Pátra
Pátrai
Pátrion
Paua
Paukelaotis
Pautalía
Pavlodár
Pax Ioulia
Pázin
Pedemóndio
Pedemóntion
Pednēlissós
Peiraiás
Peiraieús
Pelagonía
Pelasgiôtis
Peléndava
Pélinna
Pēlion
Pélla
Pellána
Pélla Orontou
Pellḗnē
Pellíni
Pelopónnasos
Pelopónnēsos
Pelopónnisos
Peltounon
Penek
Penískola
Pepárēthos
Pérgamon
Pérgamos
Pericháraxis
Perikháraxis
Perinthos
Périnthos
Periochés tou Lígira
Periokhés toû Lígēra
Perkṓtē
Perkóti
Perkrion
Pernampoúko
Pernavoúkon
Pérnik
Perón
Peróna
Peroúsia
Perperēnē
Perperikon
Perpinián
Perraivía
Perre
Perrhaibía
Persépolis
Persía
Persíke
Persís
Pérthi
Pesabár
Pésia
Peskára
Peskiéra del Gárda
Pessinoús
Pésti
Petina
Petra
Pétra
Petras Megas
Pétrē
Petrikon
Petritsoni
Petrízen
Petrokória
Petrozabóntsk
Petsenégoi
Petsóri
Petsóuria
Petthalía
Petthaliôtis
Peukos
Peûma
Pézaro
Phábersam
Phaéntsa
Phaiakia
Phaisoulai
Phaistós
Phakoussai
Phálanna
Phálara
Phálkonis
Phalōría
Phanagóreia
Phanai
Phanárion
Phánon Phortunai
Phanóta
Phanótē
Phaouentia
Pharaí
Pharkadōn
Pháro
Pharos
Phársalos
Phasēlída
Phasiane
Phasianoi
Phasilís
Phasis
Phaustinóupolis
Phazemon
Pheiá
Phélster
Phéltbach
Pheneós
Phénlon
Pheraí
Phérmo
Phernkána
Pherrária
Pherról
Phez
Phidentía
Philadélpheia
Philadélpheia Palaistinis
Phileîs
Philiási
Phílippoi
Philippopolis
Philippoúpolis
Philomḗlion
Philotera
Philotes
Phínkouink
Phinlandía
Phínmark
Phínstrom
Phintias
Phionía
Phionía Megale
Phionía Mikrá
Phiskamnon
Phleioûs
Phlorentia
Phloriákon
Phlorianópolis
Phlýa
Phóichtbannken
Phoiníka
Phoiníkē
Phoínix
Phoitíai
Phōka
Phṓkaia
Phōkaíē
Phōkís
Phoksáni
Pholégandros
Pholínio
Phōlkemón
Phólkerk
Phondai
Phontí
Phorlibópolis
Phoron Kornélion
Phoron Livii
Phorsatta
Phortaléza
Phótza
Phouertebentoúra
Phoulkinion
Phoullai
Phoundoi
Phourgisatís
Phournarikos
Phōzér
Phráizinnk
Phrankonía
Phrankopanos
Phrankphoúrtē
Phrear Elaion
Phrésnon
Phríouli
Phrisía
Phrygellai
Phrygía
Phrygía Pakatiana
Phylakaí
Phylake
Phylḗ
Phýska
Phýskē
Phýskos
Phystaton
Piáleia
Piátrha Néamts
Piedrachíta
Pikardía
Pilousion
Pilténe
Pílzen
Pimólisa
Pinarólion
Píndos
Pinerólo
Pioníai
Píoua
Piranòn
Piroborídava
Pîsai
Pisâtis
Pisauron
Pisida
Pisidía
Pisinón
Piskía
Pistoria
Pístyros
Pisýē
Pitánē
Pitiliáno
Pitiliánon
Pítsberg
Pítsbourgon
Pitsilémou
Pítso
Pitsoúnta
Pityoûs
Pityoûssia
Píza
Plabon
Plakendía
Plakentía
Plakía
Plakíē
Pláouen
Plarasa
Plataiaí
Plataiés
Platamon
Platēaí
Plében
Pleistarcheia
Plen
Pleurōn
Plomarion
Ploumbía
Ploútōn
Ploútonas
Pluínna
Plumbon
Plynos Limen
Podlákhia
Podolía
Podoutzébo
Podoutzévo
Podrínie
Poimáninon
Poitobion
Polai
Polánia
Políkhnē
Póli tis Belíz
Pollentía
Polónda
Polonía
Pólotsk
Poltsenígo
Polúgyros
Polybotos
Polýgyros
Polyphengon
Polyrrḗnia
Polýrrhēn
Polystylon
Pomariá
Pombiía
Pomeranía
Pompēḯa
Pompeioúpoli
Pompēioúpolis
Pómvia
Pontiniakon
Pontívion
Pontohērákleia
Pontorsón
Pontos
Póntos
Póntos Áxeinos
Poplonion
Popole
Pordenón
Pórets
Porthmós toû Mangelánou
Porthmós toy Maggelánoy
Portimáo
Portimáon
Pórto
Portogrouáro
Portokrouáron
Port Sáint
Pórtsmouth
Pórtsmoyth
Portus Megas
Poseidóniá
Poteidanía
Potentsa
Poténtsa
Potíoloi
Pótiskoum
Pótsdam
Póuis
Poulcheriópolis
Pounákha
Poúntlant
Pountrabardána
Pountravardána
Pouótsk
Pourtougalía
Pouskár
Póyis
Poynácha
Póznan
Prága
Praínetos
Praisós
Praîsos
Prás
Prasiaí
Práto
Préston
Pretória
Préveza
Príansos
Príapos
Priḗnē
Priepóli
Prílapos
Primis
Prindeia
Príni
Prístina
Probēnkía
Proérna
Proilabum
Prokónnēsos
Prophthasia
Propontís
Pros Drinou
Prōsía
Pros Narentas
Pros Pyrgous
Prothyron Herakleidon
Protsínta
Proúsa
Proûsa
Prousós
Prouvínon
Provat
Provén
Provingía
Psarades
Psarela
Pséntbous
Psýllion
Ptería Pontikḗ
Pterōton Stratopedon
Ptolemais
Ptolemais Euergétis
Ptolemais Hormou
Ptolemais Trōïás
Ptoúi
Púdna
Pullopice
Pulos
Pupput
Púthion
Putivlon
Pýdna
Pýlai
Pýlos
Pyrá
Pýrasos
Pyrē
Pyrgoi
Pyrgos
Pýrgos
Pyrgos Libyssonos
Pyrgos Rhomaikos
Pyrgos Tamallenou
Pyrinaía
Pýrrha
Pýtheion
Pythekousai
Pythía
Pýthoion
Pythópolis
Quiza Cenitana
Raba
Rabaine
Rabanda
Rabénnika
Radómsko
Radómskon
Rafína
Ragai
Ragúia
Ragúsa
Raidestos
Raidestós
Ráinmperk
Ráka
Rákbere
Rakedamin
Ralphadalis
Ramála
Ramánti
Ramídava
Rámla
Rámnik
Rámnikou Báltsa
Ramnoús
Ranáthou Kome
Ráouma
Ráoysi
Rapareia
Rápha
Ras al Chaïmá
Rascia
Ras Tanoúra
Ratisvóna
Ratisvóni
Ratomagos
Rátsebourk
Rátzastan
Ravénnika
Rávno
Razaría
Reate
Rebellon
Rḗgio
Région Lepidon
Réímoi
Relaxos
Remiremón
Rendina
Réntinnk
Reopandunon
Résitsa
Reskoúlon
Retél
Réthymno
Réthymnon
Révali
Réxam
Rha
Rhábenna
Rhábnon
Rhagai
Rhaitia Prima
Rhaitia Sekunda
Rhaitínion
Rhaitou
Rhamnoûs
Rhankoúza
Rháouma
Rháousi
Rhapháneia
Rhaphía
Rhatsíbous
Rhaûkos
Rhavénna
Rhebálē
Rhḗgion
Rhemiremón
Rhēmos
Rhesapha
Rhésitsa
Rhigomagos
Rhíon
Rhípensia
Rhípon
Rhítsmont
Rhizaion
Rhobakon
Rhoberéton
Rhobígion
Rhóda
Rhodanousía
Rhodópē
Rhódos
Rhodóumna
Rhomania
Rhṓmē
Rhontónia
Rhōssía
Rhótsester
Rhouánta
Rhoúselaria
Rhousellai
Rhousigión
Rhouskinon
Rhouspína
Rhoustonion
Rhoútkopía
Rhyps
Riánt
Riazán
Ríbinsk
Riéti
Ríga
Rijo
Ríla
Rinanía
Rinokoloura
Río
Rípon
Rítsmont
Rittion
Rizunda
Roán
Rodópi
Rodopihasos
Rodópolis
Ródos
Rogátitsa
Rokamadoúr
Romaion Koula
Róman
Romanóupolis
Rómi
Ron
Rónebi
Rónsberk
Rónta
Rontéz
Rontónia
Rosáno
Rosía
Roskómon
Rossochóri
Róterndam
Rótsester
Rouagián
Rouánta
Roubaí
Rouén
Rouérk
Rourán
Roúrmont
Roúselara
Rousikada
Roveréto
Rovígo
Roysigión
Rózes
Rumanía
Rusiànon
Rusokastrón
Rusuccuru
Ryssadeiron
Saarbrúken
Sáarlant
Saarvrýken
Sabae
Sabázios
Saboḯa
Sabóna
Sáboua
Sabratha
Saframpolis
Sagalassos
Sagalassós
Sagián
Saïgkón
Saina
Saisária
Saitabis
Saíttai
Saïzár
Sakraménto
Sala
Salakeia
Salamánka
Salamias
Salamígia
Salamís
Salauris
Saláz
Salbákē
Salcah
Saldai
Sálē
Saleia Salbákē
Salernon
Saliés
Salines
Salmántika
Salmóurion
Salmydessos
Sálōn
Salónai
Saloudeia
Saloútso
Sálphord
Sálsburi
Sáltsbourk
Saltus
Salymbría
Sáma
Samába
Samarkándē
Samarobriva
Samáva
Sámē
Sami
Sámi
Samóa
Samogitía
Samorín
Sámos
Samosata
Samothráikē
Samothrákē
Samothráki
Samothrēíkē
Samperí
Sampína
San Choyán
Sandarákē
Sandaráki
Sangários
San Kántinto
San Khouán
Sansí
Sánta Katarína
Santigí
Santónon
Santoríni
Saoudikḗ Arabía
Saouthámpton
Sáouthouark
Saphar
Saphitha
Sappóro
Sappóron
Saragósa
Sarapána
Sarcapos
Sardeis
Sárdeis
Sardinía
Sardṓ
Sarepta
Saris
Sárisveria
Sarkotyle
Sarmatía
Sárno
Sarnon
Sárreü
Saskatoún
Saskátsouan
Sássari
Sássaris
Sassoun
Sata
Satakoúnta
Sátala
Satelerṓ
Satikola
Satíli
Sátiva
Sátou Máre
Savo
Sávoua
Saxonía
Saxonía-Ánchalt
Saxonía-Ánkhalt
Saye
Sbáinphourt
Sberín
Sbérnitsa
Sbistób
Schálta
Schmoun Erman
Se
Seará
Sebastē
Sebasteia
Sebasteía
Sebastoúpolis
Sebastoúpolis Karías
Sebastoúpolis Pontikē
Sebenicos
Sebennytos
Sebéria
Segórbe
Segoubia
Segousion
Segóvia
Segustero
Seïnagióki
Seíra
Sele
Selestá
Seléukeia
Seléukeia Erythraía
Seleukeia Euphrate
Seléukeia Idyfónti
Seleukeia Maiandrou
Seleukeia Pieria
Seleukobelos
Sélgi
Selgoûai
Selinous
Selinoús
Sellasía
Sellourion
Sēlymbría
Selymnos
Selywiys
Semendria
Semne
Senachereimóupolis
Sena Gállia
Senegálē
Senigállia
Sénkent
Sennaár
Sénnar
Sénta
Sent Ántoni
Sent Asáf
Sent Asáph
Sénti
Seph
Sepphoris
Septinon
Sépton
Serbántikar
Serblías
Serdikḗ
Serdṓnpólis
Sériphos
Sermylía
Sermýliē
Serouetion
Sérpoukoph
Sérres
Sertáldo
Servia
Servía
Sesímprha
Sestos
Sēstós
Seteia
Setifis
Sétlant
Seüchélles
Seuthoúpolis
Sevastúpoli
Sevaverak
Severín
Sevílli
Sevrlík
Séxard
Sfiempóntzin
Siamén
Siaménon
Siaouliái
Siásoron
Siátl
Sibrion
Sidernon
Siderókastro
Siderokastron
Sidirokastro
Siéna
Sievierontonétsk
Siga
Signáki
Signia
Sigon
Sikágo
Sikâgon
Síkarpour
Sikassó
Sikelía
Sikelías
Sikke Aphroditeia
Siklia
Sikókou
Sikoutimí
Sikyōn
Silándos
Sílandos
Sìlbion
Silesía
Siligoúri
Sillaion
Sillyon
Silouion
Simeonis
Simingoi
Símios
Simontórnia
Símpiou
Síndos
Singara
Singídounon
Síngos
Síni
Sinón
Sinṓpē
Sínthos
Sintouóbiets
Sipalibíni
Sipalivíni
Síphnos
Sipious
Sipóusios
Síret
Sirganón
Sirmio
Sírmio
Sírmion
Sirmiou
Sirnák
Sirte
Sísak
Siskía
Sistós
Sitagroí
Sítavia
Sithonia
Sitó
Sittákē
Sittena
Sixos
Sizrán
Skái
Skalítsa
Skallabis
Skalobía
Skalovía
Skámandra
Skámandros
Skámpis
Skaptopára
Skarabantia
Skárboro
Skardon
Skardoú
Skḗpsis
Skhálta
Skhimar
Skhinbálion
Skiathis
Skípsis
Skirítis
Skirîtis
Sklabonia
Skódra
Skodrena
Skópelos
Skópia
Skotóessa
Skotoússa
Skotoûssa
Skóupoi
Skoutarion
Skrisa
Skúros
Skýdra
Skylakion
Skŷros
Skythia
Skythía
Skythikḗ
Skythikḗ Neápolis
Skythopolis
Sláinko
Slanon
Sliéma
Slobakía
Slobozía
Smalkálnten
Smentérebo
Smúrnā
Smýrna
Smýrnē
Sóbateï
Sobetha
Sochátseph
Sódoma
Sogdiane
Sokonté
Solé
Soléto
Solèton
Sólikamsk
Solna
Sólnok
Sólodouron
Soloi
Sólotourn
Solous
Solva
Sómerset
Sómotzi
Sonórha
Sónterbournk
Sōphēnḗ
Sóphia
Sopianai
Sópron
Sorganon
Sorrénto
Sorvioduron
Sosnýtsia
Sóstrate
Souakín
Souána
Souasón
Souasóneia
Soubiáko
Soublákon
Souchoúm
Souidía
Soúkre
Souldaia
Soulégiouph
Soulinás
Souma
Soumántigia
Soumátra
Souméria
Soúmi
Soúntsbal
Soúntsval
Souónsi
Souoúpsk
Soura
Soúrenton
Sourkoút
Sourkoúton
Souroupák
Sousa
Soutrion
Soutseába
Soutseáva
Soúzntal
Sována
Soyméria
Sozópoli
Sōzópolis
Sozópolis Pisidias
Spáier
Spálathos
Spártā
Spártē
Spártolos
Spártōlos
Sperkheíai
Sphintnítsa
Spilimpérko
Spis
Spoletion
Spoléto
Sporádes
Sprotába
Sprotáva
Srebrénitsa
Srémska Mitróbitsa
Stádia
Stágeira
Stagnon
Stagoi
Stálai
Stalia
Stáphordsir
Statuas
Stauroúpolis
Stefanoúpolis
Stefanúpoli
Stenai
Stenímachos
Stereá Elláda
Sterlitamák
Stérnberk
Stérnverk
Stettíno
Sthlanitza
Stígliano
Stipon
Stírpsi
Stokchólmi
Stôlos
Stounkhéiven
Stráoubinnk
Strasvúrgo
Strátos
Stróbilos
Strongýlē
Strongylis
Stróvilos
Strýmē
Strymónas
Strymṓnos
Stúmfilos
Stutgárdhi
Styberra
Stýberra
Stýmphēlos
Stýra
Styría
Sufes
Suidía
Sukívida
Sullecthum
Sundrion
Súrakioyz
Suría
Sýbrita
Sýdney
Sydon
Syḗnē
Sykamínōn
Sýkyrion
Symbolon
Sýmē
Symferópoli
Sympheroúpolis
Sýnaos
Sýrakiouz
Syrakoúsai
Syrakúses
Syriakḗ Érēmos
Sýros
Sŷros
Syrtis
Systema Chrysaorikon
Sόmotzi
Tábai
Tábala
Tabalati
Taboúk
Tabuinati
Tadmoúr
Tágma tou Santiágo
Tágma toû Santiágo
Taïmiría
Taínaron
Taïpéi
Taïpéion
Taḯph
Táiron
Tà Kánina
Takapai
Takapi
Tákla Makán
Talachási
Talakhási
Talamóne
Tallíni
Talmis
Tamaoulípas
Tamasídava
Tamatarcha
Tamiathis
Tamíl Nantoú
Tâmnos
Tampoúr
Tamuda
Tamýnai
Tanadáris
Tánagra
Tanais
Tangérē
Tanis
Tankánt
Tan'nkaníka
Tantzourá
Táo-Klargéti
Taouranké
Taparoura
Taphile
Tapósiris
Tapósiris Megálē
Tapósiris Megáli
Taposiris Mikra
Taprobánē
Tarakinai
Tárandas
Tárantas
Táras
Taraskón
Tarbision
Tarchonion
Tarigya
Tarkýnioi
Tarnobon
Taron
Taroudánt
Tarrakina
Tarrakon
Tarrakonesia
Tarsatica
Tarsó
Tarsos
Tarsós
Tartissos
Tasír
Taskéndē
Taskéndi
Tátabania
Tatarstán
Tataúla
Tátta
Tattaios
Taulantía
Taurike
Tauris
Tauromenion
Taurounon
Taΐf
Téanon
Teanon Apoulon
Teftonikó Tágma
Tegéa
Tegéē
Tegulata
Teíkhion
Teikhioûssa
Tektosagion
Téla
Telamōn
Telangkána
Telannkána
Tēleidaí
Telmēssós
Telmissós
Telonón
Têlos
Telsiái
Tēmenouthýrai
Témnikoph
Temnis
Tḗmnos
Ténedos
Teneríphē
Tenerkebraíon
Tenesí
Tênos
Tḗnos
Ténsberk
Tentyris
Téōs
Tephrike
Téramo
Terbos
Terboulion
Terbounía
Tergéstē
Tergésti
Termēssós
Termissós
Terouenton
Terponos
Tetrakomía
Tētraphylía
Teuthranía
Teútones Ippόtes
Thabudeos
Thaína
Thálassa tês Galilaías
Thamusida
Thannourios
Thapsos
Thárros
Thàrros
Thásos
Thaumakoí
Thavraka
Theángela
Thêbai
Thebai Hekatompyloi
Thêbai Phthiṓtides
Thebasa
Thēbásion
Thēbē
Thebeste
Thegeàte
Thēgwai̮
Theía
Theibaí
Theibaí Phthiōtides
Theispiaí
Thelepte
Theline
Thélphousa
Themískyra
Thenadassa
Thenai
Thennesos
Thenteos
Theodorapolis
Theodosía
Theodosioúpolis
Theodosióupolis
Théouta
Thēra
Thērē
Thérma
Thérmē
Thérmos
Thespiaí
Thesprotía
Thesprōtía
Thessalía
Thessaliôtis
Thessaloníka
Thessaloníkē
Thessaloníkī
Thētṓnion
Thettalía
Thettaliôtis
Thettaloníkē
Theudōría
Thevéste
Thíbai
Thiges
Thilpasaros
Thimenos
Thiounta
Thisbaí
Thíva
Thíva Fthiótides
Thívai
Thivárion
Thivásio
Thōmókastron
Thonis-Herakleion
Thorgamá
Thorikós
Thóspis
Thoubounai
Thougga
Thouría
Thouringhía
Thousouros
Thrāíkē
Thrakēsiōn
Thráki
Thrakikē Khersónesos
Thrakikó Pélagos
Thrákios Phóros
Thrónion
Thubactis
Thuburbo Maius
Thuringía
Thusuros
Thyáteira
Thyle
Thyreâtis
Thýrrheion
Tibbai
Tiberias
Tiberioúpolis
Tíbisis
Tibískon
Tíboli
Tiboula
Tiboura
Tibourinon
Ticháma
Tiddis
Tieion
Tientsín
Tientsínon
Tigranókerta
Tigris
Tíkbin
Tikinon
Tikrít
Timaia
Timís
Tímnos
Timónion
Timpouktoú
Tíndē
Tinerchír
Tinerkhír
Tingartia
Tingis
Tininon
Tínos
Tinsempraí
Tíntari
Tintoúph
Tionbíl
Tîos
Tipazá
Tiperéri
Tipersis
Tiphlída
Tírgou Zíou
Tirkónel
Tiroubanantapourám
Tiroyvanantapoyrám
Títana
Titánas
Titánē
Titáni
Tlemsén
Tmōlos
Tmoutarakán
Tobroúk
Tokantínia
Tokantíns
Tolédo
Tolentíno
Tolentínon
Toléton
Tolis
Tolophṓn
Tolosa
Tomara
Tomis
Tongkrén
Tóngron
Tónkou
Tonnkrén
Tópeiros
Toríno
Torkéllon
Torōna
Torṓnē
Toróni
Toronos
Torónto
Tóroun
Tórschabn
Torthýneion
Tortolí
Tortséllo
Toskáni
Touár
Touggoul
Toukoumán
Toulón tou Aroú
Toumoulon
Tountéla
Tountzelí
Touoústs
Tour
Tourkía
Tourouberán
Touskía
Toúsklo
Toûskoúlon
Toúson
Toyntzelí
Trábnik
Trágilos
Tragoúrion
Traianóupolis
Trakhís
Tralleis
Trálleis
Trampýa
Trankoson
Tráounstaïn
Trápeia
Trapessakon
Trapezon
Trapezounta
Trapezoúnta
Trapezoûs
Trebínie
Trénto
Tréntsin
Trevería
Trevílio
Triábna
Triakron
Tribáktra
Tribílion
Tridente
Trífilis
Trigonia
Tríkala
Trikhóneion
Tríkka
Tríkkē
Trikomia
Trinytheos
Triparádeisos Syrías
Triphylía
Trípoli
Trípolis
Trípolis Larisaía
Trípolis Lárisaia
Tripolitania
Tritaía
Triton
Trnába
Troás
Trōïás
Troizeín
Troizén
Troizḗn
Trokalis
Troketta
Trouchígio
Trounélbeli
Trounélveli
Trozán
Tsárnkouph
Tsarsánta
Tsbáimpryken
Tschinváli
Tseboksári
Tsekhía
Tsenstochóba
Tsénto
Tserbst
Tserepóbets
Tservst
Tsésir
Tsesmé
Tsetánnk
Tsétinie
Tsetsenía
Tsetsiánnk
Tsiápas
Tsiechánouph
Tsingktáo
Tsingtáon
Tsinnkchái
Tsiouáoua
Tsongkíngk
Tsonnkínnk
Tsonnkránt
Tsorovónta
Tsoubasía
Tulúzi
Tunis
Turenon
Turgalion
Turnacum
Turris Tamelleni
Tusa
Tuvíngi
Týlis
Tymfaía
Tymphaía
Tyndárion
Tynēsía
Týnida
Tyoutikon
Tyraion
Tyráspoli
Tyráspolis
Tyros
Tzamandos
Tzántzakon
Tzepania
Tzórtzia
Ucetia
Ulpiana
Umbriatikon
Unica Colonia
Utrékhti
Vaasprakania
Vádi-Vittemvérgi
Vadodára
Vakagiáma
Vakharígia
Vála
Valaklába
Valansaí
Valénthia
Valkás
Vallonía
Válta
Vànaton
Vannkalór
Vannkí
Vannklantés
Vánnou
Vantiankará
Váphalo
Vappincum
Varanási
Varángia
Varasdinion
Varéili
Vargylía
Varkelóni
Varnastápon
Varniái
Varsovía
Vasiléía
Vatikalóa
Vavaría
Vavoynígia
Vavylóna
Vavylónia
Veggáli
Vekhéira
Velempéi
Velesá
Velestinon
Velismon
Velíz
Velmopán
Venáskon
Venetía
Véneto
Vénkha
Vénlo
Ventibólion
Verakroús
Verbenicum
Verboskon
Verés
Vérgi
Vérkhen toû Som
Vermónt
Vérni
Vernikía
Véroia
Verolíno
Verucia
Veskera
Veterosolion
Vetus Salina
Vexkhil
Vezeliakon
Vezúvios
Vharhatpoúr
Vidárba
Vidynē
Viénni
Vierzón
Vikhór
Vilbárha
Vílibelda
Villa Aniciorum
Vílnious
Viminakion
Vinaróson
Vinióla
Víntertour
Vintnkós
Virstóna
Virtón
Virtzánt
Virytós
Visánthi
Vísbi
Vísvia
Vitántze
Vithynía
Vitopolis
Vítouph
Vitreion
Vitzévano
Vlachía
Vladivostók
Vo
Vodená
Voïnítse
Voiotía
Vókhnia
Vólbous
Volfenbútel
Vólgas
Vólgogkrant
Volínía
Volivía
Vólogda
Voltánia
Voltérra
Vōmón hē pros Lezē
Vónitsa
Vónni
Vóreia Dakóta
Vóreia Dytikí Agglía
Voreiodytiká Edáfi
Vóreio Ontário
Vóringía
Vormatía
Vórneo
Vorotnaván'k
Vosankóa
Vósporos
Vostóni
Votsouána
Vottiaía
Voulgaría
Vounó
Vourlá
Vouroúnti
Voútsats
Voúvanesbar
Vóvio
Voyotsoyávek
Vráklabia
Vrandhemvúrgo
Vratica
Vrazilía
Vresanóne
Vrésthena
Vrésti
Vretáni
Vrintaván
Vrístolion
Vrisváni
Vrounéi
Vruxélles
Vukurésti
Wâlis
Welatíē
Xama
Xantheia
Xeníppa
Xois
Xylópolis
Xyníai
Yákha
Yálta
Yápha
Ydata Sextia
Yermanía
Ýfalos Skárboro
Yórki
Yotvinkía
Ypati
Ypáti
Yperiordanía
Yperoxianí
Yrtakína
Zabender
Zachloumia
Zacynthos
Zágkan
Zagoria
Zágoros
Zakantha
Zakoro
Zákros
Zákynthos
Zálaegerseg
Zaláou
Zama Meizon
Zamidavár
Zamm
Zamóra
Zámoskia
Zámpia
Zanán
Zánkan
Zankaré
Zannkercháouzen
Zántar
Zaólzie
Zaouígia
Zapaxi
Zaránz
Zargídava
Zarisát
Zarmizegethoúsa
Zarnák
Zarnákon
Závia
Zbóle
Zeila
Zēkhía
Zēlandía
Zéleia
Zélenkora
Zēlōtaí
Zḗrikse
Zḗrunthos
Zésouph
Zetounion
Zeugma
Ziaēla
Ziempítse
Zikídeva
Zikna
Zíla
Zilandía
Zirídaua
Zirídaua Iazygia
Zitha
Zitkabítsi
Zitkavítsi
Zlóvin
Zlόbin
Znkies
Zōnē
Zorava
Zoropassos
Zouaní
Zouróbara
Zucchabar
Zvetsán
Zvόlen
Zygris
Zýrich
Zyríkhi
Zytomýr
Άlkmaar
Άmvrakos
Ίmvros
Ἰouernía
Ἰouernís
Οúduina
Ύittos
