Ab'jhad
Abal-jo
Abiznaz
Abizzaka
Aburapli
Adainat
Adainji
Adainurr
Adaishir
Adibazal
Adineta
Adubaer-sa
Adusaar
Adusharu
Ahainar-jo
Ahirunz
Ahmanaz
Airal
Aishar-sa
Ak'saz
Akkhuz-ri
Akkuz
Akrah
Alathur
Amarbak
Amargon
Amartash
Amsha
Amu
Anat
Andal-ma
Anil-do
Anjiir
Aranak
Arbhu-ra
Arbhuz
Ariashurr
Aroz'lai
Arukhaz
Arusha
Asal-jo
Asalkin
Ashalha
Athask
Atirr
Azalil
Azarati
Azarrid
Azazi
Azbiasur
Azbishan
Azbishaz
Azbisnor
Azdanten
Azelit-ra
Azezik
Azezin
Azimaz
Azimsun
Azin
Azurdat
Azzaril
Baadargo
Baezad-jo
Bahluk
Baizad
Bakhati
Bakhig
Bakhig-ja
Bakhum
Balag
Balku
Bamak
Barusil
Bashshi-ra
Berantin
Bezur
Bhisha
Bilam
Birakh-do
Birkhu
Bizahad
Bizalar
Bizurr
Bizuruna
Bulag
Bunul
Burakgum
Buzul
Cherim
Chezan
Dablir
Dahlima
Dahnkin-do
Dalac
Dalag-dar
Dalsa
Darak
Darsho
Dazash
Dazul-ja
Dazur
Dhanim
Didakah
Dirsherr
Dro-Dara
Dro'Barri
Dro'farahn
Dro'marash
Dro'Qanar
Dro'Sakhar
Dro'shanji
Dro'Shavir
Dro'Tasarr
Dro'Zah
Dro'Zaymar
Dro'Zel
Dro'zharim
Dro'Zhirr
Dro'Zira
Duharr
Dulan
Dular
Dulini
Duzal
Duzal-ja
Eilam
Eilun
Eluzard
Elzhar
Enak
Enik-ja
Eraral-dro
Esan
Ethad-sa
Ezudash
Ezudiwa
Ezzag
Fa'alar
Fa'ren-dar
Fahurr
Famazar
Fareh
Farit
Farul
Fazaddu
Feduzdal
Feluz
Fezdal
Fimaz-ra
Ghadar
Ghadffer
Gharesh-ri
Habais
Hadam-do
Hadamo
Haibak
Haibarr
Haibzur
Hainab
Hainat
Hairan
Halakalal
Halako
Halaral
Halash
Halinad
Halinargo
Halinjirr
Halinuk
Hamansu
Hamiran-do
Hamsanam
Hamus
Hanillal
Haraddal
Harashur
Harzad
Harzdak
Hassiri
Hassrid
Hazad
Hazak
Hazazi
Hazaznaz
Helnor
Hilan
Hillaz
Himalirr-dar
Himalzur
Himathati
Hirish
Hizdak
Hizurrdo
Hunal
Hunal
Hurzjhad
Huthak
Huzzin
Iduthal
Iffech
Ilagurr
Indal
Indalhur
Indur-sa
Inisashu-jo
Inishez
Iragahr
Irgazaar
Irgazdul
Irgun
Izandar
Izanden
Izandskar
Izaniran
Iziran
Izishir
J'baana
J'Baasha
J'bari
J'barza
J'darr
J'darzi
J'datharr
J'Dato
J'Dhannar
J'Eeja
J'ghaim
J'Ghasta
J'Hanir
J'Jarsha
J'Jazha
J'Kara
J'Kier
J'kur
J'lasha
J'mhad
J'Raksa
J'Rasha
J'riska
J'Saddha
J'skar
J'zagh
J'Zamha
J'zaraer
J'zargo
J'zhar
J'Zhirr
J'zidluk
J'zidzo
J'zin-Dar
J'zuraar
Ja'Fazir
Jalan
Jarakh
Jaram
Jaruk
Jherahn
Jherak
Jilan-dar
Jo'Ren-Dar
Jo'Thri-Dar
Jobai
Jobasha
Jobasha-do
Jodhur
Joshur
Jul-dar
Jurak-dar
K'Sharr
K'Sharra
K'sirr
Kagadur
Kagun
Kalgur
Kalim-ja
Kamjo
Kamu
Kankhu
Kanniz
Kanoo-sa
Kanrel
Kansur-jo
Kanzin
Kargand
Kargnargo
Karpu-sa
Karzik
Karzskar
Kasan
Katinal
Kaushjhargo
Kaushur
Kazagh
Kazbur
Keem
Kesh
Keshlar
Khad
Khakidan
Khalin-jo
Kharad
Kharez
Khari
Khariz-ja
Kharjo
Khasar-dro
Khasha
Kheriwa
Khunzar-ri
Khunzum
Kigum-dar
Kikurr
Kirrsi
Kirun
Kiturr
Kul-ja
Kulan-dro
Kuldargo
Kumurr
Kunerr-jo
Kuralit
Kurnamu-do
Kurnasiran
Kusirnaz-dar
Laknar
Lakurr-ra
Lanbaar
Lankin
Lansur
Laurri
Linihar
Linihi
Lojaku
Lwef-Dim
M'Aiq
M'aiq
M'aiq
M'aiq
M'dasha
M'desi
M'dirr
M'harra
M'jaddha
M'nashaar
M'nashi
M'raaj-Dar
M'Shan
Ma'Dara
Ma'dran
Ma'jhad
Ma'jhad
Ma'Jidarr
Ma'jidid
Ma'Khar
Ma'randru-jo
Ma'rashirr
Ma'Raska
Ma'tasarr
Ma'zaddha
Ma'Zahn
Ma'zaka
Mabit
Mabkir
Maelen
Maesar
Magarak
Magdundim
Magundim
Maguzas
Mahiralit
Mahirr
Makam
Makid-ja
Makkhzahr
Makmargo
Maladdak
Maladdiq
Malathan
Malathum
Malihaz-do
Malirzzaka
Malisu
Malizluz
Malkish
Manadzur
Mani
Maniz
Manradh
Manuk
Marafi
Marakar
Marnub
Masrabal-dro
Mathad
Mathal
Mazag
Mazalish
Mazar
Mazaram
Mazha
Mazil-jo
Mazilbin
Mazirul
Mazirzin
Mazou-dar
Mazram
Mazuk
Mazurr
Mehdir
Mezha-dro
Miczen
Miglah
Mikarash
Mikarur
Milaggul
Mim
Minal
Minshur
Mirarbinat
Mirarkier
Misanir
Misapan
Misar
Mishdu
Mishzin
Mizaraben
Mizarbuk
Mizarjirr
Mizashur
Mizibir
Mizibuk
Mizul
Mohkhu
Moj-argo
Mojakuz
Mojhad
Mulabez
Mulabzag
Mulamin
Mulamurr
Munalur
Munanir
Munyat
Muram
Muramskar
Murdan
Muriman
Muruddal
Muslabeh
Muslabliz
Muzur
Na'jhargo
Nabal-dar
Naburr
Nadara
Nagaddu
Nagh
Nakjhan
Nakkhu
Nakmargo
Nakra
Nanaglar
Narbhulad-do
Narkir
Narril
Nasimar
Nasir
Nezashun
Nezhad
Nibihu
Nirajlar
Nizil-dar
Nizun-ja
Nuhar
Nulk
Nur
Nur-dro
Nurad
Nurud
Nuzhi
Nuzon
Nuzuk
Oblan
Ohamatur
Pacrooti
Palkun
Palmur-dra
Panizir
Pillazh
Pinar
Pinirrerr
Pinumur
Puzhbar-jo
Qa-Dar
Qa'Dar
Qa'tesh
Qanliz
R'vanni
Ra-shadda
Ra'darri
Ra'dirsha
Ra'Habasi
Ra'Jahirr
Ra'Jhan
Ra'jhera
Ra'jiradh
Ra'jirr
Ra'Karim
Ra'kheran
Ra'Kothre
Ra'Mhirr
Ra'Sava
Ra'tassa
Ra'Tesh
Ra'Virr
Ra'Zahr
Ra'Zhid
Rabamak
Raban
Radash-dar
Ragariz
Rainazh
Rajarkir
Rajhin
Rakazuz
Rakgul
Rakhad
Rakhhi
Ralkash-dar
Ranarr-Jo
Ranul
Rathsaz
Rathul-do
Ravius
Ravzo-dar
Raynan
Razigad
Razum-dar
Razur
Rehan
Ren-dro
Renaku
Renzaiq
Renzir
Ri'Bassa
Ri'darakuz
Ri'Darsha
Ri'Dumiwa
Ri'Jirr
Ri'saad
Ri'Shajirr
Ri'shalur
Ri'Vassa
Ri'Zaadha
Ri'zaadzin
Ri'Zakar
Ribazh
Rid-Thar-ri'Datta
Rihahaz
Rinam
Rinami
Rinbu
Runik
Runtash
S'Bakha
S'drassa
S'jash
S'kinrai
S'rabbi
S'Radirr
S'rashi
S'rathad
S'Rava
S'Raverr
S'razirr
S'Renji
S'Riizh
S'shani
S'Vandra
S'vanez
S'Vanir
S'virr
S'virzum
Sa'dir
Sabanurr
Sabashhad
Sabashur-dar
Sabra
Safir
Sahalu
Sahar
Sahaz
Sahban
Salk
Salkalar
Salku
Sallit
Sallunas
Samamar
Samardan
Sanadarin
Sanarskar
Sanaz-dro
Sandu
Sansen-do
Sanzan-dar
Saparr
Sarshar
Sattah
Satuhaz
Savar
Semusa
Senadon
Senun
Serarbar
Sha'jal
Shaasharr
Shajamah-ja
Shakara
Shalapaar
Shalirr
Shalubar
Shalubar
Shamal
Shamuniz
Shan-ra
Shansi-sa
Shantin
Shapal-jo
Sharad
Sharaddargo
Sharazka
Sharsheh
Sharul
Shelad
Shelzaka
Shikruz
Shiladur
Shiniraer
Shinizahr
Shintah
Sholani
Sholas-do
Sholbiri
Shulargo
Shumishun
Shuzaad
Shuzul
Sibud-ja
Sigul-jo
Silat
Sind
Subid
Suhr
Tabil
Tadhargo
Tagin
Tahar-dar
Takaman
Takanasur
Takanazh
Takanradh
Tamshur
Tand
Tarak
Tarlar
Tashmin
Tashpir
Thalar
Thengil
Therris
Tishi
Touraz
Tubidan
Tulashurr
Turan
Turshan-dar
Turuk
Tuzil-dro
Ubraz
Ulabael
Ulularr
Ululmalit
Unnur
Urjabhi
Urjen
Urjorad
Uzarnaym
Uzarrur
Uzernurr
Uzurnarr
Vabin-ja
Valam
Valirr
Vasha
Vashai
Vashpar
Wadaril
Wadarkhu
Whickmuz
Yaharati
Yan
Yanabir-ja
Yanalir
Yandzir
Yazhin
Yazhin-dar
Yenadar
Yenar
Zababi
Zaban
Zaban-ma
Zabaseh
Zabashlargo
Zabka
Zabluk
Zadabal-ra
Zaddo
Zagun-ra
Zahdarr
Zal-sa
Zalkir
Zamhirr
Zan
Zan'hi
Zandal
Zandur
Zantan
Zarbidiran
Zargal
Zarum
Zarziri
Zaydak
Zemiran
Zhaaruis
Zhaj'hassa
Zhanar
Zharahn
Zhibaral
Zhiranaz
Ziakar
Zibam
Zihlran
Zino
Zizar-dar
Zoaraym
Zukki-dar
Zur
Zuzik