Aachen
Aalburg
Aalen
Aalgöu
Aarau
Aardenburg
Aardernbërc
Aarga
Aarsot
Abbandune
Abchasien
Abchazie
Abenberg
Abenesbërc
Abensberg
Abernbërc
Abessinien
Abruzzen
Achäa
Achalziche
Achämenidenreich
Achbogens
Achem
Achmeim
Achmim
Achmunde
Achtuba
Achtubinsk
Achuz
Achweich
Ackerhaus
Ackerhous
Ackerohr
Adam
Adamaua
Adelesbërc
Adelsberg
Adiukru
Adlerpass
Admont
Adrianopel
Adriatiese Zee
Adriatisches Meer
Adsel
Æburcurnig
Ægelesburh
Aemestelliadamm
Æoelberht
Afambra
Affligem
Afganischtaan
Afrika
Afrikaa
Ägäien
Ägäische Inseln
Ägäisches Meer
Agderseiten
Aglar
Agram
Agricent
Agrigent
Ägypten
Ahabogo
Ahahem
Ahahusun
Ahalant
Ahamutha
Ahamuthum
Aharanberg
Ahausen
Ahawik
Ahldan
Ahlden
Ahlen
Ahousen
Ahrenesbërc
Ahrensberg
Ahrensborg
Ahrensburg
Ahsiket
Aigeai
Aimbeck
Ajagös
Ajtos
Akarnanien
Aken
Akkarhus
Akkon
Akrefnio
Aksubajewo
Alaköl
Aland
Alapajewsk
Al-Arisch
Alašija
Alawerdi
Albaani
Albanië
Albanien
Albbërc
Albërc
Albgau
Alburg
Al-Chubar
Alclit
Aldersbach
Aldewatar
Aldhofum
Aldkirika
Aldonertha
Aldstedios
Aldthorp
Aldunburg
Älen
Alexandrien
Alexandrowka
Alexandrowsk
Alexandrowski
Alexandrowsk-Sachalinski
Alexin
Alfburg
Algerien
Algerye
Algier
Aliten
Alitten
Alkmar
Allefelle
Allenschteddel
Allenstein
Allensten
Alling
Alma-Ata
Almas
Almatı
Alnweich
Alnwik
Alpen
Alsfeld
Alsfelt
Altbeschenowa
Altdala
Altenberg
Altenbücken
Altenburg
Altenerde
Altenoa
Alternbërc
Altewasser
Althofen
Altmarka
Alt-Rjasan
Altschieri
Altsohl
Altstadt
Altstat
Altstätten
Altyniwka
Aluschta
Alvitaford
Alzey
Ambërc
Amberg
Amerika
Amerikadeutscher Bund
Amstelledamm
Amstetten
Amt Akershus
Amt Hedmark
Amt Vestfold
Amunda
Anahalde
Anahalod
Anahalt
Anaktorion
Anatolien
Anazarbos
Andalusien
Andernach
Andijon
Àndlöi
Andorntelle
Andrichau
Anesceitha
Angelant
Angeln
Angelöu
Angeresbërc
Angersburg
Anglosphäre
Angolabecken
Anguloia
Anhalt
Aniseide
Anschan
Anskesselsfurt
Anskesselzaun
Antigua und Barbuda
Antiochia
Antiochia am Orontes
Antorf
Antwarp
Antwarpen
Antwerpen
Äolien
Aouzou-Streifen
Aoveriessel
Apameia
Apameia am Orontes
Apameia in Bithynien
Apeldoorne
Apenrade
Apfelbaut
Appenzell
Appenzell Ausserrhoden
Appenzell Innerrhoden
Applebid
Aptau
Apulien
Aqmola
Äquatoriaal-Guinea
Äquatorialafrika
Äquatorialguinea
Aquitanien
Arabien
Arabisches Meer
Arachosien
Aragonien
Arbil
Arcenöu
Archea Pydna
Archys
Arel
Arenesbërc
Arenhusen
Arensburg
Arensperg
Arental
Argenau
Argisch
Arische Bruderschaft
Arkadien
Ärmelkanal
Armeni
Armenië
Armenien
Arnem
Arnesten
Arnheim
Arnhem
Arnis
Arnskot
Arnstedi
Arnstein
Arnswalde
Arnswoold
Arsamas-16
Arsen
Artzis
Arwa
Arzach
Arzis
Asafernbërc
Ascanmünster
Ascanmynster
Aschafenburc
Aschaffenburg
Aschanti
Aschdod
Ascherslebbe
Aschersleben
Aschkelon
Aschmjany
Aschtarak
Aserbaidschan
Aserücken
Asesund
Asie
Asien
Askabak
Askahruggi
Askanien
Askasund
Askeppanburg
Asketilesford
Asketiltuna
Asow
Assassinen
Asselt
Assuan-Staudamm
Assyrien
Astnide
Astrachan
Asturien
Astypalea
Aswaldestreo
Atacama
Atel
Athamanien
Athen
Athene
Äthiopien
Atlantische Ozeoan
Atlantischer Ozean
Atlasgebirge
Ätolien
Attems
Attika
Auerk
Auersperg
Aufacker
Auflant
Aufsäle
Augsbërc
Augsborg
Augsburg
Augstal
Augusta
Aulen
Aupa
Auschwitz
Ausetanien
Außenlante
Aussig
Australie
Australië
Australien
Avascher
Azerbeidzjan
Azie
Azoren
Az-Zawiyya
Baag
Baaleschdi
Babajewo
Babenberg
Babernbërc
Babrujsk
Bachmut
Bachtegan
Bachtschyssaraj
Badecawella
Badecawelle
Baden
Badenweilære
Badenweiler
Baden-Württembërc
Baden-Württemberg
Bädern
Bad Hersfeld
Bad Mergentheim
Bagdad
Bagraain
Baguirmi
Bahrein
Baiern
Baikalowo
Bainloka
Baktrien
Balaklawa
Balakowo
Balaschow
Balearen-Meer
Balga
Balin
Balincen
Balingen
Balqasch
Baltschik
Bambarg
Bambërc
Bamberg
Banesbërc
Banesburgi
Banff-Nationalpark
Bangladesch
Bann
Banno
Bannowske
Barabasteppe
Baranawitschy
Baraniwka
Barchau
Bardanoia
Bardinsten
Bardowick
Bärenberg
Barg
Bargen op Zoom
Bariach
Barnburg
Barreveld
Barsch
Barten
Bärtenöu
Bartenstein
Bartfeld
Barts
Bärwalde
Bärwoold
Barysch
Baryssau
Baschkortostan
Basel
Basel-Landschaft
Basel-Stadt
Baskenland
Bastenach
Bastetanien
Batezki
Bathon
Bathonberg
Batonberg
Batrun
Batsch
Batschkowo
Battenberg
Batternbërc
Bauske
Bautzen
Bavaari
Bayan
Bayerbërc
Bayerburg
Bayerische Alpen
Bayern
Bayreuth
Beantem
Bebbanburg
Bebra
Bechincen
Bechingen
Beckow
Bedanford
Bedburg
Beddanbërc
Beduniensie
Beers
Beichelincen
Beichlingen
Beiren
Beitsch
Bekesch
Bektaschi
Bela
Belebei
Belgard
België
Belgien
Belgje
Belgrad
Bellenz
Belogradtschik
Belorezk
Belosersk
Belowo
Bels
Belutschistan
Belz
Belzig
Benevent
Bengal-Delta
Bengalen
Bengasi
Benin
Bentheim
Beorhoanstaedae
Beormingaham
Beostedi
Beostun
Berberküste
Bërc
Bërcen
Bërcenase
Bërcen auf Saum
Bërcernhous
Bërcheim
Bërcheimstatt
Berchingas
Bërchousen
Berchtesgaden
Bërclos
Bërcsläcen
Bërc Tabor
Bërcund
Bërcundkaufanger
Bërczaun
Berdjansk
Berdytschiw
Berehowe
Berent
Beresan
Berewik
Berg
Berganhus
Bergan up Som
Bergen
Bergenhaus
Bergheim
Berghem
Bergschlägen
Bergslegin
Berg Tabor
Berhtelington
Berhtesgaden
Beringmeer
Berlien
Berlin
Bern
Bersaska
Beschenowa
Beschezk
Besiskga
Bessarabien
Bessungen
Betbërc
Betburc
Bethleem
Betlum
Betsche
Betschuanaland
Bettendorf
Beulen
Beuthen
Beuthen an der Oder
Beverst
Beverstedt
Bewick
Bexhill
Bhuj
Bibarstadi
Bibera
Biberaho
Bickenbach
Bielefeld
Bielitz
Bielitz-Biala
Bihar
Bijapur
Bikenbach
Bilbeis
Bilohirsk
Bilstein
Bingenstadt
Binnere Hebriden
Binsch
Birdschand
Birjussa
Birkenkirchen
Birkenkirikan
Birobidschan
Birschtannen
Birsen
Bisanz
Bischofswerda
Bischoveshusen
Bistritz
Bitbërc
Bitburc
Bitburg
Bitenfurt
Bithynien
Bitsch
Bittau
Bitzewski Park
Bizerta
Black-Küste
Blagoweschtschensk
Blagusa
Blankenberg
Blankenburg
Blankernbërc
Blankonaburg
Blei
Bleiching
Blida
Blieskastel
Blindheim
Blomondal
Boaden-Wurttembaarg
Boalsert
Böblincen
Böblingen
Bochart
Böckeheim
Bockfesten
Bockungheim
Bodaibo
Bodehem
Bodensee
Bodschnurd
Bofflo
Bogutschar
Bohemen
Böhmen
Böhmerwald
Böhmisch Leipa
Böhmisch Sternberg
Bohoduchiw
Bohuslaw
Bójowaron
Bökelnbërc
Bökelnburg
Bokschan
Bolchow
Bolgar
Bolingborc
Bolivien
Bolivje
Bolochowo
Bologoje
Bolonien
Bonnhard
Böotien
Bootstatt
Bopfingen
Borisopel
Borklo
Bornhööfd
Bornhöved
Borowitschi
Borowsk
Borscha
Borschawa
Borschod
Borudscherd
Bösig
Boskowitz
Bosnien
Bosnien-Herzegowina
Bosnien und Herzegowina
Bosomthorp
Bostra
Bosyakowyna
Botenhamme
Botewgrad
Bothltun
Botoschan
Botstedi
Botsuana
Bötzow
Böverfranken
Boynebërc
Boyneburc
Boyneburg
Bozen
Braandenbörg
Brakel
Bramer
Brandebursch
Brandenburg
Brandernbërc
Brannenborg
Brasilien
Brasilje
Braslau
Brassel
Braunau
Braunesbërc
Bräunlincen
Bräunlingen
Braunsberg
Braunschweig
Braunschweig-Lüneburg
Brauweiler
Brazilië
Brazlaw
Brecenscir
Bredaha
Breemn
Breevoort
Brefni
Bregenz
Breguntford
Breisach
Breisachgöu
Breisgau
Breita
Breitenau
Breitenouwe
Breitowo
Brekbend
Bremä
Bremen
Breslau
Breslöu
Bresnik
Brest
Breunau
Briccen
Brieg
Briesen
Brig
Brinkhurst
Brisk
Bristolkanal
Britannien
Britisch-Honduras
Britisch-Malaya
Britisch-Somaliland
Brixen
Brochebyrig
Broch von Burroughston
Broch von Midhowe
Broenswiek
Brokburg
Brokdorf
Brokseli
Brombarg
Brombërc
Bromberg
Bronswiek
Brotwin
Brouweilære
Bruchbërc
Bruchhausen
Bruchhousen
Bruck
Brück
Brück an der Drava
Brucke
Brucke an der Drawa
Bruckestuo
Bruderschaft des Heiligen Grabes
Brüder vom Heiligsten Herzen Jesu
Bruggia
Brunasberg
Bruneck
Bruneswích
Bruneswích-Lünebërc
Bruneswích-Lüneburc
Bruneswík-Lüneburc
Brunkhorst
Brünn
Brunnoia
Brunnöu
Brunsbarg
Brunsbudil
Brunsbüttel
Brussel
Brüssel
Bruunsbarg
Bruunsbüddel
Brüzel
Buchara
Buchenland
Buchenlant
Buchtarma
Bucht von San Francisco
Budapescht
Büdingen
Budschaja
Budschak
Budslau
Budweis
Budwitz
Builefeld
Bukarest
Bukfasten
Bukkiohem
Bukkungahem
Bukowina
Bulasover
Bulgarien
Bulgarije
Bullen
Bunincga
Bunnhard
Bunzlau
Büren
Burgendi
Burgenland
Burghausen
Burgi
Burginasa
Burgund
Burgundkapeng
Burh
Burjatien
Burriana
Burscheid
Burseid
Burzenland
Busau
Busäu
Buschmannland
Busendorf
Busias
Bußewolfstein
Bütow
Butrint
Butschatsch
Buxtehude
Buxthu
Byblos
Byleveld
Byrsgaw
Byzantion
Byzanz
Cadolzbërc
Cadolzburc
Cadolzburg
Calcehou
Calichuth
Cammin
Caprivizipfel
Carleol
Carolath
Cayeven
Celle
Celtanham
Celtiberia
Cenf
Cevennen
Chabarowsk
Chæredincen
Chærerdesbërcen
Chaibar
Chakassien
Challernbërc
Challin
Chamis Muschait
Chanderzzen
Chankändi
Chanty-Mansijsk
Charakene
Chardelecen
Chärtenreich
Chasalla
Chasaren
Chaskowo
Chauchesholm
Checenesbërc
Chedeminstre
Cheisernhousen
Cheislincen
Cheißeshaupt
Chelernhousen
Chemnitz
Chenceß
Cheorcental
Cheorcernbërc
Cherson
Chib
Chili
Chirmend
Chita-Halbinsel
Chleibërc
Chloga
Chlogöu
Chlynow
Chmelnyzkyj
Chodziesen
Cholda
Choldincen
Cholm
Cholmogory
Chömör
Chopjor
Chorasan
Choresmien
Chorramabad
Chorramschahr
Chötebërc
Chotscho
Chottbrandestal
Chottheim
Chöttincen
Chöttingen
Chottorf
Chotyn
Chötzernbërc
Chöwsgöl
Chrabenhag
Chrantabrucke
Chrapenstein
Chrätz
Chreyerz
Chrichenlant
Chrimbërcen
Christbërc
Christiania
Chroß-Teutsenöu
Chudenesbërc
Chudschand
Chüldenfurt
Chumara
Chunavia
Chungcheong-do
Chunzernhousen
Churrätien
Chust
Chutstat
Chuzestan
Cirknenz
Cisleithanien
Cloppenborg
Cloppenburg
Cloppernbërc
Cobërc
Coburg
Cochingowe
Coevern
Cofentreo
Colditz
Colenceaster
Colmar
Combërc
Comburg
Commarchen
Corf
Cormòns
Cornweal
Cotingeham
Cottbus
Coudenberg
Coudernbërc
Crailsheim
Crainbërc
Cranichbërc
Cranz
Crase
Creuzbërc
Creuzburg
Crudim
Cruwland
Culmsee
Cumberland-Plateau
Cumbraland
Cüstrin
Cuxhaven
Cuxhoben
Czarnikau
Czarniköu
Czernowitz
Däänmark
Dachau
Dachla
Daeventer
Dagesburg
Dagö
Dagsbërc
Dagsburg
Dahome
Dahschur
Daitschlond
Dakien
Dalandsadgad
Dalen
Dalmatien
Damaskus
Damiette
Danelag
Dänemark
Danilow
Dannenbarg
Dannenberg
Dannernbërc
Danzig
Danziger Pommern
Darchan
Dardanien
Daressalam
Darién-Lücke
Darmstadt
Darmstat
Darmstedi
Darmundestat
Dascht-e Lut
Das Gestein
Dassareten
Dassel
Datschikischtaan
Dauba
Davidszitadelle
Debrezin
Decenburc
Decendörp
Decernbërc
Dedowitschi
Deefholt
Deepnau
Degenberg
Deggendorf
Deitschland
De Kuunder
Delesbërc
Delfziel
Delhem
Delsberg
Demost
Den Bosch
Denemarrick
Den Haag
Denimarka
Denmaark
Depenou
Dernisch
Derpt
Dertamuthan
Derve
Desch
Desherzogenbus
Desmond
Dessau
Detmold
Deutekem
Deutsch Crottingen
Deutsche Hanse
Deutscher Bund
Deutscher Orden
Deutsch Krone
Deutschland
Deutschliptsch
Deutsch-Neu-Guinea
Deutslant
Deutslipts
Deutz
Deventer
Dèventer
Devin
Dewan
Dewilto
Diamantina-Bruchzone
Didenhofen
Diebërc
Dieburg
Diedersberg
Die Haghe
Diekirch
Diemrich
Diepenau
Diepholz
Dieppe
Dierdorf
Dierdörp
Diesdorf
Difelin
Differdingen
Dillincen
Dillingen
Dinawar
Dinghochen
Dingolfing
Dingolfing-Landau
Dingwald
Dinkelsbühl
Dioklitien
Dirschau
Disseldorf
Ditesesbërc
Ditfurt
Dithmarschen
Diuristedi
Diutiscland
Diutschære Stát
Diutschlant
Diuwetz
Djakowar
Djenne-Djeno
Dnipro
Dnipropetrowsk
Dobeln
Dobeschdorf
Dobeschdörp
Doblen
Dobrauen
Dobrin
Dobritsch
Dobrudscha
Dobsöu
Dodekanes
Dodekaschoinos
Doezebarg
Doggerbank
Dohuk
Doiras
Dombërc
Domberg
Dombowa
Dömitz
Donaracker
Donarshafen
Donarwald
Donau
Donaueschingen
Donaufeldburg
Donauwörth
Dondangen
Donezk
Donneceastre
Donnermund
Dorf
Döringen
Dormagen
Dorna-Watra
Dornbërc
Dörnbërc
Dornberg
Dörnberg
Dörnburc
Dornburg
Dornen
Dornstadt
Dorogobusch
Dorpat
Dortmünd
Doxan
Drambërc
Drei Bünde
Dreizehn Kolonien
Drend
Dresden
Drigilibërc
Drissweich
Drohizyn
Drohobytsch
Drontheim
Drossen
Drozzen
Druscheniken
Druschkiwka
Dschalalabad
Dschankoj
Dscharabulus
Dschermuk
Dschibuti
Dschidda
Dschindires
Dschiroft
Dschiza
Dschuba
Dserschinsk
Dsungarei
Duala
Düben
Dubingam
Dubrowyzja
Duchowschtschina
Dudelei
Dudweiler
Duisborg
Düna
Dünabërc
Dünaburg
Dunastapol
Dunemowe
Dunholm
Dünkärsch
Dunkirchen
Dünkirchen
Dunkirikan
Dunnermund
Düörpm
Durchtrad
Durelstein
Düren
Durkheim
Düsseldorf
Dusseldörp
Düsseldörp
Düster
Duunkarke
Düütschland
Duutslaand
Eanske
Eastseaxe
Ebbenstein
Ebbiansten
Ebeleben
Ebene des Snake Rivers
Eberau
Eberbach
Eberesbërc
Ebersberg
Eberstein
Eberswalde
Eberswoold
Eberweich
Ebursberg
Echternach
Eckernföör
Eckernförde
Edelstein
Edinburg
Eer
Eestereich
Eestland
Eestraisch
Eferding
Egenes Homme
Eger
Egerbërc
Egerberg
Egersee
Egio
Eglilesstedios
Egypte
Eibenschütz
Eibestatt
Eichstätt
Eidesbërc
Eidsivathing
Eilenburg
Eilernbërc
Eimot
Eindhoown
Eindhoven
Einsiedeln
Eiropaa
Eisenach
Eisenbarlant
Eisenburg
Eisenhüttenstadt
Eisenmarkt
Eisenstadt
Eisenstat
Eisernbërc
Ekhem
Ekibastus
Eksfeld
Ekstedi
Elbeheim
Elbërc
Elberfeld
Elbing
Elbocen
Elbogen
Elbsfurt
Elburg
Elfanhem
Elfenbeenküst
Elfenbeinküste
Elisabethstadt
Elisabetstat
Ellenbocen
Ellenbogen
Ellesch
Elmeshorn
Elmet
Elmhem
Elmshoorn
Elsass
Elsaß
Elsittia
Elts
Emden
Emilien
Emmen
Endhwervan
Engelaand
Engelbërc
Engelberg
Engermanlant
Engern
Engilinhem
Engirmanland
Engoland
Enietten
Enkhuzen
Enns
Enos
Ensbruggia
Ensisheim
Entenschnabel
Eoforwic
Éotaland
Epeires
Ephesos
Epirus
Eppenstein
Erda
Erde
Erdenburg
Erding
Erfort
Erfurt
Erguel
Eriesee
Erkuniatia
Erlöu
Ermland
Ermland-Masuren
Ermud
Ernstbrunn
Erpesforda
Ersja
Ertha
Erthanburg
Eschdooni
Eschenlohe
Eschweiler
Esilungas
Esna
Esnede
Esseg
Essen
Eßlincen
Esslingen am Neckar
Estlaand
Estland
Eteokreten
Ethesburg
Etiopie
Ettelbrück
Ettelbrucke
Etundal
Euböa
Euchelant
Euchland
Eukarpia
Eupen
Europa
Euwias
Everstein
Eversten
Eveshem
Ewlawe
Ewwerbach
Exarchat von Ravenna
Exin
Eylau
Fadwang
Faeröer
Falkaufing
Falkenberg
Falkenstein
Falkernbërc
Falklandinseln
Falkonburc
Falkonburg
Falkonsten
Falköping
Falster
Färnbauen
Farnesbërc
Farnheim
Farnsburg
Färöer
Faukirke
Fedajin
Fefresham
Fehmarn
Feldbach
Feldbak
Feldkirchen
Fellin
Fels
Ferghana
Festos
Feuchtwangen
Feuerland
Filadelfi
Filehne
Finlaand
Finnland
Finnlant
Finnlond
Finnmark
Finsterwalde
Finstincen
Finstingen
Fischhausen
Fiskhusin
Fitri-See
Fivelgo
Flamdran
Flandern
Flannern
Flantern
Flatow
Flederborn
Fleissenburg
Fleizernbërc
Flenesbërc
Flensburg
Florenz
Floridsdorf
Floridsdörp
Floridsthorp
Foça
Fogarasch
Fogian
Fokschan
Foldaha
Foni
Fonjod
Forchheim
Formbach
Forst
Framelingahem
Frankan
Franken
Frankenstadt
Frankenstat
Frankenstein
Frankford
Frankfort
Frankfurt
Frankfurt an der Oder
Frankreich
Frankriek
Französisch-Britische Union
Französische Somaliküste
Französisch-Indien
Frauenbach
Frauenberg
Frauenburg
Frauenfeld
Fraustadt
Fredriksten
Freeslaand
Freesland
Freibërc
Freiberg
Freiborg
Freiburg
Freigrafschaft
Freising
Freistadt
Freistat
Freistedi
Frēsland
Freudenthal
Friaul
Friaul-Julisch Venetien
Friburg
Fridrichstein
Friedland
Friedrichshafen
Frieslaand
Friesland
Frisches Haff
Frislante
Fristedi
Frithriksten
Frithuberg
Fritzlar
Frolicha
Frolowo
Frönel
Frongraisch
Frontenhausen
Fronternhousen
Fruanfeld
Fucking
Fugging
Fugkhing
Fukching
Fülleck
Fullunhofi
Fünen
Fünfkirchen
Fünfkirikan
Funnen
Furstanberg
Fürstenberg
Fürstenfeld
Fürsternbërc
Füssen
Fuvahmulah
Gaarn
Gadebusch
Gafers
Gagausien
Galapagosinseln
Galatien
Galatz
Galicien
Galiläa
Galinden
Galizien
Galizien und Lodomerien
Galizien-Wolhynien
Gallandau
Gallenberg
Gallien
Galwaybucht
Ganderssen
Gandsassar
Gardariki
Gardelegen
Garlä
Garnich
Garowe
Garsden
Garten
Gasa
Gasten
Gattschina
Gauchesholm
Gauting
Gawrilow-Jam
Gawrilowo
Gazastreifen
Gazīrat Firʿaun
Gdingen
Gdow
Gebiet um die Bucht von San Francisco
Gedereiten
Geertrudenbarg
Gefhörn
Gegensberg
Geisenhausen
Geislingen
Geismar
Geißeshaupt
Gelderlaand
Gelderland
Geldern
Gemeen Arnem
Gemeen Kampen
Genf
Gengeß
Gengunburg
Gent
Genua
Georgenburg
Georgenthal
Georgie
Georgië
Georgien
Gerasa
Gerdauen
Gerdingen
Gererthasbergan
Gerhardsten
Gernrode
Gerzika
Geschatz
Gesellschaft der Kleinen Schwerter
Geteshobid
Ghassaniden
Ghiseburne
Gieb
Giengen an der Brenz
Gifhorn
Gilbertinseln
Gipeswik
Gjumri
Glarus
Glasow
Glastingburgi
Glatz
Gleiberg
Gleichen
Gleichenstein
Gleichensten
Gleiwitz
Glenhausen
Glogau
Gmünd
Gnesen
Gnjosdowo
Goch
Godbrandesdal
Godhem
Göding
Godscham
Godthorp
Gokesholm
Golanhöhen
Golda
Goldbërc
Goldberg
Goldene Horde
Goldenes Dreieck
Goldfluss
Goldingen
Goldküste
Goldpurge
Golf von Biskaya
Golf von Carpentaria
Golf von Gonâve
Golf von Kalifornien
Golf von Tomini
Golf von Valencia
Gollnow
Gommern
Gömör
Gonder
Gonsawa
Gordiene
Gorkem
Gorkum
Görlitz
Gornau
Gorochowez
Gorodez
Görrach
Gortiz
Görz
Goslar
Goslär
Göteborg
Gotlaand
Gottbrandestal
Gotthardpass
Gottheim
Göttingen
Gottorf
Gottorp
Götzenburg
Grabing
Grabow
Grafenschachen
Grafenstein
Grafensten
Gran
Grand-Coulee-Talsperre
Grantabrücke
Grantaham
Grantanbrycg
Grätz
Graubünden
Graudenz
Gravanhago
Graz
Grecland
Greifswald
Grekenland
Greutungen
Greyers
Greyerz
Griechenland
Griekenlaand
Grienland
Griepswohld
Grimbergen
Grischino
Grjasowez
Grobin
Grönland
Grönländischer Eisschild
Gröönland
Grosny
Großenhain
Große Ungarische Tiefebene
Große Walachei
Großkarol
Großnikopel
Großpolen
Grossrauschenbach
Großsalontha
Groß Salze
Großschlatten
Großsteffelsdorf
Großsteffelsdörp
Groß Ustjug
Großwardein
Grünberg in Schlesien
Grundarhverfi
Grunnen
Grunneng
Grupa
Gruunlaand
Gschirnau
Guben
Gudensberg
Guhrau
Gulathingslov
Güldenfurt
Gumeninga Haruge
Gundischapur
Gundorowka
Güns
Gunzenhausen
Gurkfeld
Güssing
Güstrow
Gütersloh
Gutherloh
Gütsel
Gutstadt
Gutungi
Gützkow
Gyrwum
Gythio
Haakhof
Haarlem
Haasebarig
Habelschwerdt
Habichtsbërc
Habsborg
Hacenöu
Hachbërc
Hachberg
Hadersleben
Hadramaut
Hafen San Francisco
Hafen von Los Angeles
Hagenau
Hagestolzheim
Haidlbärsch
Hailisch Reemisch Raisch
Hainego
Haithabu
Haïti
Halberstadt
Halfaristedi
Halhgefeaxe
Halhtun
Halingar
Hallaberg
Hallant
Hallas
Hallasch
Halle an der Saale
Hallebërc
Hallstatt
Halmagen
Halmstatt
Halmstedi
Halsingar
Halsingor
Halssten
Halverstidde
Halytsch-Wolin
Hamar
Hamareshus
Hamarhus
Hamaring
Hambërc
Hamborg
Hambörg
Hamburch
Hamburg
Hammalburg
Hammelbërc
Hammelburc
Hammelburg
Hammer
Hammereshous
Hammerhaus
Hammerhous
Hammering
Hammersdorf
Hammersdörp
Hammershaus
Hanau
Hanna
Hannauver
Hannober
Hannover
Hanöu
Hanse
Hanzawitschy
Haordine
Hapsal
Hardenburg
Harderwiek
Hardunbërc
Hardunburg
Harlau
Harmsborg
Harrien
Harrisbarrig
Harrisburg
Harrloheim
Harsfeld
Harudenland
Harundal
Haschtgerd
Haspianga
Hatzeg
Hatzfeld
Haufen
Haugesund
Haugsdorf
Haugsdörp
Hausweich
Havalberg
Havanna
Havasu-Wasserfälle
Haverfordia
Havueskburg
Hàwenau
Hawiku
Hayden
Hechincen
Hechingen
Hedal
Hedmark
Hedschas
Heeretal
Heerfurt
Hehrewat
HehrhugeWerd
Heideck
Heidek
Heidelbarg
Heidelbërc
Heidelberg
Heidemark
Heidemoora
Heiden
Heidesund
Heiftung
Heilbronn
Heile
Heilesbërc
Heilicenstat
Heilicenstedi
Heilige Agatha
Heiligen Antonius
Heiligenstadt
Heiliger Jakob
Heilige Roomse Riek
Heiliges Römisches Reich
Heiliges Römises Reich
Heilisingbërc
Heilisinglant
Heilsberg
Heimzaun
Heinfels
Heinrichau
Heinsboarg
Heital
Helagonberg
Helagonkruci
Hélag Rómánisc Ríki
Helasberg
Helbrunno
Helgoland
Helgoländer Bucht
Helisingburg
Helisingland
Hellenenbund
Hellenstein
Hellensten
Helmstedi
Helmstidde
Heltaland
Hengistbërc
Hengistburc
Hengistburg
Henneaga
Hennebërc
Henneberg
Hennegau
Hennegöu
Henniaberg
Hensberg
Hephthaliten
Herakleia
Herakleia am Latmos
Herakleia Lynkestis
Herakleia Minoa
Herakleia Pontike
Herakleia Trachinia
Herbitzheim
Hereford
Heresfelt
Heriford
Herimanesburg
Heriondal
Herkulesbad
Herlohem
Hermannesbërc
Hermannsburg
Hermannstadt
Hermannstat
Herolfisfeld
Herrohugiwarith
Herrowad
Hersfeld
Herung
Herunga
Herutford
Herzbërc
Herzberg
Herzogenbusch
Herzum
Hespengöu
Hessen
Hessen-Darmstadt
Hetha
Hethamarka
Hethamora
Hethaund
Hethum
Heunburg
Hewesch
Heydekrug
Heynod
Hezzen
Hiddensee
Hildesheim
Hildeshem
Hillig Röömsch Riek
Hilmessen
Hinkelschteddel
Hinnerpommern
Hinterpommern
Hiresbërc
Hirschberg
Hirsfurt
Hirspfuhel
Hirutberg
Hiuwenburc
Hiuwernbërc
Hladid
Hlidaendi
Hliuni
Hlopan
Hluchiw
Hlude
Hluttarburg
Ho Chi Minh-stad
Ho-Chi-Minh-Stadt
Hochland
Hochsbu
Hochstaden
Hochstaten
Hockenheim
Hof
Hoffelis
Hoffels
Hofzumbërc
Hofzumberg
Hoggene
Hohberg
Hohenburc
Hohenburg
Hohenems
Hohenfels
Hohenford
Hohenforth
Hohenfurth
Hohenlohe
Hohenschwangau
Hohenstein
Hohenzollern
Hohenzollern-Sigmaringen
Hohernbërc
Höhlen von Tyron
Hohnstein
Hohovir
Hohstadin
Hohun
Hohunberg
Hohunburc
Hohunsten
Holland
Hollschowitz
Holstein
Holsten
Holtland
Holz
Holzenbu
Holzlant
Hombërc
Homburc
Homburg
Hongaarnlaand
Hongkong
Honovere
Hoorn
Hoover-Damm
Hop
Horeburg
Horn
Horn von Afrika
Horodnyzja
Housweich
Hövel
Hoyerswerda
Hoyragel
Hradysk
Hravansten
Hravensburgi
Hreppianstedi
Hringstedi
Hringstediholm
Hrisibergin
Hrisoia
Hrokungehem
Hrothgereskwella
Hrypadun
Hückeswacen
Hückeswagen
Huculvi
Huljajpole
Hüllestadt
Hulliastedi
Hultschin
Hunain
Hundhamar
Hundhammer
Huntleah
Hursuf
Husowik
Hussburg
Huthungahem
Huzbërc
Hwetensten
Hwettiari
Hwitekirika
Hwitingesoia
Hwit Kirika
Hwitlik
Hwitmund
Hwitunburg
Ibbenbüren
Idaho-Pfannenstiel
Idali
Idalje
Ierlaand
Ierse Zee
Iesenack
Iesenhüttenstadt
Ieslaand
Iesland
Iesselmeer
Iesselstein
Ifferten
Iglau
Iguazú-Wasserfälle
Ihlow
Ihstedi
Ikaria
Ilkenau
Illok
Illöu
Illyrien
Ilmmünster
Imamiten
Imeretien
Indien
Indische Ozean
Indischer Ozean
Indischer Subkontinent
Indisken Oceaan
Indonesien
Indonezie
Ingermanland
Ingolstadt
Ingolstat
Ingwaldstedi
Inhrypum
Innere Hebriden
Innesbrucke
Innsbrück
Inowrazlaw
Inselbërc
Inselburg
Insterbërc
Insterburc
Ionien
Ioniese Zee
Ionische Inseln
Ionische See
Ionisches Meer
Iphofen
Ippenbürn
Iraek
Iraen
Ircingafeld
Irden
Irische See
Irland
Irminsul
Irmiriki
Irsawa
Irschawa
Irthin
Isalsten
Isarnbaruland
Isarnburg
Isarnstedi
Isborsk
Ischewsk
Isenburg
Ísernbërc
Ísernburc
Isfurt
Ísfurt
Isinacha
Island
Isoford
Israël
Istachr
Istanboel
Istrien
Ístrien
Italiae Annonariae
Italien
Italiën
Italienische Sozialrepublik
Italienisch-Somaliland
Itanza
Itzehoe
Itzho
Iuland
Iwangorod
Iwankiv
Iwano-Frankiwsk
Iwanowo
Izadchāst
Jägerndorf
Jägerndörp
Jahretal
Jahrmarkt
Jahrsund
Jakobstadt
Jakobstat
Jakutien
Jakutsk
Jalta
Jamaika
Jamantau
Jammu und Kashmir
Jangikent
Jaredal
Jaroslau
Jaroslawl
Jarsund
Jass
Jassenmarkt
Jatwincen
Jatwingen
Jauer
Jazycen
Jazygen
Jedisan
Jegorlyk
Jekaterinbërc
Jekaterinburg
Jekaterinodar
Jelabuga
Jelez
Jelgawa
Jemen
Jenisseisk
Jerba
Jerewan
Jerichow
Jermer
Jerwen
Jhelam
Jitschin
Johanniterorden
Jolof
Jomswikinger
Jonchor
Jonischken
Jönkaufing
Jordanien
Jork
Joschkar-Ola
Jotvata
Judenburg
Judernbërc
Jugoslawien
Jula
Juldybajewo
Jülich
Junigeda
Jusowka
Jüterbog
Jutlaand
Jütland
Jütlant
Kaaden
Kachetien
Kadnikow
Käfernbërc
Käfernburg
Kaimaninseln
Kairo
Kaiserslautern
Kaiserstuhl
Kaiser-Wilhelm-Kanal
Kalabrien
Kalafo
Kalchhude
Kalding
Kalifornie
Kalifornië
Kalifornien
Kalinkawitschy
Kalisch
Kalkutta
Kalleazie
Kallsruh
Kalmarnes
Kalmeines
Kalmückien
Kalting
Kambodscha
Kamenez
Kamenz
Kamerich
Kameroen
Kamerun
Kamerunstadt
Kamin
Kammeresbërc
Kammersberg
Kampanien
Kämpfen
Kamtschatka
Kamyschin
Kamyschlow
Kanada
Kanadaa
Kanalinseln
Kandau
Kaniw
Kannede
Kanneschtooge
Kantabrisches Meer
Kanterbërc
Kanterberg
Kap Delgado
Kap der Guten Hoffnung
Kapfenbërc
Kapfenberg
Kap Framnæs
Kappadokien
Karabasch
Karakalpakistan
Karakol
Karansebesch
Karasee
Karashahr
Karasubasar
Karatschew
Kardschali
Karelien
Karelier
Karenz
Karesbruch
Karien
Karkemisch
Karkus
Karlebaut
Karlesbërc
Karlesburc
Karliwka
Karlsbad
Karlsburg
Karlsruhe
Karlstadt
Karlstat
Karnbërc
Karnburc
Karnburg
Kärnten
Karol
Karpatenukraine
Karpatenvorland
Karpatia
Karpenstein
Karschow
Karsowaj
Karthago
Kartlien
Kartmel
Karwuna
Kaschau
Kaschmir
Kaschubien
Käsmark
Kasplja
Kassandria
Kassel
Kassela
Kassiopi
Kastelholm
Kastellholm
Kasthanaia
Kastilien
Katalanische Kompanie
Katalonien
Katar
Katerinoslaw
Katmandoe
Kattewiets
Kattowitz
Katzenelnbocen
Katzenelnbogen
Kauen
Kaufingshaus
Kaufingshous
Kaufmanneshafen
Kaukasien
Kawarna
Kaxgar
Kedahnen
Kefalonia
Keil
Keisd
Keltische See
Kembolcha
Kemerowo
Kemnitz
Kempen
Kempian
Kemtschug
Kerilesrowa
Kerman
Kermānschāh
Kernau
Kersch
Kerschenez
Kesselberg
Kessin
Kessinen
Kestenholz
Kesterfelda
Kesthell
Kesureshluttaren
Ketschkemet
Keulen
Kezelbërc
Khartum
Kiel
Kiellu
Kiew
Kil
Kilija
Kilikia Pedias
Kilikia Tracheia
Kilikien
Kimpolung
Kinau
Kineschma
Kinni
Kionga-Dreieck
Kiptschak
Kirchdorf
Kirchdrauf
Kirchebaut
Kircheböu
Kirchen
Kirchenstaat
Kirchewag
Kirenkaster
Kirgisien
Kirgisistan
Kirieleis
Kirikabu
Kirikabue
Kirikan
Kirikarod
Kirikawag
Kirillow
Kirischi
Kirment
Kirow
Kirsanow
Kischenau
Kischinau
Kischkeneköl
Kisützneustadt
Kittsee
Kitzbühel
Kjustendil
Klacenfurt
Kladrau
Klagenfort
Klagenfurt
Klagunford
Klattau
Klausenburg
Klausernbërc
Kleb
Klee Gloge
Kleinarmenien
Kleinbritannien
Kleine Sundainseln
Kleine Walachei
Kleinmariazell
Kleinpolen
Klein Schlatten
Kleve
Klibe
Klidesdal
Klidestal
Kliffurt
Klimawitschy
Klincernbërc
Klingenberg
Klodawa
Kloppanburg
Klostermarienberg
Klostermarirnbërc
Kloster Mileševa
Kloster Mortemer
Kniphausen
Kniphousen
Knittelfeld
Knobelsdorf
Knobelsdörp
Knotskar
Knotteskar
Koblenz
Kobrunn
Kochergau
Köflach
Kofordan
Kohelo
Kohlo
Koidanow
Kokelbërc
Kokelburg
Kokenhusen
Kokosinseln
Kolbarg
Kolbeinseyrücken
Kolbërc
Kolberg
Koldnitz
Kollon
Kollotschau
Kolmar
Köln
Kolumbien
Kolywan
Kommune von Baku
Kommun Kristiansand
Komorn
Köngen
Kongo-Freistaat
Königbërc
Königeszaun
Könighiele
Königsbarg
Königsbërc
Königsberg
Königsstuhl
Königsweich
Konitz
Konnektikut
Konstantinopel
Konstantinusesbërc
Konstanz
Konstanza
Koosfeld
Kopangar
Kopburian
Kopenhagen
Kopenhoaven
Koperberg
Kopingeshus
Kopis
Kopreinitz
Koreabucht
Korfoe
Korfu
Korinth
Korjaschma
Korneubërc
Korneuburg
Kornstatt
Kornstedi
Kornwallis
Körös
Korsika
Korsika und Sardinien
Koschmin
Koselsk
Köslin
Kosten
Kostjantyniwka
Koternbërc
Kournas-See
Kowall
Kowasna
Kowrow
Krabbeninsel
Krähetenne
Kraiadannia
Kraibërc
Kraiburc
Kraiburg
Krain
Krainburg
Krajowa
Krakau
Krakolje
Krane
Kranichberg
Krasnoarmejskoje
Krasnodar
Krasnokokschaisk
Krasnyj Lyman
Krassmarkt
Krätmel
Kreischgebiet
Kremenez
Krementschuk
Kremes
Kremljow
Kremnitz
Krems
Kremsier
Kremsmünster
Kremun
Kreslau
Kreta
Kreutz
Kreutzbërc
Kreutzburg
Kreuzbërc
Kreuzburg
Kreuzburg an der Bistritz
Kreuzendorf
Kreuznach
Krim
Kristiania
Kristinestad
Kriuzenach
Kroaati
Kroasië
Kroatien
Kronstadt
Kronstat
Krossen
Krozzen
Kruja
Kruschwitz
Krusewatz
Krytschau
Krywyj Rih
Kstowo
Kuba
Kubaa
Kubin
Kudak
Kuenring
Kufstein
Kuhenring
Kuhfurten
Kujawien
Kulm
Kulmbach
Kulmsee
Kumanen
Kumanien
Kumbalung
Kumbalunga
Kumbralant
Kummuḫ
Kumuch
Kuningburg
Kuningesberg
Kuningeswik
Kunstadt
Kunstat
Kupferbërc
Kurasou
Kurland
Kuruschata
Kurzel
Kusch
Kusnezk
Küstrin
Kuttenberg
Kutternbërc
Kykladen
Kymundsdorf
Kymundsdörp
Kyrene
Kyrrhos
Labiau
Lachsweich
Ladenburg
Ladernbërc
Ladet
Lagerfeld
Lagiholm
Laglant
Laglant-Palster
Lagodechi
Lahidsch
Lahidschan
Lähn
Laholm
Lahswik
Laibach
Lakch
Lake Eyre-Becken
Lakonien
Lambehuþ
Lammhude
Lancenöu
Landau
Landeggia
Landeshuta
Landsberg
Landseheari
Landstrass
Langenau
Langich
Langshan-Gebirge
Lantesbërc
Lantouwe
Lanzenöu
Laodikeia am Lykos
Lappland
Larisa
Lateinisches Kaiserreich
Lauder
Lauenburg
Lauenburg in Pommern
Lauenrode
Lauenstein
Lauernbërc
Laufen
Laufenburg
Laufernbërc
Laun
Lauran
Laurenburg
Lausitz
Laute
Lauterbach
Lauterbërc
Lauterberg
Lautern
Lautre
Leal
Leatun
Lebenau
Lebenöuwe
Lebus
Lechau
Lechrain
Leck
Ledian
Leer
Legakastir
Leibeng
Leibnitz
Leidn
Leiningen
Leinkaufing
Leipa
Leipzig
Leisnig
Leisning
Leiten
Leitende
Leitmeritz
Lekwangas
Lembärsch
Lembërc
Lemberg
Lemsal
Lena
Lencenfeld
Lendizen
Lengbërc
Lengberg
Lengenfeld
Leninobod
Lennewarden
Lentschütz
Lenzbërc
Lenzburg
Leobschütz
Leomynster
Leonbërc
Leonberg
Leonesbërc
Leonsberg
Lepel
Leslau
Letlaand
Lettgallen
Lettland
Lettlond
Leubus
Leuchtenberg
Leukental
Leutsau
Levedien
Leverkusen
Lewinbërc
Lewinburg
Libanon
Libau
Liberië
Libië
Libye
Libyen
Libysches Meer
Libysche Wüste
Lichdeschdää
Lichtbërc
Lichtberg
Lichtenberg
Lichtenfels
Lichtensteig
Lichternbërc
Lidhausen
Liebwart
Liechtensteen
Liechtenstein
Liedhausen
Liegnitz
Lienz
Lifengi
Ligoraceastre
Ligurien
Ligurisches Meer
Likitfelda
Limnos
Lincylene
Lindaholmin
Lindeholmin
Lindkoln
Lindow
Linga
Lingen
Linkoping
Lins
Linungan
Linz
Liohtstig
Lipezk
Lippa
Lippe
Lippia
Lippstadt
Lippstat
Lippstedi
Liptau
Liptau-Sankt-Nikolaus
Lischmosero
Lissa
Lissabon
Litauen
Litaun
Lithousen
Litouwen
Lítzelstain
Litzmannstadt
Liuchternbërc
Liudik
Liutsöu
Livadia
Livinen
Livländ
Livländischer Orden
Liwwadden
Lizenz
Ljubaschiwka
Ljuboml
Lleyn
Löbau
Lobdabërc
Lobdaburg
Loben
Lobenesten
Lobenstein
Löbnitz
Lodeinoje Pole
Lodsch
Lohstedi
Lokris
Lolland-Falster
Lombardei
Lombardenbund
Lond
Londen
Löningen
Lonkesterscira
Lörrach
Losanen
Losowa
Lössplateau
Losumsten
Lotharincen
Lothringe
Lothringen
Lötzen
Lötzing
Louenriute
Louenróte
Loukomorie
Louran
Lourenburc
Lourernbërc
Loutern
Louwenstein
Löwen
Löwenberg
Löwenstein
Löwernbërc
Lowitsch
Lowosero
Lübben
Lübeck
Lubeek
Lüben
Lubfelde
Lubin
Lublinitz
Lublöu
Lüchow
Lüdersburg
Luggarn
Lugholm
Lugosch
Lugsebursch
Luhansk
Lukanien
Luki
Lukstedi
Lümborg
Lumbsee
Lunden
Lundenburg
Lundernbërc
Lünebërc
Lüneburg
Lünstadt
Lutherungan
Luttaren
Lüttich
Luttihamar
Luttilburg
Lützelbërc
Lützelstein
Lützen
Lüürsborg
Luxemborg
Luxemburg
Luzern
Luzihammar
Luzk
Lyck
Lydien
Lykien
Lyman
Mäander
Määnz
Macharscha
Machatschkala
Madeborch
Mae Sot
Maestricht
Magatheburg
Magdebërc
Magdeburg
Magellanstraße
Maginot-Linie
Magnesia am Mäander
Mahiljou
Mähren
Mährerreich
Mährisch Budwitz
Mährisch Kromau
Mahuza
Mailand
Mainz
Majorka
Makaronesien
Makedonien
Maklesfeld
Makowa
Maladsetschna
Malatzka
Maldumesburg
Maldune
Malediven
Malmünde
Malmysch
Manbidsch
Manderscheid
Manesfeld
Mangghystau
Manguéni-Plateau
Manhem
Manichäismus
Manilabucht
Manitobaa
Mannheim
Manning
Mansfeld
Manturowo
Maramures
Marbërc
Marborg
Marburg
Mariampol
Mariandynen
Marianengraben
Marienberg
Marienburg
Mariënburg
Marienkloster
Marienwerder
Marinberg
Marinburg
Marirnbërc
Mariza
Mark
Marka
Markaburg
Marke
Marken
Marmarosch
Marmaroschsiget
Marokko
Marquartstein
Marrakesch
Marshallinseln
Martinach
Martinesbërc
Martinsberg
Martzal
Maskat
Masowien
Massaua
Masuren
Masurische Seenplatte
Matschva
Matteresbërc
Mattersburg
Mauretanien
Māzandarān
McMurdo Statschoon
McMurdo-Sund
Mecheln
Mecklenburg
Mecklenburg-Strelitz
Mecklenburg-Vorpommern
Mecklernbërc
Medeltone
Medeniken
Medenikon
Medrid
Meds
Medwediza
Medweschjegorsk
Meenz
Meeresinseln
Meerstrand
Megglebursch-Vorpommre
Meideborg
Meinincen
Meiningen
Meißen
Meizzen
Mękelborg
Mekelenborg-Vuurpommeren
Mekelnborg-Vörpommern
Mekka
Meldorf
Meldörp
Melfern
Melita
Melnik
Memel
Memelbërc
Memelburg
Memelland
Memleben
Memmingen
Mendris
Menselinsk
Meppen
Meran
Meranien
Mercien
Merenberg
Merernbërc
Mergentheim
Merken
Merstrand
Merzig
Meschtschowsk
Meseritz
Mesopotamien
Mesothen
Messenien
Metapont
Methone
Metschetnaja
Metten
Meurs
Mexiko
Mexiko-Stadt
Mexiko-Stat
Michailowka
Michelenöu
Michelstadt
Michelstat
Middelburg
Middeleuropa
Middellaanse Zee
Middellannsche See
Middelseaxe
Middilburg
Middilfer
Middilgard
Middilpath
Middjüütland
Mieresch
Mies
Mikaschewitschy
Mikilburg
Mikilenoia
Mikronesien
Milaan
Milet
Militsch
Mimigernaford
Minche
Mindelheim
Minden
Mingrelien
Minn
Minsar
Mirabel
Miskolz
Mitau
Mittelatlantischer Rücken
Mittelbërc
Mitteleuropa
Mittelfranken
Mitteljütland
Mittelmark
Mittelmeer
Mittelpfad
Mittelsachsen
Mittelstadt
Mittelungarn
Mittelver
Mitterbërc
Mitterburg
Mittilagart
Mockern
Mode
Modern
Mogadischu
Mohatsch
Mohruncen
Mohrungen
Mokka
Moldau
Moldavië
Moldawien
Molossen
Mömpelgard
Monaggo
Mönchdorf
Mondsee
Mongolei
Mongolië
Mongolisches Reich
Mönster
Montferrat
Montsch
Moon
Moore
Mooremberg
Moosbërc
Moosburc
Moosburg
Moravië
Morbak
Mordpfad
Mordwinien
More
Mörs
Morthpath
Mosambik
Mosambique
Mosbach
Moschaisk
Moschau
Mosel
Moskau
Moskou
Mossbach
Mossul
Motovun
Mszislau
Muden
Mugodschar-Gebirge
Mühelhousen
Mühlhausen
Mülhausen
Mülhousen
Mulhusan
Müllheim
Multhorp
München
Münchsmünster
Munkats
Munkatsch
Münster
Münsterbërc
Münsterberg
Münster-im-Chrosstal
Muntenien
Murmansk
Mürzzuschlag
Mutsu-Bucht
Muzenbrück
Muzenbrucke
Mykolajiw
Myrmidonen
Myschkin
Mysien
Mysuru
Mytilini
Mzcheta
Mzensk
Nachtfahrenweich
Nackschowe
Nadlak
Nadrauen
Nadschd
Nafpaktos
Nahtfaranwik
Nakel
Nallamala
Nalsen
Nametwik
Namotweich
Namür
Nanzig
Napols
Naratsch
Nase
Nassau
Natanger
Natoia
Naugard
Naumbërc
Naumborg
Naumburg
Navarresische Kompanie
Nazaret
Neanderdaal
Neanderhöhle
Neandertal
Neanderthal
Neapel
Nechwen
Neckargau
Nedderlannen
Nedryhajliw
Nee-Mexiko
Neidenburg
Neidernbërc
Nei-Schaersi
Neisse
Nei Yarrick
Nei Yarrick Schtadt
Nellenburg
Nellernbërc
Neptun
Nerechta
Nesebar
Nessebar
Nessi
Nesthweit
Netolitz
Neubërc
Neubeschenowa
Neubrandenburg
Neu-Delhi
Neudorf
Neudörp
Neuenahr
Neuenburg
Neuengland
Neuenstadt
Neuenstadt an der Schaue
Neuenstat an der Saue
Neuernbërc
Neufundland
Neuhäusel in der Liptau
Neuhausen
Neuhousen
Neukaledonien
Neukarlebaut
Neukaufing
Neumark an der Pilitza
Neumark in Westpreußen
Neumarkt
Neumarkt am Mieresch
Neumünster
Neu-Sandez
Neusatz
Neuschottland
Neuseeland
Neusohl
Neuss
Neustadt
Neustadt am Zeltberg
Neustadt an der Warthe
Neustat
Neustat am Zeltbërc
Neustatt
Neustettin
Neustrelitz
Neustrien
Neutra
Neutral-Moresnet
Neuweiler
Neuwerke
Neuwiller
Newel
New York
n Heeg
Niagarafelle
Nicäa
Nicaragua-Kanal
Nidda
Niddagöu
Nidden
Niderlothringen
Nidernes
Niderslesien
Niederaltaich
Niederalteich
Niederbayern
Nieder Bretagne
Niederkalifornien
Niederlande
Niedermarkt
Niederösterreich
Niederschläsing
Niederschlesien
Niederschönenfeld
Nieg Strelitz
Niej Mexiko
Niej Orleans
Niej-York
Niemünster
Nienborg
Niestadt
Nigenbramborg
Niger
Nigunkirikan
Nikäa
Nikaia
Niklasmarkt
Nikolai
Nikolajewsk
Nikolesbërc
Nikolsburg
Nikolschitz
Nikomedien
Nikosia
Nildelta
Nimptsch
Nimwaege
Nimwecen
Nimwegen
Ninive
Nisch
Nischapur
Nischneudinsk
Nischni Nowgorod
Nithanburg
Nitharbaiarn
Nithar-Lutherungan
Nithumburg
Niuwenahære
Niuwess
Niuwiburg
Niuwihusen
Niuwikoping
Niuwillære
Niuwiport
Niuwistedi
Niuwiunburg
Niuwiunthorp
Niweweorche
Nizza
Njaswisch
Nju Jork
Njuk
Nju Yoorg
Nju Yoorg Siddi
Noord-Carolina
Noorddakota
Noord-Dakota
Noorddüütschland
Noord-Duutslaand
Noord-Ierlaand
Noord Karolina
Noordkorea
Noord-Korea
Noord-Macedonie
Noordmakedonien
Noordrhien
Noordrhien-Westfalen
Noordsee
Noordzee
Noorwegen
Norberg
Nordalbanien
Norddeutscher Bund
Norddeutschland
Nörden
Nordenberg
Nordengland
Nordfolk
Nordgau
Nordhausen
Nordirland
Nordkalifornien
Nordkamerun
Nordkap
Nordkorea
Nördlincen
Nördlingen
Nordmazedonien
Nord-Ostsee-Kanal
Nordrhein
Nordrhein-Westfalen
Nordsee
Nordsiebenbürgen
Nordtranssilvanien
Nordungarn
Nordwasiristan
Nordwestrussland
Nordwest-Territorien
Norernbërc
Normandie
Nørrejylland
Nortbërc
Norternbërc
Nortgöu
Northa
Northanhem
Northberg
Northdal
Northeim
Northem
Northga
Northhusin
Northkoping
Northland
Northlandingafiorthing
Northmarka
Northronoia
Northumbraland
Northumbralant
Northweg
Nortkäufing
Nortländingvirting
Nortlant
Nortmark
Nortsibernbërcen
Norttal
Nortvolk
Nortweg
Nortweich
Norwege
Norwegen
Norþwik
Nösen
Nossiwka
Nowgorod
Nowhorod-Siwerskyj
Nowhorodske
Nowohrad-Wolynskyj
Nowonikolajewsk
Noworossijsk
Noworschew
Nowoscharejewo
Nowosibirsk
Nowosil
Nowoslobodskaja
Nowosybkow
Nubien
Nürnbarg
Nürnberg
Nur-Sultan
Nuurten
Nyeuberghe
Nyjersey
Nyschni Worota
Oarhoes
Oaveriessel
Oaversticht
Oberägypten
Oberbayern
Oberbosnien
Ober Bretagne
Oberfranken
Oberglogau
Oberitalien
Oberlitauen
Oberlothringen
Oberösterreich
Oberpahlen
Oberschläsing
Oberschlesien
Obersee
Obersteier
Oberswidnik
Obervellach
Obervolta
Oberwart
Oberwisöu
Obornik
Ochansk
Ochsenfurt
Ochsenhausen
Ochsernhousen
Ödenburg
Odenpäh
Oderhellen
Ödernbërc
Odojew
Odomanten
Odrau
Odwinesburg
Oekraïne
Oestringfelde
Ofen
Ofer-Baiarn
Ofer-Lutherungan
Ofernbërc
Ofernbërc-Recen
Offenburg
Offenburg-Regen
Oghusen
Ohlau
Ohsobruggia
Ohsunford
Okavangoland
Okelbau
Oklahoma Schtadt
Oktjabrsk
Ökumenisches Patriarchat
Okzitanien
Oldenburg
Oldernbërc
Oldewater
Olenbücken
Ölengti
Oleschky
Ollnborg
Olmütz
Olonez
Öls
Olsagebiet
Oltenien
Olymp
Olynth
Onikschten
Onoltesbach
Ontariosee
Ooltmark
Oostenn
Öösterriek
Öösterriek-Ungarn
Oostfreesland
Oostnriek
Opanburg
Opatowitz
Oppeln
Opperfranken
Oranien
Orawitz
Ordemburg
Orden des Heiligen Antonius
Orden von Kalatrava
Orden von Sankt-Jakobus
Orechowo-Sujewo
Orenburg
Orernbërc
Orjachowo
Orjol
Orlamünde
Orlau
Orscha
Orschowa
Ortelsburg
Orternbërc
Orthenberg
Ortulfsbërc
Ortulfsburc
Ösch
Oschakan
Ösel
Ösel–Wiek
Osgowo
Oslo
Osmaansch Riek
Osmanisches Reich
Osnabrück
Osnabrucke
Osningland
Osrhoene
Ossegg
Ossenbrugge
Ossenbrügge
Ossipenko
Ostanatolien
Ostangeln
Ostarburg
Ostarrîchi
Ost Bengal
Ost-Berlin
Osteht
Ostenburg
Ostende
Ostendi
Osterbërc
Österbotten
Osterburg
Osterhofen
Osterland
Osternbërc
Osterode
Osterpurge
Österreich
Österreich-Ungarn
Osterwalde
Osteuropa
Ostfalen
Ostflorida
Ostfranken
Ostfriesland
Ostghats
Ostgotlant
Ostisland
Ostjerusalem
Ostkap
Ostkent
Östliche Wüste
Ostmanapien
Ostmark
Ost Marka
Ostrau
Östrich
Ostriki
Oströmisches Reich
Ostsachsen
Ostsajan
Ostsibirische See
Ostslowakei
Osttexas
Ostthrakien
Ost-Tunguska
Ostund
Ostusden
Osurgeti
Oterndörp
Othinburg
Otschakow
Ottaresberg
Ottmachau
Ottomaanse Riek
Oudenburg
Oudernbërc
Ouwæresbërc
Ovarisal
Oversticht
Pabekastr
Padanien
Paderborn
Padua
Paionien
Palästina
Palinza
Palster
Palz
Pamphylien
Panamakanal
Pandschakent
Pantschowa
Papa
Papanberg
Papenburg
Papernbërc
Paphlagonien
Pardan
Paresbërc
Paries
Paris
Pariser Kommune
Parnass
Parsberg
Parthien
Passau
Pastawy
Patagonien
Patterbuorn
Pavosdom
Pawlodar
Pawlowo
Pazifischer Raum
Peipussee
Peisern
Peking
Pelagonien
Pelgön
Pellworm
Peloponnes
Peñíscola
Pennsilfaani
Pennsylvanie
Perejaslaw
Perejaslawl
Perejaslawl-Rjasanski
Pereslawl-Salesski
Peressopnyzja
Perlberg
Perlebërc
Perleberg
Pernau
Pernegg
Pernstein
Perscoran
Perwomajsk
Peschawar
Pest
Peterlincen
Peterlingen
Peterwardein
Petrikau
Petritsch
Petrosawodsk
Petschenegen
Petschenga
Petschora
Petschory
Petswar
Pettau
Pettöu
Pfaliz Ache
Pfalz
Pfalz Aachen
Pfanernbërc
Pfannberg
Pfannenstiel Floridas
Pfannenstiel von Oklahoma
Pfeffincen
Pfeffingen
Pfirt
Pflaum
Pforzheim
Pfraumberg
Philippinen
Philippinensee
Phleius
Phoinike
Phokis
Phönizien
Phrygien
Piben
Piemont
Pikaljowo
Pikesburg
Piktavien
Pilsen
Pilten
Pilzen
Pinnbarg
Pinnebërc
Pinneberg
Pinquent
Piräus
Pirian
Pisek
Pisidien
Pistyan
Pitesk
Pitten
Pittsbarig
Piuchtwancen
Pizunda
Pjöngjang
Plankstetten
Plass
Plassenburc
Plassenburg
Plassernbërc
Plataiai
Plateau von Djado
Plauen
Plawsk
Pleskau
Plesköu
Pless
Pleß
Plewen
Plintenburg
Plinternbërc
Pliustat
Plön
Plöön
Plotzk
Plowdiw
Poclintun
Podgoritz
Podlachien
Podolien
Podossinowez
Podporoschje
Podujeva
Pogesanien
Pogrell
Pohanska
Pokrow
Pokrowsk
Polancen
Polanen
Polangen
Polazk
Pole
Pol-e Dochtar
Polei
Polen
Polen-Litauen
Polesien
Poltawa
Polynesien
Pomesanien
Pommerellen
Pommern
Pompeji
Ponewesch
Pontos
Portenau
Portugiesisch-Guinea
Poschegg
Posen
Poswol
Potok am Bodroch
Powenez
Praag
Prag
Praissen
Predbor
Preekuln
Premissel
Prentzlow
Prenzlau
Prerau
Preslavasburc
Pressburg
Preßburg
Preußen
Preuzen
Priemen
Primkenau
Priwitz
Prökuls
Prokyon
Prschewalsk
Prüm
Pruntrut
Prust
Pskow
Puchöu
Pugatschow
Pukantz
Püttlingen
Putywl
Putzig
Pvrouwmbërc
Pyrenäen
Pyritz
Pytalowo
Qalʿat Nadschm
Qandyaghasch
Qaskeleng
Qasr al-Heir asch-Scharqi
Qinghai-See
Qostanai
Quakenbrück
Qubodijon
Queddelnborg
Quedlinbërc
Quedlinburg
Querfurt
Quitzow
Quokenbrügge
Qysylorda
Raab
Raastäe
Rabebërc
Raben
Rabenstein
Rabenswalde
Racenesbërc
Rachiw
Radebeul
Rädichau
Radisch
Radstadt
Radstat
Ragenesburc
Ragnit
Ragusa
Raigern
Raischslond Elsaß-Lothringe
Rajetz
Ramsöu
Rantzau
Ra’s al-Chaima
Rasgrad
Ra's Tanura
Rastenburg
Rasternbërc
Raszien
Ratibor
Rätien
Rating
Ratzborg
Ratzebërc
Ratzeburg
Raucheweich
Rauchohele
Raumöu
Rauschenbach
Ravenesbërc
Ravengiersburg
Ravensberg
Ravenstein
Rawanduz
Raygrod
Rebgau
Rebgöu
Recenesbërc
Recklinghausen
Reddin
Redeford
Regansburg
Regensberg
Regensburg
Regenstein
Regensten
Regnaldesburg
Rehau
Rehbaue
Rehbue
Rehden
Reichenbach
Reichenhall
Reichersberg
Reichmunt
Reichsland Elsaß-Lothringen
Reifferscheid
Reifnitz
Reihe
Reinfeld
Reinhardsbrunn
Reinholdöu
Reinickendorf
Reisebërcen
Reisebergen
Reisläufer
Reisöu
Rekarne
Rekasch
Rekkelhoezn
Remagen
Rendsbërc
Rendsborg
Rendsburg
Renndorf
Rennenkaufing
Rennienkoping
Reppen
Reppenstää
Reppenstedt
Resche
Reschitz
Resiatal
Retschyza
Retz
Reurmond
Reuß
Reutlingen
Reval
Revel
Reykjavik
Rhäzüns
Rhein
Rheinberg
Rheineck
Rheinfelden
Rheinfels
Rheingöu
Rheinland
Rheinland-Pfalz
Rhien
Rhienland-Palz
Rhodesien
Rhodopen
Rhoi
Rhoiland-Palz
Rhoilond-Palz
Riad
Riäkelhusen
Ribnitz
Richæresbërc
Richenhall
Ricklingen
Ridnase
Riedfeld
Rien
Rieneck
Riesenburg
Rietberg
Rijnbarg
Rikesbodal
Rin
Rinahgowe
Rínbërc
Rínfelden
Rinfelis
Rínfels
Ringstadt
Ringstat
Ringstattholm
Rinteln
Ripen
Risernbërc
Ritbërc
Ritter der Sonne
Rixincen
Rixingen
Rjasan
Rjaschsk
Robaais
Rockenhausen
Rodeford
Roden
Rodenfelis
Rodunburg
Roeaan
Roemenië
Roest
Rofreit
Rogaland
Rogasen
Roggehause
Roggelant
Roggoland
Roia
Rokewik
Rokhole
Rom
Romanei
Romanien
Romanow an’n Murman
Romeinse Riek
Romerike
Romesmark
Römisches Kaiserreich
Romisc Kesariki
Römise Kaiserzeit
Rommersdorf
Rommersdörp
Romstal
Ronneburg
Röömsch Riek
Roschtschino
Rosenau
Rosenberg
Rosenfelde
Rosenöu
Rosernbërc
Rosette
Rositten
Roslawl
Rosnou
Rößel
Rossenburg
Röst
Rostow
Rotaland
Rotefels
Rotefurt
Rotenburg an der Fulda
Rotenhof
Rotes Meer
Rotharmuth
Rothenstein
Rothensten
Rothernbërc
Rotruthenien
Rottenburg
Rottenmann
Rötterdaam
Rotternbërc
Röu
Rouran
Routhebiria
Röwne
Rozan
Rozzernbërc
Rschew
Rtischtschewo
Ruanda
Rubinica
Rücenwalde
Ruchsbërc
Ruchungheim
Rudach
Rudermund
Rüdigersquelle
Rudolstadt
Rudolstat
Rugan
Rügenwalde
Rügenwoold
Ruihen
Rum
Rumänien
Rumeenie
Rumenea
Rummasoia
Rummelesbërc
Rummelsburg
Rümnick
Rungholt
Ruppertsburg
Rushicen
Rushigen
Ruslaand
Russenart
Russisches Kaiserreich
Russland
Rußland
Russlond
Ruthenien
Rybnick
Saalfeld
Saar
Saarbërc
Saarbrigge
Saarbrücken
Saarburg
Saarland
Saarlond
Sààrwerde
Saaz
Sabagura
Saboltsch
Sachalin
Sachintos
Sachsekaufing
Sachsen
Sachsen-Anhalt
Sachsen-Coburg-Gotha
Sachsen-Lauenburg
Sachsen-Meiningen
Sachsen-Weimar
Sächsisch-Regen
Sächsis-Recen
Sackele
Safen
Saffenburg
Safhousen
Saftesbërc
Safzaun
Sagan
Sagunt
Sahsukoping
Sahsun
Saint-Pierre und Miquelon
Sajan
Sakkara
Saksä
Saksä-Aahald
Saksen
Saksen-Aanhoalt
Saksin
Salamiyya
Salchad
Salechard
Salern
Salfelt
Salfurt
Salhesgarde
Salismünde
Sallaand
Sallech
Saloford
Salonta
Saltburg
Saltunga
Saltwik
Salza
Salzbërc
Salzberg
Salzburc
Salzburg
Salzgitter
Salzuncen
Salzungen
Salzwedel
Salzweich
Samarqand
Samawa
Sambia
Sambir
Sameiten
Samland
Samothraki
San Antonio
Sanct Botwulfsun
Sandbach
Sandbaki
Sandelswalde
Sandez
Sandia
Sandomir
Sandöu
Sandweich
Sangerhausen
Sangerhousen
Sankt Alban
Sankt Andrä
Sankt Andreas
Sankt Avold
Sankt Benedikt
Sankt Blasien
Sankt Didakus
Sankt Dominikus
Sankt Emmeran
Sankt Ferdinand
Sankt Florentin
Sankt Gallen
Sankt Georgen
Sankt Gotthard
Sankt Immer
Sankt Johann
Sankt Julian
Sankt Kundbert
Sankt Kuthberht
Sankt Lambrecht
Sankt Laurenz
Sankt Lourenz
Sankt Ludwig
Sankt Ludwig bei Pfalzburg
Sankt Nikolaus
Sankt Paulus
Sankt Peter
Sankt Peteresbërc
Sankt Petersborg
Sankt Petersburg
Sankt Pölten
Sankt Portianus
Sankt Quentin
Sankt Thomas
Sankt Trudpert
Sankt Veit
Sannar
Sanneck
Sannecke
Sansibar
Santa-Barbara-Kanal
Santa Ponça
Santorin
Sappenburc
Sappernbërc
Sapring
Sarachs
Saragossa
Sarajewo
Sarand
Sarandsch
Saratow
Sardes
Sardinië
Sardinien
Sardinien-Piemont
Sargassosee
Sarmatien
Sarow
Sarrewerden
Sartebërc
Sarventikar
Sarwasch
Sarwmanpur
Saryschaghan
Saslauje
Sassen
Sassen-Anholt
Sassöu
Sathmar
Saudi-Arabien
Sauernbërc
Saumbërc
Saurashtrien
Sausenberg
Sausernbërc
Saust
Savanne von Bogota
Savoyen
Sawakin
Saybus
Säzbërc
Sbarasch
Schabankara
Schabestar
Schabwat
Schadrinsk
Schaffhausen
Schagarren
Schahrazor
Schahr-e Gholghola
Schahr-e Suchte
Schaizar
Schalauen
Schalqar
Schalta
Schamaiten
Schandi
Schärding
Scharnikau
Scharosch
Schäßburg
Schatili
Schauenburg
Schaulen
Schaumberg
Schaunberg
Schbaya
Schelklingen
Schemaitien
Schemnitz
Schengen-Raum
Schenkursk
Scheps
Schibam
Schieratz
Schildberg
Schimand
Schimeck
Schindschattenberg
Schinen
Schiringsäle
Schitiqara
Schlanders
Schläswisch
Schläswisch-Holschdä
Schlawe
Schleitheim
Schlesien
Schleswig
Schlettstàdt
Schlobin
Schloss Kalmar
Schlüchtern
Schlüsselberg
Schlüsselburg
Schmalkalden
Schmidtburg
Schnackenburg
Schneidemühl
Schnurnes
Schomodei
Schön
Schönau
Schönburg
Schonen
Schöner Markt
Schonewik
Schongau
Schönhausen
Schöönhusen
Schotlaand
Schottische Garde
Schottisches Hochland
Schottland
Schpaani
Schrimm
Schroda
Schtschutschinsk
Schtschutschyn
Schumen
Schumsk
Schuschtar
Schussenried
Schüttenhofen
Schüttrup
Schützen
Schwabach
Schwaben
Schwalenberg
Schwanenburg
Schwarzburg
Schwarzenberg
Schwarzer Gürtel
Schwarzes Meer
Schwarzwald
Schweden
Schwedische Afrika Compagnie
Schwedt
Schweidnitz
Schweinfurt
Schweinhaus
Schweiz
Schweizergarde
Schweizer Mittelland
Schwerin
Schwerin an der Warthe
Schwertbrüderorden
Schwertz
Schwiebus
Schymkent
Schytomyr
Sebel
Sebennytos
Sechshard
Seckau
Secken
Secköu
Sedschopff
See
Seeland
Seelant
Seerhein
Segelschiff
Segescha
Seine
Selbërc
Selburg
Selen
Selenogorsk
Selicenstat
Seligenstadt
Selz
Semgallen
Semlin
Semplin
Senesbërc
Sensburg
Seoland
Sepschi
Sera
Serbien
Serentsch
Sereth
Serpuchow
Serres
Servië
Servien
Sessolen
Seßwecen
Seßwegen
Seto-Inlandsee
Sewastopol
Sewerien
Sewsk
Seychellen
Sezgedin
Shackleton-Bruchzone
Sheathfeld
Shepheling
Shiliguri
Shkodra
Sibenlinden
Sibennig
Siberie
Sibernbërcen
Sibirien
Sicen
Sichzaun
Sidschilmasa
Siebenbürgen
Siegen
Sieglos
Sigerichsache
Siget
Sigiberg
Sigirikesaha
Sigmaringen
Siktuna
Silberbërc
Silberbërc Slass
Sillein
Siltbërc
Siluvarburg
Siluvarburg Slut
Simonsturm
Sinai
Sinaloa-Kartell
Sindekatzebërc
Sindelfingen
Sindika
Sindschar
Singapur
Sinterhoch
Sint-Petersborg
Sirbrunne
Sirtz
Sissek
Sissi
Sīstān
Si Thep
Sivunburgium
Sizilien
Sjetlaand
Sjewjerodonezk
Sjunik
Skagen
Skalitz
Skanderburg
Skandernbërc
Skandinavie
Skandinavien
Skaptun
Skardeburg
Skathoia
Skathunoia
Skauwonberg
Skeppian
Skepsis
Skera
Skireburnan
Skoni
Skotchöu
Skwadas
Skythien
Slaglösen
Slan
Slankamen
Slatoust
Slawonien
Sleeswiek
Sleeswiek-Holstain
Sleeswig
Sleeswig-Holsteen
Sleitheim
Sleswig
Sleswik
Slettstadt
Slihtstedi
Sliwen
Sloes
Sloveniën
Slowaaki
Slowaaknlaand
Slowakei
Slowenien
Slowjanohirsk
Slüzelbërc
Sluzk
Smaland
Smalant
Smalkalda
Smederewo
Smihel
Smitbërc
Snackernbërc
Snodingheim
Snotingaham
Sobols
Sobranz
Sochumi
Soest
Söglincen
Söglingen
Sohrau
Sokotra
Soldau
Soldin
Solhem
Soligalitsch
Solin
Sollnock
Solms
Solothurn
Solowezki
Soltborg
Soltgitter
Soltwedel
Solwytschegodsk
Solzy
Sombor
Sommerein
Sommerfeld
Sön
Sönbërc
Sonderbërc
Sonderburg
Sonen
Sönhaupt
Sonneberg
Sonoita
Sonöu
Sontra
Sorbonien
Sorno
Sorrent
Sortawala
Sosnyzja
Sosopol
Sotschi
Souernbërc
Sowetsk
Spallinge
Spanheim
Spanien
Spanje
Spannhem
Speinshart
Spencernbërc
Spengenberg
Speyer
Spielberg
Spilbërc
Spinal
Spitinau
Spitz
Spreewald
Spreewoold
Sprembërc
Spremberg
Sprottau
Srubesbërc
Stablo
Stachebërc
Stade
Stadlaun
Stadtlohn
Stadt Luxemburg
Stadt Okna
Stæþford
Stahelbërc
Stahelburc
Stahlburg
Stakoburg
Staleggia
Stalin
Stalingrad
Stalino
Stalinstad
Stalinstadt
Stamforda
Stampfen
Stanga
Stange
Stanislau
Stapan
Starhembërc
Starhemberg
Stariza
Starkenberg
Starkernbërc
Staßfurt
Stat Okna
Stätte der Steinernen Stadt
Stauf
Staveren
Staveyer
Stavoran
Stedin
Steiermark
Stein
Steinamanger
Steinau
Steinedal
Steines
Steinfurt
Steinmetz
Steinvikholmen
Steinwag
Steinweichholm
Stemmert
Stendal
Stenes
Stenford
Stenwag
Stenwikholm
Sternbërc
Sternberg
Stettin
Stettiner Haff
Steyr
Stienwiek
Stiormarka
Stockholm
Stode
Stodgarden
Stokkholm
Stolhwitumburg
Stolp
Stolpe
Stood
Storkow
Stouf
Stralsund
Strandweich
Strandwik
Strangnasa
Strangnase
Strasbërc
Strasburg
Straßborg
Straßburg
Straßburg am Mieresch
Stratburg
Straubing
Strazbërc
Strehlitz
Strelno
Striuelin
Strombërc
Stromburg
Stroosburi
Stubenberg
Stubernbërc
Stüdenitz
Stühelincen
Stuhelwízernbërc
Stühlingen
Stuhlweiß
Stumpach
Stuttgart
Stutthof
Styre
Subzow
Südafrika
Sudauen
Südböhmen
Südchina
Süddeutschland
Südenkaufing
Südenmannland
Süderjütland
Sudetenland
Südfenn
Südgeorgien
Südgöu
Südhammezaun
Südhannover–Braunschweig
Südirland
Sudislawl
Süditalien
Südkalifornien
Südkorea
Südländingfiordung
Südmanlant
Südregaunwerk
Südregöu
Südrohr
Süd Sachsen
Südserbien
Südsudan
Südtirol
Südvolk
Sudwelen
Südwestafrika
Sues
Suezkanal
Sullefteach
Sultanpur
Sultanpur Lodhi
Sundainseln
Sundarburg
Sunnebërc
Sunscha
Suojarwi
Süpplingenburg
Süpplingernbërc
Suran
Surinaem
Surinam
Susdal
Suthberie
Suthfeni
Suthga
Suthkoping
Suthlandingafiorthing
Suthmanland
Suthwellan
Suthweorc
Süüd-Carolina
Süüddakota
Süüd-Dakota
Süüdkorea
Suwalken
Suwalkon
Sveden
Swabach
Swaban
Swaben
Swalernbërc
Swaljawa
Swallow-Riff
Swanthorp
Swartaburg
Swartunberg
Swarzbërc
Swarzebërc
Swarzernbërc
Swatte Meer
Sweden
Sweinhous
Swell
Swella
Swelle
Swenburg
Swenigorod
Swenyhorod
Swenziany
Sweóland
Swerdbróthar Ordan
Swerdlowsk
Swerin
Swertbróder Orden
Swertbrüeder Orden
Swetlogorsk
Swiboßin
Swibus
Swiccil
Swienemünn
Swinemünde
Swinford
Swinfort
Swischtow
Swithun
Swjatohirsk
Syktywkar
Syrakus
Syrië
Syrien
Syrische Wüste
Syrmien
Syrmisch Mitrowitz
Sysran
Sytschowka
Szeklerbërc
Szeklerburg
Szeklerland
Szeklerlant
Szekler Neumarkt
Täbris
Tadjoura
Tadschikistan
Tagant
Tahhringan
Taif
Taifalen
Taimyrien
Taipeh
Taiwon
Talgarþ
Tallin
Talsen
Tambow
Tammasing
Tamsweg
Tanganjika
Tanger
Tangermünde
Tangermünn
Tanzaun
Tapiau
Tarent
Tarnow
Tarnowo
Tartaree
Taschir
Taschkent
Tasmanien
Tatarei
Taubenberg
Taubernbërc
Tauroggen
Taus
Tausch
Tazerbo
Tecklenburg
Tecklernbërc
Tegerfelden
Teheran
Teindles
Tels
Telsche
Teltsch
Temesbërc
Temesch
Temeschkubin
Temeswar
Temnikow
Templerbërc
Templerburg
Templerorden
Teneriffa
Terebowlja
Teregowa
Tergoschwyl
Tergowisch
Ternberg
Teschen
Tessel
Tetenbüll
Tetschen
Teuerstadt
Teuerstat
Teutschau
Teviotdæl
Texas-Pfannenstiel
Thanhousen
Thannhausen
Theben
Theilheim
Theiß
Theisshügel
Theodosiopel
Thesheritogonbusk
Thessalien
Thessaloniki
Thienen
Thierstein
Thiersten
Thietmaresca
Thinghohan
Thingwald
Thiodford
Thiodissa
Thiodmalli
Thipanawi
Thiudianhofum
Thiustri
Tholen
Thorenburg
Thorernbërc
Thoreveda
Thorn
Thornbërc
Thornburg
Thorp
Thorsas
Thorshoaven
Thragiliburg
Thrakien
Thrakisches Meer
Thriefelis
Thriendi
Thübein
Thuchol
Thunarakkar
Thunarans
Thunareshavan
Thunarmuth
Thunarwald
Thuralsten
Thürincen
Thuringan
Thüringen
Thurodrid
Tiäkenbuorg
Tichwin
Tierberg
Tiflis
Tihama
Tiiringä
Tikkehull
Tilbërc
Tilburg
Tilsit
Timanrücken
Tìmpelders
Timuriden
Tintagel
Tipaza
Tirbërc
Tirebaut
Tirol
Tirool
Tittmoning
Tiustedi
Tjoploje
Tjumen
Tocharistan
Toggenburg
Toggensbërc
Toksowo
Tokugawa-Shogunat
Toledo-Streifen
Tolkemit
Tollensanen
Tolnau
Tolofona
Tölz
Tondern
Tongern
Tönning
Tonningen
Töpel
Topoltschan
Törkie
Tornöu
Toropez
Torschok
Törzbërc
Törzburg
Toskana
Toskana und Umbrien
Totanas
Totehem
Totiserkolonie
Tourocen
Töwchön
Toxandrien
Trabzon
Tracken
Traken
Tranopol
Transdanubien
Transjordanien
Transjuranien
Transnistrie
Transnistrien
Transoxanien
Transsilvanien
Trapezunt
Trau
Traun
Traungau
Traunick
Traunstein
Traunsten
Trausnitz
Travemuthe
Travunien
Trebing
Trebischau
Trebitsch
Trebnitz
Trefen
Treffen
Trelleborg
Tremessen
Tremezzen
Trente
Trentsin
Trestenburg
Tresternbërc
Treubërc
Treuburg
Treuen
Treven
Treysa
Tribsees
Trient
Triest
Trimbërc
Trimburc
Trimburg
Trinidad und Tobago
Tripolis
Tripolitanien
Triuwiburg
Trjawna
Troizen
Troizk
Troppau
Trostloser Isthmus
Trouen
Troungöu
Tröusnicca
Tsadsa
Tsakathoren
Tsakathurn
Tsakowa
Tschabe
Tschakwar
Tschameeki
Tschanad
Tschaslau
Tscheboksary
Tschecherei
Tschechie
Tschechien
Tschechoslowakei
Tscheljabinsk
Tschenstochau
Tscherepowez
Tscherkassy
Tscherkessien
Tschernigow
Tschernjachowsk
Tschernowitz
Tscherwen
Tscherykau
Tschibuti
Tschongrad
Tschornobyl
Tschortkiw
Tschuchloma
Tschudowo
Tschuhujiw
Tschumikan
Tschupaniden
Tschussowaja
Tschuwaschien
Tsenstochöu
Tsjechie
Tübërc
Tüberg
Tübincen
Tübingen
Tuckum
Tull
Tultscha
Tunberg
Tunesien
Turau
Turdetanien
Turdosin
Tureng
Türkei
Turkie
Turkije
Turz
Twebruggia
Twer
Twistrincen
Twistringen
Twustern
Tyrnöu
Tyros
Tyrrhenisches Meer
Tysmenitz
Überlincen
Überlingen
Übermemel
Ucenois
Ucramund
Udmurtien
Udscharma
Uebereyl
Uelzen
Uffenheim
Uggenois
Uglitsch
Uigurien
Uljanowsk
Ulm
Umbibak
Ungarn
Ungwar
Unienau
Uniwersitet
Ünnerfranken
Unsterbliche
Unterägypten
Untere Isar
Unterfranken
Unterkubin
Untersee
Unter-Wintz
Upakkar
Upanhem
Upland
Uplisziche
Upseles
Usbekistan
Uschhorod
Uschyzja
Useldingen
Ust-Ischim
Ustiużna
Ustjug
Ustjug-Schelesny
Ustjurt
Ust-Kataw
Ust-Seiski
Uswjaty
Utenen
Uthlande
Utstein
Üxküll
Vaihincen
Vaihingen
Vala
Valentz
Valparais
Vamanasthali
Vanthali
Varaklani
Varangal
Vaticaan
Vatikaan
Vatikan
Vatsagulma
Vechta
Vechte
Veern
Vegl
Veji
Veldenz
Venedig
Venetien
Venies
Venta Silurum
Verden
Verdun
Vereenigte Araabsche Emiraten
Vereinigte Arabische Emirate
Vereinigte Belgische Staaten
Vereinigte Niederlande
Vereinigtes Baltisches Herzogtum
Vereinigtes Königreich
Verein von Egoisten
Vertragsoman
Vestewig
Vianden
Vicen
Vielin
Vieques
Vigen
Vikramashila
Vilshofen
Virnebërc
Virneburg
Vischhusen
Vitalienbröder
Vitalienbrüder
Vlaanderen
Vlora
Vöcklabruck
Vogtland
Vohbërc
Vohburc
Vohburg
Vollenhofe
Volmarstein
Vorarlberg
Vörbnick
Vorpommern
Vörpommern
Vreghdernbërch
Vrouwernbërc
Vrouwstat
Vucchingen
Waadt
Waagbistritz
Waalnlaand
Wabanaki-Konföderation
Waderbrunno
Wadford
Wadigaan
Wæringwic
Wahlstatt
Waimouthe
Waitzen
Walachei
Walbeck
Waldai
Waldal
Waldbrüder
Waldeck
Waldeggia
Waldek
Waldenburg
Waldernbërc
Waldheim
Waldhem
Waldkirchen
Waldrode
Waldsassen
Waldsassengau
Waldsazzen
Waldtal
Walenungfurt
Walfischbucht
Walfischrücken
Walhi
Walhis
Walk
Walkanhriod
Walkenried
Wallaby-Plateau
Wallerfangen
Wallis
Wallonien
Waloschyn
Walsrode
Waltsazi
Wancen
Wang
Wangen
Warägergarde
Warasdin
Warbërc
Warberg
Wardein
Warendorf
Warendörp
Wargaschi
Warhem
Warmlant
Warna
Warnowen
Warschau
Wartbërc
Wartburc
Wartburg
Wartenberg
Warternbërc
Wartha
Warweich
Wasernbërc
Washim
Waskanberg
Wassenberg
Wasserburg
Wasserfurt
Wasserschteddel
Wassjugan
Wassluy
Wassylkiw
Watarford
Waterbrunne
Watfurt
Wattenmeer
Waukawysk
Waxenstein
Wazenfurt
Wazzerbërc
Wazzerburc
Webariloh
Weben
Wedemarka
Wegsee
Wegseo
Wehlau
Wehrenungweich
Wehrheim
Weich
Weichen
Weichsel
Weichselbërc
Weichselberg
Weida
Weiden
Weihbërc
Weihnachtsinsel
Weihöu
Weilbërc
Weilburc
Weilburg
Weinesbërc
Weinesberg
Weinheim
Weinitz
Weißbrunn
Weiße Horde
Weissenau
Weissenburg
Weißenburg
Weißenohe
Weissernburg-am-Sand
Weißingsau
Weißkirchen
Weißkirikan
Weißrussland
Weitenstein
Welbaschd
Welhartitz
Welikije Luki
Welisch
Wels
Welsch-Oth
Welsk
Welsmünster
Welster
Welten
Welun
Welungaforda
Welykyj Beresnyj
Wenden
Wendisches Reich
Wenia
Weperevorthe
Werbass
Werchowaschje
Werchowje
Werdenburg
Werdernbërc
Werihem
Werkeswerth
Werkwert
Werle
Wernigerode
Werny
Weroldan
Wersau
Werschetz
Werser
Wersöu
Werth
Wertheim
Wertschaal
Weschke
Wescht Wirschini
Wese
Wesel
Wesenberg
Wesenbergh
Weser
Weser-Ems
Wesernbërc
Wesseli
Wesseli an der Lainsitz
Wessjegonsk
Westarmenien
West-Aserbaidschan
Westbengalen
West-Berlin
Westenarus
Westeuropa
Westfaled
Westfalen
Westfalia
Westfjorde
Westflorida
Westfranken
Westfreesland
Westfriesische Inseln
Westfriesland
Westfrisland
Westfrislant
Westgotlant
Westhaus
Westhous
Westhus
Westisland
West-Kaap
Westland
Westlant
Westmakedonien
Westmanapien
Westmanlant
Westmünster
Westmuorungalant
Westoia
Westöu
Weströmisches Reich
West Sachsen
Westsajan
Westslowakei
West-Tunguska
Westusden
Westweich
Westwik
Wetereiba
Wetharford
Wetluga
Wetterau
Weyssenburg
Wiärl
Wibërc
Wiburg
Wicumun
Widderfurt
Widenbrucke
Widin
Wied
Wiedenbrück
Wiek
Wien
Wiena
Wienæreniustat
Wienen
Wienerneustadt
Wiesbadde
Wiesbaden
Wieselburg
Wiesensteig
Wietmarschen
Wietmörsken
Wiflisbërc
Wiflisburg
Wihburg
Wihitsch
Wihmeri
Wihoia
Wik
Wikan
Wildenburc
Wildenburg
Wildernbërc
Wildishusen
Wildon
Wilejka
Wilhelmshaven
Wilhelmstatt
Wilhering
Wilkemircene
Wilkomir
Wilkowischken
Wilkowischkon
Willemshaven
Willenberg
Willernbërc
Williohelmstedi
Wilmesau
Wilna
Wilshusen
Wilster
Wiltbërc
Wiltberg
Wiltun
Wiltunscīr
Wimmerbu
Windberg
Windburc
Windhuk
Winkelkumpf
Winkilkumb
Winniza
Wintbërc
Wiogoraceastre
Wipperfürth
Wirlant
Wirowititz
Wirowitiza
Wirten
Wirtten
Wisefurt
Wiselbërc
Wissbade
Wit-Ruslaand
Wittcenstein
Wittenberg
Wittenstein
Witternbërc
Wittgenstein
Wittingen
Wittrussland
Wizebsk
Wízenburc
Wízernbërc
Wízernbërc-am-Sand
Wízingsöu
Wízkirche
Wíz Kirche
Wízlich
Wízmund
Wjangi
Wjasma
Wladimir
Wladiwostok
Woarschau
Woarthe
Wocchingas
Wodanwih
Woheldernbërc
Wohlau
Wohldenberg
Wöhrden
Woinem
Woiwodina
Wolchow
Woldenberg
Woldernbërc
Wolfenbüttel
Wolfratshausen
Wolga
Wolgabulgaren
Wolgodonsk
Wolgograd
Wolhynien
Wolkenstein
Wolkonsten
Wollastonsee
Wollin
Wollstein
Wolmar
Wolodymyr
Wolodymyr-Wolynskyj
Wologda
Wölpe
Wolschski
Woms
Wonnebrunn
Wooldeck
Wooldenburg
Wooldirchen
Wooldkirikan
Wooldsassen
Wormazfeltgowe
Wormditt
Worms
Wormsgau
Woronesch
Woroschylowgrad
Worskla
Woseil
Wosnessensk
Wostoksee
Woswjagel
Wotanwich
Wotkinsk
Wragl
Wrangelshof
Wratzlau
Wronke
Wschtschisch
Wukowar
Wulfenbüddel
Wulfenbüttel
Wulfesberg
Wulfesthorp
Wülfingen
Wulfruneheantun
Wulfsdörp
Wulfumbudil
Wunnebrunn
Wunniaburnen
Wünsdorf
Wunsdörp
Wupperdaal
Wuppertal
Wupperthal
Würben
Wurtburg
Wurthadal
Württembërc
Wurttemberg
Württemberg
Württemberg-Hohenzollern
Wurzbërc
Würzborg
Wurzburc
Würzburg
Wylok
Wynohradiw
Wyschehrad
Wyschhorod
Wyschni Wolotschok
Wyschnja
Wyssozk
Wytatschiw
Wytegra
Wytschegda
Xanten
Xiva
Yahmur
Yarkant
Yarrick
Yatakala
Yoorg
York
Ypern
Ysselstein
Yssykköl
Zachlumien
Zachur
Zambézia
Zamtang
Zandschan
Zantoch
Zara
Zarizyn
Zarjowokokschaisk
Zaunbërc
Zaunberg
Zaunbrucke
Zaunbrücke
Zchinwali
Zeben
Zechenau
Zeelaand
Zehden
Zeiden
Zein
Zeitz
Zelinograd
Zelking
Zengg
Zenith-Plateau
Zenta
Zentralafrikanische Republik
Zentralasien
Zentralgriechenland
Zentralmakedonien
Zentralrussland
Zentralserbien
Zerbst
Zeringen
Zetina
Zeven
Zibak
Zicenhain
Zichia
Zickehull
Zickelhid
Ziegenhain
Zieglet
Zielenzig
Zillenmarkt
Zindschibar
Zinnowitz
Zips
Zirich
Zitadelle von Amman
Zitadelle von Damaskus
Zittau
Ziwilsk
Znaym
Zobten
Zollern
Zombor
Zoppot
Zurich
Zürich
Zürichgau
Zurih
Zurvanismus
Zurz
Züsswein
Zutfent
Zutz
Zuud Karolina
Zuud-Korea
Zwatte Zee
Zweebrigge
Zweibrucken
Zweibrücken
Zwettl
Zwiahel
Zwickau
Zwiefalten
Zwiendrecht
Zwillingsstädte
Zwolle
Zypern
Þiudiskland
Þiudisklandą
