Abbazia di Bonnevaux
Abbevilla
Abcasia
Abido
Abissinia
Abrètana
Abruzzi
Abruzzo
Acaia
Acarne
Acerenza
Acerra
Achaia
Acquamorta
Acque di Savoia
Acque Morte
Acque Regie
Acqui
Acrefia
Acreno
Acri
Acrocoranto
Acrotiri
Acrotoo
Adal
Adalia
Adernò
Adjim
Adramittio
Adramizio
Adrano
Adria
Adrianopoli
Adua
Afgoi
Africa Australe
Africa Centrale
Africa Occidentale
Afrodisia
Agda
Agiasso
Agiuran
Agnone
Agosta
Agrigento
Agrinio
Aiaccio
Aiazzo
Aidone
Aitos
Ak Koyunlu
Alasia
Alassandria della Troade
Alba
Alba di Monferrato
Albareale
Albe
Albizzate
Albocastro
Albona
Albora
Aleksandrovskaja
Aleksandrovskij
Aleksandrovsk-Sachalinskij
Alenzone
Aleria
Alessandretta
Alessandria
Alessandria Eschate
Alessandria Troade
Alessio
Algeri
Algeria
Alghero
Aliarto
Alicanade
Alicarnasso
Alife
Alizia
Almiró
Almissa
Alpi
Alpi Marittime
Alsazia
Alsazia-Lorena
Alta Aragona
Alta Austria
Alta Borgogna
Alta Bosnia
Altacomba
Altafronte
Alta Lorena
Alta Slesia
Alto Adige
Alto Canada
Alto Egitto
Altopascio
Altopiano del Cumberland
Altopiano di Manguéni
Altopiano Edwards
Altopiano Svizzero
Altopollo
Alto Volta
Alvernia
Alvernia-Rodano-Alpi
Alviano
Alvito
Amalfi
Ambiana
Ambosa
Amburgo
Amicle
Amniso
Amorgo
Amorio
Amsterdamo
Anagasto
Anagni
Anastasiopolis
Anatolia Orientale
Anattorio
Anazarbo
Ancona
Andalusia
Andorra
Andravilla
Andria
Andro
Androna
Anfilochia
Anfipoli
Angarano
Angero
Angiò
Angolemme
Anguillara Veneta
Ansan
Antandro
Antartide
Antedone
Antene
Antibo
Antigua e Barbuda
Antiochia
Antiochia di Siria
Antiochia sul Meandro
Antioquia
Antivari
Anversa
Anzio
Apamea
Apamea di Bitinia
Apamea sul Meandro
Apia
Appenzello Esterno
Appenzello Interno
Appiano
Aquila
Aquileia
Aquilla
Aquino
Aquisgrana
Aquitagna
Aquitania
Arabia
Arabia Saudita
Arabisso
Aragona
Arbanon
Arbe
Arborea
Arcadi
Arcadia
Arcangelo
Archelaide
Archi di Valdivece
Ardara
Arezzo
Argenta
Arghiropoli
Argirocastro
Argo
Argo Anfilochia
Argolide
Argorestico
Argovia
Arli
Armenia Minore
Armenia Occidentale
Armenia Superiore
Arnadio
Aronia
Arpasa
Arsura
Arta
Artace
Artemisio
Arzignano
Ascalona
Ascania
Asclepio
Ascoli Piceno
Ascoli Satriano
Asia
Asia Centrale
Asola
Asosa
Aspendo
Assia
Assia-Darmstadt
Assila
Assiria
Assisi
Asso
Assuan
Astaco
Asti
Astibo
Asturie
Asyūṭ
Atacama
Atamania
Atarneo
Atene
Atlante
Atlante Sahariano
Atlante Telliano
Atlantide
Atri
Atribi
Attica
Attuda
Atura
Atyrau
Auasc
Augila
Augusta
Augusta Traiana
Aurana
Auriate
Australia Meridionale
Australia Occidentale
Austria-Ungheria
Avellino
Aversa
Avezzano
Avigliano
Avignone
Azerbaigian
Azerbaigian Occidentale
Azzorre
Babilonia
Bacino del Ciad
Bacino del Congo
Bacino dell'Angola
Bacino dell'Argentina
Bacino di Los Angeles
Badenia
Bagnacavallo
Bagno
Bagno di Rame
Bagnolo San Vito
Bahrein
Baia
Baia dei Porci
Baia di Galveston
Baia di Helgoland
Baia di San Francisco
Baia di Sebastopoli
Baia di Suruga
Baia di Ungava
Bajandalaj
Bajour
Baltimora
Bamaco
Bamberga
Banato
Banato Occidentale
Bande Nere
Barbarano
Barcellona
Barcellonetta
Bardo
Bari
Bari Sardo
Barletta
Baschiria
Basilea
Basilea Campagna
Bassa Austria
Bassa Bosnia
Bassa California
Bassa Lorena
Bassano
Basso Canada
Basso Egitto
Bassolago
Bassora
Bastetania
Bastia
Bastogna
Batario
Battria
Baviera
Bayqoñyr
Belcorte
Belebej
Belgio
Belgrado
Bellinzona
Bellvedere
Belucistan
Benevento
Bengala
Bengala Occidentale
Bengasi
Bentivoglio
Beozia
Berazino
Berberi
Berdjans'k
Berdyčiv
Berea
Bergamo
Berito
Berlino
Berlino Ovest
Berna
Bernicia
Berra
Bersabea
Bertinoro
Besanzone
Bescanuova
Bessarabia
Betlemme
Bežeck
Bhuj
Biadana
Bibbiano
Biblo
Biella
Bielorussia
Bienna
Birmania
Birzebbugia
Bisanzio
Biscaglia
Bisenzio
Biserno
Biserta
Bitcevskij Park
Bitche
Bitinia
Bitinio
Blagoveščensk
Blatobulgio
Blatta
Bobbio
Bocche del Rodano
Bocche di Bonifacio
Bodajbo
Boemia
Boemia Meridionale
Bogotà
Bohodochiv
Bojano
Bolchov
Bolochovo
Bologna
Bologna di Mare
Bologoe
Bolzan
Bolzano
Bomporto
Bona
Bondonize
Bonifacio
Borbonese
Bordello
Borgo
Borgogna
Borgogna Transgiurana
Borgo San Donnino
Borgo Valsugana
Borovici
Borriana
Borsella
Bosco
Boscoducale
Bosforo
Bosnia ed Erzegovina
Bosra
Bottiea
Bougtoub
Brabante
Braclav
Braganza
Brahenlinna
Brandeburgo
Branzione
Brasile
Braslaw
Bratislava
Brazza
Bréifne
Brema
Brescello
Brescia
Breslavia
Bressanone
Brėst
Bretagna
Bretagna Inferiore
Briga
Brigne
Brindisi
Brisgovia
Brolo
Bruggia
Bruna
Brunico
Bucarest
Buccari
Bucellaria
Buchtarma
Bucovina
Budua
Buffavento
Bugia
Buhaira
Bulgaria del Volga
Buonagucchia
Buonalbergo
Buonavalle
Buriazia
Burriana
Busseto
Butella
Butera
Butrinto
Cachezia
Cadice
Caffa
Cagaančuluut
Cagli
Cagliari
Caienna
Calabria
Calamata
Calamatta
Calamotta
Calandrizza
Calascio
Calatafimi
Calcedonia
Calcidica
Calcutta
Caldea
Caliacria
Calidone
Callatide
Callona
Calmucchia
Caltabellotta
Caltagirone
Caltanissetta
Caltavuturo
Calvi
Camaldoli
Cambogia
Camciatca
Camerino
Camerota
Camerun
Campagna
Campania
Campobasso
Camponocecchio
Campo Porciero
Canada Settentrionale
Canale
Canale della Manica
Canale del Mozambico
Canale del Nicaragua
Canale di Beagle
Canale di Santa Barbara
Canberra
Candelore
Candia
Canea
Canelli
Canissa
Canne
Cannina
Canosa
Canossa
Cantabria
Cantabria Australe
Cantabria Orientale
Cantiano
Canton
Caonia
Caorle
Capo Cod
Capo Delgado
Capo di Buona Speranza
Capodistria
Capo Malin
Cappadocia
Capua
Caraci
Caraglio
Carbona
Carbonara
Carelia
Careliani
C'arëvokokšajsk
Caricyn
Carinzia
Caritena
Caritto
Carlopago
Carlostadio
Carnio
Carniola
Carnonaci
Carnunto
Carolina del Nord
Carolina del Sud
Caronia
Carpasia
Carpazia
Carpi
Carrara
Carsiano
Carsoli
Cartagine
Cartalia
Carusa
Carvacchiae de la Sagrato
Casablanca
Casale
Casalmaggiore
Casaloldo
Cascata di Shoshone
Cascate dell'Iguazú
Casciubia
Casentino
Caserta
Cassaria
Cassino
Cassiopi
Cassope
Cassovia
Castanea
Casteggio
Castel del Rio
Castelfranc
Castel Goffredo
Castellargento
Castelli
Castelli-Cisamo
Castello Bianco
Castello della Lucertola
Castello di Dublino
Castello di Kalmar
Castello di Monteregio
Castello Migliore
Castello Roderico
Castellucchio
Castelnove
Castelnove del Papa
Castelnovo ne' Monti
Castelnuovo
Castelo de Vide
Castel Rosso
Castel Tornese
Castiglia
Castiglione
Castiglioni
Castoria
Castraci
Castra Comneni
Castrogiovanni
Castrovillari
Catalogna
Catania
Cattaro
Cattedrale di Cristo
Caucaso
Caulita
Cavalieri del Sole
Cavalieri Ospitalieri
Cavalieri Portaspada
Cavalieri Templari
Cave de Tyron
Ceccano
Cechia
Cefalonga
Cefalonia
Celano
Celene
Celinograd
Cembalo
Ceneda
Ceneta
Cento
Cerco
Cerdagna
Cerena
Cerepovec
Cerigo
Čerkasy
Certaldo
Cerveteri
Čėrykaŭ
Cesarea
Cesarea di Cappadocia
Cesena
Cesenatico
Cettigne
Cettina
Cevenne
Chaldia
Charente Marittima
Chella
Chelmania
Cherkisia
Cheronea
Cherso
Chiarenza
Chiaromonte
Chiavari
Chiavenna
Chiaves
Chieri
Chiesa Ortodossa Siriaca
Chieti
Chimmero
Chio
Chioggia
Chissamo
Chiusa
Chiusi
Chupanidia
Churwalden
Chust
Ciane
Cibira
Cibirreoti
Cibistra
Cicladi
Cifanta
Cigliomeno
Cile
Cilicia
Cillene
Cimella
Cina
Cingoli
Cinquechiese
Cinto
Cipro
Cipsela
Circea
Cirene
Cirquenizza
Cirro
Cisleitania
Cismonte
Cisterna
Citarizzo
Citno
Citó
Citone
Città del Capo
Cittadella
Cittadella di Amman
Cittadella di Damasco
Città di Castello
Città Gemelle
Citta Vecchia
Ciuvascia
Civitas Castelli
Civitavecchia
Civitella del Vescovo
Civitella in Val di Chiana
Cizico
Cizistra
Cizzavi
Clanforte
Claudiopoli
Claudiopolis
Claudioseleucia
Clausemburgo
Clazomene
Cleuna
Clissa
Clodova
Cnido
Cnosso
Coblenza
Coburgo
Coira
Colchide
Colonia
Colorno
Colosse
Columbia Britannica
Comacchio
Como
Comore
Compagnia Bianca
Compagnia Catalana
Compagnia del Cappalletto
Compagnia dell'Africa Svedese
Compagnia della Rosa
Compagnia della Stella
Compagnia di San Giorgio
Compagnia Navarrese
Compiuto
Cona
Cone
Confederazione Caledone
Confederazione Tedesca del Nord
Confluenza
Confraternita del Santo Sepolcro
Conia
Constantina
Constantinopoli
Constanza
Contee Domestiche
Conversano
Coo
Copa
Copenàga
Copertino
Corasmia
Corbavia
Corcora
Cordova
Corea
Corea del Nord
Corea del Sud
Corfinio
Corfú
Corfù
Corico
Corinto
Coriza
Cormòns
Cornaco
Corneto
Corno d'Africa
Cornovaglia
Coro
Corone
Coropi
Corrientes
Corsica
Corte
Cortemilia
Cortenuova
Cortona
Coscini
Cosenago
Cosenza
Cospaia
Cossato
Costa del Sole
Costantina
Costanza
Cota d'Avorio
Cotignola
Courtrai
Covasna
Crac
Crac dei Cavalieri
Cracovia
Craso
Crema
Cremona
Creta
Creuse
Crevacuore
Crimea
Crisi
Crisopoli
Cristopoli
Croazia
Croia
Crossea
Crotone
Crusciovo
Cucusso
Cuiavia
Culuris
Cuma
Cuma d'Eubea
Cumbria
Cunavia
Cundinamarca
Cuneo
Curi
Curlandia
Curta
Curtatone
Curvalda
Curzola
Cusa
Cutro
Dabo
Dacca
Dagno
Dakota del Nord
Dakota del Sud
Dalassa
Dalmazia
Damasco
Damasi
Danimarca
Danubio
Danzica
Darfur Occidentale
Darhan
Dassaretia
Dazimo
Debro
Dei Mari
Deir el-Zor
Delfi
Delfina
Delfinato
Dėlgėrchangaj
Dėlgėrcogt
Delo
Delta dell'Irrawaddy
Delta del Niger
Delta del Nilo
Demetriade
Dernis
Desertina
Deserto Arabico
Deserto dell'Algeria
Deserto Libico-Nubiano
Deserto Orientale
Deserto Siriano
Destinicio
Diga di Hoover
Digione
Dioclea
Dioclezianopoli
Dire Daua
Distretto di Columbia
Djebnetjer
Dobrigno
Dobrugia
Docimeo
Docimia
Dodecaneso
Dodecascheno
Domaco
Doncherche
Donec'k
Doneck
Doride
Dorostolo
Dorsale di Aegir
Dorsale Kolbeinsey
Dorsale Medio Atlantica
Dorsale Walvis
Dresda
Drivasto
Dublino
Dubrovycja
Ducato Baltico Unito
Due Sicilie
Duino
Dulcigno
Dumno
Durazzo
Ebridi
Ebridi Esterne
Ebridi Interne
Ecalia
Edessa
Edimburgo
Efeso
Efestie
Egee
Egitto
Eguena
Ekaterinodar
Ekibastūz
Elafonīsi
Elassona
Elatea
Elcinoso
Elea
Elec
Ėlektrogorsk
Ėlektroperedača
Eleusi
Elicrano
Elimiotide
Elode
Elsinore
Emilia
Emilia-Romagna
Emirati Arabi Uniti
Empoli
Eneo
Ennesia
Eno
Enotia
Eolide
Eordea
Eordia
Epiro
Episcopi
Eraclea
Eraclea al Latmo
Eraclea Cibistra
Eraclea Lincestide
Eraclea Minoa
Eraclea Pontica
Eraclea Salbace
Eraclea Sintica
Eraclea Trachinia
Eracleopoli
Ereso
Erevan
Erisso
Eritre
Ermagnaco
Ermione
Ermo
Ermoupoli
Erzegovina
Erzia
Esarcato di Ravenna
Escone
Esime
Esna
Essecio
Est di Londra
Este
Estiea
Estiotide
Estremadura
Eteocreta
Etiopia
Etolia
Etruria
Eubea
Eufrate
Eumenea
Europa Centrale
Evros
Ezani
Ezzelburgo
Fadisana
Faenza
Fær Øer
Famagosta
Fano
Farfa
Farsaglia
Fasania
Faselide
Faustinopoli
Fazemone
Feacia
Fenice
Fenicia
Fenizi
Ferentillo
Fermo
Ferrara
Ferrero
Fiandre
Fianona
Fidenza
File
Filippi
Filippine
Filippopoli
Filomelio
Finlandia
Fionia
Fioraco
Fiordo di Drøbak
Firenze
Firenzuola
Fiume
Fiume Bighorn
Fiume Piccolo Bighorn
Flaviopoli
Flessinga
Fliunte
Floriano
Florina
Focea
Focegno
Focide
Foggia
Foligno
Fondi
Fontanellato
Fontevivo
Forcalcareo
Forcoli
Forcona
Foresta della Sprea
Forlì
Forlimpopoli
Formosa
Fornovo
Fortezza Vecchia
Fortunago
Fosco
Fosdinovo
Fossa Bounty
Fossa delle Marianne
Fossa Diamantina
Fossa Norvegese
Fossombrone
Fovi
Franca Contea
Francia
Franco Contado
Francoforte
Frangipani
Fratellanza Ariana
Fratelli della Foresta
Friborgo
Friburgo
Frigento
Frigia
Frisia
Frisia Occidentale
Frisia Orientale
Frisinga
Friùli
Friuli-Venezia Giulia
Ftiotide
Funa
Gabella
Gaeta
Galaxidi
Galazia
Galilea
Galizia
Gallacaio
Gallarate
Galles
Galles del Nord
Galles del Sud
Gallia
Gallia Lugdunense
Gallia Narbonense
Gallipoli
Gallura
Galmudugh
Galtellì
Gana
Gand
Gastone
Gat
Gaza
Gedda
Gello-Castro
Genova
Georgia
Gerachi
Gerapetra
Gerba
Gerico
Germania
Germania Ovest
Gerona
Gerusalemme
Gesualdo
Ghassanidia
Ghati Orientali
Gheldria
Ghiacciaio Siachen
Giaffa
Giaggiolo
Gialiso
Giamaica
Giannina
Giava
Giavachezia
Gibilterra
Gibuti
Gilan
Gimignano
Gimma
Ginestra
Ginevra
Gioiosa
Gionopoli
Giordania
Giovinazzo
Giteo
Giuba
Giurgevo
Giustinianopoli
Giza
Gizio
Glarona
Glascovia
Glavinizza
Glocester
Glorenza
Goggiam
Golfo del Bengala
Golfo di Aden
Golfo di Cagliari
Golfo di California
Golfo di Carpentaria
Golfo di Finlandia
Golfo di Gonâve
Golfo di San Lorenzo
Golfo di Valencia
Golfo Persico
Gomenizza
Gondar
Gordiene
Gordio
Gordo
Gordoservo
Gorizia
Gorodec
Gortina
Gorzona
Gottinga
Gozzo
Grado
Grande Barriera Corallina
Grande Colombia
Grande Compagnia
Grande Londra
Grande Moravia
Grande Orda
Grande Palude Nera
Grande Polonia
Grande Toronto
Grande Valacchia
Grande Zimbabwe
Grandi Laghi dello Iowa
Gran Lago Salato
Granprato
Grassa
Grecia
Grecia Centrale
Griazovec
Grigioni
Grizzena
Grobenico
Grobnico
Groenlandia
Groninga
Grosseto
Grottaglie
Grumento Nova
Grutungia
Guadalest
Guardia Corsa
Guardia Scozzese
Guardia Svizzera
Guardia Variaga
Guascogna
Guastalla
Gubbio
Guidimagha
Guinea Equatoriale
Gularia
Gundorovka
Guriev
Hadramawt
Haida Gwaii
Hannovera
Hargheisa
Hegiaz
Heraclea
Himara
Honduras Britannico
Hormoz
Hrodna
Iassi
Iazigia
Icaria
Ieropoli
Ietto
Iglesias
Il cairo
Illiria
Ilonte
Il Pireo
Imamato del Caucaso
Imbro
Imerezia
Immortali
Imola
Imoschi
Impero Angioino
Impero Azteco
Impero Bizantino
Impero Latino
Impero Mongolo
Impero Ottomano
Impero Romano
Impero Russo
Impero Seleucide
Impero Selgiuchide
Impero Sikh
Impero timuride
Impero Unno
Impruneta
Indie Occidentali
Indocina
Inghilterra
Inghilterra del Nord
Ionia
Ipro
Irlanda
Irlanda del Nord
Irsina
Ischia
Isie
Isili
Islana
Islanda
Isola de Francia
Isola del Faraone
Isola di Chappaquiddick
Isola di Natale
Isola di Oak
Isola di Pasqua
Isola di Shahi
isola di Vancouver
Isola Kodiak
Isola Rossa
Isola Ternate
Isole Caroline
Isole Cayman
Isole Cocos
Isole Copeland
Isole del Canale
Isole del Vento
Isole di San Paolo
Isole Egee
Isole Frisone Occidentali
Isole Gilbert
Isole Ionie
Isole Malvine
Isole Regina Carlotta
Isole Revillagigedo
Isole Salomone
Isprucco
Israele
Istonio
Istria
Itaca
Italia
Italia Settentrionale
Italia Suburbicaria
Iuliopolis
Ivrea
Jacuzia
Jaizk
Jalta
Jamantau
Jatara
Jenné-Jeno
Jesi
Joškar-Ola
Jugoslavia
Jundishapur
Jutland Meridionale
Juzovka
Kalamita
Karakol
Kaysone Phomvihane
Kedar
Khanthabouli
Kordofan Occidentale
Krasnodar
Krasnokokšajsk
Kuban'
Kutur-Ogly
La Argentifierosa
La Calandri
La Calavrata
La Canea
Lacedemonia
La Corugna
Lacroma
Laghi Willandra
Lago Fitri
Lago Ladoga
Lago Lemano
Lagosta
Lago Superiore
La Grazia
L'Aia
Laiazzo
Laino
La Maddalena
La Mancia
La Marca
Lambi
La Mecca
Lampsaco
Lanciaco
Lanciano
Langosco
Lantosca
Laodicea
Laodicea al Lico
Laodicea Combusta
Laodicea Pontica
La Pátria
Lapponia
Larino
Larmena
Larnaca
La Selva
La Sola
La Sotarrana
La Spezia
Lassiti
Laurana
La Vádia
Lavagna
La Valletta
l'Avana
Lavello
Lavinio
Lazio
Lebedo
Lecce
Lecco
Lega Crisaoriana
Lega Lombarda
Lega Peloponnesiaca
Lega Toscana
Legnano
Leida
Lelanzia
Lemno
Lendia
Leningrado
Leninobod
Leno
Leone
Leopoli
Lepanto
Lepti Maggiore
Lerino
Lesbo
Lesina
Lessinia
Letgallia
Lettonia
Leucade
Levedia
Libano
Libia
Licando
Licaonia
Licca
Licia
Liconia
Licopoli
Lidia
Liegi
Liguria
Lilla
Limburgo
Limira
Limisso
Limnea
Limosino
Lincestide
Lindo
Linea Maginot
Linguadoca
Lione
Lipsia
Lirnesso
Lisbona
Lisimachia
Lissa
Listra
Litto
Lituania
Livonia
Livorno
Locri
Locride
Lodduno
Lodi
Lodorichi
Logone e Chari
Logudoro
Loiano
Loira
Lombardia
Lomello
Londra
Longatico
Lonigo
Lopadio
Lorena
Loreto
Loritello
Losanna
Lovanio
Lubecca
Lubiana
Lublino
Lucca
Lucera
Lucerna
Lugano
Lulo
Lumezzane
Luna
Luneburgo
Lungòni
Luni
Lusazia
Lusignano
Lusitagna
Lussemburgo
Lussino
Lusta
Macallè
Macao
Macarsca
Macedonia Centrale
Macedonia del Nord
Macedonia Occidentale
Macedonopoli
Macento
Macerata
Machačkala
Macisto
Madera
Magdeburgo
Maggiore
Magida
Magnesia
Magnesia al Meandro
Magonsete
Magonza
Maiavilla
Maidos
Maiorca
Malacopea
Malaga
Maldive
Malendo
Malide
Malines
Mallevila
Malta
Malvasia
Manapia Australe
Manerbio
Manica
Manicheismo
Manico del Texas
Manico di Tegame dell'Idaho
Mantinea
Mantova
Manzicerta
Mar Arabico
Maratona
Marburgo
Marcaria
Marcianopoli
Mar dei Sargassi
Mar di Sardegna
Mare Adriatico
Mare Celtico
Mare delle Baleari
Mare delle Filippine
Mare del Nord
Mare di Bellingshausen
Mare di Halmahera
Mare d'Irlanda
Mare di Ross
Mare di Tracia
Mare di Wandel
Mare di Weddell
Mar Egeo
Mariandinia
Marina
Marineria Veneziana
Mar Ionio
Mar Libico
Mar Ligure
Marmara
Mar Mediterraneo
Marmirolo
Mar Nero
Marocco
Maronea
Maronia
Mar Rosso
Marsascala
Marsciano
Marsiglia
Martellago
Mar Tirreno
Mascara
Mascate
Masovia
Massa Marittima
Massaua
Masserano
Matera
Matrega
Mattagrifone
Mauricastro
Mcensk
Meandro
Meclemburgo
Meclemburgo-Strelitz
Medenina
Medina
Medina Sidonia
Medio Egitto
Megalopoli
Megerda
Megra
Meleda
Melita
Membressa
Menfi
Mentone
Merania
Merano
Merita
Mesembria
Mesia
Messico
Mestre
Metaponto
Metimna
Metone
Micene
Michigan Superiore
Micono
Midi-Pirenei
Midlands Occidentali
Midlands Orientali
Midnapore
Migdonia
Milano
Milasa
Milazzo
Mileto
Milo
Mineo
Mingrelia
Minorca
Mira
Mirabel
Mirandola
Miriandro
Mirina
Mirmidoni
Misia
Misitra
Misnia
Mistretta
Misurata
Mitilene
Mocisso
Modena
Modica
Modigliana
Modrussa
Moduna
Mogadiscio
Moldavia
Molfetta
Molina La Secca
Molise
Molossia
Molveno
Molybos
Monaco
Monaco di Baviera
Monastero
Monastero della Santa Trasfigurazione del Signore
Monastero di Mileševa
Monastero di Narek
Moncalvo
Mondegliangeli
Mondragone
Monfalcone
Monferrato
Monopoli
Montagliari
Montagna
Montagnana
Montagne Rocciose
Montalcino
Montebello
Monte Carso
Montecastelli Pisano
Montecastrilli
Montecchio
Monte Cheyenne
Montechiarugolo
Montecopiolo
Montecuccolo
Monte Enos
Montefeltro
Monte Formoso
Monte Il Vecchio
Monteleone
Monteleone di Calabria
Montemagno
Montemarano
Montepeloso
Montepesario
Monteriggioni
Monte Sant'Angelo
Monte San Vincenzo
Monte Sole
Monte Tabor
Montevarchi
Montichiari
Monti del Ponto
Montuolo
Monza
Monzione
Morato
Moravia
Morciano di Leuca
Mordovia
Morea
Mortagna
Mosca
Mosella
Mosinopoli
Mossul
Mozambico
Mudro
Mugello
Mugiarro
Mulazzo
Muntenia
Murano
Muro Lucano
Muschio
Naboli
Nacolea
Naisso
Nanchino
Napoli
Narbona
Narenta
Narni
Nasso
Nauplia
Navarra
Nazaret
Naziano
Nazioni Unite
Negroponte
Neocastro
Neocesarea
Neoliani
Neopatria
Neotea
Nepi
Nerechta
Neresi
Nicea
Niceforo Foca
Nicli
Nicomedia
Nicopoli
Nicopoli-Acreno
Nicosia
Nikolaevsk-na-Amure
Nilo
Nilo Azzurro
Nimega
Ningsia
Ninive
Nione
Nissa
Nizza
Njasviž
Nobazia
Noceto
Noli
Nona
Norcia
Nord-Passo di Calais
Norimberga
Normandia
Norvegia
Nostra Donna
Novamonte
Novanti
Novara
Novellara
Novocastro
Novo-Nohaјs'k
Novoslobodskaja
Nuova Africa
Nuova Caledonia
Nuova Delhi
Nuova Focea
Nuova Granada
Nuova Inghilterra
Nuova Scozia
Nuova Zelanda
Nuovo Brunswick
Nuovocastello
Nuovo Galles del Sud
Nuovo Messico
Nur-Sultan
Obrovazzo
Oceano Atlantico
Oceano Indiano
Ocrida
Oderzo
Odoev
Ogliastra
Olanda
Olbia
Oleksandrivka
Olena
Olimpia
Olimpo
Olinto
Olmeta
Olonec
Olovo
Oltregiordano
Oltregiuba
Oltremare
Ontario Settentrionale
Orano
Orbetello
Orcadi
Orcisto
Orcomeno
Orda Bianca
Orda d'Oro
Ordine degli Assassini
Ordine di Calatrava
Ordine di San Giacomo
Ordine di Sant'Antonio
Ordine di Santiago
Ordine Livoniano
Ordine Teutonico
Orechovo-Zuevo
Orël
Orese
Orestide
Orico
Orinoco
Orisanto
Ortona
Ortopula
Orvieto
Osroene
Ossero
Ostenda
Ostia
Ostiglia
Ostrobotnia
Osypenko
Otranto
Ottana
Ottocio
Ottoduro
Padania
Padova
Paesana
Paese Basco
Paese delle Colline
Paesi Bassi
Paesi della Loira
Paflagonia
Pafo
Pagania
Pago
Palaeocastro
Palatinato
Paleocora
Palermo
Palestina
Palioarta
Pallene
Palmira
Palo
Palodi
Pampa
Panemotico
Panfilia
Pannogna
Pantelleria
Papato Bizantino
Papato Ostrogoto
Paphlagonia
Papurio
Parauea
Parecopoli
Parenzo
Pari
Parigi
Pario
Parma
Parnasso
Paro
Passavia
Passignano
Passo
Passo del San Gottardo
Passo Gumal
Pastaza
Patagonia
Patan
Paterno
Paternò
Patrasso
Patriarcato Ecumenico
Pavia
Peceneghi
Pechino
Pegadea
Pelasgiotide
Peloponneso
Peñíscola
Penisola Antartica
Penisola Coreana
Penisola dello Yucatán
Penisola del Sinai
Penisola di Kola
Penisola di Onega
Penisola di Rybačij
Penisola di Sadamisaki
Penisola Superiore
Pennabilli
Penne
Peonia
Perejaslavl' Rjazanskij
Pergamo
Perinto
Perpignano
Perrebia
Perth e Kinross
Pertinice
Perugia
Pesaro
Pescara
Peschiera
Peschiera del Garda
Pescia
Pescio
Pessino
Pesto
Petovio
Petra
Peuco
Philadelphea
Piacenza
Piana Abissale di Sohm
Pianoro delle Mascarene
Pianura di Kanto
Piccardia
Piccola Polonia
Picentino
Pidna
Piemonte
Pietroburgo
Pietrone
Pindo
Pinerolo
Piobbico
Piombino
Pirano
Pirati
Pirenei
Pirgo
Pisa
Pisatide
Pisino
Pistiro
Pistoia
Pitigliano
Pizzo
Platea
Plateau delle Azzorre
Plateau dell'Islanda
Plebeconvengo
Plumbo
Podgorizza
Podolia
Poggibonsi
Poggio
Poggio Berni
Pola
Polania
Polcenigo
Polesia
Polesine
Poliboto
Policandro
Policastro
Policoro
Polidoro
Polifengo
Poligiro
Polignano
Polinesia
Polinesia Francese
Polistilo
Polonia
Polovizia
Pombia
Pomerania
Pomerania Anteriore
Pomerania Orientale
Pomerelia
Pomposa
Pontecorvo
Ponte San Martino
Ponte Taro
Ponto
Ponzone
Porchov
Porciano
Pordenone
Portella
Porto Allegro
Porto di San Nicolo
Portogallo
Portogruaro
Porto Pisano
Porto Re
Porto Rico
Porto Said
Porto Torres
Porto Vecchio
Portovenere
Posonio
Possega
Postumia
Potenza
Pozzo Cannata
Praga
Praiso
Prato
Preneto
Pretoria
Preveza
Principato
Procida
Procione
Proconneso
Propriano
Prosecco
Proussos
Provadia
Provanto
Provenza
Prusa
Prussia
Prževal'sk
Puglia
Puglia e Calabria
Pusan
Qattara
Quattro Angoli
Radicofani
Rafanea
Ragusa
Ragusavecchia
Raj Britannico
Ramla
Ramnunte
Rapallo
Rascia
Ratisbona
Rauco
Ravenna
Ravennica
Recanati
Red Centre
Redondesco
Reggio Calabria
Reggio nell'Emilia
Regione dei Tigrè
Regioni Inferiori
Regno del Bosforo
Renania
Renania-Palatinato
Renfrewshire Orientale
Reno
Repubblica Centrafricana
Repubblica Sociale Italiana
Resia
Retimo
Rezia
Riad
Rieti
Rifugio
Ripo
Riunione
Riva
Rizo
Rjazan'
Roade
Rocca delle Caminate
Rocca di Cashel
Roccia del Diamante
Rodano
Rodi
Rodopi
Rodosto
Rogliano
Rogo
Roma
Romagna
Romano Monastero
Rometta
Roncaglia
Roncisvalle
Roselle
Rosetta
Rossano
Rotano
Rovereto
Rovigno
Rovigo
Ruanda
Russia
Russia Centrale
Russia Nordoccidentale
Rutenia Rossa
Rutenia Subcarpatica
Sabbioneta
Sabina
Sacro Romano Impero
Saframpoli
Sagoria
Sahara
Saiani
Saiani Occidentali
Saiani Orientali
Sala Consilina
Salamina
Salbace
Sale
Salerno
Salisburgo
Salmidesso
Salò
Salona
Salonicco
Salutare
Saluzzo
Salvaterra
Samarcanda
Samassi
Sambucale
Samo
Samogizia
Samotracia
San Albano
San Andrea
San Aniano
San Benedetto
San Bertrando
San Biagio
San Bonifacio
San Brioco
San Candido
San Claudio
San Colombano
San Cucuphat
San Desiderio
San Dionigi
San Donato
San Emilio
San Emmerano
San Felice Circeo
San Ferdinando
San Fioro
San Gallo
San Giacomo
San Gilda
San Giorgio
San Giovanni
San Giovanni Battista
San Giuliano
San Giuseppe
San Giuseppe del Valle
San Giuseppe Jato
San Ilario
San Leonardo
San Leonardo di Iacopo
San Lorenzo
San Luigi
San Maclovio
San Marco d'Alunzio
San Marino
San Martino
San Massenzio
San Michele
San Michele di Moriana
San Nicolo
Sannio
San Orso
San Paolo
San Paolo di Civitate
San Paolo di Leone
San Pietro
San Pietroburgo
San Pietro della Brazza
San Quintino
San Rocco
San Salvatore
San Savino
San Sebastiano
San Severino
San Severino Marche
San Severo
Santa Brigida
Santa Cristina Gela
Sant'Agata
Sant'Agata de' Goti
Santa Irene
Santa Maria del Naranco
Sant'Angelo
Sant'Antonino
Sant'Antonio
Santa Sede
Santa Severa
Santa Severina
Santa Teresa Gallura
Sant'Elena
Santiago di Compostela
Sant'Ilario
Santoense
Santo Stefano
San Ursicino
San Vincenzo
San Vito
Saponara
Saporda
Sarabrucca
Saragozza
Saraievo
Sardegna
Sardegna e Corsica
Sardi
Saride
Sarignena
Sarmazia
Sarno
Sarsona
Sartena
Sasperia
Sassari
Sassonia
Sassonia-Anhalt
Sassonia-Lauenburg
Sassonia-Weimar
Sassuolo
Sattagidia
Sattalia
Savana di Bogotá
Savannakhet
Savigliano
Savoia
Savona
Scalovia
Scardona
Scarpanto
Scenni
Schio
Schola
Sciacca
Sciaffusa
Sciamberì
Sciangai
Scilli
Scioa
Sciro
Scizia
Scotousa
Scozia
Scudo Tuareg
Scupi
Scutari
Sebaste
Sebastopoli
Sebenico
Seduno
Seghedino
Segna
Segni
Selimbria
Selonici
Selva Boema
Semendria
Semigallia
Senarica
Senthamangalam
Serbia Australe
Serbia Centrale
Serpuchov
Serralato
Serravalle
Sesto
Sette Tribù Slave
Settimo
Seul
Seutopoli
Shahr-i Sokhta
Shogunato Tokugawa
Siberia
Sicilia
Siderocastro
Sidone
Siena
Sierra del Plata
Sigilmassa
Sign
Signo
Silando
Silandro
Silio
Simisso
Simposio
Sinai
Sinferòpoli
Sinnada
Sinope
Sintonga
Sion
Siponto
Siracusa
Siria
Sirio
Sirmia
Sirmio
Siro
Sirra
Sirte
Siscia
Sitia
Siviglia
Slavonia
Slesia
Sliema
Slovacchia
Slovacchia Occidentale
Slovacchia Orientale
Smalcalda
Smirne
Soana
Sofene
Sogliano
Soglio
Soleto
Soletta
Soli
Solunto
Somalia Britannica
Somalia Francese
Somalia Italiana
Soncino
Sondrio
Sorano
Sorrento
Sospiro
Sovana
Spagna
Spalato
Sparta
Spartolo
Spazio Schengen
Spilimbergo
Spira
Spoleto
Squillace
Stagno
Stalin
Stalingrado
Stalino
Stampalia
Starodub sulla Kljaz'ma
Stati Uniti d'Africa
Stato Libero dell'Orange
Stato Pontificio
Stazione McMurdo
Stazione Palmer
Stella
Stene
Steppa di Barabinsk
Stettino
St-Giacomo
Stiberra
Sticciano
Stigliano
Stinfalo
Stiria
Stivas
Stoccarda
Stoccolma
Stolaz
Strasburgo
Stremedora
Stretto del Principe di Galles
Stretto di Bering
Stretto di Gibilterra
Stretto di Karimata
Stretto di Magellano
Stretto di Messina
Stretto di Nemuro
Strigonio
Striscia di Arabat
Striscia di Toledo
Stromboli
Struma
Subcarpazia
Subcontinente Indiano
Subiaco
Suda
Sudafrica
Sud Ovest
Sudovia
Sud Sardegna
Susa
Sutri
Svaliava
Svevia
Svezia
Svitto
Svizzera
Tacruri
Tadmor
Tafilalet
Tagant
Tagikistan
Tagiura
Tagliacozzo
Tagna
Taifalia
Taimiria
Talamone
Tana
Tanganica
Tangeri
Tappo del Darién
Tarantasia
Taranto
Tarascona
Tarcento
Tarento
Tarn e Garonna
Tarnovo
Tarquinia
Tarre
Tarso
Tartaria
Tartesso
Taso
Tasso
Tavate
Tazarine
Teano
Tebasa
Tebe
Teclemburgo
Teghenaccio
Teheran
Telmisso
Temiscira
Temno
Tempio Pausania
Tenedo
Tenin
Teno
Teodoro
Teodosiopoli
Teramo
Termesso
Termine
Termini
Termodo
Terni
Terracina
Terra dei Laghi della Masuria
Terra dei Siculi
Terra del Fuoco
Terra di Enderby
Terranoa
Terranova
Terratelli
Territori del Nord-Ovest
Territorio della Capitale Australiana
Territorio del Nord
Territorio Indiano
Tersatto
Tespie
Tesprozia
Tessaglia
Tessaliotide
Tessalonica
Tettosagio
Texas Centrale
Texas Meridionale
Texas Occidentale
Texas Orientale
Theodoro
Tiatira
Tiberiade
Tibisco
Tichvin
Tientsin
Tigri
Timor Est
Timor Ovest
Timuridi
Tindari
Tinfea
Tino
Tio
Tirissa
Tiro
Tirolo
Titano
Tivoli
Tobruch
Togoland Occidentale
Tolemaida
Tolmezzo
Tolmino
Tolofona
Tolone
Tolosa
Tomocastro
Tonchino
Tongres
Tonone
Torcello
Torico
Torino
Toropec
Torre del Greco
Torre di Davide
Torregrotta
Tortoli
Tortona
Tosana
Toscana
Toscana e Umbria
Tournoul
Trachinia
Tracia
Tracia Orientale
Tralle
Tralli
Trani
Transdanubio
Transgiurana
Transilvania
Trapani
Trapessaco
Traù
Travunia
Trebigne
Trebisonda
Tredici Colonie
Tre Leghe
Trento
Tresigallo
Trevico
Treviglio
Treviri
Treviso
Trezene
Triangolo di Ilemi
Triangolo di Sarra
Tribunia
Tricala
Tricarico
Tricorno
Trieste
Trigoso
Trinidad e Tobago
Triparadiso
Tripoli
Tripolizza
Trivento
Troade
Troia
Troick
Tropea
Troppavia
Tsingtao
Tubinga
Tunisi
Tunisia
Turchia
Turenna
Turiaco
Turigo
Turingia
Turonia
Tuscolo
Tusculo
Uarsangheli
Ucraina
Ucraina Centrale
Ucraina Orientale
Udine
Udmurtia
Ueddan
Uiguria
Ulma
Umago
Umbria
Ungheria
Ungheria Centrale
Ungheria Settentrionale
Unione Franco-Britannica
Unni Bianchi
Urali
Uranopoli
Urbino
Ustjužna
Valacchia
Valacchia Maggiore
Valacchia Minore
Valdaj
Valenza
Valenzia
Valese
Valle d'Aosta
Valle della Morte
Valle di Neander
Valle Paradiso
Vallese
Vallombrosa
Vallonia
Valona
Valperga
Valpolicella
Val Resia
Valva
Varadino
Varahša
Varasdino
Varaviza
Varese
Varmia-Masuria
Varnabia
Varsavia
Vasjugan
Vasto
Vasto d'Aimone
Vaticano
Vecchia Rjazan'
Vecchio
Veglia
Veio
Veleno
Velia
Velisso
Veliž
Velletri
Venafro
Venassino
Veneto
Venezia
Venosa
Ventatore
Ventimiglia
Venza
Verbenico
Verbosco
Vercelli
Vergiliopoli
Veria
Verissa
Verlicca
Verona
Verretio
Verrucola
Veruela
Verzuolo
Vescovato
Vestfalia
Vetrenica
Vetulonia
Vibo Valentia
Vicenza
Vichinghi di Jomsborg
Vicina
Vidina
Viena
Vienna
Vieste
Vigevano
Vignola
Vigonza
Villaco
Villa di Chiesa
Villafranca
Villagorda
Villa Nuova
Villa Regale
Villavecchia
Vilna
Vinterduro
Virgilio
Visoca
Vistola
Viterbo
Vittorio
Vittoriosa
Vittorio Veneto
Vivaio
Vivarese
Vlacherna
Vochiti
Vodena
Vodizze
Vodonizza
Voghera
Voivodina
Volchov
Volci
Volco
Volga
Volgograd
Volimede
Volodymyr
Volodymyr-Volyns'kyj
Volosco
Volterra
Vonizza
Vostizza
Vula
Vyšnij Voločëk
Xuçand
Zacinto
Zagabria
Zamintia
Zamtang
Zante
Zara
Zaravecchia
Zaria
Zelanda
Zelanda Australe
Zelanda Occidentale
Zelanda Orientale
Zervanismo
Zichia
Zigna
Zona del Canale di Panama
Zona di Frattura Charlie-Gibbs
Zona di Frattura di Mendocino
Zoo di San Diego
Zoropasso
Zubcov
Zuglio
Zungaria
Zurigo
