Åsa
Kerstin
Kia
Kicki
Kim
Klara
Kristin
Kristina
Laila
Laura
Lea
Leia
Lena
Lilian
Lill
Lillemor
Lilly
Lina
Linda
Linn
Linnea
Linnéa
Lisa
Lisbet
Lisbeth
Liselott
Liselotte
Lisen
Lola
Lotta
Lotten
Louise
Lova
Lovis
Lovisa
Lucia
Lydia
Madeleine
Madelene
Magdalena
Magna
Maivor
Maj
Maja
Majbritt
Majken
Majlis
Majvor
Malin
Maren
Margareta
Margaretha
Margit
Margita
Margot
Margret
Margreta
Mari
Maria
Mariana
Mariann
Marianne
Marika
Marina
Marion
Marit
Märit
Marita
Marja
Marlene
Marta
Märta
Martina
Mary
Mathilda
Matilda
Maud
May
Melissa
Merit
Mia
Michaela
Michelle
Mikaela
Milda
Mimmi
Miriam
Mirjam
Moa
Molly
Mona
Monica
Monika
Nadja
Naemi
Naima
Naimi
Nanna
Nanny
Natalia
Natalie
Nathalie
Nellie
Nelly
Nettan
Nicole
Nilla
Nina
Ninni
Noomi
Nora
Nova
Öda
Olga
Olivia
Ottilia
Patricia
Paula
Paulina
Pernilla
Petra
Petronella
Pia
Ragna
Ragnhild
Rakel
Rebecca
Rebecka
Regina
Rigmor
Rita
Rodny
Ronja
Ros
Rosa
Rut
Ruth
Sabina
Saga
Sally
Sandra
Sanna
Sara
Sarah
Selma
Serafina
Sibylla
Signe
Signhild
Sigrid
Siri
Siv
Siw
Smilla
Sofi
Sofia
Sofie
Solbritt
Solveig
Solvig
Sonja
Sophia
Sophie
Stella
Stina
Susann
Susanna
Susanne
Svea
Sylvia
Synnöve
Tanja
Tekla
Terese
Teresia
Thea
Therese
Thyra
Tilda
Tilde
Tina
Tindra
Titti
Tora
Tova
Tove
Tuva
Tyra
Ulla
Ulrica
Ulrika
Ursula
Valborg
Vanda
Vanja
Vendela
Vera
Verna
Veronica
Veronika
Victoria
Viktoria
Vilhelmina
Vilma
Viola
Vivan
Viveca
Viveka
Vivi
Vivian
Viviann
Vivianne
Wilhelmina
Wilma
Ylva
Yvonne
Zlatan