
Adolfas
Adomas
Aidas
Aivaras
Albinas
Aleksandras
Alfonsas
Alfredas
Algimantas
Algirdas
Algis
Aloyzas
Alvydas
Andrius
Antanas
Antė
Arnas
Arnoldas
Artūras
Arūnas
Arvydas
Audrius
Aurelijus
Aurimas
Balys
Benas
Benediktas
Benjaminas
Bernardas
Bronislovas
Bronius
Česlovas
Dainius
Danas
Darius
Daumantas
Deimantas
Deividas
Domantas
Dominykas
Donatas
Edgaras
Edmundas
Eduardas
Edvardas
Edvinas
Egidijus
Eimantas
Eligijus
Ernestas
Eugenijus
Evaldas
Feliksas
Gediminas
Giedrius
Gintaras
Gintautas
Gražvydas
Gvidas
Gytis
Henrikas
Ignas
Isakas
Jeronimas
Jokūbas
Jonas
Julius
Juozapas
Juozas
Jurgis
Jurijus
Justas
Justinas
Karolis
Kazimieras
Kazys
Kęstutis
Laurynas
Leonardas
Leonas
Linas
Lionginas
Liudas
Liudvikas
Lukas
Mantas
Marijonas
Markas
Martynas
Matas
Mikalojus
Mindaugas
Modestas
Mykolas
Nerijus
Norbertas
Osvaldas
Ovidijus
Paulius
Petras
Povilas
Pranas
Raimondas
Raimundas
Ramūnas
Rapolas
Regimantas
Remigijus
Ričardas
Rimantas
Rimas
Rimvydas
Robertas
Rokas
Rolandas
Romanas
Romas
Romualdas
Rytis
Šarūnas
Saulius
Sigitas
Silvestras
Simas
Simonas
Stasys
Steponas
Svajūnas
Tadas
Tauras
Tautvilas
Teodoras
Tomas
Urbonas
Vaidas
Vaidotas
Valdas
Valdemaras
Vidas
Vidmantas
Viktoras
Vincas
Virgilijus
Virginijus
Vitalijus
Vladas
Vygantas
Vytautas
Vytenis
Zenonas
Zigmas
Žydrūnas
Žygimantas