Abramavičius
Abromavičius
Adamkavičius
Adamkevičius
Adamkus
Adomaitis
Adomavičius
Akelaitis
Aleksa
Aleliūnas
Alseika
Andrijauskas
Andriukaitis
Andriuškevičius
Andrulis
Antanaitis
Antanavičius
Arlauskas
Ašoklis
Astrauskas
Bačiulis
Bagdonas
Bakaitis
Balčiūnas
Balinskis
Balsys
Baltakis
Baranauskas
Bareikis
Bartkevičius
Bartkus
Bartulis
Bartuska
Basanavičius
Berankis
Bernotas
Brazauskas
Brazdauskis
Briedis
Budraitis
Budrys
Bujwid
Butkevičius
Butkus
Butrym
Česnauskis
Čigriejus
Čiurlionis
Dagys
Dailidė
Dambrauskas
Danilevičius
Danys
Daukantas
Daukša
Daumantas
Dirgėla
Domaševičius
Donelaitis
Dūda
Garšva
Gerulaitis
Giedraitis
Girdenis
Gražulis
Grinius
Grybauskas
Gudaitis
Gustaitis
Gylys
Ilgauskas
Ivanauskas
Jakubauskas
Jakubėnas
Jankauskas
Jankūnas
Janonis
Janulaitis
Janušauskas
Jasaitis
Jasikevičius
Javtokas
Jonynas
Jovaiša
Juknevičius
Jurevičius
Jurgaitis
Kačanauskas
Kačinskas
Kairelis
Kairys
Kalinauskas
Kalvaitis
Kaminskas
Karalius
Karnavičius
Karnišovas
Karosas
Karvelis
Katelynas
Katkus
Kaukėnas
Kavaliauskas
Kazickas
Kazlauskas
Kiedis
Kleiza
Klimaitis
Klimas
Klimavičius
Kondrotas
Korsakas
Krikščiūnas
Kubilius
Kudirka
Kulvietis
Kundrotas
Kuprevičius
Kūris
Kymantas
Landsbergis
Laurinavičius
Leonas
Liepa
Lozoraitis
Lupeikis
Macijauskas
Mačiulis
Mackevič
Mackevičius
Maldeikis
Malinauskas
Mališauskas
Mamontovas
Marcinkevičius
Marčiulionis
Markevičius
Martinaitis
Masiulis
Matonis
Matulevičius
Mažeika
Mekas
Mickevičius
Mieželaitis
Mikalauskas
Mikėnas
Mikutavičius
Miškinis
Motiejūnas
Mykolaitis
Nausėda
Navickas
Nekrošius
Noreika
Norkus
Novickis
Pakalniškis
Paleckis
Palubinskas
Paškevičius
Paulauskas
Pavilionis
Pavilonis
Petkevičius
Petraitis
Petrauskas
Petravičius
Petronaitis
Petrulis
Petrusevičius
Plečkaitis
Pocius
Poska
Poškus
Povilaitis
Povilionis
Poviliūnas
Povilonis
Požela
Prapiestis
Prudius
Račkauskas
Radžvilas
Ramanauskas
Rapšys
Raudonikis
Raulinaitis
Rimas
Rimgaila
Rimkus
Rimša
Rolnikas
Romaška
Sabeckis
Sabonis
Sabutis
Sakalauskas
Šaltenis
Šapoka
Šaulys
Savickas
Savickis
Semaška
Šėmeta
Šepetys
Šernas
Shabashewitz
Šidlauskas
Šimkus
Simonavičius
Sinkevičius
Škėma
Šlekys
Šleževičius
Sluckis
Smetona
Smoriginas
Songaila
Sruoga
Stankevičius
Stašinskas
Staškevičius
Staugaitis
Stauskas
Steponavičius
Stonkus
Stonys
Strolia
Šulskis
Šurna
Sutkus
Švedas
Tūbelis
Urbonas
Urbonavičius
Vaina
Vaišvila
Vaitkevičius
Vaitkus
Valaitis
Valantinas
Valinskas
Vanagas
Varnas
Vasiliauskas
Venclova
Venskus
Vilčinskas
Vileišis
Vilkaitis
Vilkas
Vilkelis
Višinskis
Vitkauskas
Vizgirda
Vyšniauskas
Wirkus
Zabiela
Žagunis
Žemaitis
Žiemelis
Zikaras
Žilinskas
Žilys
Žukauskas
Žvirgždas